###############################################################################
#
# IAR ELF Linker V8.50.4.261/W32 for ARM                  23/Jul/2020  21:38:39
# Copyright 2007-2020 IAR Systems AB.
#
#    Output file  =
#        D:\WORK\ST\STM32F013C8T6B_BluePill\Projects\CUBE\SolderStation_F103\EWARM\SolderStation_F103\Exe\SolderStation_F103.out
#    Map file     =
#        D:\WORK\ST\STM32F013C8T6B_BluePill\Projects\CUBE\SolderStation_F103\EWARM\SolderStation_F103\List\SolderStation_F103.map
#    Command line =
#        -f C:\Users\SS\AppData\Local\Temp\EW2655.tmp
#        (D:\WORK\ST\STM32F013C8T6B_BluePill\Projects\CUBE\SolderStation_F103\EWARM\SolderStation_F103\Obj\button_drv.o
#        D:\WORK\ST\STM32F013C8T6B_BluePill\Projects\CUBE\SolderStation_F103\EWARM\SolderStation_F103\Obj\main.o
#        D:\WORK\ST\STM32F013C8T6B_BluePill\Projects\CUBE\SolderStation_F103\EWARM\SolderStation_F103\Obj\MicroMenu.o
#        D:\WORK\ST\STM32F013C8T6B_BluePill\Projects\CUBE\SolderStation_F103\EWARM\SolderStation_F103\Obj\sEEPROM.o
#        D:\WORK\ST\STM32F013C8T6B_BluePill\Projects\CUBE\SolderStation_F103\EWARM\SolderStation_F103\Obj\ssd1306.o
#        D:\WORK\ST\STM32F013C8T6B_BluePill\Projects\CUBE\SolderStation_F103\EWARM\SolderStation_F103\Obj\ssd1306_fonts.o
#        D:\WORK\ST\STM32F013C8T6B_BluePill\Projects\CUBE\SolderStation_F103\EWARM\SolderStation_F103\Obj\startup_stm32f103xb.o
#        D:\WORK\ST\STM32F013C8T6B_BluePill\Projects\CUBE\SolderStation_F103\EWARM\SolderStation_F103\Obj\stm32f1xx_hal.o
#        D:\WORK\ST\STM32F013C8T6B_BluePill\Projects\CUBE\SolderStation_F103\EWARM\SolderStation_F103\Obj\stm32f1xx_hal_adc.o
#        D:\WORK\ST\STM32F013C8T6B_BluePill\Projects\CUBE\SolderStation_F103\EWARM\SolderStation_F103\Obj\stm32f1xx_hal_adc_ex.o
#        D:\WORK\ST\STM32F013C8T6B_BluePill\Projects\CUBE\SolderStation_F103\EWARM\SolderStation_F103\Obj\stm32f1xx_hal_cortex.o
#        D:\WORK\ST\STM32F013C8T6B_BluePill\Projects\CUBE\SolderStation_F103\EWARM\SolderStation_F103\Obj\stm32f1xx_hal_dma.o
#        D:\WORK\ST\STM32F013C8T6B_BluePill\Projects\CUBE\SolderStation_F103\EWARM\SolderStation_F103\Obj\stm32f1xx_hal_exti.o
#        D:\WORK\ST\STM32F013C8T6B_BluePill\Projects\CUBE\SolderStation_F103\EWARM\SolderStation_F103\Obj\stm32f1xx_hal_flash.o
#        D:\WORK\ST\STM32F013C8T6B_BluePill\Projects\CUBE\SolderStation_F103\EWARM\SolderStation_F103\Obj\stm32f1xx_hal_flash_ex.o
#        D:\WORK\ST\STM32F013C8T6B_BluePill\Projects\CUBE\SolderStation_F103\EWARM\SolderStation_F103\Obj\stm32f1xx_hal_gpio.o
#        D:\WORK\ST\STM32F013C8T6B_BluePill\Projects\CUBE\SolderStation_F103\EWARM\SolderStation_F103\Obj\stm32f1xx_hal_gpio_ex.o
#        D:\WORK\ST\STM32F013C8T6B_BluePill\Projects\CUBE\SolderStation_F103\EWARM\SolderStation_F103\Obj\stm32f1xx_hal_i2c.o
#        D:\WORK\ST\STM32F013C8T6B_BluePill\Projects\CUBE\SolderStation_F103\EWARM\SolderStation_F103\Obj\stm32f1xx_hal_msp.o
#        D:\WORK\ST\STM32F013C8T6B_BluePill\Projects\CUBE\SolderStation_F103\EWARM\SolderStation_F103\Obj\stm32f1xx_hal_pwr.o
#        D:\WORK\ST\STM32F013C8T6B_BluePill\Projects\CUBE\SolderStation_F103\EWARM\SolderStation_F103\Obj\stm32f1xx_hal_rcc.o
#        D:\WORK\ST\STM32F013C8T6B_BluePill\Projects\CUBE\SolderStation_F103\EWARM\SolderStation_F103\Obj\stm32f1xx_hal_rcc_ex.o
#        D:\WORK\ST\STM32F013C8T6B_BluePill\Projects\CUBE\SolderStation_F103\EWARM\SolderStation_F103\Obj\stm32f1xx_hal_spi.o
#        D:\WORK\ST\STM32F013C8T6B_BluePill\Projects\CUBE\SolderStation_F103\EWARM\SolderStation_F103\Obj\stm32f1xx_hal_tim.o
#        D:\WORK\ST\STM32F013C8T6B_BluePill\Projects\CUBE\SolderStation_F103\EWARM\SolderStation_F103\Obj\stm32f1xx_hal_tim_ex.o
#        D:\WORK\ST\STM32F013C8T6B_BluePill\Projects\CUBE\SolderStation_F103\EWARM\SolderStation_F103\Obj\stm32f1xx_it.o
#        D:\WORK\ST\STM32F013C8T6B_BluePill\Projects\CUBE\SolderStation_F103\EWARM\SolderStation_F103\Obj\system_stm32f1xx.o
#        --redirect _Printf=_PrintfFull --redirect _Scanf=_ScanfFull
#        --no_out_extension -o
#        D:\WORK\ST\STM32F013C8T6B_BluePill\Projects\CUBE\SolderStation_F103\EWARM\SolderStation_F103\Exe\SolderStation_F103.out
#        --map
#        D:\WORK\ST\STM32F013C8T6B_BluePill\Projects\CUBE\SolderStation_F103\EWARM\SolderStation_F103\List\SolderStation_F103.map
#        --config
#        D:\WORK\ST\STM32F013C8T6B_BluePill\Projects\CUBE\SolderStation_F103\EWARM/stm32f103xb_flash.icf
#        --semihosting --entry __iar_program_start --inline --vfe --text_out
#        locale)
#
###############################################################################

*******************************************************************************
*** RUNTIME MODEL ATTRIBUTES
***

CppFlavor       = *
__SystemLibrary = DLib
__dlib_version  = 6


*******************************************************************************
*** HEAP SELECTION
***

The basic heap was selected because no calls to memory allocation
functions were found in the application outside of system library
functions, and there are calls to deallocation functions in the
application.


*******************************************************************************
*** PLACEMENT SUMMARY
***

"A0":  place at address 0x800'0000 { ro section .intvec };
"P1":  place in [from 0x800'0000 to 0x801'ffff] { ro };
define block CSTACK with size = 1K, alignment = 8 { };
define block HEAP with size = 512, alignment = 8 { };
"P2":  place in [from 0x2000'0000 to 0x2000'4fff] {
          rw, block CSTACK, block HEAP };
initialize by copy { rw };

  Section            Kind         Address    Size  Object
  -------            ----         -------    ----  ------
"A0":                                        0xec
  .intvec            ro code   0x800'0000    0xec  startup_stm32f103xb.o [1]
                             - 0x800'00ec    0xec

"P1":                                      0x7fb1
  .text              ro code   0x800'00ec  0x16c0  stm32f1xx_hal_i2c.o [1]
  .text              ro code   0x800'17ac   0x460  stm32f1xx_hal_msp.o [1]
  .text              ro code   0x800'1c0c   0x61c  stm32f1xx_hal_rcc.o [1]
  .text              ro code   0x800'2228     0xc  stm32f1xx_hal.o [1]
  .text              ro code   0x800'2234   0x348  stm32f1xx_hal_dma.o [1]
  .text              ro code   0x800'257c    0x14  memset.o [4]
  .text              ro code   0x800'2590   0x218  stm32f1xx_hal_gpio.o [1]
  .text              ro code   0x800'27a8   0x12c  stm32f1xx_hal_cortex.o [1]
  .text              ro code   0x800'28d4    0x4c  stm32f1xx_hal.o [1]
  .text              ro code   0x800'2920    0xa6  ABImemcpy.o [4]
  .text              ro code   0x800'29c6    0x3a  zero_init3.o [4]
  .text              ro code   0x800'2a00    0x66  ABImemset.o [4]
  .text              ro code   0x800'2a66    0x1e  xencoding_8859_1.o [2]
  .text              ro code   0x800'2a84  0x10c6  xprintffull.o [2]
  .text              ro code   0x800'3b4a     0xa  xsprout.o [2]
  .text              ro code   0x800'3b54    0x7c  xlocale_c.o [2]
  .text              ro code   0x800'3bd0    0x16  strchr.o [4]
  .rodata            const     0x800'3be6     0x2  main.o [1]
  .text              ro code   0x800'3be8    0x40  xfail_s.o [2]
  .text              ro code   0x800'3c28    0x36  strlen.o [4]
  .rodata            const     0x800'3c5e     0x2  main.o [1]
  .text              ro code   0x800'3c60    0x58  memchr.o [4]
  .text              ro code   0x800'3cb8    0x70  frexp.o [3]
  .text              ro code   0x800'3d28    0x2e  DblCmpLe.o [3]
  .rodata            const     0x800'3d56     0x2  stm32f1xx_hal_rcc.o [1]
  .text              ro code   0x800'3d58    0x2e  DblCmpGe.o [3]
  .rodata            const     0x800'3d86     0x2  stm32f1xx_hal_rcc_ex.o [1]
  .text              ro code   0x800'3d88   0x13a  ldexp.o [3]
  .rodata            const     0x800'3ec2     0x2  xlocale_c.o [2]
  .text              ro code   0x800'3ec4    0x3a  DblToS32.o [3]
  .rodata            const     0x800'3efe     0x2  xlocale_c.o [2]
  .text              ro code   0x800'3f00    0x22  S32ToDbl.o [3]
  .rodata            const     0x800'3f22     0x1  main.o [1]
  .rodata            const     0x800'3f23     0x1  xlocale_c.o [2]
  .text              ro code   0x800'3f24    0xe2  DblSub.o [3]
  .text              ro code   0x800'4008   0x246  DblDiv.o [3]
  .text              ro code   0x800'4250    0x28  DblToU32.o [3]
  .text              ro code   0x800'4278    0x1a  U32ToDbl.o [3]
  .text              ro code   0x800'4294   0x1a2  DblMul.o [3]
  .text              ro code   0x800'4436     0xa  xmbcurmax.o [2]
  .text              ro code   0x800'4440   0x230  I64DivMod.o [4]
  .text              ro code   0x800'4670     0x6  abort.o [2]
  .text              ro code   0x800'4678   0x16a  DblAdd.o [3]
  .text              ro code   0x800'47e4     0x2  I64DivZer.o [4]
  .text              ro code   0x800'47e8    0x14  exit.o [5]
  .text              ro code   0x800'47fc   0x9a4  main.o [1]
  .text              ro code   0x800'51a0   0x650  ssd1306.o [1]
  .text              ro code   0x800'57f0   0x4fe  stm32f1xx_hal_adc.o [1]
  .text              ro code   0x800'5cee    0xe0  button_drv.o [1]
  .text              ro code   0x800'5dd0    0x24  stm32f1xx_hal.o [1]
  .text              ro code   0x800'5df4   0x2c8  sEEPROM.o [1]
  .text              ro code   0x800'60bc   0x270  stm32f1xx_hal_adc_ex.o [1]
  .text              ro code   0x800'632c   0x882  stm32f1xx_hal_tim.o [1]
  .text              ro code   0x800'6bb0   0x1f4  stm32f1xx_hal_rcc_ex.o [1]
  .text              ro code   0x800'6da4   0x6e8  stm32f1xx_hal_spi.o [1]
  .text              ro code   0x800'748c    0xa6  stm32f1xx_hal_tim_ex.o [1]
  .text              ro code   0x800'7534    0x28  stm32f1xx_hal.o [1]
  .text              ro code   0x800'755c    0x34  vsprintf.o [2]
  .rodata            const     0x800'7590   0x3d4  ssd1306_fonts.o [1]
  .rodata            const     0x800'7964   0x254  ssd1306_fonts.o [1]
  .rodata            const     0x800'7bb8   0x178  ssd1306_fonts.o [1]
  .text              ro code   0x800'7d30    0x78  lz77_init_single.o [4]
  .text              ro code   0x800'7da8    0x60  stm32f1xx_it.o [1]
  .text              ro code   0x800'7e08    0x18  stm32f1xx_hal.o [1]
  .text              ro code   0x800'7e20    0x58  system_stm32f1xx.o [1]
  .rodata            const     0x800'7e78    0x34  ssd1306_fonts.o [1]
  .text              ro code   0x800'7eac    0x28  data_init.o [4]
  .iar.init_table    const     0x800'7ed4    0x20  - Linker created -
  .text              ro code   0x800'7ef4    0x1e  cmain.o [4]
  .text              ro code   0x800'7f12     0x4  exit.o [2]
  .text              ro code   0x800'7f18     0xa  cexit.o [4]
  .rodata            const     0x800'7f24    0x14  ssd1306.o [1]
  .rodata            const     0x800'7f38    0x10  stm32f1xx_hal_rcc.o [1]
  .rodata            const     0x800'7f48    0x10  stm32f1xx_hal_rcc_ex.o [1]
  .rodata            const     0x800'7f58    0x10  system_stm32f1xx.o [1]
  .text              ro code   0x800'7f68    0x10  startup_stm32f103xb.o [1]
  .rodata            const     0x800'7f78     0xc  main.o [1]
  .text              ro code   0x800'7f84     0xc  cstartup_M.o [4]
  .rodata            const     0x800'7f90     0x8  main.o [1]
  .rodata            const     0x800'7f98     0x8  ssd1306.o [1]
  .rodata            const     0x800'7fa0     0x8  system_stm32f1xx.o [1]
  .rodata            const     0x800'7fa8     0x4  main.o [1]
  .rodata            const     0x800'7fac     0x4  main.o [1]
  .rodata            const     0x800'7fb0     0x4  main.o [1]
  .rodata            const     0x800'7fb4     0x4  main.o [1]
  .text              ro code   0x800'7fb8     0x4  startup_stm32f103xb.o [1]
  .text              ro code   0x800'7fbc     0x4  startup_stm32f103xb.o [1]
  .text              ro code   0x800'7fc0     0x4  startup_stm32f103xb.o [1]
  .text              ro code   0x800'7fc4     0x4  startup_stm32f103xb.o [1]
  .text              ro code   0x800'7fc8     0x4  startup_stm32f103xb.o [1]
  .text              ro code   0x800'7fcc     0x4  startup_stm32f103xb.o [1]
  .text              ro code   0x800'7fd0     0x4  startup_stm32f103xb.o [1]
  .text              ro code   0x800'7fd4     0x4  startup_stm32f103xb.o [1]
  .text              ro code   0x800'7fd8     0x4  startup_stm32f103xb.o [1]
  .text              ro code   0x800'7fdc     0x4  startup_stm32f103xb.o [1]
  .text              ro code   0x800'7fe0     0x4  startup_stm32f103xb.o [1]
  .text              ro code   0x800'7fe4     0x4  startup_stm32f103xb.o [1]
  .text              ro code   0x800'7fe8     0x4  startup_stm32f103xb.o [1]
  .text              ro code   0x800'7fec     0x4  startup_stm32f103xb.o [1]
  .text              ro code   0x800'7ff0     0x4  startup_stm32f103xb.o [1]
  .text              ro code   0x800'7ff4     0x4  startup_stm32f103xb.o [1]
  .text              ro code   0x800'7ff8     0x4  startup_stm32f103xb.o [1]
  .text              ro code   0x800'7ffc     0x4  startup_stm32f103xb.o [1]
  .text              ro code   0x800'8000     0x4  startup_stm32f103xb.o [1]
  .text              ro code   0x800'8004     0x4  startup_stm32f103xb.o [1]
  .text              ro code   0x800'8008     0x4  startup_stm32f103xb.o [1]
  .text              ro code   0x800'800c     0x4  startup_stm32f103xb.o [1]
  .text              ro code   0x800'8010     0x4  startup_stm32f103xb.o [1]
  .text              ro code   0x800'8014     0x4  startup_stm32f103xb.o [1]
  .text              ro code   0x800'8018     0x4  startup_stm32f103xb.o [1]
  .text              ro code   0x800'801c     0x4  startup_stm32f103xb.o [1]
  .text              ro code   0x800'8020     0x4  startup_stm32f103xb.o [1]
  .text              ro code   0x800'8024     0x4  startup_stm32f103xb.o [1]
  .text              ro code   0x800'8028     0x4  startup_stm32f103xb.o [1]
  .text              ro code   0x800'802c     0x4  startup_stm32f103xb.o [1]
  .text              ro code   0x800'8030     0x4  startup_stm32f103xb.o [1]
  .text              ro code   0x800'8034     0x4  startup_stm32f103xb.o [1]
  .text              ro code   0x800'8038     0x4  startup_stm32f103xb.o [1]
  .text              ro code   0x800'803c     0x4  startup_stm32f103xb.o [1]
  .text              ro code   0x800'8040     0x4  startup_stm32f103xb.o [1]
  .text              ro code   0x800'8044     0x4  startup_stm32f103xb.o [1]
  .text              ro code   0x800'8048     0x4  startup_stm32f103xb.o [1]
  .text              ro code   0x800'804c     0x4  startup_stm32f103xb.o [1]
  .rodata            const     0x800'8050     0x0  zero_init3.o [4]
  .rodata            const     0x800'8050     0x0  lz77_init_single.o [4]
  Initializer bytes  const     0x800'8050    0x4d  <for P2-1>
                             - 0x800'809d  0x7fb1

"P2", part 1 of 3:                           0xa1
  P2-1                        0x2000'0000    0xa1  <Init block>
    .data            inited   0x2000'0000     0xc  ssd1306_fonts.o [1]
    .data            inited   0x2000'000c     0xc  ssd1306_fonts.o [1]
    .data            inited   0x2000'0018     0x4  stm32f1xx_hal.o [1]
    .data            inited   0x2000'001c     0x4  system_stm32f1xx.o [1]
    .data            inited   0x2000'0020    0x38  xlocale_c.o [2]
    .data            inited   0x2000'0058    0x48  xlocale_c.o [2]
    .data            inited   0x2000'00a0     0x1  stm32f1xx_hal.o [1]
                            - 0x2000'00a1    0xa1

"P2", part 2 of 3:                          0x70c
  .bss               zero     0x2000'00a4   0x400  ssd1306.o [1]
  .bss               zero     0x2000'04a4    0x58  main.o [1]
  .bss               zero     0x2000'04fc    0x54  main.o [1]
  .bss               zero     0x2000'0550    0x44  main.o [1]
  .bss               zero     0x2000'0594    0x44  main.o [1]
  .bss               zero     0x2000'05d8    0x40  main.o [1]
  .bss               zero     0x2000'0618    0x40  main.o [1]
  .bss               zero     0x2000'0658    0x40  main.o [1]
  .bss               zero     0x2000'0698    0x40  main.o [1]
  .bss               zero     0x2000'06d8    0x30  main.o [1]
  .bss               zero     0x2000'0708    0x30  main.o [1]
  .bss               zero     0x2000'0738    0x30  main.o [1]
  .bss               zero     0x2000'0768    0x14  ssd1306.o [1]
  .bss               zero     0x2000'077c    0x10  main.o [1]
  .bss               zero     0x2000'078c     0x4  main.o [1]
  .bss               zero     0x2000'0790     0x4  main.o [1]
  .bss               zero     0x2000'0794     0x4  main.o [1]
  .bss               zero     0x2000'0798     0x4  main.o [1]
  .bss               zero     0x2000'079c     0x4  stm32f1xx_hal.o [1]
  .bss               zero     0x2000'07a0     0x4  xfail_s.o [2]
  .bss               zero     0x2000'07a4     0x2  main.o [1]
  .bss               zero     0x2000'07a6     0x2  main.o [1]
  .bss               zero     0x2000'07a8     0x2  main.o [1]
  .bss               zero     0x2000'07aa     0x2  main.o [1]
  .bss               zero     0x2000'07ac     0x1  main.o [1]
  .bss               zero     0x2000'07ad     0x1  main.o [1]
                            - 0x2000'07ae   0x70a

"P2", part 3 of 3:                          0x400
  CSTACK                      0x2000'07b0   0x400  <Block>
    CSTACK           uninit   0x2000'07b0   0x400  <Block tail>
                            - 0x2000'0bb0   0x400

Unused ranges:

         From           To      Size
         ----           --      ----
   0x800'809d   0x801'ffff  0x1'7f63
  0x2000'00a1  0x2000'00a3       0x3
  0x2000'0bb0  0x2000'4fff    0x4450


*******************************************************************************
*** INIT TABLE
***

          Address      Size
          -------      ----
Zero (__iar_zero_init3)
    1 destination range, total size 0x70a:
          0x2000'00a4  0x70a

Copy/lz77 (__iar_lz77_init_single3)
    1 source range, total size 0x4d (47% of destination):
           0x800'8050   0x4d
    1 destination range, total size 0xa1:
          0x2000'0000   0xa1



*******************************************************************************
*** MODULE SUMMARY
***

    Module                  ro code  ro data  rw data
    ------                  -------  -------  -------
command line/config:
    -------------------------------------------------
    Total:

D:\WORK\ST\STM32F013C8T6B_BluePill\Projects\CUBE\SolderStation_F103\EWARM\SolderStation_F103\Obj: [1]
    button_drv.o                224
    main.o                    2'468       41      750
    sEEPROM.o                   712
    ssd1306.o                 1'616       28    1'044
    ssd1306_fonts.o                    2'015       24
    startup_stm32f103xb.o       404
    stm32f1xx_hal.o             188        3        9
    stm32f1xx_hal_adc.o       1'278
    stm32f1xx_hal_adc_ex.o      624
    stm32f1xx_hal_cortex.o      300
    stm32f1xx_hal_dma.o         840
    stm32f1xx_hal_gpio.o        536
    stm32f1xx_hal_i2c.o       5'824
    stm32f1xx_hal_msp.o       1'120
    stm32f1xx_hal_rcc.o       1'564       18
    stm32f1xx_hal_rcc_ex.o      500       18
    stm32f1xx_hal_spi.o       1'768
    stm32f1xx_hal_tim.o       2'178
    stm32f1xx_hal_tim_ex.o      166
    stm32f1xx_it.o               96
    system_stm32f1xx.o           88       26        4
    -------------------------------------------------
    Total:                   22'494    2'149    1'831

dl7M_tlf.a: [2]
    abort.o                       6
    exit.o                        4
    vsprintf.o                   52
    xencoding_8859_1.o           30
    xfail_s.o                    64                 4
    xlocale_c.o                 124       66      128
    xmbcurmax.o                  10
    xprintffull.o             4'294
    xsprout.o                    10
    -------------------------------------------------
    Total:                    4'594       66      132

m7M_tl.a: [3]
    DblAdd.o                    362
    DblCmpGe.o                   46
    DblCmpLe.o                   46
    DblDiv.o                    582
    DblMul.o                    418
    DblSub.o                    226
    DblToS32.o                   58
    DblToU32.o                   40
    S32ToDbl.o                   34
    U32ToDbl.o                   26
    frexp.o                     112
    ldexp.o                     314
    -------------------------------------------------
    Total:                    2'264

rt7M_tl.a: [4]
    ABImemcpy.o                 166
    ABImemset.o                 102
    I64DivMod.o                 560
    I64DivZer.o                   2
    cexit.o                      10
    cmain.o                      30
    cstartup_M.o                 12
    data_init.o                  40
    lz77_init_single.o          120
    memchr.o                     88
    memset.o                     20
    strchr.o                     22
    strlen.o                     54
    zero_init3.o                 58
    -------------------------------------------------
    Total:                    1'284

shb_l.a: [5]
    exit.o                       20
    -------------------------------------------------
    Total:                       20

    Gaps                         20        2
    Linker created                        32    1'024
-----------------------------------------------------
    Grand Total:             30'676    2'249    2'987


*******************************************************************************
*** ENTRY LIST
***

Entry                       Address   Size  Type      Object
-----                       -------   ----  ----      ------
.iar.init_table$$Base    0x800'7ed4          --   Gb  - Linker created -
.iar.init_table$$Limit   0x800'7ef4          --   Gb  - Linker created -
?main                    0x800'7ef5         Code  Gb  cmain.o [4]
ADC_ConversionStop_Disable
                         0x800'5c2d   0x4a  Code  Gb  stm32f1xx_hal_adc.o [1]
ADC_DMAConvCplt          0x800'5c79   0x4e  Code  Gb  stm32f1xx_hal_adc.o [1]
ADC_DMAError             0x800'5cd5   0x1a  Code  Gb  stm32f1xx_hal_adc.o [1]
ADC_DMAHalfConvCplt      0x800'5cc9    0xa  Code  Gb  stm32f1xx_hal_adc.o [1]
ADC_Enable               0x800'5b9d   0x6e  Code  Gb  stm32f1xx_hal_adc.o [1]
AHBPrescTable            0x800'7f58   0x10  Data  Gb  system_stm32f1xx.o [1]
APBPrescTable            0x800'7fa0    0x8  Data  Gb  system_stm32f1xx.o [1]
BusFault_Handler         0x800'7daf    0x2  Code  Gb  stm32f1xx_it.o [1]
Button_Init              0x800'5dc7    0x8  Code  Gb  button_drv.o [1]
CSTACK$$Base            0x2000'07b0          --   Gb  - Linker created -
CSTACK$$Limit           0x2000'0bb0          --   Gb  - Linker created -
CacheMore                0x800'3b59   0x28  Code  Lc  xlocale_c.o [2]
DMA1_Channel1_IRQHandler
                         0x800'7dc1    0xa  Code  Gb  stm32f1xx_it.o [1]
DMA1_Channel6_IRQHandler
                         0x800'7dcb    0xa  Code  Gb  stm32f1xx_it.o [1]
DMA_SetConfig            0x800'2551   0x2c  Code  Lc  stm32f1xx_hal_dma.o [1]
DebugMon_Handler         0x800'7db5    0x2  Code  Gb  stm32f1xx_it.o [1]
EncBtn                  0x2000'077c   0x10  Data  Gb  main.o [1]
Fan_temp_z              0x2000'07a8    0x2  Data  Gb  main.o [1]
HAL_ADCEx_Calibration_Start
                         0x800'60bd   0xec  Code  Gb  stm32f1xx_hal_adc_ex.o [1]
HAL_ADCEx_MultiModeConfigChannel
                         0x800'62ad   0x60  Code  Gb  stm32f1xx_hal_adc_ex.o [1]
HAL_ADCEx_MultiModeStart_DMA
                         0x800'61a9  0x104  Code  Gb  stm32f1xx_hal_adc_ex.o [1]
HAL_ADC_ConfigChannel    0x800'5a4b  0x152  Code  Gb  stm32f1xx_hal_adc.o [1]
HAL_ADC_Init             0x800'57f1  0x138  Code  Gb  stm32f1xx_hal_adc.o [1]
HAL_ADC_MspInit          0x800'17ef   0xdc  Code  Gb  stm32f1xx_hal_msp.o [1]
HAL_ADC_Start            0x800'5929  0x122  Code  Gb  stm32f1xx_hal_adc.o [1]
HAL_DMA_Abort_IT         0x800'231d   0xae  Code  Gb  stm32f1xx_hal_dma.o [1]
HAL_DMA_IRQHandler       0x800'23cb  0x162  Code  Gb  stm32f1xx_hal_dma.o [1]
HAL_DMA_Init             0x800'2235   0x64  Code  Gb  stm32f1xx_hal_dma.o [1]
HAL_DMA_Start_IT         0x800'2299   0x84  Code  Gb  stm32f1xx_hal_dma.o [1]
HAL_Delay                0x800'7535   0x28  Code  Wk  stm32f1xx_hal.o [1]
HAL_GPIO_Init            0x800'2591  0x1b0  Code  Gb  stm32f1xx_hal_gpio.o [1]
HAL_GPIO_ReadPin         0x800'2741   0x12  Code  Gb  stm32f1xx_hal_gpio.o [1]
HAL_GPIO_WritePin        0x800'2753   0x14  Code  Gb  stm32f1xx_hal_gpio.o [1]
HAL_GetTick              0x800'2229    0xc  Code  Wk  stm32f1xx_hal.o [1]
HAL_I2C_EV_IRQHandler    0x800'05cd  0x174  Code  Gb  stm32f1xx_hal_i2c.o [1]
HAL_I2C_Init             0x800'00ed  0x1b8  Code  Gb  stm32f1xx_hal_i2c.o [1]
HAL_I2C_Mem_Write        0x800'02bd  0x168  Code  Gb  stm32f1xx_hal_i2c.o [1]
HAL_I2C_Mem_Write_DMA    0x800'0425  0x190  Code  Gb  stm32f1xx_hal_i2c.o [1]
HAL_I2C_MspInit          0x800'18cb   0xba  Code  Gb  stm32f1xx_hal_msp.o [1]
HAL_IncTick              0x800'7e09   0x18  Code  Wk  stm32f1xx_hal.o [1]
HAL_Init                 0x800'5dd1   0x20  Code  Gb  stm32f1xx_hal.o [1]
HAL_InitTick             0x800'28d5   0x4c  Code  Wk  stm32f1xx_hal.o [1]
HAL_MspInit              0x800'17ad   0x42  Code  Gb  stm32f1xx_hal_msp.o [1]
HAL_NVIC_EnableIRQ       0x800'28a1    0xa  Code  Gb  stm32f1xx_hal_cortex.o [1]
HAL_NVIC_SetPriority     0x800'287f   0x22  Code  Gb  stm32f1xx_hal_cortex.o [1]
HAL_NVIC_SetPriorityGrouping
                         0x800'2877    0x8  Code  Gb  stm32f1xx_hal_cortex.o [1]
HAL_RCCEx_GetPeriphCLKFreq
                         0x800'6c9f   0xd8  Code  Gb  stm32f1xx_hal_rcc_ex.o [1]
HAL_RCCEx_PeriphCLKConfig
                         0x800'6bb1   0xee  Code  Gb  stm32f1xx_hal_rcc_ex.o [1]
HAL_RCC_ClockConfig      0x800'1fdf  0x146  Code  Gb  stm32f1xx_hal_rcc.o [1]
HAL_RCC_GetHCLKFreq      0x800'2187    0x6  Code  Gb  stm32f1xx_hal_rcc.o [1]
HAL_RCC_GetPCLK1Freq     0x800'218d   0x16  Code  Gb  stm32f1xx_hal_rcc.o [1]
HAL_RCC_GetPCLK2Freq     0x800'21a3   0x16  Code  Gb  stm32f1xx_hal_rcc.o [1]
HAL_RCC_GetSysClockFreq
                         0x800'2125   0x62  Code  Gb  stm32f1xx_hal_rcc.o [1]
HAL_RCC_OscConfig        0x800'1c0d  0x3d2  Code  Gb  stm32f1xx_hal_rcc.o [1]
HAL_SPI_Init             0x800'6da5   0x8a  Code  Gb  stm32f1xx_hal_spi.o [1]
HAL_SPI_MspInit          0x800'1985   0x72  Code  Gb  stm32f1xx_hal_msp.o [1]
HAL_SPI_Receive          0x800'6fcd  0x166  Code  Gb  stm32f1xx_hal_spi.o [1]
HAL_SPI_Transmit         0x800'6e2f  0x19e  Code  Gb  stm32f1xx_hal_spi.o [1]
HAL_SPI_TransmitReceive
                         0x800'7133  0x21e  Code  Gb  stm32f1xx_hal_spi.o [1]
HAL_SYSTICK_Config       0x800'28ab    0x8  Code  Gb  stm32f1xx_hal_cortex.o [1]
HAL_TIMEx_ConfigBreakDeadTime
                         0x800'74d9   0x5a  Code  Gb  stm32f1xx_hal_tim_ex.o [1]
HAL_TIMEx_MasterConfigSynchronization
                         0x800'748d   0x4c  Code  Gb  stm32f1xx_hal_tim_ex.o [1]
HAL_TIM_Base_Init        0x800'632d   0x38  Code  Gb  stm32f1xx_hal_tim.o [1]
HAL_TIM_Base_MspInit     0x800'19f7   0x58  Code  Gb  stm32f1xx_hal_msp.o [1]
HAL_TIM_Base_Start_IT    0x800'6365   0x28  Code  Gb  stm32f1xx_hal_tim.o [1]
HAL_TIM_Encoder_Init     0x800'6491   0xa4  Code  Gb  stm32f1xx_hal_tim.o [1]
HAL_TIM_Encoder_MspInit
                         0x800'1a4f   0x92  Code  Gb  stm32f1xx_hal_msp.o [1]
HAL_TIM_Encoder_Start    0x800'6535   0x4a  Code  Gb  stm32f1xx_hal_tim.o [1]
HAL_TIM_IRQHandler       0x800'657f  0x176  Code  Gb  stm32f1xx_hal_tim.o [1]
HAL_TIM_MspPostInit      0x800'1b41   0x8a  Code  Gb  stm32f1xx_hal_msp.o [1]
HAL_TIM_OC_ConfigChannel
                         0x800'66f5   0x5e  Code  Gb  stm32f1xx_hal_tim.o [1]
HAL_TIM_OC_Init          0x800'638d   0x38  Code  Gb  stm32f1xx_hal_tim.o [1]
HAL_TIM_OC_MspInit       0x800'1b11   0x30  Code  Gb  stm32f1xx_hal_msp.o [1]
HAL_TIM_OnePulse_Init    0x800'6441   0x50  Code  Gb  stm32f1xx_hal_tim.o [1]
HAL_TIM_PWM_ConfigChannel
                         0x800'6753   0xfc  Code  Gb  stm32f1xx_hal_tim.o [1]
HAL_TIM_PWM_Init         0x800'63c5   0x38  Code  Gb  stm32f1xx_hal_tim.o [1]
HAL_TIM_PWM_MspInit      0x800'1ae1   0x30  Code  Gb  stm32f1xx_hal_msp.o [1]
HAL_TIM_PWM_Start        0x800'63fd   0x3e  Code  Gb  stm32f1xx_hal_tim.o [1]
HAL_TIM_PeriodElapsedCallback
                         0x800'486d   0x26  Code  Gb  main.o [1]
HAL_TIM_SlaveConfigSynchro
                         0x800'6861   0x5e  Code  Gb  stm32f1xx_hal_tim.o [1]
HardFault_Handler        0x800'7dab    0x2  Code  Gb  stm32f1xx_it.o [1]
I2C1_EV_IRQHandler       0x800'7de9    0xa  Code  Gb  stm32f1xx_it.o [1]
I2C_ConvertOtherXferOptions
                         0x800'1791   0x1c  Code  Lc  stm32f1xx_hal_i2c.o [1]
I2C_DMAAbort             0x800'14c1   0xa6  Code  Lc  stm32f1xx_hal_i2c.o [1]
I2C_DMAError             0x800'1479   0x46  Code  Lc  stm32f1xx_hal_i2c.o [1]
I2C_DMAXferCplt          0x800'132f  0x140  Code  Lc  stm32f1xx_hal_i2c.o [1]
I2C_ITError              0x800'10db  0x17a  Code  Lc  stm32f1xx_hal_i2c.o [1]
I2C_IsAcknowledgeFailed
                         0x800'175b   0x36  Code  Lc  stm32f1xx_hal_i2c.o [1]
I2C_MasterReceive_BTF    0x800'09d1  0x122  Code  Lc  stm32f1xx_hal_i2c.o [1]
I2C_MasterReceive_RXNE   0x800'0931   0xa0  Code  Lc  stm32f1xx_hal_i2c.o [1]
I2C_MasterTransmit_BTF   0x800'0895   0x9c  Code  Lc  stm32f1xx_hal_i2c.o [1]
I2C_MasterTransmit_TXE   0x800'0741  0x154  Code  Lc  stm32f1xx_hal_i2c.o [1]
I2C_Master_ADD10         0x800'0ba5   0x32  Code  Lc  stm32f1xx_hal_i2c.o [1]
I2C_Master_ADDR          0x800'0bd7  0x256  Code  Lc  stm32f1xx_hal_i2c.o [1]
I2C_Master_SB            0x800'0af3   0xb2  Code  Lc  stm32f1xx_hal_i2c.o [1]
I2C_RequestMemoryWrite   0x800'1259   0xd6  Code  Lc  stm32f1xx_hal_i2c.o [1]
I2C_SlaveReceive_BTF     0x800'0ed9   0x1c  Code  Lc  stm32f1xx_hal_i2c.o [1]
I2C_SlaveReceive_RXNE    0x800'0e91   0x48  Code  Lc  stm32f1xx_hal_i2c.o [1]
I2C_SlaveTransmit_BTF    0x800'0e75   0x1c  Code  Lc  stm32f1xx_hal_i2c.o [1]
I2C_SlaveTransmit_TXE    0x800'0e2d   0x48  Code  Lc  stm32f1xx_hal_i2c.o [1]
I2C_Slave_ADDR           0x800'0ef5   0x4e  Code  Lc  stm32f1xx_hal_i2c.o [1]
I2C_Slave_STOPF          0x800'0f43  0x198  Code  Lc  stm32f1xx_hal_i2c.o [1]
I2C_WaitOnBTFFlagUntilTimeout
                         0x800'1703   0x58  Code  Lc  stm32f1xx_hal_i2c.o [1]
I2C_WaitOnFlagUntilTimeout
                         0x800'1567   0x8a  Code  Lc  stm32f1xx_hal_i2c.o [1]
I2C_WaitOnMasterAddressFlagUntilTimeout
                         0x800'15f1   0xba  Code  Lc  stm32f1xx_hal_i2c.o [1]
I2C_WaitOnTXEFlagUntilTimeout
                         0x800'16ab   0x58  Code  Lc  stm32f1xx_hal_i2c.o [1]
MX_ADC1_Init             0x800'4b29   0xc2  Code  Lc  main.o [1]
MX_ADC2_Init             0x800'4beb   0xa0  Code  Lc  main.o [1]
MX_DMA_Init              0x800'4fdd   0x38  Code  Lc  main.o [1]
MX_GPIO_Init             0x800'5015   0xd8  Code  Lc  main.o [1]
MX_I2C1_Init             0x800'4c8b   0x3e  Code  Lc  main.o [1]
MX_SPI2_Init             0x800'4cc9   0x4a  Code  Lc  main.o [1]
MX_TIM1_Init             0x800'4d13  0x130  Code  Lc  main.o [1]
MX_TIM2_Init             0x800'4e43   0x8a  Code  Lc  main.o [1]
MX_TIM3_Init             0x800'4ecd   0x8c  Code  Lc  main.o [1]
MX_TIM4_Init             0x800'4f59   0x84  Code  Lc  main.o [1]
MemManage_Handler        0x800'7dad    0x2  Code  Gb  stm32f1xx_it.o [1]
NMI_Handler              0x800'7da9    0x2  Code  Gb  stm32f1xx_it.o [1]
NVIC_EncodePriority      0x800'280d   0x3c  Code  Lc  stm32f1xx_hal_cortex.o [1]
N_solder_tip            0x2000'07ad    0x1  Data  Gb  main.o [1]
N_tip_default            0x800'3f22    0x1  Data  Gb  main.o [1]
PendSV_Handler           0x800'7db7    0x2  Code  Gb  stm32f1xx_it.o [1]
RCC_Delay                0x800'21b9   0x24  Code  Lc  stm32f1xx_hal_rcc.o [1]
Region$$Table$$Base      0x800'7ed4          --   Gb  - Linker created -
Region$$Table$$Limit     0x800'7ef4          --   Gb  - Linker created -
SPI_EndRxTransaction     0x800'73f1   0x76  Code  Lc  stm32f1xx_hal_spi.o [1]
SPI_EndRxTxTransaction   0x800'7467   0x26  Code  Lc  stm32f1xx_hal_spi.o [1]
SPI_WaitFlagStateUntilTimeout
                         0x800'7351   0xa0  Code  Lc  stm32f1xx_hal_spi.o [1]
SSD1306                 0x2000'0768   0x14  Data  Lc  ssd1306.o [1]
SSD1306_Buffer          0x2000'00a4  0x400  Data  Lc  ssd1306.o [1]
SSD1306_DrawFilledRectangle
                         0x800'572b   0x80  Code  Gb  ssd1306.o [1]
SSD1306_DrawLine         0x800'5563  0x1c8  Code  Gb  ssd1306.o [1]
SSD1306_DrawPixel        0x800'527d   0xb8  Code  Gb  ssd1306.o [1]
SSD1306_Fill             0x800'5261   0x1c  Code  Gb  ssd1306.o [1]
SSD1306_GotoXY           0x800'5335    0xc  Code  Gb  ssd1306.o [1]
SSD1306_Init             0x800'51a1   0x40  Code  Gb  ssd1306.o [1]
SSD1306_Putc             0x800'5373  0x1ac  Code  Gb  ssd1306.o [1]
SSD1306_Puts             0x800'5535   0x2e  Code  Gb  ssd1306.o [1]
SSD1306_Putspace         0x800'5341   0x32  Code  Gb  ssd1306.o [1]
SSD1306_UpdateScreen     0x800'51e1   0x2a  Code  Gb  ssd1306.o [1]
SSD1306_printf           0x800'57ab   0x46  Code  Gb  ssd1306.o [1]
SVC_Handler              0x800'7db3    0x2  Code  Gb  stm32f1xx_it.o [1]
Solder_temp_z           0x2000'07a6    0x2  Data  Gb  main.o [1]
SysTick_Config           0x800'2849   0x2e  Code  Lc  stm32f1xx_hal_cortex.o [1]
SysTick_Handler          0x800'7db9    0x8  Code  Gb  stm32f1xx_it.o [1]
SystemClock_Config       0x800'4a93   0x96  Code  Gb  main.o [1]
SystemCoreClock         0x2000'001c    0x4  Data  Gb  system_stm32f1xx.o [1]
SystemInit               0x800'7e21   0x3e  Code  Gb  system_stm32f1xx.o [1]
TIM3_IRQHandler          0x800'7dd5    0xa  Code  Gb  stm32f1xx_it.o [1]
TIM4_IRQHandler          0x800'7ddf    0xa  Code  Gb  stm32f1xx_it.o [1]
TIM_Base_SetConfig       0x800'68bf   0x64  Code  Gb  stm32f1xx_hal_tim.o [1]
TIM_CCxChannelCmd        0x800'6b89   0x26  Code  Gb  stm32f1xx_hal_tim.o [1]
TIM_ETR_SetConfig        0x800'6b73   0x16  Code  Gb  stm32f1xx_hal_tim.o [1]
TIM_OC1_SetConfig        0x800'6923   0x58  Code  Lc  stm32f1xx_hal_tim.o [1]
TIM_OC2_SetConfig        0x800'697b   0x62  Code  Gb  stm32f1xx_hal_tim.o [1]
TIM_OC3_SetConfig        0x800'69dd   0x60  Code  Lc  stm32f1xx_hal_tim.o [1]
TIM_OC4_SetConfig        0x800'6a3d   0x46  Code  Lc  stm32f1xx_hal_tim.o [1]
TIM_SlaveTimer_SetConfig
                         0x800'6a83   0x9a  Code  Lc  stm32f1xx_hal_tim.o [1]
TIM_TI1_ConfigInputStage
                         0x800'6b29   0x24  Code  Lc  stm32f1xx_hal_tim.o [1]
TIM_TI2_ConfigInputStage
                         0x800'6b4d   0x26  Code  Lc  stm32f1xx_hal_tim.o [1]
Temp_z_default           0x800'3c5e    0x2  Data  Gb  main.o [1]
TimeoutTime             0x2000'07a4    0x2  Data  Gb  main.o [1]
Timeout_time_default     0x800'3be6    0x2  Data  Gb  main.o [1]
UsageFault_Handler       0x800'7db1    0x2  Code  Gb  stm32f1xx_it.o [1]
_Encoding_8859_1_Mbrlen
                         0x800'2a79    0x2  Code  Gb  xencoding_8859_1.o [2]
_Encoding_8859_1_Wctomb
                         0x800'2a67   0x12  Code  Gb  xencoding_8859_1.o [2]
_LitobFull               0x800'3997  0x10a  Code  Lc  xprintffull.o [2]
_Locale_lconv           0x2000'0020   0x38  Data  Lc  xlocale_c.o [2]
_PrintfFull              0x800'2a85  0xcc2  Code  Gb  xprintffull.o [2]
_PutcharsFull            0x800'3b09   0x2e  Code  Lc  xprintffull.o [2]
_PutstrFull              0x800'38d7   0xc0  Code  Lc  xprintffull.o [2]
_PuttxtFull              0x800'37cb  0x10c  Code  Lc  xprintffull.o [2]
_SProut                  0x800'3b4b    0xa  Code  Gb  xsprout.o [2]
__NVIC_EnableIRQ         0x800'27cd   0x1c  Code  Lc  stm32f1xx_hal_cortex.o [1]
__NVIC_GetPriorityGrouping
                         0x800'27c3    0xa  Code  Lc  stm32f1xx_hal_cortex.o [1]
__NVIC_SetPriority       0x800'27e9   0x24  Code  Lc  stm32f1xx_hal_cortex.o [1]
__NVIC_SetPriorityGrouping
                         0x800'27a9   0x1a  Code  Lc  stm32f1xx_hal_cortex.o [1]
__aeabi_cdcmple          0x800'3d29         Code  Gb  DblCmpLe.o [3]
__aeabi_cdrcmple         0x800'3d59         Code  Gb  DblCmpGe.o [3]
__aeabi_d2iz             0x800'3ec5         Code  Gb  DblToS32.o [3]
__aeabi_d2uiz            0x800'4251         Code  Gb  DblToU32.o [3]
__aeabi_ddiv             0x800'4009         Code  Gb  DblDiv.o [3]
__aeabi_dmul             0x800'4295         Code  Gb  DblMul.o [3]
__aeabi_dsub             0x800'3f25         Code  Gb  DblSub.o [3]
__aeabi_i2d              0x800'3f01         Code  Gb  S32ToDbl.o [3]
__aeabi_ldiv0            0x800'47e5         Code  Gb  I64DivZer.o [4]
__aeabi_memcpy           0x800'2921         Code  Gb  ABImemcpy.o [4]
__aeabi_memcpy4          0x800'2941         Code  Gb  ABImemcpy.o [4]
__aeabi_memcpy8          0x800'2941         Code  Gb  ABImemcpy.o [4]
__aeabi_memset           0x800'2a01         Code  Gb  ABImemset.o [4]
__aeabi_ui2d             0x800'4279         Code  Gb  U32ToDbl.o [3]
__aeabi_uldivmod         0x800'4441         Code  Gb  I64DivMod.o [4]
__cmain                  0x800'7ef5         Code  Gb  cmain.o [4]
__exit                   0x800'47e9   0x14  Code  Gb  exit.o [5]
__iar_Fail_s             0x800'3be9   0x1c  Code  Gb  xfail_s.o [2]
__iar_Mbcurmax           0x800'4437    0xa  Code  Gb  xmbcurmax.o [2]
__iar_Memchr             0x800'3c61         Code  Gb  memchr.o [4]
__iar_Memset             0x800'2a01         Code  Gb  ABImemset.o [4]
__iar_Memset_word        0x800'2a09         Code  Gb  ABImemset.o [4]
__iar_Strchr             0x800'3bd1         Code  Gb  strchr.o [4]
__iar_dadd               0x800'3f35         Code  Gb  DblSub.o [3]
__iar_data_init3         0x800'7ead   0x28  Code  Gb  data_init.o [4]
__iar_dsub               0x800'4679         Code  Gb  DblAdd.o [3]
__iar_dsubStart          0x800'468b         Code  Gb  DblAdd.o [3]
__iar_frexp              0x800'3cc5         Code  Gb  frexp.o [3]
__iar_frexp64            0x800'3cb9         Code  Gb  frexp.o [3]
__iar_frexpl             0x800'3cc5         Code  Gb  frexp.o [3]
__iar_globLocale        0x2000'0058   0x48  Data  Lc  xlocale_c.o [2]
__iar_global_Locale      0x800'3b55    0x4  Code  Gb  xlocale_c.o [2]
__iar_ldexp64            0x800'3d89         Code  Gb  ldexp.o [3]
__iar_lz77_init_single3
                         0x800'7d31   0x78  Code  Gb  lz77_init_single.o [4]
__iar_program_start      0x800'7f85         Code  Gb  cstartup_M.o [4]
__iar_scalbln64          0x800'3d89         Code  Gb  ldexp.o [3]
__iar_scalbn64           0x800'3d89         Code  Gb  ldexp.o [3]
__iar_zero_init3         0x800'29c7   0x3a  Code  Gb  zero_init3.o [4]
__vector_table           0x800'0000         Data  Gb  startup_stm32f103xb.o [1]
_call_main               0x800'7f01         Code  Gb  cmain.o [4]
_exit                    0x800'7f19         Code  Gb  cexit.o [4]
_gLocale_mblen           0x800'3bbd    0x4  Code  Gb  xlocale_c.o [2]
_gLocale_mblenInt        0x800'3b81   0x2c  Code  Gb  xlocale_c.o [2]
_gLocale_wctomb          0x800'3bc1    0x4  Code  Gb  xlocale_c.o [2]
_gLocale_wctombInt       0x800'3bb9    0x4  Code  Gb  xlocale_c.o [2]
_main                    0x800'7f0f         Code  Gb  cmain.o [4]
abort                    0x800'4671    0x6  Code  Gb  abort.o [2]
adc_buffer              0x2000'0738   0x30  Data  Gb  main.o [1]
b_fan                   0x2000'0798    0x4  Data  Gb  main.o [1]
b_fan_default            0x800'7fb4    0x4  Data  Gb  main.o [1]
b_solder                0x2000'0790    0x4  Data  Gb  main.o [1]
b_solder_default         0x800'7fac    0x4  Data  Gb  main.o [1]
dSEG7Classic_20ptBitmaps
                         0x800'7964  0x254  Data  Gb  ssd1306_fonts.o [1]
dSEG7Classic_20ptDescriptors
                         0x800'7e78   0x34  Data  Gb  ssd1306_fonts.o [1]
dSEG7Classic_20ptFontInfo
                        0x2000'0000    0xc  Data  Gb  ssd1306_fonts.o [1]
delay                    0x800'4893   0x10  Code  Gb  main.o [1]
exit                     0x800'7f13    0x4  Code  Gb  exit.o [2]
frexp                    0x800'3cb9         Code  Gb  frexp.o [3]
frexpl                   0x800'3cb9         Code  Gb  frexp.o [3]
getButtonState           0x800'5cef   0xd8  Code  Gb  button_drv.o [1]
hadc1                   0x2000'06d8   0x30  Data  Gb  main.o [1]
hadc2                   0x2000'0708   0x30  Data  Gb  main.o [1]
hdma_adc1               0x2000'0550   0x44  Data  Gb  main.o [1]
hdma_i2c1_tx            0x2000'0594   0x44  Data  Gb  main.o [1]
hi2c1                   0x2000'04fc   0x54  Data  Gb  main.o [1]
hspi2                   0x2000'04a4   0x58  Data  Gb  main.o [1]
htim1                   0x2000'05d8   0x40  Data  Gb  main.o [1]
htim2                   0x2000'0618   0x40  Data  Gb  main.o [1]
htim3                   0x2000'0658   0x40  Data  Gb  main.o [1]
htim4                   0x2000'0698   0x40  Data  Gb  main.o [1]
k_fan                   0x2000'0794    0x4  Data  Gb  main.o [1]
k_fan_default            0x800'7fb0    0x4  Data  Gb  main.o [1]
k_solder                0x2000'078c    0x4  Data  Gb  main.o [1]
k_solder_default         0x800'7fa8    0x4  Data  Gb  main.o [1]
ldexp                    0x800'3d89         Code  Gb  ldexp.o [3]
ldexpl                   0x800'3d89         Code  Gb  ldexp.o [3]
localeconv               0x800'3bc5    0x4  Code  Gb  xlocale_c.o [2]
main                     0x800'48a3  0x1ee  Code  Gb  main.o [1]
main::Temperature_z_former
                        0x2000'07aa    0x2  Data  Lc  main.o [1]
memchr                   0x800'3c61         Code  Gb  memchr.o [4]
memset                   0x800'257d   0x14  Code  Gb  memset.o [4]
progstate               0x2000'07ac    0x1  Data  Gb  main.o [1]
sEE_ReadBuffer           0x800'5df5   0x66  Code  Gb  sEEPROM.o [1]
sEE_WaitForWriteEnd      0x800'6057   0x62  Code  Gb  sEEPROM.o [1]
sEE_WriteBuffer          0x800'5e5b  0x14a  Code  Gb  sEEPROM.o [1]
sEE_WriteEnable          0x800'601b   0x3c  Code  Gb  sEEPROM.o [1]
sEE_WritePage            0x800'5fa5   0x76  Code  Gb  sEEPROM.o [1]
scalbln                  0x800'3d89         Code  Gb  ldexp.o [3]
scalblnl                 0x800'3d89         Code  Gb  ldexp.o [3]
scalbn                   0x800'3d89         Code  Gb  ldexp.o [3]
scalbnl                  0x800'3d89         Code  Gb  ldexp.o [3]
scale                    0x800'3aa1   0x46  Code  Lc  xprintffull.o [2]
sec_hand                0x2000'07a0    0x4  Data  Lc  xfail_s.o [2]
segoeUI_8ptBitmaps       0x800'7590  0x3d4  Data  Gb  ssd1306_fonts.o [1]
segoeUI_8ptDescriptors   0x800'7bb8  0x178  Data  Gb  ssd1306_fonts.o [1]
segoeUI_8ptFontInfo     0x2000'000c    0xc  Data  Gb  ssd1306_fonts.o [1]
solder_working_layout    0x800'47fd   0x70  Code  Gb  main.o [1]
ssd1306_SendToDisplay    0x800'520b   0x56  Code  Lc  ssd1306.o [1]
strchr                   0x800'3bd1         Code  Gb  strchr.o [4]
strlen                   0x800'3c29         Code  Gb  strlen.o [4]
uwTick                  0x2000'079c    0x4  Data  Gb  stm32f1xx_hal.o [1]
uwTickFreq              0x2000'00a0    0x1  Data  Gb  stm32f1xx_hal.o [1]
uwTickPrio              0x2000'0018    0x4  Data  Gb  stm32f1xx_hal.o [1]
vsprintf                 0x800'755d   0x34  Code  Gb  vsprintf.o [2]


[1] = D:\WORK\ST\STM32F013C8T6B_BluePill\Projects\CUBE\SolderStation_F103\EWARM\SolderStation_F103\Obj
[2] = dl7M_tlf.a
[3] = m7M_tl.a
[4] = rt7M_tl.a
[5] = shb_l.a

  30'676 bytes of readonly  code memory
   2'249 bytes of readonly  data memory
   2'987 bytes of readwrite data memory

Errors: none
Warnings: none
