###############################################################################
#
# IAR ELF Linker V8.50.4.261/W32 for ARM                  28/Jul/2020  18:01:02
# Copyright 2007-2020 IAR Systems AB.
#
#    Output file  =
#        D:\WORK\ST\STM32F013C8T6B_BluePill\Projects\CUBE\SolderStation_F103\EWARM\SolderStation_F103\Exe\SolderStation_F103.out
#    Map file     =
#        D:\WORK\ST\STM32F013C8T6B_BluePill\Projects\CUBE\SolderStation_F103\EWARM\SolderStation_F103\List\SolderStation_F103.map
#    Command line =
#        -f C:\Users\SS\AppData\Local\Temp\EW81D8.tmp
#        (D:\WORK\ST\STM32F013C8T6B_BluePill\Projects\CUBE\SolderStation_F103\EWARM\SolderStation_F103\Obj\button_drv.o
#        D:\WORK\ST\STM32F013C8T6B_BluePill\Projects\CUBE\SolderStation_F103\EWARM\SolderStation_F103\Obj\const_var.o
#        D:\WORK\ST\STM32F013C8T6B_BluePill\Projects\CUBE\SolderStation_F103\EWARM\SolderStation_F103\Obj\main.o
#        D:\WORK\ST\STM32F013C8T6B_BluePill\Projects\CUBE\SolderStation_F103\EWARM\SolderStation_F103\Obj\menu.o
#        D:\WORK\ST\STM32F013C8T6B_BluePill\Projects\CUBE\SolderStation_F103\EWARM\SolderStation_F103\Obj\MicroMenu.o
#        D:\WORK\ST\STM32F013C8T6B_BluePill\Projects\CUBE\SolderStation_F103\EWARM\SolderStation_F103\Obj\sEEPROM.o
#        D:\WORK\ST\STM32F013C8T6B_BluePill\Projects\CUBE\SolderStation_F103\EWARM\SolderStation_F103\Obj\ssd1306.o
#        D:\WORK\ST\STM32F013C8T6B_BluePill\Projects\CUBE\SolderStation_F103\EWARM\SolderStation_F103\Obj\ssd1306_fonts.o
#        D:\WORK\ST\STM32F013C8T6B_BluePill\Projects\CUBE\SolderStation_F103\EWARM\SolderStation_F103\Obj\startup_stm32f103xb.o
#        D:\WORK\ST\STM32F013C8T6B_BluePill\Projects\CUBE\SolderStation_F103\EWARM\SolderStation_F103\Obj\stm32f1xx_hal.o
#        D:\WORK\ST\STM32F013C8T6B_BluePill\Projects\CUBE\SolderStation_F103\EWARM\SolderStation_F103\Obj\stm32f1xx_hal_adc.o
#        D:\WORK\ST\STM32F013C8T6B_BluePill\Projects\CUBE\SolderStation_F103\EWARM\SolderStation_F103\Obj\stm32f1xx_hal_adc_ex.o
#        D:\WORK\ST\STM32F013C8T6B_BluePill\Projects\CUBE\SolderStation_F103\EWARM\SolderStation_F103\Obj\stm32f1xx_hal_cortex.o
#        D:\WORK\ST\STM32F013C8T6B_BluePill\Projects\CUBE\SolderStation_F103\EWARM\SolderStation_F103\Obj\stm32f1xx_hal_dma.o
#        D:\WORK\ST\STM32F013C8T6B_BluePill\Projects\CUBE\SolderStation_F103\EWARM\SolderStation_F103\Obj\stm32f1xx_hal_exti.o
#        D:\WORK\ST\STM32F013C8T6B_BluePill\Projects\CUBE\SolderStation_F103\EWARM\SolderStation_F103\Obj\stm32f1xx_hal_flash.o
#        D:\WORK\ST\STM32F013C8T6B_BluePill\Projects\CUBE\SolderStation_F103\EWARM\SolderStation_F103\Obj\stm32f1xx_hal_flash_ex.o
#        D:\WORK\ST\STM32F013C8T6B_BluePill\Projects\CUBE\SolderStation_F103\EWARM\SolderStation_F103\Obj\stm32f1xx_hal_gpio.o
#        D:\WORK\ST\STM32F013C8T6B_BluePill\Projects\CUBE\SolderStation_F103\EWARM\SolderStation_F103\Obj\stm32f1xx_hal_gpio_ex.o
#        D:\WORK\ST\STM32F013C8T6B_BluePill\Projects\CUBE\SolderStation_F103\EWARM\SolderStation_F103\Obj\stm32f1xx_hal_i2c.o
#        D:\WORK\ST\STM32F013C8T6B_BluePill\Projects\CUBE\SolderStation_F103\EWARM\SolderStation_F103\Obj\stm32f1xx_hal_msp.o
#        D:\WORK\ST\STM32F013C8T6B_BluePill\Projects\CUBE\SolderStation_F103\EWARM\SolderStation_F103\Obj\stm32f1xx_hal_pwr.o
#        D:\WORK\ST\STM32F013C8T6B_BluePill\Projects\CUBE\SolderStation_F103\EWARM\SolderStation_F103\Obj\stm32f1xx_hal_rcc.o
#        D:\WORK\ST\STM32F013C8T6B_BluePill\Projects\CUBE\SolderStation_F103\EWARM\SolderStation_F103\Obj\stm32f1xx_hal_rcc_ex.o
#        D:\WORK\ST\STM32F013C8T6B_BluePill\Projects\CUBE\SolderStation_F103\EWARM\SolderStation_F103\Obj\stm32f1xx_hal_spi.o
#        D:\WORK\ST\STM32F013C8T6B_BluePill\Projects\CUBE\SolderStation_F103\EWARM\SolderStation_F103\Obj\stm32f1xx_hal_tim.o
#        D:\WORK\ST\STM32F013C8T6B_BluePill\Projects\CUBE\SolderStation_F103\EWARM\SolderStation_F103\Obj\stm32f1xx_hal_tim_ex.o
#        D:\WORK\ST\STM32F013C8T6B_BluePill\Projects\CUBE\SolderStation_F103\EWARM\SolderStation_F103\Obj\stm32f1xx_it.o
#        D:\WORK\ST\STM32F013C8T6B_BluePill\Projects\CUBE\SolderStation_F103\EWARM\SolderStation_F103\Obj\system_stm32f1xx.o
#        --redirect _Printf=_PrintfFull --redirect _Scanf=_ScanfFull
#        --no_out_extension -o
#        D:\WORK\ST\STM32F013C8T6B_BluePill\Projects\CUBE\SolderStation_F103\EWARM\SolderStation_F103\Exe\SolderStation_F103.out
#        --map
#        D:\WORK\ST\STM32F013C8T6B_BluePill\Projects\CUBE\SolderStation_F103\EWARM\SolderStation_F103\List\SolderStation_F103.map
#        --config
#        D:\WORK\ST\STM32F013C8T6B_BluePill\Projects\CUBE\SolderStation_F103\EWARM/stm32f103xb_flash.icf
#        --semihosting --entry __iar_program_start --inline --vfe --text_out
#        locale)
#
###############################################################################

*******************************************************************************
*** RUNTIME MODEL ATTRIBUTES
***

CppFlavor       = *
__SystemLibrary = DLib
__dlib_version  = 6


*******************************************************************************
*** HEAP SELECTION
***

The basic heap was selected because no calls to memory allocation
functions were found in the application outside of system library
functions, and there are calls to deallocation functions in the
application.


*******************************************************************************
*** PLACEMENT SUMMARY
***

"A0":  place at address 0x800'0000 { ro section .intvec };
"P1":  place in [from 0x800'0000 to 0x801'ffff] { ro };
define block CSTACK with size = 1K, alignment = 8 { };
define block HEAP with size = 512, alignment = 8 { };
"P2":  place in [from 0x2000'0000 to 0x2000'4fff] {
          rw, block CSTACK, block HEAP };
initialize by copy { rw };

  Section            Kind         Address    Size  Object
  -------            ----         -------    ----  ------
"A0":                                        0xec
  .intvec            ro code   0x800'0000    0xec  startup_stm32f103xb.o [1]
                             - 0x800'00ec    0xec

"P1":                                      0xae97
  .text              ro code   0x800'00ec  0x16c0  stm32f1xx_hal_i2c.o [1]
  .text              ro code   0x800'17ac   0x420  stm32f1xx_hal_msp.o [1]
  .text              ro code   0x800'1bcc   0x61c  stm32f1xx_hal_rcc.o [1]
  .text              ro code   0x800'21e8     0xc  stm32f1xx_hal.o [1]
  .text              ro code   0x800'21f4   0x348  stm32f1xx_hal_dma.o [1]
  .text              ro code   0x800'253c    0x14  memset.o [4]
  .text              ro code   0x800'2550   0x22c  stm32f1xx_hal_gpio.o [1]
  .text              ro code   0x800'277c   0x12c  stm32f1xx_hal_cortex.o [1]
  .text              ro code   0x800'28a8    0x4c  stm32f1xx_hal.o [1]
  .text              ro code   0x800'28f4    0xa6  ABImemcpy.o [4]
  .text              ro code   0x800'299a    0x3a  zero_init3.o [4]
  .text              ro code   0x800'29d4    0x66  ABImemset.o [4]
  .text              ro code   0x800'2a3a    0x1e  xencoding_8859_1.o [2]
  .text              ro code   0x800'2a58  0x14a0  main.o [1]
  .text              ro code   0x800'3ef8   0x70a  ssd1306.o [1]
  .text              ro code   0x800'4602     0xa  xsprout.o [2]
  .text              ro code   0x800'460c    0x1c  U32ToFlt.o [3]
  .text              ro code   0x800'4628    0xd8  FltMul.o [3]
  .text              ro code   0x800'4700    0xe2  FltAdd.o [3]
  .rodata            const     0x800'47e2     0x2  const_var.o [1]
  .text              ro code   0x800'47e4    0x2a  FltToS32.o [3]
  .rodata            const     0x800'480e     0x2  const_var.o [1]
  .text              ro code   0x800'4810    0x24  S32ToFlt.o [3]
  .text              ro code   0x800'4834    0xfc  FltDiv.o [3]
  .text              ro code   0x800'4930    0x22  S32ToDbl.o [3]
  .rodata            const     0x800'4952     0x2  stm32f1xx_hal_rcc.o [1]
  .text              ro code   0x800'4954   0x246  DblDiv.o [3]
  .rodata            const     0x800'4b9a     0x2  stm32f1xx_hal_rcc_ex.o [1]
  .text              ro code   0x800'4b9c    0xe2  DblSub.o [3]
  .rodata            const     0x800'4c7e     0x2  xlocale_c.o [2]
  .text              ro code   0x800'4c80    0x3a  DblToS32.o [3]
  .rodata            const     0x800'4cba     0x2  xlocale_c.o [2]
  .text              ro code   0x800'4cbc    0x80  FltSub.o [3]
  .text              ro code   0x800'4d3c    0x24  fmaxf.o [3]
  .text              ro code   0x800'4d60    0x24  fminf.o [3]
  .text              ro code   0x800'4d84   0x4fe  stm32f1xx_hal_adc.o [1]
  .text              ro code   0x800'5282    0xe0  button_drv.o [1]
  .rodata            const     0x800'5362     0x1  const_var.o [1]
  .rodata            const     0x800'5363     0x1  const_var.o [1]
  .text              ro code   0x800'5364    0x24  FltCmpGe.o [3]
  .text              ro code   0x800'5388    0x24  stm32f1xx_hal.o [1]
  .text              ro code   0x800'53ac    0x28  stm32f1xx_hal.o [1]
  .text              ro code   0x800'53d4   0x2c8  sEEPROM.o [1]
  .text              ro code   0x800'569c   0x270  stm32f1xx_hal_adc_ex.o [1]
  .text              ro code   0x800'590c   0x7ea  stm32f1xx_hal_tim.o [1]
  .rodata            const     0x800'60f6     0x1  xlocale_c.o [2]
  .text              ro code   0x800'60f8    0x64  MicroMenu.o [1]
  .text              ro code   0x800'615c   0xa2c  menu.o [1]
  .text              ro code   0x800'6b88   0x1f4  stm32f1xx_hal_rcc_ex.o [1]
  .text              ro code   0x800'6d7c   0x6e8  stm32f1xx_hal_spi.o [1]
  .text              ro code   0x800'7464    0xa6  stm32f1xx_hal_tim_ex.o [1]
  .text              ro code   0x800'750c    0x34  vsprintf.o [2]
  .text              ro code   0x800'7540   0x16a  DblAdd.o [3]
  .text              ro code   0x800'76ac  0x10c6  xprintffull.o [2]
  .text              ro code   0x800'8774    0x7c  xlocale_c.o [2]
  .text              ro code   0x800'87f0    0x16  strchr.o [4]
  .text              ro code   0x800'8808    0x40  xfail_s.o [2]
  .text              ro code   0x800'8848    0x36  strlen.o [4]
  .text              ro code   0x800'8880    0x58  memchr.o [4]
  .text              ro code   0x800'88d8    0x70  frexp.o [3]
  .text              ro code   0x800'8948    0x2e  DblCmpLe.o [3]
  .text              ro code   0x800'8978    0x2e  DblCmpGe.o [3]
  .text              ro code   0x800'89a8   0x13a  ldexp.o [3]
  .text              ro code   0x800'8ae4    0x28  DblToU32.o [3]
  .text              ro code   0x800'8b0c    0x1a  U32ToDbl.o [3]
  .text              ro code   0x800'8b28   0x1a2  DblMul.o [3]
  .text              ro code   0x800'8cca     0xa  xmbcurmax.o [2]
  .text              ro code   0x800'8cd4   0x230  I64DivMod.o [4]
  .text              ro code   0x800'8f04     0x6  abort.o [2]
  .text              ro code   0x800'8f0c     0x2  I64DivZer.o [4]
  .text              ro code   0x800'8f10    0x14  exit.o [5]
  .rodata            const     0x800'8f24   0x750  ssd1306_fonts.o [1]
  .rodata            const     0x800'9674   0x5e0  ssd1306_fonts.o [1]
  .rodata            const     0x800'9c54   0x3d4  ssd1306_fonts.o [1]
  .rodata            const     0x800'a028   0x254  ssd1306_fonts.o [1]
  .rodata            const     0x800'a27c   0x178  ssd1306_fonts.o [1]
  .rodata            const     0x800'a3f4   0x178  ssd1306_fonts.o [1]
  .rodata            const     0x800'a56c   0x178  ssd1306_fonts.o [1]
  .text              ro code   0x800'a6e4    0x78  lz77_init_single.o [4]
  .text              ro code   0x800'a75c    0x58  system_stm32f1xx.o [1]
  .text              ro code   0x800'a7b4    0x50  stm32f1xx_it.o [1]
  .text              ro code   0x800'a804    0x18  stm32f1xx_hal.o [1]
  .rodata            const     0x800'a81c    0x34  ssd1306_fonts.o [1]
  .rodata            const     0x800'a850    0x30  menu.o [1]
  .rodata            const     0x800'a880    0x30  menu.o [1]
  .rodata            const     0x800'a8b0    0x30  menu.o [1]
  .rodata            const     0x800'a8e0    0x2c  menu.o [1]
  .rodata            const     0x800'a90c    0x2c  menu.o [1]
  .rodata            const     0x800'a938    0x28  menu.o [1]
  .rodata            const     0x800'a960    0x28  menu.o [1]
  .text              ro code   0x800'a988    0x28  data_init.o [4]
  .rodata            const     0x800'a9b0    0x24  menu.o [1]
  .rodata            const     0x800'a9d4    0x24  menu.o [1]
  .iar.init_table    const     0x800'a9f8    0x20  - Linker created -
  .rodata            const     0x800'aa18    0x20  menu.o [1]
  .rodata            const     0x800'aa38    0x20  menu.o [1]
  .rodata            const     0x800'aa58    0x20  menu.o [1]
  .rodata            const     0x800'aa78    0x20  menu.o [1]
  .rodata            const     0x800'aa98    0x20  menu.o [1]
  .rodata            const     0x800'aab8    0x20  menu.o [1]
  .rodata            const     0x800'aad8    0x20  menu.o [1]
  .rodata            const     0x800'aaf8    0x20  menu.o [1]
  .rodata            const     0x800'ab18    0x20  menu.o [1]
  .rodata            const     0x800'ab38    0x20  menu.o [1]
  .rodata            const     0x800'ab58    0x20  menu.o [1]
  .rodata            const     0x800'ab78    0x20  menu.o [1]
  .rodata            const     0x800'ab98    0x20  menu.o [1]
  .rodata            const     0x800'abb8    0x20  menu.o [1]
  .rodata            const     0x800'abd8    0x20  menu.o [1]
  .rodata            const     0x800'abf8    0x20  menu.o [1]
  .rodata            const     0x800'ac18    0x20  menu.o [1]
  .text              ro code   0x800'ac38    0x1e  cmain.o [4]
  .text              ro code   0x800'ac56     0x4  exit.o [2]
  .text              ro code   0x800'ac5c     0xa  cexit.o [4]
  .rodata            const     0x800'ac68    0x1c  menu.o [1]
  .rodata            const     0x800'ac84    0x1c  menu.o [1]
  .rodata            const     0x800'aca0    0x18  main.o [1]
  .rodata            const     0x800'acb8    0x18  menu.o [1]
  .rodata            const     0x800'acd0    0x18  menu.o [1]
  .rodata            const     0x800'ace8    0x18  menu.o [1]
  .rodata            const     0x800'ad00    0x18  menu.o [1]
  .rodata            const     0x800'ad18    0x18  menu.o [1]
  .rodata            const     0x800'ad30    0x18  MicroMenu.o [1]
  .rodata            const     0x800'ad48    0x14  menu.o [1]
  .rodata            const     0x800'ad5c    0x14  menu.o [1]
  .rodata            const     0x800'ad70    0x14  ssd1306.o [1]
  .rodata            const     0x800'ad84    0x10  main.o [1]
  .rodata            const     0x800'ad94    0x10  menu.o [1]
  .rodata            const     0x800'ada4    0x10  menu.o [1]
  .rodata            const     0x800'adb4    0x10  menu.o [1]
  .rodata            const     0x800'adc4    0x10  stm32f1xx_hal_rcc.o [1]
  .rodata            const     0x800'add4    0x10  stm32f1xx_hal_rcc_ex.o [1]
  .rodata            const     0x800'ade4    0x10  system_stm32f1xx.o [1]
  .text              ro code   0x800'adf4    0x10  startup_stm32f103xb.o [1]
  .rodata            const     0x800'ae04     0xc  main.o [1]
  .rodata            const     0x800'ae10     0xc  main.o [1]
  .text              ro code   0x800'ae1c     0xc  cstartup_M.o [4]
  .rodata            const     0x800'ae28     0x8  main.o [1]
  .rodata            const     0x800'ae30     0x8  main.o [1]
  .rodata            const     0x800'ae38     0x8  main.o [1]
  .rodata            const     0x800'ae40     0x8  main.o [1]
  .rodata            const     0x800'ae48     0x8  ssd1306.o [1]
  .rodata            const     0x800'ae50     0x8  system_stm32f1xx.o [1]
  .rodata            const     0x800'ae58     0x4  const_var.o [1]
  .rodata            const     0x800'ae5c     0x4  const_var.o [1]
  .rodata            const     0x800'ae60     0x4  const_var.o [1]
  .rodata            const     0x800'ae64     0x4  const_var.o [1]
  .rodata            const     0x800'ae68     0x4  const_var.o [1]
  .rodata            const     0x800'ae6c     0x4  const_var.o [1]
  .rodata            const     0x800'ae70     0x4  const_var.o [1]
  .rodata            const     0x800'ae74     0x4  const_var.o [1]
  .rodata            const     0x800'ae78     0x4  const_var.o [1]
  .text              ro code   0x800'ae7c     0x4  startup_stm32f103xb.o [1]
  .text              ro code   0x800'ae80     0x4  startup_stm32f103xb.o [1]
  .text              ro code   0x800'ae84     0x4  startup_stm32f103xb.o [1]
  .text              ro code   0x800'ae88     0x4  startup_stm32f103xb.o [1]
  .text              ro code   0x800'ae8c     0x4  startup_stm32f103xb.o [1]
  .text              ro code   0x800'ae90     0x4  startup_stm32f103xb.o [1]
  .text              ro code   0x800'ae94     0x4  startup_stm32f103xb.o [1]
  .text              ro code   0x800'ae98     0x4  startup_stm32f103xb.o [1]
  .text              ro code   0x800'ae9c     0x4  startup_stm32f103xb.o [1]
  .text              ro code   0x800'aea0     0x4  startup_stm32f103xb.o [1]
  .text              ro code   0x800'aea4     0x4  startup_stm32f103xb.o [1]
  .text              ro code   0x800'aea8     0x4  startup_stm32f103xb.o [1]
  .text              ro code   0x800'aeac     0x4  startup_stm32f103xb.o [1]
  .text              ro code   0x800'aeb0     0x4  startup_stm32f103xb.o [1]
  .text              ro code   0x800'aeb4     0x4  startup_stm32f103xb.o [1]
  .text              ro code   0x800'aeb8     0x4  startup_stm32f103xb.o [1]
  .text              ro code   0x800'aebc     0x4  startup_stm32f103xb.o [1]
  .text              ro code   0x800'aec0     0x4  startup_stm32f103xb.o [1]
  .text              ro code   0x800'aec4     0x4  startup_stm32f103xb.o [1]
  .text              ro code   0x800'aec8     0x4  startup_stm32f103xb.o [1]
  .text              ro code   0x800'aecc     0x4  startup_stm32f103xb.o [1]
  .text              ro code   0x800'aed0     0x4  startup_stm32f103xb.o [1]
  .text              ro code   0x800'aed4     0x4  startup_stm32f103xb.o [1]
  .text              ro code   0x800'aed8     0x4  startup_stm32f103xb.o [1]
  .text              ro code   0x800'aedc     0x4  startup_stm32f103xb.o [1]
  .text              ro code   0x800'aee0     0x4  startup_stm32f103xb.o [1]
  .text              ro code   0x800'aee4     0x4  startup_stm32f103xb.o [1]
  .text              ro code   0x800'aee8     0x4  startup_stm32f103xb.o [1]
  .text              ro code   0x800'aeec     0x4  startup_stm32f103xb.o [1]
  .text              ro code   0x800'aef0     0x4  startup_stm32f103xb.o [1]
  .text              ro code   0x800'aef4     0x4  startup_stm32f103xb.o [1]
  .text              ro code   0x800'aef8     0x4  startup_stm32f103xb.o [1]
  .text              ro code   0x800'aefc     0x4  startup_stm32f103xb.o [1]
  .text              ro code   0x800'af00     0x4  startup_stm32f103xb.o [1]
  .text              ro code   0x800'af04     0x4  startup_stm32f103xb.o [1]
  .text              ro code   0x800'af08     0x4  startup_stm32f103xb.o [1]
  .text              ro code   0x800'af0c     0x4  startup_stm32f103xb.o [1]
  .text              ro code   0x800'af10     0x4  startup_stm32f103xb.o [1]
  .text              ro code   0x800'af14     0x4  startup_stm32f103xb.o [1]
  .rodata            const     0x800'af18     0x0  zero_init3.o [4]
  .rodata            const     0x800'af18     0x0  lz77_init_single.o [4]
  Initializer bytes  const     0x800'af18    0x6b  <for P2-1>
                             - 0x800'af83  0xae97

"P2", part 1 of 3:                           0xbf
  P2-1                        0x2000'0000    0xbf  <Init block>
    .data            inited   0x2000'0000     0x4  MicroMenu.o [1]
    .data            inited   0x2000'0004     0xc  ssd1306_fonts.o [1]
    .data            inited   0x2000'0010     0xc  ssd1306_fonts.o [1]
    .data            inited   0x2000'001c     0xc  ssd1306_fonts.o [1]
    .data            inited   0x2000'0028     0xc  ssd1306_fonts.o [1]
    .data            inited   0x2000'0034     0x4  stm32f1xx_hal.o [1]
    .data            inited   0x2000'0038     0x4  system_stm32f1xx.o [1]
    .data            inited   0x2000'003c    0x38  xlocale_c.o [2]
    .data            inited   0x2000'0074    0x48  xlocale_c.o [2]
    .data            inited   0x2000'00bc     0x1  const_var.o [1]
    .data            inited   0x2000'00bd     0x1  const_var.o [1]
    .data            inited   0x2000'00be     0x1  stm32f1xx_hal.o [1]
                            - 0x2000'00bf    0xbf

"P2", part 2 of 3:                          0x760
  .bss               zero     0x2000'00c0   0x400  ssd1306.o [1]
  .bss               zero     0x2000'04c0    0x58  main.o [1]
  .bss               zero     0x2000'0518    0x54  main.o [1]
  .bss               zero     0x2000'056c    0x44  main.o [1]
  .bss               zero     0x2000'05b0    0x44  main.o [1]
  .bss               zero     0x2000'05f4    0x40  main.o [1]
  .bss               zero     0x2000'0634    0x40  main.o [1]
  .bss               zero     0x2000'0674    0x40  main.o [1]
  .bss               zero     0x2000'06b4    0x30  const_var.o [1]
  .bss               zero     0x2000'06e4    0x30  main.o [1]
  .bss               zero     0x2000'0714    0x30  main.o [1]
  .bss               zero     0x2000'0744    0x18  const_var.o [1]
  .bss               zero     0x2000'075c    0x18  const_var.o [1]
  .bss               zero     0x2000'0774    0x14  ssd1306.o [1]
  .bss               zero     0x2000'0788    0x10  const_var.o [1]
  .bss               zero     0x2000'0798     0x4  const_var.o [1]
  .bss               zero     0x2000'079c     0x4  const_var.o [1]
  .bss               zero     0x2000'07a0     0x4  const_var.o [1]
  .bss               zero     0x2000'07a4     0x4  const_var.o [1]
  .bss               zero     0x2000'07a8     0x4  const_var.o [1]
  .bss               zero     0x2000'07ac     0x4  const_var.o [1]
  .bss               zero     0x2000'07b0     0x4  const_var.o [1]
  .bss               zero     0x2000'07b4     0x4  const_var.o [1]
  .bss               zero     0x2000'07b8     0x4  const_var.o [1]
  .bss               zero     0x2000'07bc     0x4  const_var.o [1]
  .bss               zero     0x2000'07c0     0x4  const_var.o [1]
  .bss               zero     0x2000'07c4     0x4  const_var.o [1]
  .bss               zero     0x2000'07c8     0x4  const_var.o [1]
  .bss               zero     0x2000'07cc     0x4  const_var.o [1]
  .bss               zero     0x2000'07d0     0x4  menu.o [1]
  .bss               zero     0x2000'07d4     0x4  menu.o [1]
  .bss               zero     0x2000'07d8     0x4  menu.o [1]
  .bss               zero     0x2000'07dc     0x4  menu.o [1]
  .bss               zero     0x2000'07e0     0x4  MicroMenu.o [1]
  .bss               zero     0x2000'07e4     0x4  stm32f1xx_hal.o [1]
  .bss               zero     0x2000'07e8     0x4  xfail_s.o [2]
  .bss               zero     0x2000'07ec     0x2  const_var.o [1]
  .bss               zero     0x2000'07ee     0x2  const_var.o [1]
  .bss               zero     0x2000'07f0     0x2  const_var.o [1]
  .bss               zero     0x2000'07f2     0x2  const_var.o [1]
  .bss               zero     0x2000'07f4     0x2  const_var.o [1]
  .bss               zero     0x2000'07f6     0x2  const_var.o [1]
  .bss               zero     0x2000'07f8     0x2  const_var.o [1]
  .bss               zero     0x2000'07fa     0x2  const_var.o [1]
  .bss               zero     0x2000'07fc     0x2  const_var.o [1]
  .bss               zero     0x2000'07fe     0x2  const_var.o [1]
  .bss               zero     0x2000'0800     0x2  const_var.o [1]
  .bss               zero     0x2000'0802     0x2  main.o [1]
  .bss               zero     0x2000'0804     0x2  main.o [1]
  .bss               zero     0x2000'0806     0x2  main.o [1]
  .bss               zero     0x2000'0808     0x1  const_var.o [1]
  .bss               zero     0x2000'0809     0x1  const_var.o [1]
  .bss               zero     0x2000'080a     0x1  const_var.o [1]
  .bss               zero     0x2000'080b     0x1  const_var.o [1]
  .bss               zero     0x2000'080c     0x1  const_var.o [1]
  .bss               zero     0x2000'080d     0x1  const_var.o [1]
  .bss               zero     0x2000'080e     0x1  const_var.o [1]
  .bss               zero     0x2000'080f     0x1  const_var.o [1]
  .bss               zero     0x2000'0810     0x1  const_var.o [1]
  .bss               zero     0x2000'0811     0x1  const_var.o [1]
  .bss               zero     0x2000'0812     0x1  const_var.o [1]
  .bss               zero     0x2000'0813     0x1  const_var.o [1]
  .bss               zero     0x2000'0814     0x1  const_var.o [1]
  .bss               zero     0x2000'0815     0x1  const_var.o [1]
  .bss               zero     0x2000'0816     0x1  const_var.o [1]
  .bss               zero     0x2000'0817     0x1  const_var.o [1]
  .bss               zero     0x2000'0818     0x1  const_var.o [1]
  .bss               zero     0x2000'0819     0x1  main.o [1]
  .bss               zero     0x2000'081a     0x1  main.o [1]
  .bss               zero     0x2000'081b     0x1  main.o [1]
  .bss               zero     0x2000'081c     0x1  main.o [1]
                            - 0x2000'081d   0x75d

"P2", part 3 of 3:                          0x400
  CSTACK                      0x2000'0820   0x400  <Block>
    CSTACK           uninit   0x2000'0820   0x400  <Block tail>
                            - 0x2000'0c20   0x400

Unused ranges:

         From           To      Size
         ----           --      ----
   0x800'af83   0x801'ffff  0x1'507d
  0x2000'00bf  0x2000'00bf       0x1
  0x2000'0c20  0x2000'4fff    0x43e0


*******************************************************************************
*** INIT TABLE
***

          Address      Size
          -------      ----
Zero (__iar_zero_init3)
    1 destination range, total size 0x75d:
          0x2000'00c0  0x75d

Copy/lz77 (__iar_lz77_init_single3)
    1 source range, total size 0x6b (56% of destination):
           0x800'af18   0x6b
    1 destination range, total size 0xbf:
          0x2000'0000   0xbf



*******************************************************************************
*** MODULE SUMMARY
***

    Module                  ro code  ro data  rw data
    ------                  -------  -------  -------
command line/config:
    -------------------------------------------------
    Total:

D:\WORK\ST\STM32F013C8T6B_BluePill\Projects\CUBE\SolderStation_F103\EWARM\SolderStation_F103\Obj: [1]
    MicroMenu.o                 100       26        8
    button_drv.o                224
    const_var.o                           43      209
    main.o                    5'280       96      606
    menu.o                    2'604    1'192       16
    sEEPROM.o                   712
    ssd1306.o                 1'802       28    1'044
    ssd1306_fonts.o                    6'159       48
    startup_stm32f103xb.o       408
    stm32f1xx_hal.o             188        3        9
    stm32f1xx_hal_adc.o       1'278
    stm32f1xx_hal_adc_ex.o      624
    stm32f1xx_hal_cortex.o      300
    stm32f1xx_hal_dma.o         840
    stm32f1xx_hal_gpio.o        556
    stm32f1xx_hal_i2c.o       5'824
    stm32f1xx_hal_msp.o       1'056
    stm32f1xx_hal_rcc.o       1'564       18
    stm32f1xx_hal_rcc_ex.o      500       18
    stm32f1xx_hal_spi.o       1'768
    stm32f1xx_hal_tim.o       2'026
    stm32f1xx_hal_tim_ex.o      166
    stm32f1xx_it.o               80
    system_stm32f1xx.o           88       26        4
    -------------------------------------------------
    Total:                   27'988    7'609    1'944

dl7M_tlf.a: [2]
    abort.o                       6
    exit.o                        4
    vsprintf.o                   52
    xencoding_8859_1.o           30
    xfail_s.o                    64                 4
    xlocale_c.o                 124       77      128
    xmbcurmax.o                  10
    xprintffull.o             4'294
    xsprout.o                    10
    -------------------------------------------------
    Total:                    4'594       77      132

m7M_tl.a: [3]
    DblAdd.o                    362
    DblCmpGe.o                   46
    DblCmpLe.o                   46
    DblDiv.o                    582
    DblMul.o                    418
    DblSub.o                    226
    DblToS32.o                   58
    DblToU32.o                   40
    FltAdd.o                    226
    FltCmpGe.o                   36
    FltDiv.o                    252
    FltMul.o                    216
    FltSub.o                    128
    FltToS32.o                   42
    S32ToDbl.o                   34
    S32ToFlt.o                   36
    U32ToDbl.o                   26
    U32ToFlt.o                   28
    fmaxf.o                      36
    fminf.o                      36
    frexp.o                     112
    ldexp.o                     314
    -------------------------------------------------
    Total:                    3'300

rt7M_tl.a: [4]
    ABImemcpy.o                 166
    ABImemset.o                 102
    I64DivMod.o                 560
    I64DivZer.o                   2
    cexit.o                      10
    cmain.o                      30
    cstartup_M.o                 12
    data_init.o                  40
    lz77_init_single.o          120
    memchr.o                     88
    memset.o                     20
    strchr.o                     22
    strlen.o                     54
    zero_init3.o                 58
    -------------------------------------------------
    Total:                    1'284

shb_l.a: [5]
    exit.o                       20
    -------------------------------------------------
    Total:                       20

    Gaps                         25        2
    Linker created                        32    1'024
-----------------------------------------------------
    Grand Total:             37'211    7'720    3'100


*******************************************************************************
*** ENTRY LIST
***

Entry                       Address   Size  Type      Object
-----                       -------   ----  ----      ------
.iar.init_table$$Base    0x800'a9f8          --   Gb  - Linker created -
.iar.init_table$$Limit   0x800'aa18          --   Gb  - Linker created -
?main                    0x800'ac39         Code  Gb  cmain.o [4]
ADC_ConversionStop_Disable
                         0x800'51c1   0x4a  Code  Gb  stm32f1xx_hal_adc.o [1]
ADC_DMAConvCplt          0x800'520d   0x4e  Code  Gb  stm32f1xx_hal_adc.o [1]
ADC_DMAError             0x800'5269   0x1a  Code  Gb  stm32f1xx_hal_adc.o [1]
ADC_DMAHalfConvCplt      0x800'525d    0xa  Code  Gb  stm32f1xx_hal_adc.o [1]
ADC_Enable               0x800'5131   0x6e  Code  Gb  stm32f1xx_hal_adc.o [1]
AHBPrescTable            0x800'ade4   0x10  Data  Gb  system_stm32f1xx.o [1]
APBPrescTable            0x800'ae50    0x8  Data  Gb  system_stm32f1xx.o [1]
BtnCntr_LongPush        0x2000'0817    0x1  Data  Gb  const_var.o [1]
BtnCntr_Menu            0x2000'0818    0x1  Data  Gb  const_var.o [1]
BtnCntr_ShortPush       0x2000'0816    0x1  Data  Gb  const_var.o [1]
BusFault_Handler         0x800'a7bb    0x2  Code  Gb  stm32f1xx_it.o [1]
Button_Init              0x800'535b    0x8  Code  Gb  button_drv.o [1]
CSTACK$$Base            0x2000'0820          --   Gb  - Linker created -
CSTACK$$Limit           0x2000'0c20          --   Gb  - Linker created -
CacheMore                0x800'8779   0x28  Code  Lc  xlocale_c.o [2]
Calibrate_fan            0x800'698d    0x2  Code  Lc  menu.o [1]
Calibrate_solder         0x800'65e7  0x3a0  Code  Lc  menu.o [1]
Calibrate_solder::adc_calibration_solder1
                        0x2000'07d4    0x4  Data  Lc  menu.o [1]
Calibrate_solder::adc_calibration_solder2
                        0x2000'07dc    0x4  Data  Lc  menu.o [1]
Calibrate_solder::temp_calibration_solder1
                        0x2000'07d0    0x4  Data  Lc  menu.o [1]
Calibrate_solder::temp_calibration_solder2
                        0x2000'07d8    0x4  Data  Lc  menu.o [1]
CurrentMenuItem         0x2000'0000    0x4  Data  Lc  MicroMenu.o [1]
DMA1_Channel1_IRQHandler
                         0x800'a7cd    0xa  Code  Gb  stm32f1xx_it.o [1]
DMA1_Channel6_IRQHandler
                         0x800'a7d7    0xa  Code  Gb  stm32f1xx_it.o [1]
DMA_SetConfig            0x800'2511   0x2c  Code  Lc  stm32f1xx_hal_dma.o [1]
DebugMon_Handler         0x800'a7c1    0x2  Code  Gb  stm32f1xx_it.o [1]
EncBtn                  0x2000'0788   0x10  Data  Gb  const_var.o [1]
ExitMenu                 0x800'6589   0x5e  Code  Lc  menu.o [1]
F_encoder_change_value  0x2000'0815    0x1  Data  Gb  const_var.o [1]
F_fan                   0x2000'080f    0x1  Data  Gb  const_var.o [1]
F_fan_blower_protect    0x2000'0814    0x1  Data  Gb  const_var.o [1]
F_fan_enable            0x2000'0810    0x1  Data  Gb  const_var.o [1]
F_fan_gerkon            0x2000'0811    0x1  Data  Gb  const_var.o [1]
F_fan_temp_protect      0x2000'0812    0x1  Data  Gb  const_var.o [1]
F_solder                0x2000'080c    0x1  Data  Gb  const_var.o [1]
F_solder_enable         0x2000'080e    0x1  Data  Gb  const_var.o [1]
F_solder_switch         0x2000'080d    0x1  Data  Gb  const_var.o [1]
F_solder_temp_protect   0x2000'0813    0x1  Data  Gb  const_var.o [1]
F_solder_timeout        0x2000'00bc    0x1  Data  Gb  const_var.o [1]
Fan_Thermocouple_adc    0x2000'07fa    0x2  Data  Gb  const_var.o [1]
Fan_Thermocouple_temp   0x2000'0800    0x2  Data  Gb  const_var.o [1]
Fan_fan_adc             0x2000'07fc    0x2  Data  Gb  const_var.o [1]
Fan_fan_percent         0x2000'080b    0x1  Data  Gb  const_var.o [1]
Fan_filter_array        0x2000'075c   0x18  Data  Gb  const_var.o [1]
Fan_temp_z              0x2000'07f2    0x2  Data  Gb  const_var.o [1]
Fan_temp_z_former       0x2000'07f4    0x2  Data  Gb  const_var.o [1]
GoBack                   0x800'698f    0xe  Code  Lc  menu.o [1]
HAL_ADCEx_Calibration_Start
                         0x800'569d   0xec  Code  Gb  stm32f1xx_hal_adc_ex.o [1]
HAL_ADCEx_MultiModeConfigChannel
                         0x800'588d   0x60  Code  Gb  stm32f1xx_hal_adc_ex.o [1]
HAL_ADCEx_MultiModeStart_DMA
                         0x800'5789  0x104  Code  Gb  stm32f1xx_hal_adc_ex.o [1]
HAL_ADC_ConfigChannel    0x800'4fdf  0x152  Code  Gb  stm32f1xx_hal_adc.o [1]
HAL_ADC_Init             0x800'4d85  0x138  Code  Gb  stm32f1xx_hal_adc.o [1]
HAL_ADC_MspInit          0x800'17ef   0xdc  Code  Gb  stm32f1xx_hal_msp.o [1]
HAL_ADC_Start            0x800'4ebd  0x122  Code  Gb  stm32f1xx_hal_adc.o [1]
HAL_DMA_Abort_IT         0x800'22dd   0xae  Code  Gb  stm32f1xx_hal_dma.o [1]
HAL_DMA_IRQHandler       0x800'238b  0x162  Code  Gb  stm32f1xx_hal_dma.o [1]
HAL_DMA_Init             0x800'21f5   0x64  Code  Gb  stm32f1xx_hal_dma.o [1]
HAL_DMA_Start_IT         0x800'2259   0x84  Code  Gb  stm32f1xx_hal_dma.o [1]
HAL_Delay                0x800'53ad   0x28  Code  Wk  stm32f1xx_hal.o [1]
HAL_GPIO_Init            0x800'2551  0x1b0  Code  Gb  stm32f1xx_hal_gpio.o [1]
HAL_GPIO_ReadPin         0x800'2701   0x12  Code  Gb  stm32f1xx_hal_gpio.o [1]
HAL_GPIO_TogglePin       0x800'2727   0x16  Code  Gb  stm32f1xx_hal_gpio.o [1]
HAL_GPIO_WritePin        0x800'2713   0x14  Code  Gb  stm32f1xx_hal_gpio.o [1]
HAL_GetTick              0x800'21e9    0xc  Code  Wk  stm32f1xx_hal.o [1]
HAL_I2C_EV_IRQHandler    0x800'05cd  0x174  Code  Gb  stm32f1xx_hal_i2c.o [1]
HAL_I2C_Init             0x800'00ed  0x1b8  Code  Gb  stm32f1xx_hal_i2c.o [1]
HAL_I2C_Mem_Write        0x800'02bd  0x168  Code  Gb  stm32f1xx_hal_i2c.o [1]
HAL_I2C_Mem_Write_DMA    0x800'0425  0x190  Code  Gb  stm32f1xx_hal_i2c.o [1]
HAL_I2C_MspInit          0x800'18cb   0xb0  Code  Gb  stm32f1xx_hal_msp.o [1]
HAL_IncTick              0x800'a805   0x18  Code  Wk  stm32f1xx_hal.o [1]
HAL_Init                 0x800'5389   0x20  Code  Gb  stm32f1xx_hal.o [1]
HAL_InitTick             0x800'28a9   0x4c  Code  Wk  stm32f1xx_hal.o [1]
HAL_MspInit              0x800'17ad   0x42  Code  Gb  stm32f1xx_hal_msp.o [1]
HAL_NVIC_EnableIRQ       0x800'2875    0xa  Code  Gb  stm32f1xx_hal_cortex.o [1]
HAL_NVIC_SetPriority     0x800'2853   0x22  Code  Gb  stm32f1xx_hal_cortex.o [1]
HAL_NVIC_SetPriorityGrouping
                         0x800'284b    0x8  Code  Gb  stm32f1xx_hal_cortex.o [1]
HAL_RCCEx_GetPeriphCLKFreq
                         0x800'6c77   0xd8  Code  Gb  stm32f1xx_hal_rcc_ex.o [1]
HAL_RCCEx_PeriphCLKConfig
                         0x800'6b89   0xee  Code  Gb  stm32f1xx_hal_rcc_ex.o [1]
HAL_RCC_ClockConfig      0x800'1f9f  0x146  Code  Gb  stm32f1xx_hal_rcc.o [1]
HAL_RCC_GetHCLKFreq      0x800'2147    0x6  Code  Gb  stm32f1xx_hal_rcc.o [1]
HAL_RCC_GetPCLK1Freq     0x800'214d   0x16  Code  Gb  stm32f1xx_hal_rcc.o [1]
HAL_RCC_GetPCLK2Freq     0x800'2163   0x16  Code  Gb  stm32f1xx_hal_rcc.o [1]
HAL_RCC_GetSysClockFreq
                         0x800'20e5   0x62  Code  Gb  stm32f1xx_hal_rcc.o [1]
HAL_RCC_OscConfig        0x800'1bcd  0x3d2  Code  Gb  stm32f1xx_hal_rcc.o [1]
HAL_SPI_Init             0x800'6d7d   0x8a  Code  Gb  stm32f1xx_hal_spi.o [1]
HAL_SPI_MspInit          0x800'197b   0x72  Code  Gb  stm32f1xx_hal_msp.o [1]
HAL_SPI_Receive          0x800'6fa5  0x166  Code  Gb  stm32f1xx_hal_spi.o [1]
HAL_SPI_Transmit         0x800'6e07  0x19e  Code  Gb  stm32f1xx_hal_spi.o [1]
HAL_SPI_TransmitReceive
                         0x800'710b  0x21e  Code  Gb  stm32f1xx_hal_spi.o [1]
HAL_SYSTICK_Config       0x800'287f    0x8  Code  Gb  stm32f1xx_hal_cortex.o [1]
HAL_TIMEx_ConfigBreakDeadTime
                         0x800'74b1   0x5a  Code  Gb  stm32f1xx_hal_tim_ex.o [1]
HAL_TIMEx_MasterConfigSynchronization
                         0x800'7465   0x4c  Code  Gb  stm32f1xx_hal_tim_ex.o [1]
HAL_TIM_Base_Init        0x800'590d   0x38  Code  Gb  stm32f1xx_hal_tim.o [1]
HAL_TIM_Base_MspInit     0x800'19ed   0x58  Code  Gb  stm32f1xx_hal_msp.o [1]
HAL_TIM_Base_Start_IT    0x800'5945   0x28  Code  Gb  stm32f1xx_hal_tim.o [1]
HAL_TIM_Encoder_Init     0x800'5a39   0xa4  Code  Gb  stm32f1xx_hal_tim.o [1]
HAL_TIM_Encoder_MspInit
                         0x800'1a45   0x92  Code  Gb  stm32f1xx_hal_msp.o [1]
HAL_TIM_Encoder_Start    0x800'5add   0x4a  Code  Gb  stm32f1xx_hal_tim.o [1]
HAL_TIM_IRQHandler       0x800'5b27  0x176  Code  Gb  stm32f1xx_hal_tim.o [1]
HAL_TIM_MspPostInit      0x800'1b07   0x8a  Code  Gb  stm32f1xx_hal_msp.o [1]
HAL_TIM_OnePulse_Init    0x800'59e9   0x50  Code  Gb  stm32f1xx_hal_tim.o [1]
HAL_TIM_PWM_ConfigChannel
                         0x800'5c9d   0xfc  Code  Gb  stm32f1xx_hal_tim.o [1]
HAL_TIM_PWM_Init         0x800'596d   0x38  Code  Gb  stm32f1xx_hal_tim.o [1]
HAL_TIM_PWM_MspInit      0x800'1ad7   0x30  Code  Gb  stm32f1xx_hal_msp.o [1]
HAL_TIM_PWM_Start        0x800'59a5   0x3e  Code  Gb  stm32f1xx_hal_tim.o [1]
HAL_TIM_PeriodElapsedCallback
                         0x800'2e5d  0x2d6  Code  Gb  main.o [1]
HAL_TIM_PeriodElapsedCallback::Solder_timeout_cnt
                        0x2000'0804    0x2  Data  Lc  main.o [1]
HAL_TIM_PeriodElapsedCallback::cnt_filter
                        0x2000'081b    0x1  Data  Lc  main.o [1]
HAL_TIM_PeriodElapsedCallback::cnt_slowdown
                        0x2000'0802    0x2  Data  Lc  main.o [1]
HAL_TIM_SlaveConfigSynchro
                         0x800'5da9   0x5e  Code  Gb  stm32f1xx_hal_tim.o [1]
HardFault_Handler        0x800'a7b7    0x2  Code  Gb  stm32f1xx_it.o [1]
I2C1_EV_IRQHandler       0x800'a7eb    0xa  Code  Gb  stm32f1xx_it.o [1]
I2C_ConvertOtherXferOptions
                         0x800'1791   0x1c  Code  Lc  stm32f1xx_hal_i2c.o [1]
I2C_DMAAbort             0x800'14c1   0xa6  Code  Lc  stm32f1xx_hal_i2c.o [1]
I2C_DMAError             0x800'1479   0x46  Code  Lc  stm32f1xx_hal_i2c.o [1]
I2C_DMAXferCplt          0x800'132f  0x140  Code  Lc  stm32f1xx_hal_i2c.o [1]
I2C_ITError              0x800'10db  0x17a  Code  Lc  stm32f1xx_hal_i2c.o [1]
I2C_IsAcknowledgeFailed
                         0x800'175b   0x36  Code  Lc  stm32f1xx_hal_i2c.o [1]
I2C_MasterReceive_BTF    0x800'09d1  0x122  Code  Lc  stm32f1xx_hal_i2c.o [1]
I2C_MasterReceive_RXNE   0x800'0931   0xa0  Code  Lc  stm32f1xx_hal_i2c.o [1]
I2C_MasterTransmit_BTF   0x800'0895   0x9c  Code  Lc  stm32f1xx_hal_i2c.o [1]
I2C_MasterTransmit_TXE   0x800'0741  0x154  Code  Lc  stm32f1xx_hal_i2c.o [1]
I2C_Master_ADD10         0x800'0ba5   0x32  Code  Lc  stm32f1xx_hal_i2c.o [1]
I2C_Master_ADDR          0x800'0bd7  0x256  Code  Lc  stm32f1xx_hal_i2c.o [1]
I2C_Master_SB            0x800'0af3   0xb2  Code  Lc  stm32f1xx_hal_i2c.o [1]
I2C_RequestMemoryWrite   0x800'1259   0xd6  Code  Lc  stm32f1xx_hal_i2c.o [1]
I2C_SlaveReceive_BTF     0x800'0ed9   0x1c  Code  Lc  stm32f1xx_hal_i2c.o [1]
I2C_SlaveReceive_RXNE    0x800'0e91   0x48  Code  Lc  stm32f1xx_hal_i2c.o [1]
I2C_SlaveTransmit_BTF    0x800'0e75   0x1c  Code  Lc  stm32f1xx_hal_i2c.o [1]
I2C_SlaveTransmit_TXE    0x800'0e2d   0x48  Code  Lc  stm32f1xx_hal_i2c.o [1]
I2C_Slave_ADDR           0x800'0ef5   0x4e  Code  Lc  stm32f1xx_hal_i2c.o [1]
I2C_Slave_STOPF          0x800'0f43  0x198  Code  Lc  stm32f1xx_hal_i2c.o [1]
I2C_WaitOnBTFFlagUntilTimeout
                         0x800'1703   0x58  Code  Lc  stm32f1xx_hal_i2c.o [1]
I2C_WaitOnFlagUntilTimeout
                         0x800'1567   0x8a  Code  Lc  stm32f1xx_hal_i2c.o [1]
I2C_WaitOnMasterAddressFlagUntilTimeout
                         0x800'15f1   0xba  Code  Lc  stm32f1xx_hal_i2c.o [1]
I2C_WaitOnTXEFlagUntilTimeout
                         0x800'16ab   0x58  Code  Lc  stm32f1xx_hal_i2c.o [1]
K1                       0x800'ae68    0x4  Data  Gb  const_var.o [1]
K2                       0x800'ae6c    0x4  Data  Gb  const_var.o [1]
Kp_Solder               0x2000'00bd    0x1  Data  Gb  const_var.o [1]
MX_ADC1_Init             0x800'3863   0xca  Code  Lc  main.o [1]
MX_ADC2_Init             0x800'3941   0xa8  Code  Lc  main.o [1]
MX_DMA_Init              0x800'3d1d   0x38  Code  Lc  main.o [1]
MX_GPIO_Init             0x800'3d55   0xd8  Code  Lc  main.o [1]
MX_I2C1_Init             0x800'39f1   0x3e  Code  Lc  main.o [1]
MX_SPI2_Init             0x800'3a49   0x4a  Code  Lc  main.o [1]
MX_TIM1_Init             0x800'3ab9  0x12e  Code  Lc  main.o [1]
MX_TIM2_Init             0x800'3bed   0x8a  Code  Lc  main.o [1]
MX_TIM3_Init             0x800'3c8d   0x8c  Code  Lc  main.o [1]
MemManage_Handler        0x800'a7b9    0x2  Code  Gb  stm32f1xx_it.o [1]
MenuWriteFunc           0x2000'07e0    0x4  Data  Lc  MicroMenu.o [1]
Menu_1                   0x800'a938   0x28  Data  Gb  menu.o [1]
Menu_1_1                 0x800'aa38   0x20  Data  Gb  menu.o [1]
Menu_1_2                 0x800'ac84   0x1c  Data  Gb  menu.o [1]
Menu_1_3                 0x800'aa58   0x20  Data  Gb  menu.o [1]
Menu_2                   0x800'a8e0   0x2c  Data  Gb  menu.o [1]
Menu_2_1                 0x800'aa78   0x20  Data  Gb  menu.o [1]
Menu_2_2                 0x800'aa98   0x20  Data  Gb  menu.o [1]
Menu_2_3                 0x800'aab8   0x20  Data  Gb  menu.o [1]
Menu_2_4                 0x800'aad8   0x20  Data  Gb  menu.o [1]
Menu_2_5                 0x800'aaf8   0x20  Data  Gb  menu.o [1]
Menu_2_6                 0x800'ab18   0x20  Data  Gb  menu.o [1]
Menu_3                   0x800'a850   0x30  Data  Gb  menu.o [1]
Menu_4                   0x800'a9b0   0x24  Data  Gb  menu.o [1]
Menu_4_1                 0x800'a960   0x28  Data  Gb  menu.o [1]
Menu_4_2                 0x800'a9d4   0x24  Data  Gb  menu.o [1]
Menu_4_3                 0x800'ab38   0x20  Data  Gb  menu.o [1]
Menu_5                   0x800'a90c   0x2c  Data  Gb  menu.o [1]
Menu_5_1                 0x800'a880   0x30  Data  Gb  menu.o [1]
Menu_5_1_1               0x800'ab78   0x20  Data  Gb  menu.o [1]
Menu_5_1_2               0x800'ab98   0x20  Data  Gb  menu.o [1]
Menu_5_1_3               0x800'abb8   0x20  Data  Gb  menu.o [1]
Menu_5_2                 0x800'a8b0   0x30  Data  Gb  menu.o [1]
Menu_5_2_1               0x800'abd8   0x20  Data  Gb  menu.o [1]
Menu_5_2_2               0x800'abf8   0x20  Data  Gb  menu.o [1]
Menu_5_2_3               0x800'ac18   0x20  Data  Gb  menu.o [1]
Menu_5_3                 0x800'ab58   0x20  Data  Gb  menu.o [1]
Menu_6                   0x800'aa18   0x20  Data  Gb  menu.o [1]
Menu_EnterCurrentItem    0x800'612f   0x22  Code  Gb  MicroMenu.o [1]
Menu_GetCurrentMenu      0x800'60f9    0x6  Code  Gb  MicroMenu.o [1]
Menu_Navigate            0x800'60ff   0x30  Code  Gb  MicroMenu.o [1]
NMI_Handler              0x800'a7b5    0x2  Code  Gb  stm32f1xx_it.o [1]
NULL_MENU                0x800'ad30   0x18  Data  Gb  MicroMenu.o [1]
NVIC_EncodePriority      0x800'27e1   0x3c  Code  Lc  stm32f1xx_hal_cortex.o [1]
N_solder_tip            0x2000'080a    0x1  Data  Gb  const_var.o [1]
N_tip_default            0x800'5362    0x1  Data  Gb  const_var.o [1]
PendSV_Handler           0x800'a7c3    0x2  Code  Gb  stm32f1xx_it.o [1]
RCC_Delay                0x800'2179   0x24  Code  Lc  stm32f1xx_hal_rcc.o [1]
Region$$Table$$Base      0x800'a9f8          --   Gb  - Linker created -
Region$$Table$$Limit     0x800'aa18          --   Gb  - Linker created -
Reset_fan                0x800'64b5    0x2  Code  Lc  menu.o [1]
Reset_solder             0x800'642d   0x84  Code  Lc  menu.o [1]
SPI_EndRxTransaction     0x800'73c9   0x76  Code  Lc  stm32f1xx_hal_spi.o [1]
SPI_EndRxTxTransaction   0x800'743f   0x26  Code  Lc  stm32f1xx_hal_spi.o [1]
SPI_WaitFlagStateUntilTimeout
                         0x800'7329   0xa0  Code  Lc  stm32f1xx_hal_spi.o [1]
SSD1306                 0x2000'0774   0x14  Data  Lc  ssd1306.o [1]
SSD1306_Buffer          0x2000'00c0  0x400  Data  Lc  ssd1306.o [1]
SSD1306_DrawFilledRectangle
                         0x800'453d   0x80  Code  Gb  ssd1306.o [1]
SSD1306_DrawLine         0x800'42bb  0x1c8  Code  Gb  ssd1306.o [1]
SSD1306_DrawPixel        0x800'3fd5   0xb8  Code  Gb  ssd1306.o [1]
SSD1306_DrawRectangle    0x800'4483   0xba  Code  Gb  ssd1306.o [1]
SSD1306_Fill             0x800'3fb9   0x1c  Code  Gb  ssd1306.o [1]
SSD1306_GotoXY           0x800'408d    0xc  Code  Gb  ssd1306.o [1]
SSD1306_Init             0x800'3ef9   0x40  Code  Gb  ssd1306.o [1]
SSD1306_Putc             0x800'40cb  0x1ac  Code  Gb  ssd1306.o [1]
SSD1306_Puts             0x800'428d   0x2e  Code  Gb  ssd1306.o [1]
SSD1306_Putspace         0x800'4099   0x32  Code  Gb  ssd1306.o [1]
SSD1306_UpdateScreen     0x800'3f39   0x2a  Code  Gb  ssd1306.o [1]
SSD1306_printf           0x800'45bd   0x46  Code  Gb  ssd1306.o [1]
SVC_Handler              0x800'a7bf    0x2  Code  Gb  stm32f1xx_it.o [1]
SetTimeout               0x800'62cd  0x160  Code  Lc  menu.o [1]
Solder_Thermocouple_adc
                        0x2000'07f8    0x2  Data  Gb  const_var.o [1]
Solder_Thermocouple_temp
                        0x2000'07fe    0x2  Data  Gb  const_var.o [1]
Solder_filter_array     0x2000'0744   0x18  Data  Gb  const_var.o [1]
Solder_temp_z           0x2000'07ee    0x2  Data  Gb  const_var.o [1]
Solder_temp_z_former    0x2000'07f0    0x2  Data  Gb  const_var.o [1]
SysTick_Config           0x800'281d   0x2e  Code  Lc  stm32f1xx_hal_cortex.o [1]
SysTick_Handler          0x800'a7c5    0x8  Code  Gb  stm32f1xx_it.o [1]
SystemClock_Config       0x800'37cd   0x96  Code  Gb  main.o [1]
SystemCoreClock         0x2000'0038    0x4  Data  Gb  system_stm32f1xx.o [1]
SystemInit               0x800'a75d   0x3e  Code  Gb  system_stm32f1xx.o [1]
T1                       0x800'ae70    0x4  Data  Gb  const_var.o [1]
T2                       0x800'ae74    0x4  Data  Gb  const_var.o [1]
TIM3_IRQHandler          0x800'a7e1    0xa  Code  Gb  stm32f1xx_it.o [1]
TIM_Base_SetConfig       0x800'5e07   0x64  Code  Gb  stm32f1xx_hal_tim.o [1]
TIM_CCxChannelCmd        0x800'60d1   0x26  Code  Gb  stm32f1xx_hal_tim.o [1]
TIM_ETR_SetConfig        0x800'60bb   0x16  Code  Gb  stm32f1xx_hal_tim.o [1]
TIM_OC1_SetConfig        0x800'5e6b   0x58  Code  Lc  stm32f1xx_hal_tim.o [1]
TIM_OC2_SetConfig        0x800'5ec3   0x62  Code  Gb  stm32f1xx_hal_tim.o [1]
TIM_OC3_SetConfig        0x800'5f25   0x60  Code  Lc  stm32f1xx_hal_tim.o [1]
TIM_OC4_SetConfig        0x800'5f85   0x46  Code  Lc  stm32f1xx_hal_tim.o [1]
TIM_SlaveTimer_SetConfig
                         0x800'5fcb   0x9a  Code  Lc  stm32f1xx_hal_tim.o [1]
TIM_TI1_ConfigInputStage
                         0x800'6071   0x24  Code  Lc  stm32f1xx_hal_tim.o [1]
TIM_TI2_ConfigInputStage
                         0x800'6095   0x26  Code  Lc  stm32f1xx_hal_tim.o [1]
Temp_z_default           0x800'480e    0x2  Data  Gb  const_var.o [1]
TimeoutTime             0x2000'07ec    0x2  Data  Gb  const_var.o [1]
Timeout_time_default     0x800'47e2    0x2  Data  Gb  const_var.o [1]
U_fan_temp              0x2000'07bc    0x4  Data  Gb  const_var.o [1]
U_fan_temp_z            0x2000'07c0    0x4  Data  Gb  const_var.o [1]
U_solder_temp           0x2000'07a8    0x4  Data  Gb  const_var.o [1]
U_solder_temp_z         0x2000'07ac    0x4  Data  Gb  const_var.o [1]
UsageFault_Handler       0x800'a7bd    0x2  Code  Gb  stm32f1xx_it.o [1]
Uy_fan                  0x2000'07cc    0x4  Data  Gb  const_var.o [1]
Uy_fan_i                0x2000'07c8    0x4  Data  Gb  const_var.o [1]
Uy_fan_p                0x2000'07c4    0x4  Data  Gb  const_var.o [1]
Uy_solder               0x2000'07b8    0x4  Data  Gb  const_var.o [1]
Uy_solder_i             0x2000'07b4    0x4  Data  Gb  const_var.o [1]
Uy_solder_p             0x2000'07b0    0x4  Data  Gb  const_var.o [1]
_Encoding_8859_1_Mbrlen
                         0x800'2a4d    0x2  Code  Gb  xencoding_8859_1.o [2]
_Encoding_8859_1_Wctomb
                         0x800'2a3b   0x12  Code  Gb  xencoding_8859_1.o [2]
_LitobFull               0x800'85bf  0x10a  Code  Lc  xprintffull.o [2]
_Locale_lconv           0x2000'003c   0x38  Data  Lc  xlocale_c.o [2]
_PrintfFull              0x800'76ad  0xcc2  Code  Gb  xprintffull.o [2]
_PutcharsFull            0x800'8731   0x2e  Code  Lc  xprintffull.o [2]
_PutstrFull              0x800'84ff   0xc0  Code  Lc  xprintffull.o [2]
_PuttxtFull              0x800'83f3  0x10c  Code  Lc  xprintffull.o [2]
_SProut                  0x800'4603    0xa  Code  Gb  xsprout.o [2]
__NVIC_EnableIRQ         0x800'27a1   0x1c  Code  Lc  stm32f1xx_hal_cortex.o [1]
__NVIC_GetPriorityGrouping
                         0x800'2797    0xa  Code  Lc  stm32f1xx_hal_cortex.o [1]
__NVIC_SetPriority       0x800'27bd   0x24  Code  Lc  stm32f1xx_hal_cortex.o [1]
__NVIC_SetPriorityGrouping
                         0x800'277d   0x1a  Code  Lc  stm32f1xx_hal_cortex.o [1]
__aeabi_cdcmple          0x800'8949         Code  Gb  DblCmpLe.o [3]
__aeabi_cdrcmple         0x800'8979         Code  Gb  DblCmpGe.o [3]
__aeabi_cfrcmple         0x800'5365         Code  Gb  FltCmpGe.o [3]
__aeabi_d2iz             0x800'4c81         Code  Gb  DblToS32.o [3]
__aeabi_d2uiz            0x800'8ae5         Code  Gb  DblToU32.o [3]
__aeabi_ddiv             0x800'4955         Code  Gb  DblDiv.o [3]
__aeabi_dmul             0x800'8b29         Code  Gb  DblMul.o [3]
__aeabi_dsub             0x800'4b9d         Code  Gb  DblSub.o [3]
__aeabi_f2iz             0x800'47e5         Code  Gb  FltToS32.o [3]
__aeabi_fadd             0x800'4701         Code  Gb  FltAdd.o [3]
__aeabi_fdiv             0x800'4835         Code  Gb  FltDiv.o [3]
__aeabi_fmul             0x800'4629         Code  Gb  FltMul.o [3]
__aeabi_fsub             0x800'4cbd         Code  Gb  FltSub.o [3]
__aeabi_i2d              0x800'4931         Code  Gb  S32ToDbl.o [3]
__aeabi_i2f              0x800'4811         Code  Gb  S32ToFlt.o [3]
__aeabi_ldiv0            0x800'8f0d         Code  Gb  I64DivZer.o [4]
__aeabi_memcpy           0x800'28f5         Code  Gb  ABImemcpy.o [4]
__aeabi_memcpy4          0x800'2915         Code  Gb  ABImemcpy.o [4]
__aeabi_memcpy8          0x800'2915         Code  Gb  ABImemcpy.o [4]
__aeabi_memset           0x800'29d5         Code  Gb  ABImemset.o [4]
__aeabi_ui2d             0x800'8b0d         Code  Gb  U32ToDbl.o [3]
__aeabi_ui2f             0x800'460d         Code  Gb  U32ToFlt.o [3]
__aeabi_uldivmod         0x800'8cd5         Code  Gb  I64DivMod.o [4]
__cmain                  0x800'ac39         Code  Gb  cmain.o [4]
__exit                   0x800'8f11   0x14  Code  Gb  exit.o [5]
__iar_Fail_s             0x800'8809   0x1c  Code  Gb  xfail_s.o [2]
__iar_Mbcurmax           0x800'8ccb    0xa  Code  Gb  xmbcurmax.o [2]
__iar_Memchr             0x800'8881         Code  Gb  memchr.o [4]
__iar_Memset             0x800'29d5         Code  Gb  ABImemset.o [4]
__iar_Memset_word        0x800'29dd         Code  Gb  ABImemset.o [4]
__iar_Strchr             0x800'87f1         Code  Gb  strchr.o [4]
__iar_dadd               0x800'4bad         Code  Gb  DblSub.o [3]
__iar_data_init3         0x800'a989   0x28  Code  Gb  data_init.o [4]
__iar_dsub               0x800'7541         Code  Gb  DblAdd.o [3]
__iar_dsubStart          0x800'7553         Code  Gb  DblAdd.o [3]
__iar_fadd               0x800'4cc9         Code  Gb  FltSub.o [3]
__iar_fmax32             0x800'4d3d         Code  Gb  fmaxf.o [3]
__iar_fmin32             0x800'4d61         Code  Gb  fminf.o [3]
__iar_frexp              0x800'88e5         Code  Gb  frexp.o [3]
__iar_frexp64            0x800'88d9         Code  Gb  frexp.o [3]
__iar_frexpl             0x800'88e5         Code  Gb  frexp.o [3]
__iar_fsub               0x800'470d         Code  Gb  FltAdd.o [3]
__iar_fsubStart          0x800'471d         Code  Gb  FltAdd.o [3]
__iar_globLocale        0x2000'0074   0x48  Data  Lc  xlocale_c.o [2]
__iar_global_Locale      0x800'8775    0x4  Code  Gb  xlocale_c.o [2]
__iar_ldexp64            0x800'89a9         Code  Gb  ldexp.o [3]
__iar_lz77_init_single3
                         0x800'a6e5   0x78  Code  Gb  lz77_init_single.o [4]
__iar_program_start      0x800'ae1d         Code  Gb  cstartup_M.o [4]
__iar_scalbln64          0x800'89a9         Code  Gb  ldexp.o [3]
__iar_scalbn64           0x800'89a9         Code  Gb  ldexp.o [3]
__iar_zero_init3         0x800'299b   0x3a  Code  Gb  zero_init3.o [4]
__vector_table           0x800'0000         Data  Gb  startup_stm32f103xb.o [1]
_call_main               0x800'ac45         Code  Gb  cmain.o [4]
_exit                    0x800'ac5d         Code  Gb  cexit.o [4]
_gLocale_mblen           0x800'87dd    0x4  Code  Gb  xlocale_c.o [2]
_gLocale_mblenInt        0x800'87a1   0x2c  Code  Gb  xlocale_c.o [2]
_gLocale_wctomb          0x800'87e1    0x4  Code  Gb  xlocale_c.o [2]
_gLocale_wctombInt       0x800'87d9    0x4  Code  Gb  xlocale_c.o [2]
_main                    0x800'ac53         Code  Gb  cmain.o [4]
abort                    0x800'8f05    0x6  Code  Gb  abort.o [2]
adc_buffer              0x2000'06b4   0x30  Data  Gb  const_var.o [1]
b_fan                   0x2000'07a4    0x4  Data  Gb  const_var.o [1]
b_fan_default            0x800'ae64    0x4  Data  Gb  const_var.o [1]
b_solder                0x2000'079c    0x4  Data  Gb  const_var.o [1]
b_solder_default         0x800'ae5c    0x4  Data  Gb  const_var.o [1]
dSEG7Classic_20ptBitmaps
                         0x800'a028  0x254  Data  Gb  ssd1306_fonts.o [1]
dSEG7Classic_20ptDescriptors
                         0x800'a81c   0x34  Data  Gb  ssd1306_fonts.o [1]
dSEG7Classic_20ptFontInfo
                        0x2000'0010    0xc  Data  Gb  ssd1306_fonts.o [1]
delay                    0x800'31cd   0x10  Code  Gb  main.o [1]
dispMenu                 0x800'6a77   0x6a  Code  Gb  menu.o [1]
enc_value_previous      0x2000'07f6    0x2  Data  Gb  const_var.o [1]
exit                     0x800'ac57    0x4  Code  Gb  exit.o [2]
fan_working_layout       0x800'2a59   0x6c  Code  Gb  main.o [1]
fmaxf                    0x800'4d3d         Code  Gb  fmaxf.o [3]
fminf                    0x800'4d61         Code  Gb  fminf.o [3]
frexp                    0x800'88d9         Code  Gb  frexp.o [3]
frexpl                   0x800'88d9         Code  Gb  frexp.o [3]
getADC_values            0x800'2b35  0x14e  Code  Gb  main.o [1]
getButtonState           0x800'5283   0xd8  Code  Gb  button_drv.o [1]
getDiscreteInputs        0x800'2de1   0x7c  Code  Gb  main.o [1]
getDiscreteInputs::F_fan_gerkon_cnt
                        0x2000'0819    0x1  Data  Lc  main.o [1]
getDiscreteInputs::F_solder_switch_tmp_previous
                        0x2000'081a    0x1  Data  Lc  main.o [1]
getN_Solder_tip          0x800'64b7   0xd2  Code  Lc  menu.o [1]
hadc1                   0x2000'06e4   0x30  Data  Gb  main.o [1]
hadc2                   0x2000'0714   0x30  Data  Gb  main.o [1]
hdma_adc1               0x2000'056c   0x44  Data  Gb  main.o [1]
hdma_i2c1_tx            0x2000'05b0   0x44  Data  Gb  main.o [1]
hi2c1                   0x2000'0518   0x54  Data  Gb  main.o [1]
hspi2                   0x2000'04c0   0x58  Data  Gb  main.o [1]
htim1                   0x2000'05f4   0x40  Data  Gb  main.o [1]
htim2                   0x2000'0634   0x40  Data  Gb  main.o [1]
htim3                   0x2000'0674   0x40  Data  Gb  main.o [1]
inputUintCoeff           0x800'623b   0x92  Code  Gb  menu.o [1]
k_fan                   0x2000'07a0    0x4  Data  Gb  const_var.o [1]
k_fan_default            0x800'ae60    0x4  Data  Gb  const_var.o [1]
k_solder                0x2000'0798    0x4  Data  Gb  const_var.o [1]
k_solder_default         0x800'ae58    0x4  Data  Gb  const_var.o [1]
ldexp                    0x800'89a9         Code  Gb  ldexp.o [3]
ldexpl                   0x800'89a9         Code  Gb  ldexp.o [3]
localeconv               0x800'87e5    0x4  Code  Gb  xlocale_c.o [2]
mSGothic_12ptBitmaps     0x800'9674  0x5e0  Data  Gb  ssd1306_fonts.o [1]
mSGothic_12ptDescriptors
                         0x800'a3f4  0x178  Data  Gb  ssd1306_fonts.o [1]
mSGothic_12ptFontInfo   0x2000'001c    0xc  Data  Gb  ssd1306_fonts.o [1]
main                     0x800'31dd  0x5bc  Code  Gb  main.o [1]
main::Fcntr             0x2000'081c    0x1  Data  Lc  main.o [1]
main::cntr              0x2000'0806    0x2  Data  Lc  main.o [1]
memchr                   0x800'8881         Code  Gb  memchr.o [4]
memset                   0x800'253d   0x14  Code  Gb  memset.o [4]
menuText                 0x800'6a1f   0x58  Code  Gb  menu.o [1]
palatinoLinotype_12ptBitmaps
                         0x800'8f24  0x750  Data  Gb  ssd1306_fonts.o [1]
palatinoLinotype_12ptDescriptors
                         0x800'a27c  0x178  Data  Gb  ssd1306_fonts.o [1]
palatinoLinotype_12ptFontInfo
                        0x2000'0004    0xc  Data  Gb  ssd1306_fonts.o [1]
prog_state_previous     0x2000'0809    0x1  Data  Gb  const_var.o [1]
progstate               0x2000'0808    0x1  Data  Gb  const_var.o [1]
regulator_fan            0x800'2d35   0xac  Code  Gb  main.o [1]
regulator_solder         0x800'2c89   0xac  Code  Gb  main.o [1]
sEE_ReadBuffer           0x800'53d5   0x66  Code  Gb  sEEPROM.o [1]
sEE_WaitForWriteEnd      0x800'5637   0x62  Code  Gb  sEEPROM.o [1]
sEE_WriteBuffer          0x800'543b  0x14a  Code  Gb  sEEPROM.o [1]
sEE_WriteEnable          0x800'55fb   0x3c  Code  Gb  sEEPROM.o [1]
sEE_WritePage            0x800'5585   0x76  Code  Gb  sEEPROM.o [1]
scalbln                  0x800'89a9         Code  Gb  ldexp.o [3]
scalblnl                 0x800'89a9         Code  Gb  ldexp.o [3]
scalbn                   0x800'89a9         Code  Gb  ldexp.o [3]
scalbnl                  0x800'89a9         Code  Gb  ldexp.o [3]
scale                    0x800'86c9   0x46  Code  Lc  xprintffull.o [2]
sec_hand                0x2000'07e8    0x4  Data  Lc  xfail_s.o [2]
segoeUI_8ptBitmaps       0x800'9c54  0x3d4  Data  Gb  ssd1306_fonts.o [1]
segoeUI_8ptDescriptors   0x800'a56c  0x178  Data  Gb  ssd1306_fonts.o [1]
segoeUI_8ptFontInfo     0x2000'0028    0xc  Data  Gb  ssd1306_fonts.o [1]
setSolderKp              0x800'615d   0xde  Code  Lc  menu.o [1]
show_menu                0x800'699d   0x82  Code  Gb  menu.o [1]
solder_working_layout    0x800'2ac5   0x70  Code  Gb  main.o [1]
ssd1306_SendToDisplay    0x800'3f63   0x56  Code  Lc  ssd1306.o [1]
strNULL                  0x800'5363    0x1  Data  Gb  const_var.o [1]
strchr                   0x800'87f1         Code  Gb  strchr.o [4]
strlen                   0x800'8849         Code  Gb  strlen.o [4]
tp                       0x800'ae78    0x4  Data  Gb  const_var.o [1]
uwTick                  0x2000'07e4    0x4  Data  Gb  stm32f1xx_hal.o [1]
uwTickFreq              0x2000'00be    0x1  Data  Gb  stm32f1xx_hal.o [1]
uwTickPrio              0x2000'0034    0x4  Data  Gb  stm32f1xx_hal.o [1]
vsprintf                 0x800'750d   0x34  Code  Gb  vsprintf.o [2]


[1] = D:\WORK\ST\STM32F013C8T6B_BluePill\Projects\CUBE\SolderStation_F103\EWARM\SolderStation_F103\Obj
[2] = dl7M_tlf.a
[3] = m7M_tl.a
[4] = rt7M_tl.a
[5] = shb_l.a

  37'211 bytes of readonly  code memory
   7'720 bytes of readonly  data memory
   3'100 bytes of readwrite data memory

Errors: none
Warnings: none
