###############################################################################
#
# IAR ELF Linker V8.50.6.265/W32 for ARM                  07/Dec/2020  12:32:49
# Copyright 2007-2020 IAR Systems AB.
#
#    Output file  =
#        D:\ARM_PROJECTS\STM32F103_Projects\CUBE\SolderStation_Git\SolderStation_F103\EWARM\SolderStation_F103\Exe\SolderStation_F103.out
#    Map file     =
#        D:\ARM_PROJECTS\STM32F103_Projects\CUBE\SolderStation_Git\SolderStation_F103\EWARM\SolderStation_F103\List\SolderStation_F103.map
#    Command line =
#        -f C:\Users\PROKOP~1.D\AppData\Local\Temp\EWA82D.tmp
#        (D:\ARM_PROJECTS\STM32F103_Projects\CUBE\SolderStation_Git\SolderStation_F103\EWARM\SolderStation_F103\Obj\button_drv.o
#        D:\ARM_PROJECTS\STM32F103_Projects\CUBE\SolderStation_Git\SolderStation_F103\EWARM\SolderStation_F103\Obj\const_var.o
#        D:\ARM_PROJECTS\STM32F103_Projects\CUBE\SolderStation_Git\SolderStation_F103\EWARM\SolderStation_F103\Obj\main.o
#        D:\ARM_PROJECTS\STM32F103_Projects\CUBE\SolderStation_Git\SolderStation_F103\EWARM\SolderStation_F103\Obj\menu.o
#        D:\ARM_PROJECTS\STM32F103_Projects\CUBE\SolderStation_Git\SolderStation_F103\EWARM\SolderStation_F103\Obj\MicroMenu.o
#        D:\ARM_PROJECTS\STM32F103_Projects\CUBE\SolderStation_Git\SolderStation_F103\EWARM\SolderStation_F103\Obj\sEEPROM.o
#        D:\ARM_PROJECTS\STM32F103_Projects\CUBE\SolderStation_Git\SolderStation_F103\EWARM\SolderStation_F103\Obj\ssd1306.o
#        D:\ARM_PROJECTS\STM32F103_Projects\CUBE\SolderStation_Git\SolderStation_F103\EWARM\SolderStation_F103\Obj\ssd1306_fonts.o
#        D:\ARM_PROJECTS\STM32F103_Projects\CUBE\SolderStation_Git\SolderStation_F103\EWARM\SolderStation_F103\Obj\startup_stm32f103xb.o
#        D:\ARM_PROJECTS\STM32F103_Projects\CUBE\SolderStation_Git\SolderStation_F103\EWARM\SolderStation_F103\Obj\stm32f1xx_hal.o
#        D:\ARM_PROJECTS\STM32F103_Projects\CUBE\SolderStation_Git\SolderStation_F103\EWARM\SolderStation_F103\Obj\stm32f1xx_hal_adc.o
#        D:\ARM_PROJECTS\STM32F103_Projects\CUBE\SolderStation_Git\SolderStation_F103\EWARM\SolderStation_F103\Obj\stm32f1xx_hal_adc_ex.o
#        D:\ARM_PROJECTS\STM32F103_Projects\CUBE\SolderStation_Git\SolderStation_F103\EWARM\SolderStation_F103\Obj\stm32f1xx_hal_cortex.o
#        D:\ARM_PROJECTS\STM32F103_Projects\CUBE\SolderStation_Git\SolderStation_F103\EWARM\SolderStation_F103\Obj\stm32f1xx_hal_dma.o
#        D:\ARM_PROJECTS\STM32F103_Projects\CUBE\SolderStation_Git\SolderStation_F103\EWARM\SolderStation_F103\Obj\stm32f1xx_hal_exti.o
#        D:\ARM_PROJECTS\STM32F103_Projects\CUBE\SolderStation_Git\SolderStation_F103\EWARM\SolderStation_F103\Obj\stm32f1xx_hal_flash.o
#        D:\ARM_PROJECTS\STM32F103_Projects\CUBE\SolderStation_Git\SolderStation_F103\EWARM\SolderStation_F103\Obj\stm32f1xx_hal_flash_ex.o
#        D:\ARM_PROJECTS\STM32F103_Projects\CUBE\SolderStation_Git\SolderStation_F103\EWARM\SolderStation_F103\Obj\stm32f1xx_hal_gpio.o
#        D:\ARM_PROJECTS\STM32F103_Projects\CUBE\SolderStation_Git\SolderStation_F103\EWARM\SolderStation_F103\Obj\stm32f1xx_hal_gpio_ex.o
#        D:\ARM_PROJECTS\STM32F103_Projects\CUBE\SolderStation_Git\SolderStation_F103\EWARM\SolderStation_F103\Obj\stm32f1xx_hal_i2c.o
#        D:\ARM_PROJECTS\STM32F103_Projects\CUBE\SolderStation_Git\SolderStation_F103\EWARM\SolderStation_F103\Obj\stm32f1xx_hal_msp.o
#        D:\ARM_PROJECTS\STM32F103_Projects\CUBE\SolderStation_Git\SolderStation_F103\EWARM\SolderStation_F103\Obj\stm32f1xx_hal_pwr.o
#        D:\ARM_PROJECTS\STM32F103_Projects\CUBE\SolderStation_Git\SolderStation_F103\EWARM\SolderStation_F103\Obj\stm32f1xx_hal_rcc.o
#        D:\ARM_PROJECTS\STM32F103_Projects\CUBE\SolderStation_Git\SolderStation_F103\EWARM\SolderStation_F103\Obj\stm32f1xx_hal_rcc_ex.o
#        D:\ARM_PROJECTS\STM32F103_Projects\CUBE\SolderStation_Git\SolderStation_F103\EWARM\SolderStation_F103\Obj\stm32f1xx_hal_spi.o
#        D:\ARM_PROJECTS\STM32F103_Projects\CUBE\SolderStation_Git\SolderStation_F103\EWARM\SolderStation_F103\Obj\stm32f1xx_hal_tim.o
#        D:\ARM_PROJECTS\STM32F103_Projects\CUBE\SolderStation_Git\SolderStation_F103\EWARM\SolderStation_F103\Obj\stm32f1xx_hal_tim_ex.o
#        D:\ARM_PROJECTS\STM32F103_Projects\CUBE\SolderStation_Git\SolderStation_F103\EWARM\SolderStation_F103\Obj\stm32f1xx_it.o
#        D:\ARM_PROJECTS\STM32F103_Projects\CUBE\SolderStation_Git\SolderStation_F103\EWARM\SolderStation_F103\Obj\system_stm32f1xx.o
#        --redirect _Printf=_PrintfFull --redirect _Scanf=_ScanfFull
#        --no_out_extension -o
#        D:\ARM_PROJECTS\STM32F103_Projects\CUBE\SolderStation_Git\SolderStation_F103\EWARM\SolderStation_F103\Exe\SolderStation_F103.out
#        --map
#        D:\ARM_PROJECTS\STM32F103_Projects\CUBE\SolderStation_Git\SolderStation_F103\EWARM\SolderStation_F103\List\SolderStation_F103.map
#        --config
#        D:\ARM_PROJECTS\STM32F103_Projects\CUBE\SolderStation_Git\SolderStation_F103\EWARM/stm32f103xb_flash.icf
#        --semihosting --entry __iar_program_start --inline --vfe --text_out
#        locale)
#
###############################################################################

*******************************************************************************
*** RUNTIME MODEL ATTRIBUTES
***

CppFlavor       = *
__SystemLibrary = DLib
__dlib_version  = 6


*******************************************************************************
*** HEAP SELECTION
***

The basic heap was selected because no calls to memory allocation
functions were found in the application outside of system library
functions, and there are calls to deallocation functions in the
application.


*******************************************************************************
*** PLACEMENT SUMMARY
***

"A0":  place at address 0x800'0000 { ro section .intvec };
"P1":  place in [from 0x800'0000 to 0x801'ffff] { ro };
define block CSTACK with size = 1K, alignment = 8 { };
define block HEAP with size = 512, alignment = 8 { };
"P2":  place in [from 0x2000'0000 to 0x2000'4fff] {
          rw, block CSTACK, block HEAP };
initialize by copy { rw };

  Section            Kind         Address    Size  Object
  -------            ----         -------    ----  ------
"A0":                                        0xec
  .intvec            ro code   0x800'0000    0xec  startup_stm32f103xb.o [1]
                             - 0x800'00ec    0xec

"P1":                                      0xc86e
  .text              ro code   0x800'00ec  0x19a0  main.o [1]
  .text              ro code   0x800'1a8c   0x7ae  ssd1306.o [1]
  .text              ro code   0x800'223a    0x3a  zero_init3.o [4]
  .text              ro code   0x800'2274    0x1c  U32ToFlt.o [3]
  .text              ro code   0x800'2290    0xd8  FltMul.o [3]
  .text              ro code   0x800'2368    0xe2  FltAdd.o [3]
  .text              ro code   0x800'244a    0x1e  xencoding_8859_1.o [2]
  .text              ro code   0x800'2468    0x2a  FltToS32.o [3]
  .text              ro code   0x800'2492     0xa  xsprout.o [2]
  .text              ro code   0x800'249c    0x24  S32ToFlt.o [3]
  .text              ro code   0x800'24c0    0xfc  FltDiv.o [3]
  .text              ro code   0x800'25bc    0x22  S32ToDbl.o [3]
  .rodata            const     0x800'25de     0x2  const_var.o [1]
  .text              ro code   0x800'25e0   0x246  DblDiv.o [3]
  .rodata            const     0x800'2826     0x2  const_var.o [1]
  .text              ro code   0x800'2828    0xe2  DblSub.o [3]
  .rodata            const     0x800'290a     0x2  stm32f1xx_hal_rcc.o [1]
  .text              ro code   0x800'290c    0x3a  DblToS32.o [3]
  .rodata            const     0x800'2946     0x2  stm32f1xx_hal_rcc_ex.o [1]
  .text              ro code   0x800'2948    0x80  FltSub.o [3]
  .text              ro code   0x800'29c8    0x24  fmaxf.o [3]
  .text              ro code   0x800'29ec    0x24  fminf.o [3]
  .text              ro code   0x800'2a10    0x24  FltCmpLe.o [3]
  .text              ro code   0x800'2a34   0x2a8  stm32f1xx_hal_gpio.o [1]
  .text              ro code   0x800'2cdc   0x516  stm32f1xx_hal_adc.o [1]
  .text              ro code   0x800'31f2    0xe2  button_drv.o [1]
  .text              ro code   0x800'32d4    0x24  FltCmpGe.o [3]
  .text              ro code   0x800'32f8    0x24  stm32f1xx_hal.o [1]
  .text              ro code   0x800'331c    0x28  stm32f1xx_hal.o [1]
  .text              ro code   0x800'3344   0x2f8  sEEPROM.o [1]
  .text              ro code   0x800'363c   0x278  stm32f1xx_hal_adc_ex.o [1]
  .text              ro code   0x800'38b4   0xa46  stm32f1xx_hal_tim.o [1]
  .rodata            const     0x800'42fa     0x2  xlocale_c.o [2]
  .text              ro code   0x800'42fc    0x68  MicroMenu.o [1]
  .text              ro code   0x800'4364  0x1500  menu.o [1]
  .text              ro code   0x800'5864    0x66  ABImemset.o [4]
  .rodata            const     0x800'58ca     0x2  xlocale_c.o [2]
  .text              ro code   0x800'58cc   0x660  stm32f1xx_hal_rcc.o [1]
  .text              ro code   0x800'5f2c   0x244  stm32f1xx_hal_rcc_ex.o [1]
  .text              ro code   0x800'6170  0x190c  stm32f1xx_hal_i2c.o [1]
  .text              ro code   0x800'7a7c   0x7b8  stm32f1xx_hal_spi.o [1]
  .text              ro code   0x800'8234    0xd8  stm32f1xx_hal_tim_ex.o [1]
  .text              ro code   0x800'830c   0x424  stm32f1xx_hal_msp.o [1]
  .text              ro code   0x800'8730   0x154  stm32f1xx_hal_cortex.o [1]
  .text              ro code   0x800'8884    0xa6  ABImemcpy.o [4]
  .rodata            const     0x800'892a     0x1  const_var.o [1]
  .rodata            const     0x800'892b     0x1  const_var.o [1]
  .text              ro code   0x800'892c    0x34  vsprintf.o [2]
  .text              ro code   0x800'8960   0x16a  DblAdd.o [3]
  .rodata            const     0x800'8aca     0x1  xlocale_c.o [2]
  .text              ro code   0x800'8acc     0xc  stm32f1xx_hal.o [1]
  .text              ro code   0x800'8ad8    0x4c  stm32f1xx_hal.o [1]
  .text              ro code   0x800'8b24   0x370  stm32f1xx_hal_dma.o [1]
  .text              ro code   0x800'8e94    0x48  FltToDbl.o [3]
  .text              ro code   0x800'8edc    0x14  memset.o [4]
  .text              ro code   0x800'8ef0  0x10c6  xprintffull.o [2]
  .text              ro code   0x800'9fb8    0x7c  xlocale_c.o [2]
  .text              ro code   0x800'a034    0x16  strchr.o [4]
  .text              ro code   0x800'a04c    0x40  xfail_s.o [2]
  .text              ro code   0x800'a08c    0x36  strlen.o [4]
  .text              ro code   0x800'a0c4    0x58  memchr.o [4]
  .text              ro code   0x800'a11c    0x70  frexp.o [3]
  .text              ro code   0x800'a18c    0x2e  DblCmpLe.o [3]
  .text              ro code   0x800'a1bc    0x2e  DblCmpGe.o [3]
  .text              ro code   0x800'a1ec   0x13a  ldexp.o [3]
  .text              ro code   0x800'a328    0x28  DblToU32.o [3]
  .text              ro code   0x800'a350    0x1a  U32ToDbl.o [3]
  .text              ro code   0x800'a36c   0x1a2  DblMul.o [3]
  .text              ro code   0x800'a50e     0xa  xmbcurmax.o [2]
  .text              ro code   0x800'a518   0x230  I64DivMod.o [4]
  .text              ro code   0x800'a748     0x6  abort.o [2]
  .text              ro code   0x800'a750     0x2  I64DivZer.o [4]
  .text              ro code   0x800'a754    0x14  exit.o [5]
  .rodata            const     0x800'a768   0x750  ssd1306_fonts.o [1]
  .rodata            const     0x800'aeb8   0x5e0  ssd1306_fonts.o [1]
  .rodata            const     0x800'b498   0x3d4  ssd1306_fonts.o [1]
  .rodata            const     0x800'b86c   0x254  ssd1306_fonts.o [1]
  .rodata            const     0x800'bac0   0x178  ssd1306_fonts.o [1]
  .rodata            const     0x800'bc38   0x178  ssd1306_fonts.o [1]
  .rodata            const     0x800'bdb0   0x178  ssd1306_fonts.o [1]
  .text              ro code   0x800'bf28    0x78  lz77_init_single.o [4]
  .text              ro code   0x800'bfa0    0x58  system_stm32f1xx.o [1]
  .text              ro code   0x800'bff8    0x50  stm32f1xx_it.o [1]
  .text              ro code   0x800'c048    0x18  stm32f1xx_hal.o [1]
  .rodata            const     0x800'c060    0x40  ssd1306_fonts.o [1]
  .rodata            const     0x800'c0a0    0x30  menu.o [1]
  .rodata            const     0x800'c0d0    0x30  menu.o [1]
  .rodata            const     0x800'c100    0x30  menu.o [1]
  .rodata            const     0x800'c130    0x2c  menu.o [1]
  .rodata            const     0x800'c15c    0x2c  menu.o [1]
  .rodata            const     0x800'c188    0x2c  menu.o [1]
  .rodata            const     0x800'c1b4    0x28  menu.o [1]
  .rodata            const     0x800'c1dc    0x28  menu.o [1]
  .rodata            const     0x800'c204    0x28  menu.o [1]
  .rodata            const     0x800'c22c    0x28  menu.o [1]
  .text              ro code   0x800'c254    0x28  data_init.o [4]
  .rodata            const     0x800'c27c    0x24  menu.o [1]
  .rodata            const     0x800'c2a0    0x24  menu.o [1]
  .rodata            const     0x800'c2c4    0x24  menu.o [1]
  .iar.init_table    const     0x800'c2e8    0x20  - Linker created -
  .rodata            const     0x800'c308    0x20  menu.o [1]
  .rodata            const     0x800'c328    0x20  menu.o [1]
  .rodata            const     0x800'c348    0x20  menu.o [1]
  .rodata            const     0x800'c368    0x20  menu.o [1]
  .rodata            const     0x800'c388    0x20  menu.o [1]
  .rodata            const     0x800'c3a8    0x20  menu.o [1]
  .rodata            const     0x800'c3c8    0x20  menu.o [1]
  .rodata            const     0x800'c3e8    0x20  menu.o [1]
  .rodata            const     0x800'c408    0x20  menu.o [1]
  .rodata            const     0x800'c428    0x20  menu.o [1]
  .rodata            const     0x800'c448    0x20  menu.o [1]
  .rodata            const     0x800'c468    0x20  menu.o [1]
  .rodata            const     0x800'c488    0x20  menu.o [1]
  .text              ro code   0x800'c4a8    0x1e  cmain.o [4]
  .text              ro code   0x800'c4c6     0x4  exit.o [2]
  .text              ro code   0x800'c4cc     0xa  cexit.o [4]
  .rodata            const     0x800'c4d8    0x1c  menu.o [1]
  .rodata            const     0x800'c4f4    0x1c  menu.o [1]
  .rodata            const     0x800'c510    0x1c  menu.o [1]
  .rodata            const     0x800'c52c    0x1c  menu.o [1]
  .rodata            const     0x800'c548    0x18  main.o [1]
  .rodata            const     0x800'c560    0x18  menu.o [1]
  .rodata            const     0x800'c578    0x18  menu.o [1]
  .rodata            const     0x800'c590    0x18  menu.o [1]
  .rodata            const     0x800'c5a8    0x18  menu.o [1]
  .rodata            const     0x800'c5c0    0x18  menu.o [1]
  .rodata            const     0x800'c5d8    0x18  menu.o [1]
  .rodata            const     0x800'c5f0    0x18  menu.o [1]
  .rodata            const     0x800'c608    0x18  menu.o [1]
  .rodata            const     0x800'c620    0x18  MicroMenu.o [1]
  .rodata            const     0x800'c638    0x14  main.o [1]
  .rodata            const     0x800'c64c    0x14  menu.o [1]
  .rodata            const     0x800'c660    0x14  menu.o [1]
  .rodata            const     0x800'c674    0x14  menu.o [1]
  .rodata            const     0x800'c688    0x14  menu.o [1]
  .rodata            const     0x800'c69c    0x14  menu.o [1]
  .rodata            const     0x800'c6b0    0x14  menu.o [1]
  .rodata            const     0x800'c6c4    0x14  ssd1306.o [1]
  .rodata            const     0x800'c6d8    0x10  main.o [1]
  .rodata            const     0x800'c6e8    0x10  menu.o [1]
  .rodata            const     0x800'c6f8    0x10  menu.o [1]
  .rodata            const     0x800'c708    0x10  menu.o [1]
  .rodata            const     0x800'c718    0x10  menu.o [1]
  .rodata            const     0x800'c728    0x10  stm32f1xx_hal_rcc.o [1]
  .rodata            const     0x800'c738    0x10  stm32f1xx_hal_rcc_ex.o [1]
  .rodata            const     0x800'c748    0x10  system_stm32f1xx.o [1]
  .text              ro code   0x800'c758    0x10  startup_stm32f103xb.o [1]
  .rodata            const     0x800'c768     0xc  main.o [1]
  .rodata            const     0x800'c774     0xc  main.o [1]
  .rodata            const     0x800'c780     0xc  menu.o [1]
  .rodata            const     0x800'c78c     0xc  menu.o [1]
  .rodata            const     0x800'c798     0xc  menu.o [1]
  .text              ro code   0x800'c7a4     0xc  cstartup_M.o [4]
  .rodata            const     0x800'c7b0     0x8  main.o [1]
  .rodata            const     0x800'c7b8     0x8  main.o [1]
  .rodata            const     0x800'c7c0     0x8  main.o [1]
  .rodata            const     0x800'c7c8     0x8  main.o [1]
  .rodata            const     0x800'c7d0     0x8  main.o [1]
  .rodata            const     0x800'c7d8     0x8  main.o [1]
  .rodata            const     0x800'c7e0     0x8  menu.o [1]
  .rodata            const     0x800'c7e8     0x8  menu.o [1]
  .rodata            const     0x800'c7f0     0x8  menu.o [1]
  .rodata            const     0x800'c7f8     0x8  menu.o [1]
  .rodata            const     0x800'c800     0x8  menu.o [1]
  .rodata            const     0x800'c808     0x8  menu.o [1]
  .rodata            const     0x800'c810     0x8  ssd1306.o [1]
  .rodata            const     0x800'c818     0x8  system_stm32f1xx.o [1]
  .rodata            const     0x800'c820     0x4  const_var.o [1]
  .rodata            const     0x800'c824     0x4  const_var.o [1]
  .rodata            const     0x800'c828     0x4  const_var.o [1]
  .rodata            const     0x800'c82c     0x4  const_var.o [1]
  .rodata            const     0x800'c830     0x4  const_var.o [1]
  .rodata            const     0x800'c834     0x4  const_var.o [1]
  .rodata            const     0x800'c838     0x4  const_var.o [1]
  .rodata            const     0x800'c83c     0x4  const_var.o [1]
  .rodata            const     0x800'c840     0x4  const_var.o [1]
  .rodata            const     0x800'c844     0x4  const_var.o [1]
  .rodata            const     0x800'c848     0x4  const_var.o [1]
  .rodata            const     0x800'c84c     0x4  const_var.o [1]
  .rodata            const     0x800'c850     0x4  const_var.o [1]
  .text              ro code   0x800'c854     0x4  startup_stm32f103xb.o [1]
  .text              ro code   0x800'c858     0x4  startup_stm32f103xb.o [1]
  .text              ro code   0x800'c85c     0x4  startup_stm32f103xb.o [1]
  .text              ro code   0x800'c860     0x4  startup_stm32f103xb.o [1]
  .text              ro code   0x800'c864     0x4  startup_stm32f103xb.o [1]
  .text              ro code   0x800'c868     0x4  startup_stm32f103xb.o [1]
  .text              ro code   0x800'c86c     0x4  startup_stm32f103xb.o [1]
  .text              ro code   0x800'c870     0x4  startup_stm32f103xb.o [1]
  .text              ro code   0x800'c874     0x4  startup_stm32f103xb.o [1]
  .text              ro code   0x800'c878     0x4  startup_stm32f103xb.o [1]
  .text              ro code   0x800'c87c     0x4  startup_stm32f103xb.o [1]
  .text              ro code   0x800'c880     0x4  startup_stm32f103xb.o [1]
  .text              ro code   0x800'c884     0x4  startup_stm32f103xb.o [1]
  .text              ro code   0x800'c888     0x4  startup_stm32f103xb.o [1]
  .text              ro code   0x800'c88c     0x4  startup_stm32f103xb.o [1]
  .text              ro code   0x800'c890     0x4  startup_stm32f103xb.o [1]
  .text              ro code   0x800'c894     0x4  startup_stm32f103xb.o [1]
  .text              ro code   0x800'c898     0x4  startup_stm32f103xb.o [1]
  .text              ro code   0x800'c89c     0x4  startup_stm32f103xb.o [1]
  .text              ro code   0x800'c8a0     0x4  startup_stm32f103xb.o [1]
  .text              ro code   0x800'c8a4     0x4  startup_stm32f103xb.o [1]
  .text              ro code   0x800'c8a8     0x4  startup_stm32f103xb.o [1]
  .text              ro code   0x800'c8ac     0x4  startup_stm32f103xb.o [1]
  .text              ro code   0x800'c8b0     0x4  startup_stm32f103xb.o [1]
  .text              ro code   0x800'c8b4     0x4  startup_stm32f103xb.o [1]
  .text              ro code   0x800'c8b8     0x4  startup_stm32f103xb.o [1]
  .text              ro code   0x800'c8bc     0x4  startup_stm32f103xb.o [1]
  .text              ro code   0x800'c8c0     0x4  startup_stm32f103xb.o [1]
  .text              ro code   0x800'c8c4     0x4  startup_stm32f103xb.o [1]
  .text              ro code   0x800'c8c8     0x4  startup_stm32f103xb.o [1]
  .text              ro code   0x800'c8cc     0x4  startup_stm32f103xb.o [1]
  .text              ro code   0x800'c8d0     0x4  startup_stm32f103xb.o [1]
  .text              ro code   0x800'c8d4     0x4  startup_stm32f103xb.o [1]
  .text              ro code   0x800'c8d8     0x4  startup_stm32f103xb.o [1]
  .text              ro code   0x800'c8dc     0x4  startup_stm32f103xb.o [1]
  .text              ro code   0x800'c8e0     0x4  startup_stm32f103xb.o [1]
  .text              ro code   0x800'c8e4     0x4  startup_stm32f103xb.o [1]
  .text              ro code   0x800'c8e8     0x4  startup_stm32f103xb.o [1]
  .text              ro code   0x800'c8ec     0x4  startup_stm32f103xb.o [1]
  .rodata            const     0x800'c8f0     0x0  zero_init3.o [4]
  .rodata            const     0x800'c8f0     0x0  lz77_init_single.o [4]
  Initializer bytes  const     0x800'c8f0    0x6a  <for P2-1>
                             - 0x800'c95a  0xc86e

"P2", part 1 of 3:                           0xc0
  P2-1                        0x2000'0000    0xc0  <Init block>
    .data            inited   0x2000'0000     0x4  MicroMenu.o [1]
    .data            inited   0x2000'0004     0xc  ssd1306_fonts.o [1]
    .data            inited   0x2000'0010     0xc  ssd1306_fonts.o [1]
    .data            inited   0x2000'001c     0xc  ssd1306_fonts.o [1]
    .data            inited   0x2000'0028     0xc  ssd1306_fonts.o [1]
    .data            inited   0x2000'0034     0x4  stm32f1xx_hal.o [1]
    .data            inited   0x2000'0038     0x4  system_stm32f1xx.o [1]
    .data            inited   0x2000'003c    0x38  xlocale_c.o [2]
    .data            inited   0x2000'0074    0x48  xlocale_c.o [2]
    .data            inited   0x2000'00bc     0x1  const_var.o [1]
    .data            inited   0x2000'00bd     0x1  const_var.o [1]
    .data            inited   0x2000'00be     0x1  const_var.o [1]
    .data            inited   0x2000'00bf     0x1  stm32f1xx_hal.o [1]
                            - 0x2000'00c0    0xc0

"P2", part 2 of 3:                          0x7a8
  .bss               zero     0x2000'00c0   0x400  ssd1306.o [1]
  .bss               zero     0x2000'04c0    0x58  main.o [1]
  .bss               zero     0x2000'0518    0x54  main.o [1]
  .bss               zero     0x2000'056c    0x48  main.o [1]
  .bss               zero     0x2000'05b4    0x48  main.o [1]
  .bss               zero     0x2000'05fc    0x48  main.o [1]
  .bss               zero     0x2000'0644    0x44  main.o [1]
  .bss               zero     0x2000'0688    0x44  main.o [1]
  .bss               zero     0x2000'06cc    0x30  const_var.o [1]
  .bss               zero     0x2000'06fc    0x30  main.o [1]
  .bss               zero     0x2000'072c    0x30  main.o [1]
  .bss               zero     0x2000'075c    0x14  const_var.o [1]
  .bss               zero     0x2000'0770    0x14  const_var.o [1]
  .bss               zero     0x2000'0784    0x14  ssd1306.o [1]
  .bss               zero     0x2000'0798    0x10  const_var.o [1]
  .bss               zero     0x2000'07a8    0x10  const_var.o [1]
  .bss               zero     0x2000'07b8    0x10  const_var.o [1]
  .bss               zero     0x2000'07c8     0x4  const_var.o [1]
  .bss               zero     0x2000'07cc     0x4  const_var.o [1]
  .bss               zero     0x2000'07d0     0x4  const_var.o [1]
  .bss               zero     0x2000'07d4     0x4  const_var.o [1]
  .bss               zero     0x2000'07d8     0x4  const_var.o [1]
  .bss               zero     0x2000'07dc     0x4  const_var.o [1]
  .bss               zero     0x2000'07e0     0x4  const_var.o [1]
  .bss               zero     0x2000'07e4     0x4  const_var.o [1]
  .bss               zero     0x2000'07e8     0x4  const_var.o [1]
  .bss               zero     0x2000'07ec     0x4  const_var.o [1]
  .bss               zero     0x2000'07f0     0x4  const_var.o [1]
  .bss               zero     0x2000'07f4     0x4  const_var.o [1]
  .bss               zero     0x2000'07f8     0x4  const_var.o [1]
  .bss               zero     0x2000'07fc     0x4  const_var.o [1]
  .bss               zero     0x2000'0800     0x4  const_var.o [1]
  .bss               zero     0x2000'0804     0x4  menu.o [1]
  .bss               zero     0x2000'0808     0x4  menu.o [1]
  .bss               zero     0x2000'080c     0x4  menu.o [1]
  .bss               zero     0x2000'0810     0x4  menu.o [1]
  .bss               zero     0x2000'0814     0x4  menu.o [1]
  .bss               zero     0x2000'0818     0x4  menu.o [1]
  .bss               zero     0x2000'081c     0x4  menu.o [1]
  .bss               zero     0x2000'0820     0x4  menu.o [1]
  .bss               zero     0x2000'0824     0x4  MicroMenu.o [1]
  .bss               zero     0x2000'0828     0x4  stm32f1xx_hal.o [1]
  .bss               zero     0x2000'082c     0x4  xfail_s.o [2]
  .bss               zero     0x2000'0830     0x2  const_var.o [1]
  .bss               zero     0x2000'0832     0x2  const_var.o [1]
  .bss               zero     0x2000'0834     0x2  const_var.o [1]
  .bss               zero     0x2000'0836     0x2  const_var.o [1]
  .bss               zero     0x2000'0838     0x2  const_var.o [1]
  .bss               zero     0x2000'083a     0x2  const_var.o [1]
  .bss               zero     0x2000'083c     0x2  const_var.o [1]
  .bss               zero     0x2000'083e     0x2  const_var.o [1]
  .bss               zero     0x2000'0840     0x2  const_var.o [1]
  .bss               zero     0x2000'0842     0x2  const_var.o [1]
  .bss               zero     0x2000'0844     0x2  const_var.o [1]
  .bss               zero     0x2000'0846     0x2  const_var.o [1]
  .bss               zero     0x2000'0848     0x2  main.o [1]
  .bss               zero     0x2000'084a     0x2  main.o [1]
  .bss               zero     0x2000'084c     0x2  main.o [1]
  .bss               zero     0x2000'084e     0x1  const_var.o [1]
  .bss               zero     0x2000'084f     0x1  const_var.o [1]
  .bss               zero     0x2000'0850     0x1  const_var.o [1]
  .bss               zero     0x2000'0851     0x1  const_var.o [1]
  .bss               zero     0x2000'0852     0x1  const_var.o [1]
  .bss               zero     0x2000'0853     0x1  const_var.o [1]
  .bss               zero     0x2000'0854     0x1  const_var.o [1]
  .bss               zero     0x2000'0855     0x1  const_var.o [1]
  .bss               zero     0x2000'0856     0x1  const_var.o [1]
  .bss               zero     0x2000'0857     0x1  const_var.o [1]
  .bss               zero     0x2000'0858     0x1  const_var.o [1]
  .bss               zero     0x2000'0859     0x1  const_var.o [1]
  .bss               zero     0x2000'085a     0x1  const_var.o [1]
  .bss               zero     0x2000'085b     0x1  const_var.o [1]
  .bss               zero     0x2000'085c     0x1  const_var.o [1]
  .bss               zero     0x2000'085d     0x1  const_var.o [1]
  .bss               zero     0x2000'085e     0x1  const_var.o [1]
  .bss               zero     0x2000'085f     0x1  const_var.o [1]
  .bss               zero     0x2000'0860     0x1  const_var.o [1]
  .bss               zero     0x2000'0861     0x1  const_var.o [1]
  .bss               zero     0x2000'0862     0x1  const_var.o [1]
  .bss               zero     0x2000'0863     0x1  main.o [1]
  .bss               zero     0x2000'0864     0x1  main.o [1]
  .bss               zero     0x2000'0865     0x1  main.o [1]
  .bss               zero     0x2000'0866     0x1  main.o [1]
  .bss               zero     0x2000'0867     0x1  main.o [1]
                            - 0x2000'0868   0x7a8

"P2", part 3 of 3:                          0x400
  CSTACK                      0x2000'0868   0x400  <Block>
    CSTACK           uninit   0x2000'0868   0x400  <Block tail>
                            - 0x2000'0c68   0x400

Unused ranges:

         From           To      Size
         ----           --      ----
   0x800'c95a   0x801'ffff  0x1'36a6
  0x2000'0c68  0x2000'4fff    0x4398


*******************************************************************************
*** INIT TABLE
***

          Address      Size
          -------      ----
Zero (__iar_zero_init3)
    1 destination range, total size 0x7a8:
          0x2000'00c0  0x7a8

Copy/lz77 (__iar_lz77_init_single3)
    1 source range, total size 0x6a (55% of destination):
           0x800'c8f0   0x6a
    1 destination range, total size 0xc0:
          0x2000'0000   0xc0



*******************************************************************************
*** MODULE SUMMARY
***

    Module                  ro code  ro data  rw data
    ------                  -------  -------  -------
command line/config:
    -------------------------------------------------
    Total:

D:\ARM_PROJECTS\STM32F103_Projects\CUBE\SolderStation_Git\SolderStation_F103\EWARM\SolderStation_F103\Obj: [1]
    MicroMenu.o                 104       26        8
    button_drv.o                226
    const_var.o                           60      244
    main.o                    6'560      132      631
    menu.o                    5'376    1'532       32
    sEEPROM.o                   760
    ssd1306.o                 1'966       28    1'044
    ssd1306_fonts.o                    6'170       48
    startup_stm32f103xb.o       408
    stm32f1xx_hal.o             188        3        9
    stm32f1xx_hal_adc.o       1'302
    stm32f1xx_hal_adc_ex.o      632
    stm32f1xx_hal_cortex.o      340
    stm32f1xx_hal_dma.o         880
    stm32f1xx_hal_gpio.o        680
    stm32f1xx_hal_i2c.o       6'412
    stm32f1xx_hal_msp.o       1'060
    stm32f1xx_hal_rcc.o       1'632       18
    stm32f1xx_hal_rcc_ex.o      580       18
    stm32f1xx_hal_spi.o       1'976
    stm32f1xx_hal_tim.o       2'630
    stm32f1xx_hal_tim_ex.o      216
    stm32f1xx_it.o               80
    system_stm32f1xx.o           88       27        4
    -------------------------------------------------
    Total:                   34'096    8'014    2'020

dl7M_tlf.a: [2]
    abort.o                       6
    exit.o                        4
    vsprintf.o                   52
    xencoding_8859_1.o           30
    xfail_s.o                    64                 4
    xlocale_c.o                 124       75      128
    xmbcurmax.o                  10
    xprintffull.o             4'294
    xsprout.o                    10
    -------------------------------------------------
    Total:                    4'594       75      132

m7M_tl.a: [3]
    DblAdd.o                    362
    DblCmpGe.o                   46
    DblCmpLe.o                   46
    DblDiv.o                    582
    DblMul.o                    418
    DblSub.o                    226
    DblToS32.o                   58
    DblToU32.o                   40
    FltAdd.o                    226
    FltCmpGe.o                   36
    FltCmpLe.o                   36
    FltDiv.o                    252
    FltMul.o                    216
    FltSub.o                    128
    FltToDbl.o                   72
    FltToS32.o                   42
    S32ToDbl.o                   34
    S32ToFlt.o                   36
    U32ToDbl.o                   26
    U32ToFlt.o                   28
    fmaxf.o                      36
    fminf.o                      36
    frexp.o                     112
    ldexp.o                     314
    -------------------------------------------------
    Total:                    3'408

rt7M_tl.a: [4]
    ABImemcpy.o                 166
    ABImemset.o                 102
    I64DivMod.o                 560
    I64DivZer.o                   2
    cexit.o                      10
    cmain.o                      30
    cstartup_M.o                 12
    data_init.o                  40
    lz77_init_single.o          120
    memchr.o                     88
    memset.o                     20
    strchr.o                     22
    strlen.o                     54
    zero_init3.o                 58
    -------------------------------------------------
    Total:                    1'284

shb_l.a: [5]
    exit.o                       20
    -------------------------------------------------
    Total:                       20

    Gaps                         21        2
    Linker created                        32    1'024
-----------------------------------------------------
    Grand Total:             43'423    8'123    3'176


*******************************************************************************
*** ENTRY LIST
***

Entry                       Address   Size  Type      Object
-----                       -------   ----  ----      ------
.iar.init_table$$Base    0x800'c2e8          --   Gb  - Linker created -
.iar.init_table$$Limit   0x800'c308          --   Gb  - Linker created -
?main                    0x800'c4a9         Code  Gb  cmain.o [4]
ADC_ConversionStop_Disable
                         0x800'3125   0x4a  Code  Gb  stm32f1xx_hal_adc.o [1]
ADC_DMAConvCplt          0x800'3171   0x52  Code  Gb  stm32f1xx_hal_adc.o [1]
ADC_DMAError             0x800'31d5   0x1e  Code  Gb  stm32f1xx_hal_adc.o [1]
ADC_DMAHalfConvCplt      0x800'31c5    0xe  Code  Gb  stm32f1xx_hal_adc.o [1]
ADC_Enable               0x800'3095   0x6e  Code  Gb  stm32f1xx_hal_adc.o [1]
AHBPrescTable            0x800'c748   0x10  Data  Gb  system_stm32f1xx.o [1]
APBPrescTable            0x800'c818    0x8  Data  Gb  system_stm32f1xx.o [1]
BtnCntr_LongPush        0x2000'0861    0x1  Data  Gb  const_var.o [1]
BtnCntr_Menu            0x2000'0862    0x1  Data  Gb  const_var.o [1]
BtnCntr_ShortPush       0x2000'0860    0x1  Data  Gb  const_var.o [1]
BusFault_Handler         0x800'bfff    0x2  Code  Gb  stm32f1xx_it.o [1]
Button_Init              0x800'32cb    0xa  Code  Gb  button_drv.o [1]
CSTACK$$Base            0x2000'0868          --   Gb  - Linker created -
CSTACK$$Limit           0x2000'0c68          --   Gb  - Linker created -
CacheMore                0x800'9fbd   0x28  Code  Lc  xlocale_c.o [2]
Calibrate_fan            0x800'5279  0x3ac  Code  Lc  menu.o [1]
Calibrate_fan::adc_calibration_fan1
                        0x2000'0818    0x4  Data  Lc  menu.o [1]
Calibrate_fan::adc_calibration_fan2
                        0x2000'0820    0x4  Data  Lc  menu.o [1]
Calibrate_fan::temp_calibration_fan1
                        0x2000'0814    0x4  Data  Lc  menu.o [1]
Calibrate_fan::temp_calibration_fan2
                        0x2000'081c    0x4  Data  Lc  menu.o [1]
Calibrate_solder         0x800'4dd9  0x46a  Code  Lc  menu.o [1]
Calibrate_solder::adc_calibration_solder1
                        0x2000'0808    0x4  Data  Lc  menu.o [1]
Calibrate_solder::adc_calibration_solder2
                        0x2000'0810    0x4  Data  Lc  menu.o [1]
Calibrate_solder::temp_calibration_solder1
                        0x2000'0804    0x4  Data  Lc  menu.o [1]
Calibrate_solder::temp_calibration_solder2
                        0x2000'080c    0x4  Data  Lc  menu.o [1]
CurrentMenuItem         0x2000'0000    0x4  Data  Lc  MicroMenu.o [1]
DMA1_Channel1_IRQHandler
                         0x800'c011    0xa  Code  Gb  stm32f1xx_it.o [1]
DMA1_Channel6_IRQHandler
                         0x800'c01b    0xa  Code  Gb  stm32f1xx_it.o [1]
DMA_SetConfig            0x800'8e69   0x2c  Code  Lc  stm32f1xx_hal_dma.o [1]
DebugMon_Handler         0x800'c005    0x2  Code  Gb  stm32f1xx_it.o [1]
EncBtn                  0x2000'0798   0x10  Data  Gb  const_var.o [1]
ExitMenu                 0x800'4d2b   0x5c  Code  Lc  menu.o [1]
F_encoder_change_value  0x2000'085d    0x1  Data  Gb  const_var.o [1]
F_fan                   0x2000'0857    0x1  Data  Gb  const_var.o [1]
F_fan_blower_protect    0x2000'085c    0x1  Data  Gb  const_var.o [1]
F_fan_btn_off           0x2000'085f    0x1  Data  Gb  const_var.o [1]
F_fan_enable            0x2000'0858    0x1  Data  Gb  const_var.o [1]
F_fan_gerkon            0x2000'0859    0x1  Data  Gb  const_var.o [1]
F_fan_temp_protect      0x2000'085a    0x1  Data  Gb  const_var.o [1]
F_solder                0x2000'0854    0x1  Data  Gb  const_var.o [1]
F_solder_btn_off        0x2000'085e    0x1  Data  Gb  const_var.o [1]
F_solder_enable         0x2000'0856    0x1  Data  Gb  const_var.o [1]
F_solder_switch         0x2000'0855    0x1  Data  Gb  const_var.o [1]
F_solder_temp_protect   0x2000'085b    0x1  Data  Gb  const_var.o [1]
F_solder_timeout        0x2000'00bc    0x1  Data  Gb  const_var.o [1]
Fan_Thermocouple_adc    0x2000'083e    0x2  Data  Gb  const_var.o [1]
Fan_Thermocouple_temp   0x2000'0846    0x2  Data  Gb  const_var.o [1]
Fan_fan_adc             0x2000'0840    0x2  Data  Gb  const_var.o [1]
Fan_fan_percent         0x2000'0853    0x1  Data  Gb  const_var.o [1]
Fan_filter_array        0x2000'0770   0x14  Data  Gb  const_var.o [1]
Fan_off_btn             0x2000'07b8   0x10  Data  Gb  const_var.o [1]
Fan_switch_off_source    0x800'4425  0x18c  Code  Lc  menu.o [1]
Fan_temp_z              0x2000'0836    0x2  Data  Gb  const_var.o [1]
Fan_temp_z_former       0x2000'0838    0x2  Data  Gb  const_var.o [1]
GoBack                   0x800'5631    0xe  Code  Lc  menu.o [1]
HAL_ADCEx_Calibration_Start
                         0x800'363d   0xec  Code  Gb  stm32f1xx_hal_adc_ex.o [1]
HAL_ADCEx_MultiModeConfigChannel
                         0x800'3831   0x64  Code  Gb  stm32f1xx_hal_adc_ex.o [1]
HAL_ADCEx_MultiModeStart_DMA
                         0x800'3729  0x108  Code  Gb  stm32f1xx_hal_adc_ex.o [1]
HAL_ADC_ConfigChannel    0x800'2f43  0x152  Code  Gb  stm32f1xx_hal_adc.o [1]
HAL_ADC_Init             0x800'2cdd  0x144  Code  Gb  stm32f1xx_hal_adc.o [1]
HAL_ADC_MspInit          0x800'834f   0xdc  Code  Gb  stm32f1xx_hal_msp.o [1]
HAL_ADC_Start            0x800'2e21  0x122  Code  Gb  stm32f1xx_hal_adc.o [1]
HAL_DMA_Abort_IT         0x800'8c27   0xb4  Code  Gb  stm32f1xx_hal_dma.o [1]
HAL_DMA_IRQHandler       0x800'8cdb  0x16a  Code  Gb  stm32f1xx_hal_dma.o [1]
HAL_DMA_Init             0x800'8b25   0x6a  Code  Gb  stm32f1xx_hal_dma.o [1]
HAL_DMA_Start_IT         0x800'8b8f   0x98  Code  Gb  stm32f1xx_hal_dma.o [1]
HAL_Delay                0x800'331d   0x28  Code  Wk  stm32f1xx_hal.o [1]
HAL_GPIO_Init            0x800'2a35  0x21e  Code  Gb  stm32f1xx_hal_gpio.o [1]
HAL_GPIO_ReadPin         0x800'2c53   0x16  Code  Gb  stm32f1xx_hal_gpio.o [1]
HAL_GPIO_TogglePin       0x800'2c83   0x1a  Code  Gb  stm32f1xx_hal_gpio.o [1]
HAL_GPIO_WritePin        0x800'2c69   0x1a  Code  Gb  stm32f1xx_hal_gpio.o [1]
HAL_GetTick              0x800'8acd    0xc  Code  Wk  stm32f1xx_hal.o [1]
HAL_I2C_EV_IRQHandler    0x800'66b1  0x1be  Code  Gb  stm32f1xx_hal_i2c.o [1]
HAL_I2C_Init             0x800'6171  0x1d2  Code  Gb  stm32f1xx_hal_i2c.o [1]
HAL_I2C_Mem_Write        0x800'635d  0x16e  Code  Gb  stm32f1xx_hal_i2c.o [1]
HAL_I2C_Mem_Write_DMA    0x800'64cd  0x1cc  Code  Gb  stm32f1xx_hal_i2c.o [1]
HAL_I2C_MspInit          0x800'842b   0xb2  Code  Gb  stm32f1xx_hal_msp.o [1]
HAL_IncTick              0x800'c049   0x18  Code  Wk  stm32f1xx_hal.o [1]
HAL_Init                 0x800'32f9   0x20  Code  Gb  stm32f1xx_hal.o [1]
HAL_InitTick             0x800'8ad9   0x4c  Code  Wk  stm32f1xx_hal.o [1]
HAL_MspInit              0x800'830d   0x42  Code  Gb  stm32f1xx_hal_msp.o [1]
HAL_NVIC_EnableIRQ       0x800'8849    0xe  Code  Gb  stm32f1xx_hal_cortex.o [1]
HAL_NVIC_SetPriority     0x800'881f   0x2a  Code  Gb  stm32f1xx_hal_cortex.o [1]
HAL_NVIC_SetPriorityGrouping
                         0x800'8813    0xc  Code  Gb  stm32f1xx_hal_cortex.o [1]
HAL_RCCEx_GetPeriphCLKFreq
                         0x800'6045  0x100  Code  Gb  stm32f1xx_hal_rcc_ex.o [1]
HAL_RCCEx_PeriphCLKConfig
                         0x800'5f2d  0x118  Code  Gb  stm32f1xx_hal_rcc_ex.o [1]
HAL_RCC_ClockConfig      0x800'5ccd  0x14e  Code  Gb  stm32f1xx_hal_rcc.o [1]
HAL_RCC_GetHCLKFreq      0x800'5e8b    0x6  Code  Gb  stm32f1xx_hal_rcc.o [1]
HAL_RCC_GetPCLK1Freq     0x800'5e91   0x16  Code  Gb  stm32f1xx_hal_rcc.o [1]
HAL_RCC_GetPCLK2Freq     0x800'5ea7   0x16  Code  Gb  stm32f1xx_hal_rcc.o [1]
HAL_RCC_GetSysClockFreq
                         0x800'5e1b   0x70  Code  Gb  stm32f1xx_hal_rcc.o [1]
HAL_RCC_OscConfig        0x800'58cd  0x400  Code  Gb  stm32f1xx_hal_rcc.o [1]
HAL_SPI_Init             0x800'7a7d   0xc4  Code  Gb  stm32f1xx_hal_spi.o [1]
HAL_SPI_MspInit          0x800'84dd   0x72  Code  Gb  stm32f1xx_hal_msp.o [1]
HAL_SPI_Receive          0x800'7cf7  0x17c  Code  Gb  stm32f1xx_hal_spi.o [1]
HAL_SPI_Transmit         0x800'7b41  0x1b6  Code  Gb  stm32f1xx_hal_spi.o [1]
HAL_SPI_TransmitReceive
                         0x800'7e73  0x23c  Code  Gb  stm32f1xx_hal_spi.o [1]
HAL_SYSTICK_Config       0x800'8857    0xc  Code  Gb  stm32f1xx_hal_cortex.o [1]
HAL_TIMEx_ConfigBreakDeadTime
                         0x800'82b1   0x5c  Code  Gb  stm32f1xx_hal_tim_ex.o [1]
HAL_TIMEx_MasterConfigSynchronization
                         0x800'8235   0x6e  Code  Gb  stm32f1xx_hal_tim_ex.o [1]
HAL_TIM_Base_Init        0x800'38b5   0x6e  Code  Gb  stm32f1xx_hal_tim.o [1]
HAL_TIM_Base_MspInit     0x800'854f   0x58  Code  Gb  stm32f1xx_hal_msp.o [1]
HAL_TIM_Base_Start_IT    0x800'3923   0x72  Code  Gb  stm32f1xx_hal_tim.o [1]
HAL_TIM_Encoder_Init     0x800'3b4f   0xca  Code  Gb  stm32f1xx_hal_tim.o [1]
HAL_TIM_Encoder_MspInit
                         0x800'85a7   0x92  Code  Gb  stm32f1xx_hal_msp.o [1]
HAL_TIM_Encoder_Start    0x800'3c1b   0xfa  Code  Gb  stm32f1xx_hal_tim.o [1]
HAL_TIM_IRQHandler       0x800'3d25  0x176  Code  Gb  stm32f1xx_hal_tim.o [1]
HAL_TIM_MspPostInit      0x800'866b   0x8a  Code  Gb  stm32f1xx_hal_msp.o [1]
HAL_TIM_OnePulse_Init    0x800'3ad9   0x76  Code  Gb  stm32f1xx_hal_tim.o [1]
HAL_TIM_PWM_ConfigChannel
                         0x800'3e9b   0xf4  Code  Gb  stm32f1xx_hal_tim.o [1]
HAL_TIM_PWM_Init         0x800'3995   0x6e  Code  Gb  stm32f1xx_hal_tim.o [1]
HAL_TIM_PWM_MspInit      0x800'8639   0x32  Code  Gb  stm32f1xx_hal_msp.o [1]
HAL_TIM_PWM_Start        0x800'3a03   0xca  Code  Gb  stm32f1xx_hal_tim.o [1]
HAL_TIM_PeriodElapsedCallback
                         0x800'0739  0x302  Code  Gb  main.o [1]
HAL_TIM_PeriodElapsedCallback::Solder_timeout_cnt
                        0x2000'084a    0x2  Data  Lc  main.o [1]
HAL_TIM_PeriodElapsedCallback::cnt_slowdown
                        0x2000'0848    0x2  Data  Lc  main.o [1]
HAL_TIM_SlaveConfigSynchro
                         0x800'3f8f   0x62  Code  Gb  stm32f1xx_hal_tim.o [1]
HardFault_Handler        0x800'bffb    0x2  Code  Gb  stm32f1xx_it.o [1]
I2C1_EV_IRQHandler       0x800'c02f    0xa  Code  Gb  stm32f1xx_it.o [1]
I2C_ConvertOtherXferOptions
                         0x800'7a61   0x1c  Code  Lc  stm32f1xx_hal_i2c.o [1]
I2C_DMAAbort             0x800'76e9   0xf6  Code  Lc  stm32f1xx_hal_i2c.o [1]
I2C_DMAError             0x800'769b   0x4a  Code  Lc  stm32f1xx_hal_i2c.o [1]
I2C_DMAXferCplt          0x800'7549  0x152  Code  Lc  stm32f1xx_hal_i2c.o [1]
I2C_ITError              0x800'72c3  0x196  Code  Lc  stm32f1xx_hal_i2c.o [1]
I2C_IsAcknowledgeFailed
                         0x800'7a29   0x38  Code  Lc  stm32f1xx_hal_i2c.o [1]
I2C_MasterReceive_BTF    0x800'6b95  0x128  Code  Lc  stm32f1xx_hal_i2c.o [1]
I2C_MasterReceive_RXNE   0x800'6ab1   0xe4  Code  Lc  stm32f1xx_hal_i2c.o [1]
I2C_MasterTransmit_BTF   0x800'6957   0x8e  Code  Lc  stm32f1xx_hal_i2c.o [1]
I2C_MasterTransmit_TXE   0x800'686f   0xe8  Code  Lc  stm32f1xx_hal_i2c.o [1]
I2C_Master_ADD10         0x800'6d6f   0x32  Code  Lc  stm32f1xx_hal_i2c.o [1]
I2C_Master_ADDR          0x800'6da1  0x258  Code  Lc  stm32f1xx_hal_i2c.o [1]
I2C_Master_SB            0x800'6cbd   0xb2  Code  Lc  stm32f1xx_hal_i2c.o [1]
I2C_MemoryTransmit_TXE_BTF
                         0x800'69e5   0xcc  Code  Lc  stm32f1xx_hal_i2c.o [1]
I2C_RequestMemoryWrite   0x800'745d   0xec  Code  Lc  stm32f1xx_hal_i2c.o [1]
I2C_SlaveReceive_BTF     0x800'70b1   0x1c  Code  Lc  stm32f1xx_hal_i2c.o [1]
I2C_SlaveReceive_RXNE    0x800'7063   0x4e  Code  Lc  stm32f1xx_hal_i2c.o [1]
I2C_SlaveTransmit_BTF    0x800'7047   0x1c  Code  Lc  stm32f1xx_hal_i2c.o [1]
I2C_SlaveTransmit_TXE    0x800'6ff9   0x4e  Code  Lc  stm32f1xx_hal_i2c.o [1]
I2C_Slave_ADDR           0x800'70cd   0x5c  Code  Lc  stm32f1xx_hal_i2c.o [1]
I2C_Slave_STOPF          0x800'7129  0x19a  Code  Lc  stm32f1xx_hal_i2c.o [1]
I2C_WaitOnBTFFlagUntilTimeout
                         0x800'797b   0x58  Code  Lc  stm32f1xx_hal_i2c.o [1]
I2C_WaitOnFlagUntilTimeout
                         0x800'77df   0x8a  Code  Lc  stm32f1xx_hal_i2c.o [1]
I2C_WaitOnMasterAddressFlagUntilTimeout
                         0x800'7869   0xba  Code  Lc  stm32f1xx_hal_i2c.o [1]
I2C_WaitOnSTOPRequestThroughIT
                         0x800'79d3   0x46  Code  Lc  stm32f1xx_hal_i2c.o [1]
I2C_WaitOnTXEFlagUntilTimeout
                         0x800'7923   0x58  Code  Lc  stm32f1xx_hal_i2c.o [1]
K1_h907                  0x800'c83c    0x4  Data  Gb  const_var.o [1]
K1_t12                   0x800'c840    0x4  Data  Gb  const_var.o [1]
K2                       0x800'c844    0x4  Data  Gb  const_var.o [1]
K_blower_flush          0x2000'00bd    0x1  Data  Gb  const_var.o [1]
K_blower_off            0x2000'00be    0x1  Data  Gb  const_var.o [1]
MX_ADC1_Init             0x800'13b3   0xca  Code  Lc  main.o [1]
MX_ADC2_Init             0x800'1485   0xa8  Code  Lc  main.o [1]
MX_DMA_Init              0x800'1829   0x38  Code  Lc  main.o [1]
MX_GPIO_Init             0x800'189d  0x11c  Code  Lc  main.o [1]
MX_I2C1_Init             0x800'1531   0x3c  Code  Lc  main.o [1]
MX_SPI2_Init             0x800'1571   0x48  Code  Lc  main.o [1]
MX_TIM1_Init             0x800'15c9  0x130  Code  Lc  main.o [1]
MX_TIM2_Init             0x800'1709   0x8a  Code  Lc  main.o [1]
MX_TIM3_Init             0x800'179d   0x8c  Code  Lc  main.o [1]
MemBackupEEPROM          0x800'4365   0x60  Code  Lc  menu.o [1]
MemManage_Handler        0x800'bffd    0x2  Code  Gb  stm32f1xx_it.o [1]
MemRestoreEEPROM         0x800'43c5   0x60  Code  Lc  menu.o [1]
MenuWriteFunc           0x2000'0824    0x4  Data  Lc  MicroMenu.o [1]
Menu_1                   0x800'c1b4   0x28  Data  Gb  menu.o [1]
Menu_1_1                 0x800'c348   0x20  Data  Gb  menu.o [1]
Menu_1_2                 0x800'c52c   0x1c  Data  Gb  menu.o [1]
Menu_1_3                 0x800'c368   0x20  Data  Gb  menu.o [1]
Menu_2                   0x800'c130   0x2c  Data  Gb  menu.o [1]
Menu_2_1                 0x800'c388   0x20  Data  Gb  menu.o [1]
Menu_2_2                 0x800'c3a8   0x20  Data  Gb  menu.o [1]
Menu_2_3                 0x800'c3c8   0x20  Data  Gb  menu.o [1]
Menu_2_4                 0x800'c3e8   0x20  Data  Gb  menu.o [1]
Menu_2_5                 0x800'c408   0x20  Data  Gb  menu.o [1]
Menu_2_6                 0x800'c428   0x20  Data  Gb  menu.o [1]
Menu_3                   0x800'c0a0   0x30  Data  Gb  menu.o [1]
Menu_4                   0x800'c27c   0x24  Data  Gb  menu.o [1]
Menu_4_1                 0x800'c1dc   0x28  Data  Gb  menu.o [1]
Menu_4_2                 0x800'c2c4   0x24  Data  Gb  menu.o [1]
Menu_4_3                 0x800'c448   0x20  Data  Gb  menu.o [1]
Menu_5                   0x800'c15c   0x2c  Data  Gb  menu.o [1]
Menu_6                   0x800'c328   0x20  Data  Gb  menu.o [1]
Menu_7                   0x800'c2a0   0x24  Data  Gb  menu.o [1]
Menu_7_1                 0x800'c100   0x30  Data  Gb  menu.o [1]
Menu_7_2                 0x800'c188   0x2c  Data  Gb  menu.o [1]
Menu_7_3                 0x800'c468   0x20  Data  Gb  menu.o [1]
Menu_8                   0x800'c0d0   0x30  Data  Gb  menu.o [1]
Menu_8_1                 0x800'c204   0x28  Data  Gb  menu.o [1]
Menu_8_2                 0x800'c22c   0x28  Data  Gb  menu.o [1]
Menu_8_3                 0x800'c488   0x20  Data  Gb  menu.o [1]
Menu_EnterCurrentItem    0x800'4335   0x22  Code  Gb  MicroMenu.o [1]
Menu_GetCurrentMenu      0x800'42fd    0x6  Code  Gb  MicroMenu.o [1]
Menu_Navigate            0x800'4303   0x32  Code  Gb  MicroMenu.o [1]
NMI_Handler              0x800'bff9    0x2  Code  Gb  stm32f1xx_it.o [1]
NULL_MENU                0x800'c620   0x18  Data  Gb  MicroMenu.o [1]
NVIC_EncodePriority      0x800'87a3   0x40  Code  Lc  stm32f1xx_hal_cortex.o [1]
N_solder_tip            0x2000'0852    0x1  Data  Gb  const_var.o [1]
N_tip_default            0x800'892a    0x1  Data  Gb  const_var.o [1]
PendSV_Handler           0x800'c007    0x2  Code  Gb  stm32f1xx_it.o [1]
RCC_Delay                0x800'5ebd   0x26  Code  Lc  stm32f1xx_hal_rcc.o [1]
Region$$Table$$Base      0x800'c2e8          --   Gb  - Linker created -
Region$$Table$$Limit     0x800'c308          --   Gb  - Linker created -
Reset_fan                0x800'4be5   0x66  Code  Lc  menu.o [1]
Reset_solder             0x800'4b03   0xe2  Code  Lc  menu.o [1]
SPI_EndRxTransaction     0x800'8189   0x7c  Code  Lc  stm32f1xx_hal_spi.o [1]
SPI_EndRxTxTransaction   0x800'8205   0x2a  Code  Lc  stm32f1xx_hal_spi.o [1]
SPI_WaitFlagStateUntilTimeout
                         0x800'80af   0xda  Code  Lc  stm32f1xx_hal_spi.o [1]
SSD1306                 0x2000'0784   0x14  Data  Lc  ssd1306.o [1]
SSD1306_Buffer          0x2000'00c0  0x400  Data  Lc  ssd1306.o [1]
SSD1306_DrawFilledRectangle
                         0x800'215f   0x84  Code  Gb  ssd1306.o [1]
SSD1306_DrawLine         0x800'1ea7  0x1fc  Code  Gb  ssd1306.o [1]
SSD1306_DrawPixel        0x800'1b79   0xd4  Code  Gb  ssd1306.o [1]
SSD1306_DrawRectangle    0x800'20a3   0xbc  Code  Gb  ssd1306.o [1]
SSD1306_Fill             0x800'1b55   0x24  Code  Gb  ssd1306.o [1]
SSD1306_GotoXY           0x800'1c4d   0x10  Code  Gb  ssd1306.o [1]
SSD1306_Init             0x800'1a8d   0x44  Code  Gb  ssd1306.o [1]
SSD1306_Putc             0x800'1ca5  0x1be  Code  Gb  ssd1306.o [1]
SSD1306_Puts             0x800'1e79   0x2e  Code  Gb  ssd1306.o [1]
SSD1306_Putspace         0x800'1c5d   0x48  Code  Gb  ssd1306.o [1]
SSD1306_UpdateScreen     0x800'1ad1   0x2a  Code  Gb  ssd1306.o [1]
SSD1306_printf           0x800'21e3   0x58  Code  Gb  ssd1306.o [1]
SVC_Handler              0x800'c003    0x2  Code  Gb  stm32f1xx_it.o [1]
SetSolderType            0x800'4785  0x1ca  Code  Lc  menu.o [1]
SetTimeout               0x800'4955  0x1ae  Code  Lc  menu.o [1]
Solder_H907_PWM_lim      0x800'45b1  0x1d4  Code  Lc  menu.o [1]
Solder_H907_PWM_limit   0x2000'0800    0x4  Data  Gb  const_var.o [1]
Solder_H907_PWM_limit_default
                         0x800'c838    0x4  Data  Gb  const_var.o [1]
Solder_H907_adc         0x2000'0842    0x2  Data  Gb  const_var.o [1]
Solder_Thermocouple_adc
                        0x2000'083c    0x2  Data  Gb  const_var.o [1]
Solder_Thermocouple_temp
                        0x2000'0844    0x2  Data  Gb  const_var.o [1]
Solder_filter_array     0x2000'075c   0x14  Data  Gb  const_var.o [1]
Solder_off_btn          0x2000'07a8   0x10  Data  Gb  const_var.o [1]
Solder_temp_z           0x2000'0832    0x2  Data  Gb  const_var.o [1]
Solder_temp_z_former    0x2000'0834    0x2  Data  Gb  const_var.o [1]
SysTick_Config           0x800'87e3   0x30  Code  Lc  stm32f1xx_hal_cortex.o [1]
SysTick_Handler          0x800'c009    0x8  Code  Gb  stm32f1xx_it.o [1]
SystemClock_Config       0x800'131d   0x96  Code  Gb  main.o [1]
SystemCoreClock         0x2000'0038    0x4  Data  Gb  system_stm32f1xx.o [1]
SystemInit               0x800'bfa1   0x3e  Code  Gb  system_stm32f1xx.o [1]
T1                       0x800'c848    0x4  Data  Gb  const_var.o [1]
T2                       0x800'c84c    0x4  Data  Gb  const_var.o [1]
TIM3_IRQHandler          0x800'c025    0xa  Code  Gb  stm32f1xx_it.o [1]
TIM_Base_SetConfig       0x800'3ff1   0x64  Code  Gb  stm32f1xx_hal_tim.o [1]
TIM_CCxChannelCmd        0x800'42d7   0x24  Code  Gb  stm32f1xx_hal_tim.o [1]
TIM_ETR_SetConfig        0x800'42bf   0x18  Code  Gb  stm32f1xx_hal_tim.o [1]
TIM_OC1_SetConfig        0x800'4055   0x58  Code  Lc  stm32f1xx_hal_tim.o [1]
TIM_OC2_SetConfig        0x800'40ad   0x62  Code  Gb  stm32f1xx_hal_tim.o [1]
TIM_OC3_SetConfig        0x800'410f   0x60  Code  Lc  stm32f1xx_hal_tim.o [1]
TIM_OC4_SetConfig        0x800'416f   0x46  Code  Lc  stm32f1xx_hal_tim.o [1]
TIM_SlaveTimer_SetConfig
                         0x800'41b7   0xb2  Code  Lc  stm32f1xx_hal_tim.o [1]
TIM_TI1_ConfigInputStage
                         0x800'4275   0x24  Code  Lc  stm32f1xx_hal_tim.o [1]
TIM_TI2_ConfigInputStage
                         0x800'4299   0x26  Code  Lc  stm32f1xx_hal_tim.o [1]
Temp_z_default           0x800'2826    0x2  Data  Gb  const_var.o [1]
TimeoutTime             0x2000'0830    0x2  Data  Gb  const_var.o [1]
Timeout_time_default     0x800'25de    0x2  Data  Gb  const_var.o [1]
U_fan_temp              0x2000'07ec    0x4  Data  Gb  const_var.o [1]
U_fan_temp_z            0x2000'07f0    0x4  Data  Gb  const_var.o [1]
U_solder_temp           0x2000'07d8    0x4  Data  Gb  const_var.o [1]
U_solder_temp_z         0x2000'07dc    0x4  Data  Gb  const_var.o [1]
UsageFault_Handler       0x800'c001    0x2  Code  Gb  stm32f1xx_it.o [1]
Uy_fan                  0x2000'07fc    0x4  Data  Gb  const_var.o [1]
Uy_fan_i                0x2000'07f8    0x4  Data  Gb  const_var.o [1]
Uy_fan_p                0x2000'07f4    0x4  Data  Gb  const_var.o [1]
Uy_solder               0x2000'07e8    0x4  Data  Gb  const_var.o [1]
Uy_solder_i             0x2000'07e4    0x4  Data  Gb  const_var.o [1]
Uy_solder_p             0x2000'07e0    0x4  Data  Gb  const_var.o [1]
_Encoding_8859_1_Mbrlen
                         0x800'245d    0x2  Code  Gb  xencoding_8859_1.o [2]
_Encoding_8859_1_Wctomb
                         0x800'244b   0x12  Code  Gb  xencoding_8859_1.o [2]
_LitobFull               0x800'9e03  0x10a  Code  Lc  xprintffull.o [2]
_Locale_lconv           0x2000'003c   0x38  Data  Lc  xlocale_c.o [2]
_PrintfFull              0x800'8ef1  0xcc2  Code  Gb  xprintffull.o [2]
_PutcharsFull            0x800'9f75   0x2e  Code  Lc  xprintffull.o [2]
_PutstrFull              0x800'9d43   0xc0  Code  Lc  xprintffull.o [2]
_PuttxtFull              0x800'9c37  0x10c  Code  Lc  xprintffull.o [2]
_SProut                  0x800'2493    0xa  Code  Gb  xsprout.o [2]
__NVIC_EnableIRQ         0x800'8759   0x1e  Code  Lc  stm32f1xx_hal_cortex.o [1]
__NVIC_GetPriorityGrouping
                         0x800'874f    0xa  Code  Lc  stm32f1xx_hal_cortex.o [1]
__NVIC_SetPriority       0x800'8777   0x2c  Code  Lc  stm32f1xx_hal_cortex.o [1]
__NVIC_SetPriorityGrouping
                         0x800'8731   0x1e  Code  Lc  stm32f1xx_hal_cortex.o [1]
__aeabi_cdcmple          0x800'a18d         Code  Gb  DblCmpLe.o [3]
__aeabi_cdrcmple         0x800'a1bd         Code  Gb  DblCmpGe.o [3]
__aeabi_cfcmple          0x800'2a11         Code  Gb  FltCmpLe.o [3]
__aeabi_cfrcmple         0x800'32d5         Code  Gb  FltCmpGe.o [3]
__aeabi_d2iz             0x800'290d         Code  Gb  DblToS32.o [3]
__aeabi_d2uiz            0x800'a329         Code  Gb  DblToU32.o [3]
__aeabi_ddiv             0x800'25e1         Code  Gb  DblDiv.o [3]
__aeabi_dmul             0x800'a36d         Code  Gb  DblMul.o [3]
__aeabi_dsub             0x800'2829         Code  Gb  DblSub.o [3]
__aeabi_f2d              0x800'8e95         Code  Gb  FltToDbl.o [3]
__aeabi_f2iz             0x800'2469         Code  Gb  FltToS32.o [3]
__aeabi_fadd             0x800'2369         Code  Gb  FltAdd.o [3]
__aeabi_fdiv             0x800'24c1         Code  Gb  FltDiv.o [3]
__aeabi_fmul             0x800'2291         Code  Gb  FltMul.o [3]
__aeabi_fsub             0x800'2949         Code  Gb  FltSub.o [3]
__aeabi_i2d              0x800'25bd         Code  Gb  S32ToDbl.o [3]
__aeabi_i2f              0x800'249d         Code  Gb  S32ToFlt.o [3]
__aeabi_ldiv0            0x800'a751         Code  Gb  I64DivZer.o [4]
__aeabi_memcpy           0x800'8885         Code  Gb  ABImemcpy.o [4]
__aeabi_memcpy4          0x800'88a5         Code  Gb  ABImemcpy.o [4]
__aeabi_memcpy8          0x800'88a5         Code  Gb  ABImemcpy.o [4]
__aeabi_memset           0x800'5865         Code  Gb  ABImemset.o [4]
__aeabi_ui2d             0x800'a351         Code  Gb  U32ToDbl.o [3]
__aeabi_ui2f             0x800'2275         Code  Gb  U32ToFlt.o [3]
__aeabi_uldivmod         0x800'a519         Code  Gb  I64DivMod.o [4]
__cmain                  0x800'c4a9         Code  Gb  cmain.o [4]
__exit                   0x800'a755   0x14  Code  Gb  exit.o [5]
__iar_Fail_s             0x800'a04d   0x1c  Code  Gb  xfail_s.o [2]
__iar_Mbcurmax           0x800'a50f    0xa  Code  Gb  xmbcurmax.o [2]
__iar_Memchr             0x800'a0c5         Code  Gb  memchr.o [4]
__iar_Memset             0x800'5865         Code  Gb  ABImemset.o [4]
__iar_Memset_word        0x800'586d         Code  Gb  ABImemset.o [4]
__iar_Strchr             0x800'a035         Code  Gb  strchr.o [4]
__iar_dadd               0x800'2839         Code  Gb  DblSub.o [3]
__iar_data_init3         0x800'c255   0x28  Code  Gb  data_init.o [4]
__iar_dsub               0x800'8961         Code  Gb  DblAdd.o [3]
__iar_dsubStart          0x800'8973         Code  Gb  DblAdd.o [3]
__iar_fadd               0x800'2955         Code  Gb  FltSub.o [3]
__iar_fmax32             0x800'29c9         Code  Gb  fmaxf.o [3]
__iar_fmin32             0x800'29ed         Code  Gb  fminf.o [3]
__iar_frexp              0x800'a129         Code  Gb  frexp.o [3]
__iar_frexp64            0x800'a11d         Code  Gb  frexp.o [3]
__iar_frexpl             0x800'a129         Code  Gb  frexp.o [3]
__iar_fsub               0x800'2375         Code  Gb  FltAdd.o [3]
__iar_fsubStart          0x800'2385         Code  Gb  FltAdd.o [3]
__iar_globLocale        0x2000'0074   0x48  Data  Lc  xlocale_c.o [2]
__iar_global_Locale      0x800'9fb9    0x4  Code  Gb  xlocale_c.o [2]
__iar_ldexp64            0x800'a1ed         Code  Gb  ldexp.o [3]
__iar_lz77_init_single3
                         0x800'bf29   0x78  Code  Gb  lz77_init_single.o [4]
__iar_program_start      0x800'c7a5         Code  Gb  cstartup_M.o [4]
__iar_scalbln64          0x800'a1ed         Code  Gb  ldexp.o [3]
__iar_scalbn64           0x800'a1ed         Code  Gb  ldexp.o [3]
__iar_zero_init3         0x800'223b   0x3a  Code  Gb  zero_init3.o [4]
__vector_table           0x800'0000         Data  Gb  startup_stm32f103xb.o [1]
_call_main               0x800'c4b5         Code  Gb  cmain.o [4]
_exit                    0x800'c4cd         Code  Gb  cexit.o [4]
_gLocale_mblen           0x800'a021    0x4  Code  Gb  xlocale_c.o [2]
_gLocale_mblenInt        0x800'9fe5   0x2c  Code  Gb  xlocale_c.o [2]
_gLocale_wctomb          0x800'a025    0x4  Code  Gb  xlocale_c.o [2]
_gLocale_wctombInt       0x800'a01d    0x4  Code  Gb  xlocale_c.o [2]
_main                    0x800'c4c3         Code  Gb  cmain.o [4]
abort                    0x800'a749    0x6  Code  Gb  abort.o [2]
adc_buffer              0x2000'06cc   0x30  Data  Gb  const_var.o [1]
amperzand_24ptBitmaps    0x800'b86c  0x254  Data  Gb  ssd1306_fonts.o [1]
amperzand_24ptDescriptors
                         0x800'c060   0x40  Data  Gb  ssd1306_fonts.o [1]
amperzand_24ptFontInfo  0x2000'0028    0xc  Data  Gb  ssd1306_fonts.o [1]
b_fan                   0x2000'07d4    0x4  Data  Gb  const_var.o [1]
b_fan_default            0x800'c834    0x4  Data  Gb  const_var.o [1]
b_solder                0x2000'07cc    0x4  Data  Gb  const_var.o [1]
b_solder_H907_default    0x800'c82c    0x4  Data  Gb  const_var.o [1]
b_solder_T12_default     0x800'c824    0x4  Data  Gb  const_var.o [1]
blower_fan_manage        0x800'0663   0xd6  Code  Gb  main.o [1]
blower_fan_manage::F_blower_block
                        0x2000'0865    0x1  Data  Lc  main.o [1]
delay                    0x800'0b59   0x10  Code  Gb  main.o [1]
dispMenu                 0x800'5751   0x6a  Code  Gb  menu.o [1]
enc_value_previous      0x2000'083a    0x2  Data  Gb  const_var.o [1]
exit                     0x800'c4c7    0x4  Code  Gb  exit.o [2]
fan_switch_off_source   0x2000'0851    0x1  Data  Gb  const_var.o [1]
fan_working_layout       0x800'00ed   0x6c  Code  Gb  main.o [1]
fmaxf                    0x800'29c9         Code  Gb  fmaxf.o [3]
fminf                    0x800'29ed         Code  Gb  fminf.o [3]
frexp                    0x800'a11d         Code  Gb  frexp.o [3]
frexpl                   0x800'a11d         Code  Gb  frexp.o [3]
getADC_values            0x800'01f9  0x1c6  Code  Gb  main.o [1]
getButtonState           0x800'31f3   0xd8  Code  Gb  button_drv.o [1]
getDiscreteInputs        0x800'0599   0xca  Code  Gb  main.o [1]
getDiscreteInputs::F_fan_gerkon_cnt
                        0x2000'0863    0x1  Data  Lc  main.o [1]
getDiscreteInputs::F_solder_switch_tmp_previous
                        0x2000'0864    0x1  Data  Lc  main.o [1]
getN_Solder_tip          0x800'4c51   0xda  Code  Lc  menu.o [1]
hadc1                   0x2000'06fc   0x30  Data  Gb  main.o [1]
hadc2                   0x2000'072c   0x30  Data  Gb  main.o [1]
hdma_adc1               0x2000'0644   0x44  Data  Gb  main.o [1]
hdma_i2c1_tx            0x2000'0688   0x44  Data  Gb  main.o [1]
hi2c1                   0x2000'0518   0x54  Data  Gb  main.o [1]
hspi2                   0x2000'04c0   0x58  Data  Gb  main.o [1]
htim1                   0x2000'056c   0x48  Data  Gb  main.o [1]
htim2                   0x2000'05b4   0x48  Data  Gb  main.o [1]
htim3                   0x2000'05fc   0x48  Data  Gb  main.o [1]
k_fan                   0x2000'07d0    0x4  Data  Gb  const_var.o [1]
k_fan_default            0x800'c830    0x4  Data  Gb  const_var.o [1]
k_solder                0x2000'07c8    0x4  Data  Gb  const_var.o [1]
k_solder_H907_default    0x800'c828    0x4  Data  Gb  const_var.o [1]
k_solder_T12_default     0x800'c820    0x4  Data  Gb  const_var.o [1]
ldexp                    0x800'a1ed         Code  Gb  ldexp.o [3]
ldexpl                   0x800'a1ed         Code  Gb  ldexp.o [3]
localeconv               0x800'a029    0x4  Code  Gb  xlocale_c.o [2]
mSGothic_12ptBitmaps     0x800'aeb8  0x5e0  Data  Gb  ssd1306_fonts.o [1]
mSGothic_12ptDescriptors
                         0x800'bc38  0x178  Data  Gb  ssd1306_fonts.o [1]
mSGothic_12ptFontInfo   0x2000'0010    0xc  Data  Gb  ssd1306_fonts.o [1]
main                     0x800'0b69  0x77e  Code  Gb  main.o [1]
main::Fcntr             0x2000'0866    0x1  Data  Lc  main.o [1]
main::cnt_filter        0x2000'0867    0x1  Data  Lc  main.o [1]
main::cntr              0x2000'084c    0x2  Data  Lc  main.o [1]
memchr                   0x800'a0c5         Code  Gb  memchr.o [4]
memset                   0x800'8edd   0x14  Code  Gb  memset.o [4]
menuText                 0x800'56e1   0x60  Code  Gb  menu.o [1]
palatinoLinotype_12ptBitmaps
                         0x800'a768  0x750  Data  Gb  ssd1306_fonts.o [1]
palatinoLinotype_12ptDescriptors
                         0x800'bac0  0x178  Data  Gb  ssd1306_fonts.o [1]
palatinoLinotype_12ptFontInfo
                        0x2000'0004    0xc  Data  Gb  ssd1306_fonts.o [1]
prog_state_previous     0x2000'084f    0x1  Data  Gb  const_var.o [1]
progstate               0x2000'084e    0x1  Data  Gb  const_var.o [1]
regulator_fan            0x800'04ed   0xac  Code  Gb  main.o [1]
regulator_solder         0x800'03bf  0x12e  Code  Gb  main.o [1]
sEE_ReadBuffer           0x800'3345   0x70  Code  Gb  sEEPROM.o [1]
sEE_WaitForWriteEnd      0x800'35d5   0x62  Code  Gb  sEEPROM.o [1]
sEE_WriteBuffer          0x800'33b5  0x16e  Code  Gb  sEEPROM.o [1]
sEE_WriteEnable          0x800'3599   0x3c  Code  Gb  sEEPROM.o [1]
sEE_WritePage            0x800'3523   0x76  Code  Gb  sEEPROM.o [1]
scalbln                  0x800'a1ed         Code  Gb  ldexp.o [3]
scalblnl                 0x800'a1ed         Code  Gb  ldexp.o [3]
scalbn                   0x800'a1ed         Code  Gb  ldexp.o [3]
scalbnl                  0x800'a1ed         Code  Gb  ldexp.o [3]
scale                    0x800'9f0d   0x46  Code  Lc  xprintffull.o [2]
sec_hand                0x2000'082c    0x4  Data  Lc  xfail_s.o [2]
segoeUI_8ptBitmaps       0x800'b498  0x3d4  Data  Gb  ssd1306_fonts.o [1]
segoeUI_8ptDescriptors   0x800'bdb0  0x178  Data  Gb  ssd1306_fonts.o [1]
segoeUI_8ptFontInfo     0x2000'001c    0xc  Data  Gb  ssd1306_fonts.o [1]
show_menu                0x800'563f   0x92  Code  Gb  menu.o [1]
solder_working_layout    0x800'0159   0x9c  Code  Gb  main.o [1]
soldertype              0x2000'0850    0x1  Data  Gb  const_var.o [1]
ssd1306_SendToDisplay    0x800'1afb   0x5a  Code  Lc  ssd1306.o [1]
strNULL                  0x800'892b    0x1  Data  Gb  const_var.o [1]
strchr                   0x800'a035         Code  Gb  strchr.o [4]
strlen                   0x800'a08d         Code  Gb  strlen.o [4]
tp                       0x800'c850    0x4  Data  Gb  const_var.o [1]
uwTick                  0x2000'0828    0x4  Data  Gb  stm32f1xx_hal.o [1]
uwTickFreq              0x2000'00bf    0x1  Data  Gb  stm32f1xx_hal.o [1]
uwTickPrio              0x2000'0034    0x4  Data  Gb  stm32f1xx_hal.o [1]
vsprintf                 0x800'892d   0x34  Code  Gb  vsprintf.o [2]


[1] = D:\ARM_PROJECTS\STM32F103_Projects\CUBE\SolderStation_Git\SolderStation_F103\EWARM\SolderStation_F103\Obj
[2] = dl7M_tlf.a
[3] = m7M_tl.a
[4] = rt7M_tl.a
[5] = shb_l.a

  43'423 bytes of readonly  code memory
   8'123 bytes of readonly  data memory
   3'176 bytes of readwrite data memory

Errors: none
Warnings: none
