###############################################################################
#
# IAR ELF Linker V8.50.6.265/W32 for ARM                  07/Dec/2020  22:02:03
# Copyright 2007-2020 IAR Systems AB.
#
#    Output file  =
#        D:\WORK\ST\STM32F013C8T6B_BluePill\Projects\CUBE\SolderStation_F103\EWARM\SolderStation_F103\Exe\SolderStation_F103.out
#    Map file     =
#        D:\WORK\ST\STM32F013C8T6B_BluePill\Projects\CUBE\SolderStation_F103\EWARM\SolderStation_F103\List\SolderStation_F103.map
#    Command line =
#        -f C:\Users\denpr\AppData\Local\Temp\EWFDDB.tmp
#        (D:\WORK\ST\STM32F013C8T6B_BluePill\Projects\CUBE\SolderStation_F103\EWARM\SolderStation_F103\Obj\button_drv.o
#        D:\WORK\ST\STM32F013C8T6B_BluePill\Projects\CUBE\SolderStation_F103\EWARM\SolderStation_F103\Obj\const_var.o
#        D:\WORK\ST\STM32F013C8T6B_BluePill\Projects\CUBE\SolderStation_F103\EWARM\SolderStation_F103\Obj\main.o
#        D:\WORK\ST\STM32F013C8T6B_BluePill\Projects\CUBE\SolderStation_F103\EWARM\SolderStation_F103\Obj\menu.o
#        D:\WORK\ST\STM32F013C8T6B_BluePill\Projects\CUBE\SolderStation_F103\EWARM\SolderStation_F103\Obj\MicroMenu.o
#        D:\WORK\ST\STM32F013C8T6B_BluePill\Projects\CUBE\SolderStation_F103\EWARM\SolderStation_F103\Obj\sEEPROM.o
#        D:\WORK\ST\STM32F013C8T6B_BluePill\Projects\CUBE\SolderStation_F103\EWARM\SolderStation_F103\Obj\ssd1306.o
#        D:\WORK\ST\STM32F013C8T6B_BluePill\Projects\CUBE\SolderStation_F103\EWARM\SolderStation_F103\Obj\ssd1306_fonts.o
#        D:\WORK\ST\STM32F013C8T6B_BluePill\Projects\CUBE\SolderStation_F103\EWARM\SolderStation_F103\Obj\startup_stm32f103xb.o
#        D:\WORK\ST\STM32F013C8T6B_BluePill\Projects\CUBE\SolderStation_F103\EWARM\SolderStation_F103\Obj\stm32f1xx_hal.o
#        D:\WORK\ST\STM32F013C8T6B_BluePill\Projects\CUBE\SolderStation_F103\EWARM\SolderStation_F103\Obj\stm32f1xx_hal_adc.o
#        D:\WORK\ST\STM32F013C8T6B_BluePill\Projects\CUBE\SolderStation_F103\EWARM\SolderStation_F103\Obj\stm32f1xx_hal_adc_ex.o
#        D:\WORK\ST\STM32F013C8T6B_BluePill\Projects\CUBE\SolderStation_F103\EWARM\SolderStation_F103\Obj\stm32f1xx_hal_cortex.o
#        D:\WORK\ST\STM32F013C8T6B_BluePill\Projects\CUBE\SolderStation_F103\EWARM\SolderStation_F103\Obj\stm32f1xx_hal_dma.o
#        D:\WORK\ST\STM32F013C8T6B_BluePill\Projects\CUBE\SolderStation_F103\EWARM\SolderStation_F103\Obj\stm32f1xx_hal_exti.o
#        D:\WORK\ST\STM32F013C8T6B_BluePill\Projects\CUBE\SolderStation_F103\EWARM\SolderStation_F103\Obj\stm32f1xx_hal_flash.o
#        D:\WORK\ST\STM32F013C8T6B_BluePill\Projects\CUBE\SolderStation_F103\EWARM\SolderStation_F103\Obj\stm32f1xx_hal_flash_ex.o
#        D:\WORK\ST\STM32F013C8T6B_BluePill\Projects\CUBE\SolderStation_F103\EWARM\SolderStation_F103\Obj\stm32f1xx_hal_gpio.o
#        D:\WORK\ST\STM32F013C8T6B_BluePill\Projects\CUBE\SolderStation_F103\EWARM\SolderStation_F103\Obj\stm32f1xx_hal_gpio_ex.o
#        D:\WORK\ST\STM32F013C8T6B_BluePill\Projects\CUBE\SolderStation_F103\EWARM\SolderStation_F103\Obj\stm32f1xx_hal_i2c.o
#        D:\WORK\ST\STM32F013C8T6B_BluePill\Projects\CUBE\SolderStation_F103\EWARM\SolderStation_F103\Obj\stm32f1xx_hal_msp.o
#        D:\WORK\ST\STM32F013C8T6B_BluePill\Projects\CUBE\SolderStation_F103\EWARM\SolderStation_F103\Obj\stm32f1xx_hal_pwr.o
#        D:\WORK\ST\STM32F013C8T6B_BluePill\Projects\CUBE\SolderStation_F103\EWARM\SolderStation_F103\Obj\stm32f1xx_hal_rcc.o
#        D:\WORK\ST\STM32F013C8T6B_BluePill\Projects\CUBE\SolderStation_F103\EWARM\SolderStation_F103\Obj\stm32f1xx_hal_rcc_ex.o
#        D:\WORK\ST\STM32F013C8T6B_BluePill\Projects\CUBE\SolderStation_F103\EWARM\SolderStation_F103\Obj\stm32f1xx_hal_spi.o
#        D:\WORK\ST\STM32F013C8T6B_BluePill\Projects\CUBE\SolderStation_F103\EWARM\SolderStation_F103\Obj\stm32f1xx_hal_tim.o
#        D:\WORK\ST\STM32F013C8T6B_BluePill\Projects\CUBE\SolderStation_F103\EWARM\SolderStation_F103\Obj\stm32f1xx_hal_tim_ex.o
#        D:\WORK\ST\STM32F013C8T6B_BluePill\Projects\CUBE\SolderStation_F103\EWARM\SolderStation_F103\Obj\stm32f1xx_it.o
#        D:\WORK\ST\STM32F013C8T6B_BluePill\Projects\CUBE\SolderStation_F103\EWARM\SolderStation_F103\Obj\system_stm32f1xx.o
#        --redirect _Printf=_PrintfFull --redirect _Scanf=_ScanfFull
#        --no_out_extension -o
#        D:\WORK\ST\STM32F013C8T6B_BluePill\Projects\CUBE\SolderStation_F103\EWARM\SolderStation_F103\Exe\SolderStation_F103.out
#        --map
#        D:\WORK\ST\STM32F013C8T6B_BluePill\Projects\CUBE\SolderStation_F103\EWARM\SolderStation_F103\List\SolderStation_F103.map
#        --config
#        D:\WORK\ST\STM32F013C8T6B_BluePill\Projects\CUBE\SolderStation_F103\EWARM/stm32f103xb_flash.icf
#        --semihosting --entry __iar_program_start --inline --vfe --text_out
#        locale)
#
###############################################################################

*******************************************************************************
*** RUNTIME MODEL ATTRIBUTES
***

CppFlavor       = *
__SystemLibrary = DLib
__dlib_version  = 6


*******************************************************************************
*** HEAP SELECTION
***

The basic heap was selected because no calls to memory allocation
functions were found in the application outside of system library
functions, and there are calls to deallocation functions in the
application.


*******************************************************************************
*** PLACEMENT SUMMARY
***

"A0":  place at address 0x800'0000 { ro section .intvec };
"P1":  place in [from 0x800'0000 to 0x801'ffff] { ro };
define block CSTACK with size = 1K, alignment = 8 { };
define block HEAP with size = 512, alignment = 8 { };
"P2":  place in [from 0x2000'0000 to 0x2000'4fff] {
          rw, block CSTACK, block HEAP };
initialize by copy { rw };

  Section            Kind         Address    Size  Object
  -------            ----         -------    ----  ------
"A0":                                        0xec
  .intvec            ro code   0x800'0000    0xec  startup_stm32f103xb.o [1]
                             - 0x800'00ec    0xec

"P1":                                      0xc8d6
  .text              ro code   0x800'00ec  0x19c0  main.o [1]
  .text              ro code   0x800'1aac   0x7ae  ssd1306.o [1]
  .text              ro code   0x800'225a    0x3a  zero_init3.o [4]
  .text              ro code   0x800'2294    0x1c  U32ToFlt.o [3]
  .text              ro code   0x800'22b0    0xd8  FltMul.o [3]
  .text              ro code   0x800'2388    0xe2  FltAdd.o [3]
  .text              ro code   0x800'246a    0x1e  xencoding_8859_1.o [2]
  .text              ro code   0x800'2488    0x2a  FltToS32.o [3]
  .text              ro code   0x800'24b2     0xa  xsprout.o [2]
  .text              ro code   0x800'24bc    0x24  S32ToFlt.o [3]
  .text              ro code   0x800'24e0    0xfc  FltDiv.o [3]
  .text              ro code   0x800'25dc    0x22  S32ToDbl.o [3]
  .rodata            const     0x800'25fe     0x2  const_var.o [1]
  .text              ro code   0x800'2600   0x246  DblDiv.o [3]
  .rodata            const     0x800'2846     0x2  const_var.o [1]
  .text              ro code   0x800'2848    0xe2  DblSub.o [3]
  .rodata            const     0x800'292a     0x2  stm32f1xx_hal_rcc.o [1]
  .text              ro code   0x800'292c    0x3a  DblToS32.o [3]
  .rodata            const     0x800'2966     0x2  stm32f1xx_hal_rcc_ex.o [1]
  .text              ro code   0x800'2968    0x80  FltSub.o [3]
  .text              ro code   0x800'29e8    0x24  fmaxf.o [3]
  .text              ro code   0x800'2a0c    0x24  fminf.o [3]
  .text              ro code   0x800'2a30    0x24  FltCmpLe.o [3]
  .text              ro code   0x800'2a54   0x2a8  stm32f1xx_hal_gpio.o [1]
  .text              ro code   0x800'2cfc   0x516  stm32f1xx_hal_adc.o [1]
  .text              ro code   0x800'3212    0xe2  button_drv.o [1]
  .text              ro code   0x800'32f4    0x24  FltCmpGe.o [3]
  .text              ro code   0x800'3318    0x24  stm32f1xx_hal.o [1]
  .text              ro code   0x800'333c    0x28  stm32f1xx_hal.o [1]
  .text              ro code   0x800'3364   0x2f8  sEEPROM.o [1]
  .text              ro code   0x800'365c   0x278  stm32f1xx_hal_adc_ex.o [1]
  .text              ro code   0x800'38d4   0xa46  stm32f1xx_hal_tim.o [1]
  .rodata            const     0x800'431a     0x2  xlocale_c.o [2]
  .text              ro code   0x800'431c    0x68  MicroMenu.o [1]
  .text              ro code   0x800'4384  0x1558  menu.o [1]
  .text              ro code   0x800'58dc    0x66  ABImemset.o [4]
  .rodata            const     0x800'5942     0x2  xlocale_c.o [2]
  .text              ro code   0x800'5944   0x660  stm32f1xx_hal_rcc.o [1]
  .text              ro code   0x800'5fa4   0x244  stm32f1xx_hal_rcc_ex.o [1]
  .text              ro code   0x800'61e8  0x190c  stm32f1xx_hal_i2c.o [1]
  .text              ro code   0x800'7af4   0x7b8  stm32f1xx_hal_spi.o [1]
  .text              ro code   0x800'82ac    0xd8  stm32f1xx_hal_tim_ex.o [1]
  .text              ro code   0x800'8384   0x424  stm32f1xx_hal_msp.o [1]
  .text              ro code   0x800'87a8   0x154  stm32f1xx_hal_cortex.o [1]
  .text              ro code   0x800'88fc    0xa6  ABImemcpy.o [4]
  .rodata            const     0x800'89a2     0x1  const_var.o [1]
  .rodata            const     0x800'89a3     0x1  const_var.o [1]
  .text              ro code   0x800'89a4    0x34  vsprintf.o [2]
  .text              ro code   0x800'89d8   0x16a  DblAdd.o [3]
  .rodata            const     0x800'8b42     0x1  xlocale_c.o [2]
  .text              ro code   0x800'8b44     0xc  stm32f1xx_hal.o [1]
  .text              ro code   0x800'8b50    0x4c  stm32f1xx_hal.o [1]
  .text              ro code   0x800'8b9c   0x370  stm32f1xx_hal_dma.o [1]
  .text              ro code   0x800'8f0c    0x14  memset.o [4]
  .text              ro code   0x800'8f20  0x10c6  xprintffull.o [2]
  .text              ro code   0x800'9fe8    0x7c  xlocale_c.o [2]
  .text              ro code   0x800'a064    0x16  strchr.o [4]
  .text              ro code   0x800'a07c    0x40  xfail_s.o [2]
  .text              ro code   0x800'a0bc    0x36  strlen.o [4]
  .text              ro code   0x800'a0f4    0x58  memchr.o [4]
  .text              ro code   0x800'a14c    0x70  frexp.o [3]
  .text              ro code   0x800'a1bc    0x2e  DblCmpLe.o [3]
  .text              ro code   0x800'a1ec    0x2e  DblCmpGe.o [3]
  .text              ro code   0x800'a21c   0x13a  ldexp.o [3]
  .text              ro code   0x800'a358    0x28  DblToU32.o [3]
  .text              ro code   0x800'a380    0x1a  U32ToDbl.o [3]
  .text              ro code   0x800'a39c   0x1a2  DblMul.o [3]
  .text              ro code   0x800'a53e     0xa  xmbcurmax.o [2]
  .text              ro code   0x800'a548   0x230  I64DivMod.o [4]
  .text              ro code   0x800'a778     0x6  abort.o [2]
  .text              ro code   0x800'a780     0x2  I64DivZer.o [4]
  .text              ro code   0x800'a784    0x14  exit.o [5]
  .rodata            const     0x800'a798   0x750  ssd1306_fonts.o [1]
  .rodata            const     0x800'aee8   0x5e0  ssd1306_fonts.o [1]
  .rodata            const     0x800'b4c8   0x3d4  ssd1306_fonts.o [1]
  .rodata            const     0x800'b89c   0x254  ssd1306_fonts.o [1]
  .rodata            const     0x800'baf0   0x178  ssd1306_fonts.o [1]
  .rodata            const     0x800'bc68   0x178  ssd1306_fonts.o [1]
  .rodata            const     0x800'bde0   0x178  ssd1306_fonts.o [1]
  .text              ro code   0x800'bf58    0x78  lz77_init_single.o [4]
  .text              ro code   0x800'bfd0    0x58  system_stm32f1xx.o [1]
  .text              ro code   0x800'c028    0x50  stm32f1xx_it.o [1]
  .text              ro code   0x800'c078    0x18  stm32f1xx_hal.o [1]
  .rodata            const     0x800'c090    0x40  ssd1306_fonts.o [1]
  .rodata            const     0x800'c0d0    0x30  menu.o [1]
  .rodata            const     0x800'c100    0x30  menu.o [1]
  .rodata            const     0x800'c130    0x30  menu.o [1]
  .rodata            const     0x800'c160    0x30  menu.o [1]
  .rodata            const     0x800'c190    0x2c  menu.o [1]
  .rodata            const     0x800'c1bc    0x2c  menu.o [1]
  .rodata            const     0x800'c1e8    0x28  menu.o [1]
  .rodata            const     0x800'c210    0x28  menu.o [1]
  .rodata            const     0x800'c238    0x28  menu.o [1]
  .rodata            const     0x800'c260    0x28  menu.o [1]
  .text              ro code   0x800'c288    0x28  data_init.o [4]
  .rodata            const     0x800'c2b0    0x24  menu.o [1]
  .rodata            const     0x800'c2d4    0x24  menu.o [1]
  .rodata            const     0x800'c2f8    0x24  menu.o [1]
  .iar.init_table    const     0x800'c31c    0x20  - Linker created -
  .rodata            const     0x800'c33c    0x20  menu.o [1]
  .rodata            const     0x800'c35c    0x20  menu.o [1]
  .rodata            const     0x800'c37c    0x20  menu.o [1]
  .rodata            const     0x800'c39c    0x20  menu.o [1]
  .rodata            const     0x800'c3bc    0x20  menu.o [1]
  .rodata            const     0x800'c3dc    0x20  menu.o [1]
  .rodata            const     0x800'c3fc    0x20  menu.o [1]
  .rodata            const     0x800'c41c    0x20  menu.o [1]
  .rodata            const     0x800'c43c    0x20  menu.o [1]
  .rodata            const     0x800'c45c    0x20  menu.o [1]
  .rodata            const     0x800'c47c    0x20  menu.o [1]
  .rodata            const     0x800'c49c    0x20  menu.o [1]
  .rodata            const     0x800'c4bc    0x20  menu.o [1]
  .text              ro code   0x800'c4dc    0x1e  cmain.o [4]
  .text              ro code   0x800'c4fa     0x4  exit.o [2]
  .text              ro code   0x800'c500     0xa  cexit.o [4]
  .rodata            const     0x800'c50c    0x1c  menu.o [1]
  .rodata            const     0x800'c528    0x1c  menu.o [1]
  .rodata            const     0x800'c544    0x1c  menu.o [1]
  .rodata            const     0x800'c560    0x1c  menu.o [1]
  .rodata            const     0x800'c57c    0x18  main.o [1]
  .rodata            const     0x800'c594    0x18  menu.o [1]
  .rodata            const     0x800'c5ac    0x18  menu.o [1]
  .rodata            const     0x800'c5c4    0x18  menu.o [1]
  .rodata            const     0x800'c5dc    0x18  menu.o [1]
  .rodata            const     0x800'c5f4    0x18  menu.o [1]
  .rodata            const     0x800'c60c    0x18  menu.o [1]
  .rodata            const     0x800'c624    0x18  menu.o [1]
  .rodata            const     0x800'c63c    0x18  menu.o [1]
  .rodata            const     0x800'c654    0x18  MicroMenu.o [1]
  .rodata            const     0x800'c66c    0x14  main.o [1]
  .rodata            const     0x800'c680    0x14  menu.o [1]
  .rodata            const     0x800'c694    0x14  menu.o [1]
  .rodata            const     0x800'c6a8    0x14  menu.o [1]
  .rodata            const     0x800'c6bc    0x14  menu.o [1]
  .rodata            const     0x800'c6d0    0x14  menu.o [1]
  .rodata            const     0x800'c6e4    0x14  menu.o [1]
  .rodata            const     0x800'c6f8    0x14  menu.o [1]
  .rodata            const     0x800'c70c    0x14  menu.o [1]
  .rodata            const     0x800'c720    0x14  ssd1306.o [1]
  .rodata            const     0x800'c734    0x10  main.o [1]
  .rodata            const     0x800'c744    0x10  menu.o [1]
  .rodata            const     0x800'c754    0x10  menu.o [1]
  .rodata            const     0x800'c764    0x10  menu.o [1]
  .rodata            const     0x800'c774    0x10  menu.o [1]
  .rodata            const     0x800'c784    0x10  stm32f1xx_hal_rcc.o [1]
  .rodata            const     0x800'c794    0x10  stm32f1xx_hal_rcc_ex.o [1]
  .rodata            const     0x800'c7a4    0x10  system_stm32f1xx.o [1]
  .text              ro code   0x800'c7b4    0x10  startup_stm32f103xb.o [1]
  .rodata            const     0x800'c7c4     0xc  main.o [1]
  .rodata            const     0x800'c7d0     0xc  main.o [1]
  .rodata            const     0x800'c7dc     0xc  menu.o [1]
  .rodata            const     0x800'c7e8     0xc  menu.o [1]
  .rodata            const     0x800'c7f4     0xc  menu.o [1]
  .rodata            const     0x800'c800     0xc  menu.o [1]
  .text              ro code   0x800'c80c     0xc  cstartup_M.o [4]
  .rodata            const     0x800'c818     0x8  main.o [1]
  .rodata            const     0x800'c820     0x8  main.o [1]
  .rodata            const     0x800'c828     0x8  main.o [1]
  .rodata            const     0x800'c830     0x8  main.o [1]
  .rodata            const     0x800'c838     0x8  main.o [1]
  .rodata            const     0x800'c840     0x8  main.o [1]
  .rodata            const     0x800'c848     0x8  menu.o [1]
  .rodata            const     0x800'c850     0x8  menu.o [1]
  .rodata            const     0x800'c858     0x8  menu.o [1]
  .rodata            const     0x800'c860     0x8  menu.o [1]
  .rodata            const     0x800'c868     0x8  menu.o [1]
  .rodata            const     0x800'c870     0x8  menu.o [1]
  .rodata            const     0x800'c878     0x8  ssd1306.o [1]
  .rodata            const     0x800'c880     0x8  system_stm32f1xx.o [1]
  .rodata            const     0x800'c888     0x4  const_var.o [1]
  .rodata            const     0x800'c88c     0x4  const_var.o [1]
  .rodata            const     0x800'c890     0x4  const_var.o [1]
  .rodata            const     0x800'c894     0x4  const_var.o [1]
  .rodata            const     0x800'c898     0x4  const_var.o [1]
  .rodata            const     0x800'c89c     0x4  const_var.o [1]
  .rodata            const     0x800'c8a0     0x4  const_var.o [1]
  .rodata            const     0x800'c8a4     0x4  const_var.o [1]
  .rodata            const     0x800'c8a8     0x4  const_var.o [1]
  .rodata            const     0x800'c8ac     0x4  const_var.o [1]
  .rodata            const     0x800'c8b0     0x4  const_var.o [1]
  .rodata            const     0x800'c8b4     0x4  const_var.o [1]
  .rodata            const     0x800'c8b8     0x4  const_var.o [1]
  .text              ro code   0x800'c8bc     0x4  startup_stm32f103xb.o [1]
  .text              ro code   0x800'c8c0     0x4  startup_stm32f103xb.o [1]
  .text              ro code   0x800'c8c4     0x4  startup_stm32f103xb.o [1]
  .text              ro code   0x800'c8c8     0x4  startup_stm32f103xb.o [1]
  .text              ro code   0x800'c8cc     0x4  startup_stm32f103xb.o [1]
  .text              ro code   0x800'c8d0     0x4  startup_stm32f103xb.o [1]
  .text              ro code   0x800'c8d4     0x4  startup_stm32f103xb.o [1]
  .text              ro code   0x800'c8d8     0x4  startup_stm32f103xb.o [1]
  .text              ro code   0x800'c8dc     0x4  startup_stm32f103xb.o [1]
  .text              ro code   0x800'c8e0     0x4  startup_stm32f103xb.o [1]
  .text              ro code   0x800'c8e4     0x4  startup_stm32f103xb.o [1]
  .text              ro code   0x800'c8e8     0x4  startup_stm32f103xb.o [1]
  .text              ro code   0x800'c8ec     0x4  startup_stm32f103xb.o [1]
  .text              ro code   0x800'c8f0     0x4  startup_stm32f103xb.o [1]
  .text              ro code   0x800'c8f4     0x4  startup_stm32f103xb.o [1]
  .text              ro code   0x800'c8f8     0x4  startup_stm32f103xb.o [1]
  .text              ro code   0x800'c8fc     0x4  startup_stm32f103xb.o [1]
  .text              ro code   0x800'c900     0x4  startup_stm32f103xb.o [1]
  .text              ro code   0x800'c904     0x4  startup_stm32f103xb.o [1]
  .text              ro code   0x800'c908     0x4  startup_stm32f103xb.o [1]
  .text              ro code   0x800'c90c     0x4  startup_stm32f103xb.o [1]
  .text              ro code   0x800'c910     0x4  startup_stm32f103xb.o [1]
  .text              ro code   0x800'c914     0x4  startup_stm32f103xb.o [1]
  .text              ro code   0x800'c918     0x4  startup_stm32f103xb.o [1]
  .text              ro code   0x800'c91c     0x4  startup_stm32f103xb.o [1]
  .text              ro code   0x800'c920     0x4  startup_stm32f103xb.o [1]
  .text              ro code   0x800'c924     0x4  startup_stm32f103xb.o [1]
  .text              ro code   0x800'c928     0x4  startup_stm32f103xb.o [1]
  .text              ro code   0x800'c92c     0x4  startup_stm32f103xb.o [1]
  .text              ro code   0x800'c930     0x4  startup_stm32f103xb.o [1]
  .text              ro code   0x800'c934     0x4  startup_stm32f103xb.o [1]
  .text              ro code   0x800'c938     0x4  startup_stm32f103xb.o [1]
  .text              ro code   0x800'c93c     0x4  startup_stm32f103xb.o [1]
  .text              ro code   0x800'c940     0x4  startup_stm32f103xb.o [1]
  .text              ro code   0x800'c944     0x4  startup_stm32f103xb.o [1]
  .text              ro code   0x800'c948     0x4  startup_stm32f103xb.o [1]
  .text              ro code   0x800'c94c     0x4  startup_stm32f103xb.o [1]
  .text              ro code   0x800'c950     0x4  startup_stm32f103xb.o [1]
  .text              ro code   0x800'c954     0x4  startup_stm32f103xb.o [1]
  .rodata            const     0x800'c958     0x0  zero_init3.o [4]
  .rodata            const     0x800'c958     0x0  lz77_init_single.o [4]
  Initializer bytes  const     0x800'c958    0x6a  <for P2-1>
                             - 0x800'c9c2  0xc8d6

"P2", part 1 of 3:                           0xc0
  P2-1                        0x2000'0000    0xc0  <Init block>
    .data            inited   0x2000'0000     0x4  MicroMenu.o [1]
    .data            inited   0x2000'0004     0xc  ssd1306_fonts.o [1]
    .data            inited   0x2000'0010     0xc  ssd1306_fonts.o [1]
    .data            inited   0x2000'001c     0xc  ssd1306_fonts.o [1]
    .data            inited   0x2000'0028     0xc  ssd1306_fonts.o [1]
    .data            inited   0x2000'0034     0x4  stm32f1xx_hal.o [1]
    .data            inited   0x2000'0038     0x4  system_stm32f1xx.o [1]
    .data            inited   0x2000'003c    0x38  xlocale_c.o [2]
    .data            inited   0x2000'0074    0x48  xlocale_c.o [2]
    .data            inited   0x2000'00bc     0x1  const_var.o [1]
    .data            inited   0x2000'00bd     0x1  const_var.o [1]
    .data            inited   0x2000'00be     0x1  const_var.o [1]
    .data            inited   0x2000'00bf     0x1  stm32f1xx_hal.o [1]
                            - 0x2000'00c0    0xc0

"P2", part 2 of 3:                          0x7a8
  .bss               zero     0x2000'00c0   0x400  ssd1306.o [1]
  .bss               zero     0x2000'04c0    0x58  main.o [1]
  .bss               zero     0x2000'0518    0x54  main.o [1]
  .bss               zero     0x2000'056c    0x48  main.o [1]
  .bss               zero     0x2000'05b4    0x48  main.o [1]
  .bss               zero     0x2000'05fc    0x48  main.o [1]
  .bss               zero     0x2000'0644    0x44  main.o [1]
  .bss               zero     0x2000'0688    0x44  main.o [1]
  .bss               zero     0x2000'06cc    0x30  const_var.o [1]
  .bss               zero     0x2000'06fc    0x30  main.o [1]
  .bss               zero     0x2000'072c    0x30  main.o [1]
  .bss               zero     0x2000'075c    0x14  const_var.o [1]
  .bss               zero     0x2000'0770    0x14  const_var.o [1]
  .bss               zero     0x2000'0784    0x14  ssd1306.o [1]
  .bss               zero     0x2000'0798    0x10  const_var.o [1]
  .bss               zero     0x2000'07a8    0x10  const_var.o [1]
  .bss               zero     0x2000'07b8    0x10  const_var.o [1]
  .bss               zero     0x2000'07c8     0x4  const_var.o [1]
  .bss               zero     0x2000'07cc     0x4  const_var.o [1]
  .bss               zero     0x2000'07d0     0x4  const_var.o [1]
  .bss               zero     0x2000'07d4     0x4  const_var.o [1]
  .bss               zero     0x2000'07d8     0x4  const_var.o [1]
  .bss               zero     0x2000'07dc     0x4  const_var.o [1]
  .bss               zero     0x2000'07e0     0x4  const_var.o [1]
  .bss               zero     0x2000'07e4     0x4  const_var.o [1]
  .bss               zero     0x2000'07e8     0x4  const_var.o [1]
  .bss               zero     0x2000'07ec     0x4  const_var.o [1]
  .bss               zero     0x2000'07f0     0x4  const_var.o [1]
  .bss               zero     0x2000'07f4     0x4  const_var.o [1]
  .bss               zero     0x2000'07f8     0x4  const_var.o [1]
  .bss               zero     0x2000'07fc     0x4  const_var.o [1]
  .bss               zero     0x2000'0800     0x4  const_var.o [1]
  .bss               zero     0x2000'0804     0x4  menu.o [1]
  .bss               zero     0x2000'0808     0x4  menu.o [1]
  .bss               zero     0x2000'080c     0x4  menu.o [1]
  .bss               zero     0x2000'0810     0x4  menu.o [1]
  .bss               zero     0x2000'0814     0x4  menu.o [1]
  .bss               zero     0x2000'0818     0x4  menu.o [1]
  .bss               zero     0x2000'081c     0x4  menu.o [1]
  .bss               zero     0x2000'0820     0x4  menu.o [1]
  .bss               zero     0x2000'0824     0x4  MicroMenu.o [1]
  .bss               zero     0x2000'0828     0x4  stm32f1xx_hal.o [1]
  .bss               zero     0x2000'082c     0x4  xfail_s.o [2]
  .bss               zero     0x2000'0830     0x2  const_var.o [1]
  .bss               zero     0x2000'0832     0x2  const_var.o [1]
  .bss               zero     0x2000'0834     0x2  const_var.o [1]
  .bss               zero     0x2000'0836     0x2  const_var.o [1]
  .bss               zero     0x2000'0838     0x2  const_var.o [1]
  .bss               zero     0x2000'083a     0x2  const_var.o [1]
  .bss               zero     0x2000'083c     0x2  const_var.o [1]
  .bss               zero     0x2000'083e     0x2  const_var.o [1]
  .bss               zero     0x2000'0840     0x2  const_var.o [1]
  .bss               zero     0x2000'0842     0x2  const_var.o [1]
  .bss               zero     0x2000'0844     0x2  const_var.o [1]
  .bss               zero     0x2000'0846     0x2  const_var.o [1]
  .bss               zero     0x2000'0848     0x2  main.o [1]
  .bss               zero     0x2000'084a     0x2  main.o [1]
  .bss               zero     0x2000'084c     0x2  main.o [1]
  .bss               zero     0x2000'084e     0x1  const_var.o [1]
  .bss               zero     0x2000'084f     0x1  const_var.o [1]
  .bss               zero     0x2000'0850     0x1  const_var.o [1]
  .bss               zero     0x2000'0851     0x1  const_var.o [1]
  .bss               zero     0x2000'0852     0x1  const_var.o [1]
  .bss               zero     0x2000'0853     0x1  const_var.o [1]
  .bss               zero     0x2000'0854     0x1  const_var.o [1]
  .bss               zero     0x2000'0855     0x1  const_var.o [1]
  .bss               zero     0x2000'0856     0x1  const_var.o [1]
  .bss               zero     0x2000'0857     0x1  const_var.o [1]
  .bss               zero     0x2000'0858     0x1  const_var.o [1]
  .bss               zero     0x2000'0859     0x1  const_var.o [1]
  .bss               zero     0x2000'085a     0x1  const_var.o [1]
  .bss               zero     0x2000'085b     0x1  const_var.o [1]
  .bss               zero     0x2000'085c     0x1  const_var.o [1]
  .bss               zero     0x2000'085d     0x1  const_var.o [1]
  .bss               zero     0x2000'085e     0x1  const_var.o [1]
  .bss               zero     0x2000'085f     0x1  const_var.o [1]
  .bss               zero     0x2000'0860     0x1  const_var.o [1]
  .bss               zero     0x2000'0861     0x1  const_var.o [1]
  .bss               zero     0x2000'0862     0x1  const_var.o [1]
  .bss               zero     0x2000'0863     0x1  main.o [1]
  .bss               zero     0x2000'0864     0x1  main.o [1]
  .bss               zero     0x2000'0865     0x1  main.o [1]
  .bss               zero     0x2000'0866     0x1  main.o [1]
  .bss               zero     0x2000'0867     0x1  main.o [1]
                            - 0x2000'0868   0x7a8

"P2", part 3 of 3:                          0x400
  CSTACK                      0x2000'0868   0x400  <Block>
    CSTACK           uninit   0x2000'0868   0x400  <Block tail>
                            - 0x2000'0c68   0x400

Unused ranges:

         From           To      Size
         ----           --      ----
   0x800'c9c2   0x801'ffff  0x1'363e
  0x2000'0c68  0x2000'4fff    0x4398


*******************************************************************************
*** INIT TABLE
***

          Address      Size
          -------      ----
Zero (__iar_zero_init3)
    1 destination range, total size 0x7a8:
          0x2000'00c0  0x7a8

Copy/lz77 (__iar_lz77_init_single3)
    1 source range, total size 0x6a (55% of destination):
           0x800'c958   0x6a
    1 destination range, total size 0xc0:
          0x2000'0000   0xc0



*******************************************************************************
*** MODULE SUMMARY
***

    Module                  ro code  ro data  rw data
    ------                  -------  -------  -------
command line/config:
    -------------------------------------------------
    Total:

D:\WORK\ST\STM32F013C8T6B_BluePill\Projects\CUBE\SolderStation_F103\EWARM\SolderStation_F103\Obj: [1]
    MicroMenu.o                 104       26        8
    button_drv.o                226
    const_var.o                           60      244
    main.o                    6'592      132      631
    menu.o                    5'464    1'588       32
    sEEPROM.o                   760
    ssd1306.o                 1'966       28    1'044
    ssd1306_fonts.o                    6'170       48
    startup_stm32f103xb.o       408
    stm32f1xx_hal.o             188        3        9
    stm32f1xx_hal_adc.o       1'302
    stm32f1xx_hal_adc_ex.o      632
    stm32f1xx_hal_cortex.o      340
    stm32f1xx_hal_dma.o         880
    stm32f1xx_hal_gpio.o        680
    stm32f1xx_hal_i2c.o       6'412
    stm32f1xx_hal_msp.o       1'060
    stm32f1xx_hal_rcc.o       1'632       18
    stm32f1xx_hal_rcc_ex.o      580       18
    stm32f1xx_hal_spi.o       1'976
    stm32f1xx_hal_tim.o       2'630
    stm32f1xx_hal_tim_ex.o      216
    stm32f1xx_it.o               80
    system_stm32f1xx.o           88       27        4
    -------------------------------------------------
    Total:                   34'216    8'070    2'020

dl7M_tlf.a: [2]
    abort.o                       6
    exit.o                        4
    vsprintf.o                   52
    xencoding_8859_1.o           30
    xfail_s.o                    64                 4
    xlocale_c.o                 124       75      128
    xmbcurmax.o                  10
    xprintffull.o             4'294
    xsprout.o                    10
    -------------------------------------------------
    Total:                    4'594       75      132

m7M_tl.a: [3]
    DblAdd.o                    362
    DblCmpGe.o                   46
    DblCmpLe.o                   46
    DblDiv.o                    582
    DblMul.o                    418
    DblSub.o                    226
    DblToS32.o                   58
    DblToU32.o                   40
    FltAdd.o                    226
    FltCmpGe.o                   36
    FltCmpLe.o                   36
    FltDiv.o                    252
    FltMul.o                    216
    FltSub.o                    128
    FltToS32.o                   42
    S32ToDbl.o                   34
    S32ToFlt.o                   36
    U32ToDbl.o                   26
    U32ToFlt.o                   28
    fmaxf.o                      36
    fminf.o                      36
    frexp.o                     112
    ldexp.o                     314
    -------------------------------------------------
    Total:                    3'336

rt7M_tl.a: [4]
    ABImemcpy.o                 166
    ABImemset.o                 102
    I64DivMod.o                 560
    I64DivZer.o                   2
    cexit.o                      10
    cmain.o                      30
    cstartup_M.o                 12
    data_init.o                  40
    lz77_init_single.o          120
    memchr.o                     88
    memset.o                     20
    strchr.o                     22
    strlen.o                     54
    zero_init3.o                 58
    -------------------------------------------------
    Total:                    1'284

shb_l.a: [5]
    exit.o                       20
    -------------------------------------------------
    Total:                       20

    Gaps                         21        2
    Linker created                        32    1'024
-----------------------------------------------------
    Grand Total:             43'471    8'179    3'176


*******************************************************************************
*** ENTRY LIST
***

Entry                       Address   Size  Type      Object
-----                       -------   ----  ----      ------
.iar.init_table$$Base    0x800'c31c          --   Gb  - Linker created -
.iar.init_table$$Limit   0x800'c33c          --   Gb  - Linker created -
?main                    0x800'c4dd         Code  Gb  cmain.o [4]
ADC_ConversionStop_Disable
                         0x800'3145   0x4a  Code  Gb  stm32f1xx_hal_adc.o [1]
ADC_DMAConvCplt          0x800'3191   0x52  Code  Gb  stm32f1xx_hal_adc.o [1]
ADC_DMAError             0x800'31f5   0x1e  Code  Gb  stm32f1xx_hal_adc.o [1]
ADC_DMAHalfConvCplt      0x800'31e5    0xe  Code  Gb  stm32f1xx_hal_adc.o [1]
ADC_Enable               0x800'30b5   0x6e  Code  Gb  stm32f1xx_hal_adc.o [1]
AHBPrescTable            0x800'c7a4   0x10  Data  Gb  system_stm32f1xx.o [1]
APBPrescTable            0x800'c880    0x8  Data  Gb  system_stm32f1xx.o [1]
BtnCntr_LongPush        0x2000'0861    0x1  Data  Gb  const_var.o [1]
BtnCntr_Menu            0x2000'0862    0x1  Data  Gb  const_var.o [1]
BtnCntr_ShortPush       0x2000'0860    0x1  Data  Gb  const_var.o [1]
BusFault_Handler         0x800'c02f    0x2  Code  Gb  stm32f1xx_it.o [1]
Button_Init              0x800'32eb    0xa  Code  Gb  button_drv.o [1]
CSTACK$$Base            0x2000'0868          --   Gb  - Linker created -
CSTACK$$Limit           0x2000'0c68          --   Gb  - Linker created -
CacheMore                0x800'9fed   0x28  Code  Lc  xlocale_c.o [2]
Calibrate_fan            0x800'52ed  0x3ac  Code  Lc  menu.o [1]
Calibrate_fan::adc_calibration_fan1
                        0x2000'0818    0x4  Data  Lc  menu.o [1]
Calibrate_fan::adc_calibration_fan2
                        0x2000'0820    0x4  Data  Lc  menu.o [1]
Calibrate_fan::temp_calibration_fan1
                        0x2000'0814    0x4  Data  Lc  menu.o [1]
Calibrate_fan::temp_calibration_fan2
                        0x2000'081c    0x4  Data  Lc  menu.o [1]
Calibrate_solder         0x800'4e4d  0x46a  Code  Lc  menu.o [1]
Calibrate_solder::adc_calibration_solder1
                        0x2000'0808    0x4  Data  Lc  menu.o [1]
Calibrate_solder::adc_calibration_solder2
                        0x2000'0810    0x4  Data  Lc  menu.o [1]
Calibrate_solder::temp_calibration_solder1
                        0x2000'0804    0x4  Data  Lc  menu.o [1]
Calibrate_solder::temp_calibration_solder2
                        0x2000'080c    0x4  Data  Lc  menu.o [1]
CurrentMenuItem         0x2000'0000    0x4  Data  Lc  MicroMenu.o [1]
DMA1_Channel1_IRQHandler
                         0x800'c041    0xa  Code  Gb  stm32f1xx_it.o [1]
DMA1_Channel6_IRQHandler
                         0x800'c04b    0xa  Code  Gb  stm32f1xx_it.o [1]
DMA_SetConfig            0x800'8ee1   0x2c  Code  Lc  stm32f1xx_hal_dma.o [1]
DebugMon_Handler         0x800'c035    0x2  Code  Gb  stm32f1xx_it.o [1]
EncBtn                  0x2000'0798   0x10  Data  Gb  const_var.o [1]
ExitMenu                 0x800'4d97   0x5c  Code  Lc  menu.o [1]
F_encoder_change_value  0x2000'085d    0x1  Data  Gb  const_var.o [1]
F_fan                   0x2000'0857    0x1  Data  Gb  const_var.o [1]
F_fan_blower_protect    0x2000'085c    0x1  Data  Gb  const_var.o [1]
F_fan_btn_off           0x2000'085f    0x1  Data  Gb  const_var.o [1]
F_fan_enable            0x2000'0858    0x1  Data  Gb  const_var.o [1]
F_fan_gerkon            0x2000'0859    0x1  Data  Gb  const_var.o [1]
F_fan_temp_protect      0x2000'085a    0x1  Data  Gb  const_var.o [1]
F_solder                0x2000'0854    0x1  Data  Gb  const_var.o [1]
F_solder_btn_off        0x2000'085e    0x1  Data  Gb  const_var.o [1]
F_solder_enable         0x2000'0856    0x1  Data  Gb  const_var.o [1]
F_solder_switch         0x2000'0855    0x1  Data  Gb  const_var.o [1]
F_solder_temp_protect   0x2000'085b    0x1  Data  Gb  const_var.o [1]
F_solder_timeout        0x2000'00bc    0x1  Data  Gb  const_var.o [1]
Fan_Thermocouple_adc    0x2000'083e    0x2  Data  Gb  const_var.o [1]
Fan_Thermocouple_temp   0x2000'0846    0x2  Data  Gb  const_var.o [1]
Fan_fan_adc             0x2000'0840    0x2  Data  Gb  const_var.o [1]
Fan_fan_percent         0x2000'0853    0x1  Data  Gb  const_var.o [1]
Fan_filter_array        0x2000'0770   0x14  Data  Gb  const_var.o [1]
Fan_off_btn             0x2000'07b8   0x10  Data  Gb  const_var.o [1]
Fan_switch_off_source    0x800'4445  0x1c8  Code  Lc  menu.o [1]
Fan_temp_z              0x2000'0836    0x2  Data  Gb  const_var.o [1]
Fan_temp_z_former       0x2000'0838    0x2  Data  Gb  const_var.o [1]
GoBack                   0x800'56a5    0xe  Code  Lc  menu.o [1]
HAL_ADCEx_Calibration_Start
                         0x800'365d   0xec  Code  Gb  stm32f1xx_hal_adc_ex.o [1]
HAL_ADCEx_MultiModeConfigChannel
                         0x800'3851   0x64  Code  Gb  stm32f1xx_hal_adc_ex.o [1]
HAL_ADCEx_MultiModeStart_DMA
                         0x800'3749  0x108  Code  Gb  stm32f1xx_hal_adc_ex.o [1]
HAL_ADC_ConfigChannel    0x800'2f63  0x152  Code  Gb  stm32f1xx_hal_adc.o [1]
HAL_ADC_Init             0x800'2cfd  0x144  Code  Gb  stm32f1xx_hal_adc.o [1]
HAL_ADC_MspInit          0x800'83c7   0xdc  Code  Gb  stm32f1xx_hal_msp.o [1]
HAL_ADC_Start            0x800'2e41  0x122  Code  Gb  stm32f1xx_hal_adc.o [1]
HAL_DMA_Abort_IT         0x800'8c9f   0xb4  Code  Gb  stm32f1xx_hal_dma.o [1]
HAL_DMA_IRQHandler       0x800'8d53  0x16a  Code  Gb  stm32f1xx_hal_dma.o [1]
HAL_DMA_Init             0x800'8b9d   0x6a  Code  Gb  stm32f1xx_hal_dma.o [1]
HAL_DMA_Start_IT         0x800'8c07   0x98  Code  Gb  stm32f1xx_hal_dma.o [1]
HAL_Delay                0x800'333d   0x28  Code  Wk  stm32f1xx_hal.o [1]
HAL_GPIO_Init            0x800'2a55  0x21e  Code  Gb  stm32f1xx_hal_gpio.o [1]
HAL_GPIO_ReadPin         0x800'2c73   0x16  Code  Gb  stm32f1xx_hal_gpio.o [1]
HAL_GPIO_TogglePin       0x800'2ca3   0x1a  Code  Gb  stm32f1xx_hal_gpio.o [1]
HAL_GPIO_WritePin        0x800'2c89   0x1a  Code  Gb  stm32f1xx_hal_gpio.o [1]
HAL_GetTick              0x800'8b45    0xc  Code  Wk  stm32f1xx_hal.o [1]
HAL_I2C_EV_IRQHandler    0x800'6729  0x1be  Code  Gb  stm32f1xx_hal_i2c.o [1]
HAL_I2C_Init             0x800'61e9  0x1d2  Code  Gb  stm32f1xx_hal_i2c.o [1]
HAL_I2C_Mem_Write        0x800'63d5  0x16e  Code  Gb  stm32f1xx_hal_i2c.o [1]
HAL_I2C_Mem_Write_DMA    0x800'6545  0x1cc  Code  Gb  stm32f1xx_hal_i2c.o [1]
HAL_I2C_MspInit          0x800'84a3   0xb2  Code  Gb  stm32f1xx_hal_msp.o [1]
HAL_IncTick              0x800'c079   0x18  Code  Wk  stm32f1xx_hal.o [1]
HAL_Init                 0x800'3319   0x20  Code  Gb  stm32f1xx_hal.o [1]
HAL_InitTick             0x800'8b51   0x4c  Code  Wk  stm32f1xx_hal.o [1]
HAL_MspInit              0x800'8385   0x42  Code  Gb  stm32f1xx_hal_msp.o [1]
HAL_NVIC_EnableIRQ       0x800'88c1    0xe  Code  Gb  stm32f1xx_hal_cortex.o [1]
HAL_NVIC_SetPriority     0x800'8897   0x2a  Code  Gb  stm32f1xx_hal_cortex.o [1]
HAL_NVIC_SetPriorityGrouping
                         0x800'888b    0xc  Code  Gb  stm32f1xx_hal_cortex.o [1]
HAL_RCCEx_GetPeriphCLKFreq
                         0x800'60bd  0x100  Code  Gb  stm32f1xx_hal_rcc_ex.o [1]
HAL_RCCEx_PeriphCLKConfig
                         0x800'5fa5  0x118  Code  Gb  stm32f1xx_hal_rcc_ex.o [1]
HAL_RCC_ClockConfig      0x800'5d45  0x14e  Code  Gb  stm32f1xx_hal_rcc.o [1]
HAL_RCC_GetHCLKFreq      0x800'5f03    0x6  Code  Gb  stm32f1xx_hal_rcc.o [1]
HAL_RCC_GetPCLK1Freq     0x800'5f09   0x16  Code  Gb  stm32f1xx_hal_rcc.o [1]
HAL_RCC_GetPCLK2Freq     0x800'5f1f   0x16  Code  Gb  stm32f1xx_hal_rcc.o [1]
HAL_RCC_GetSysClockFreq
                         0x800'5e93   0x70  Code  Gb  stm32f1xx_hal_rcc.o [1]
HAL_RCC_OscConfig        0x800'5945  0x400  Code  Gb  stm32f1xx_hal_rcc.o [1]
HAL_SPI_Init             0x800'7af5   0xc4  Code  Gb  stm32f1xx_hal_spi.o [1]
HAL_SPI_MspInit          0x800'8555   0x72  Code  Gb  stm32f1xx_hal_msp.o [1]
HAL_SPI_Receive          0x800'7d6f  0x17c  Code  Gb  stm32f1xx_hal_spi.o [1]
HAL_SPI_Transmit         0x800'7bb9  0x1b6  Code  Gb  stm32f1xx_hal_spi.o [1]
HAL_SPI_TransmitReceive
                         0x800'7eeb  0x23c  Code  Gb  stm32f1xx_hal_spi.o [1]
HAL_SYSTICK_Config       0x800'88cf    0xc  Code  Gb  stm32f1xx_hal_cortex.o [1]
HAL_TIMEx_ConfigBreakDeadTime
                         0x800'8329   0x5c  Code  Gb  stm32f1xx_hal_tim_ex.o [1]
HAL_TIMEx_MasterConfigSynchronization
                         0x800'82ad   0x6e  Code  Gb  stm32f1xx_hal_tim_ex.o [1]
HAL_TIM_Base_Init        0x800'38d5   0x6e  Code  Gb  stm32f1xx_hal_tim.o [1]
HAL_TIM_Base_MspInit     0x800'85c7   0x58  Code  Gb  stm32f1xx_hal_msp.o [1]
HAL_TIM_Base_Start_IT    0x800'3943   0x72  Code  Gb  stm32f1xx_hal_tim.o [1]
HAL_TIM_Encoder_Init     0x800'3b6f   0xca  Code  Gb  stm32f1xx_hal_tim.o [1]
HAL_TIM_Encoder_MspInit
                         0x800'861f   0x92  Code  Gb  stm32f1xx_hal_msp.o [1]
HAL_TIM_Encoder_Start    0x800'3c3b   0xfa  Code  Gb  stm32f1xx_hal_tim.o [1]
HAL_TIM_IRQHandler       0x800'3d45  0x176  Code  Gb  stm32f1xx_hal_tim.o [1]
HAL_TIM_MspPostInit      0x800'86e3   0x8a  Code  Gb  stm32f1xx_hal_msp.o [1]
HAL_TIM_OnePulse_Init    0x800'3af9   0x76  Code  Gb  stm32f1xx_hal_tim.o [1]
HAL_TIM_PWM_ConfigChannel
                         0x800'3ebb   0xf4  Code  Gb  stm32f1xx_hal_tim.o [1]
HAL_TIM_PWM_Init         0x800'39b5   0x6e  Code  Gb  stm32f1xx_hal_tim.o [1]
HAL_TIM_PWM_MspInit      0x800'86b1   0x32  Code  Gb  stm32f1xx_hal_msp.o [1]
HAL_TIM_PWM_Start        0x800'3a23   0xca  Code  Gb  stm32f1xx_hal_tim.o [1]
HAL_TIM_PeriodElapsedCallback
                         0x800'075b  0x302  Code  Gb  main.o [1]
HAL_TIM_PeriodElapsedCallback::Solder_timeout_cnt
                        0x2000'084a    0x2  Data  Lc  main.o [1]
HAL_TIM_PeriodElapsedCallback::cnt_slowdown
                        0x2000'0848    0x2  Data  Lc  main.o [1]
HAL_TIM_SlaveConfigSynchro
                         0x800'3faf   0x62  Code  Gb  stm32f1xx_hal_tim.o [1]
HardFault_Handler        0x800'c02b    0x2  Code  Gb  stm32f1xx_it.o [1]
I2C1_EV_IRQHandler       0x800'c05f    0xa  Code  Gb  stm32f1xx_it.o [1]
I2C_ConvertOtherXferOptions
                         0x800'7ad9   0x1c  Code  Lc  stm32f1xx_hal_i2c.o [1]
I2C_DMAAbort             0x800'7761   0xf6  Code  Lc  stm32f1xx_hal_i2c.o [1]
I2C_DMAError             0x800'7713   0x4a  Code  Lc  stm32f1xx_hal_i2c.o [1]
I2C_DMAXferCplt          0x800'75c1  0x152  Code  Lc  stm32f1xx_hal_i2c.o [1]
I2C_ITError              0x800'733b  0x196  Code  Lc  stm32f1xx_hal_i2c.o [1]
I2C_IsAcknowledgeFailed
                         0x800'7aa1   0x38  Code  Lc  stm32f1xx_hal_i2c.o [1]
I2C_MasterReceive_BTF    0x800'6c0d  0x128  Code  Lc  stm32f1xx_hal_i2c.o [1]
I2C_MasterReceive_RXNE   0x800'6b29   0xe4  Code  Lc  stm32f1xx_hal_i2c.o [1]
I2C_MasterTransmit_BTF   0x800'69cf   0x8e  Code  Lc  stm32f1xx_hal_i2c.o [1]
I2C_MasterTransmit_TXE   0x800'68e7   0xe8  Code  Lc  stm32f1xx_hal_i2c.o [1]
I2C_Master_ADD10         0x800'6de7   0x32  Code  Lc  stm32f1xx_hal_i2c.o [1]
I2C_Master_ADDR          0x800'6e19  0x258  Code  Lc  stm32f1xx_hal_i2c.o [1]
I2C_Master_SB            0x800'6d35   0xb2  Code  Lc  stm32f1xx_hal_i2c.o [1]
I2C_MemoryTransmit_TXE_BTF
                         0x800'6a5d   0xcc  Code  Lc  stm32f1xx_hal_i2c.o [1]
I2C_RequestMemoryWrite   0x800'74d5   0xec  Code  Lc  stm32f1xx_hal_i2c.o [1]
I2C_SlaveReceive_BTF     0x800'7129   0x1c  Code  Lc  stm32f1xx_hal_i2c.o [1]
I2C_SlaveReceive_RXNE    0x800'70db   0x4e  Code  Lc  stm32f1xx_hal_i2c.o [1]
I2C_SlaveTransmit_BTF    0x800'70bf   0x1c  Code  Lc  stm32f1xx_hal_i2c.o [1]
I2C_SlaveTransmit_TXE    0x800'7071   0x4e  Code  Lc  stm32f1xx_hal_i2c.o [1]
I2C_Slave_ADDR           0x800'7145   0x5c  Code  Lc  stm32f1xx_hal_i2c.o [1]
I2C_Slave_STOPF          0x800'71a1  0x19a  Code  Lc  stm32f1xx_hal_i2c.o [1]
I2C_WaitOnBTFFlagUntilTimeout
                         0x800'79f3   0x58  Code  Lc  stm32f1xx_hal_i2c.o [1]
I2C_WaitOnFlagUntilTimeout
                         0x800'7857   0x8a  Code  Lc  stm32f1xx_hal_i2c.o [1]
I2C_WaitOnMasterAddressFlagUntilTimeout
                         0x800'78e1   0xba  Code  Lc  stm32f1xx_hal_i2c.o [1]
I2C_WaitOnSTOPRequestThroughIT
                         0x800'7a4b   0x46  Code  Lc  stm32f1xx_hal_i2c.o [1]
I2C_WaitOnTXEFlagUntilTimeout
                         0x800'799b   0x58  Code  Lc  stm32f1xx_hal_i2c.o [1]
K1_h907                  0x800'c8a4    0x4  Data  Gb  const_var.o [1]
K1_t12                   0x800'c8a8    0x4  Data  Gb  const_var.o [1]
K2                       0x800'c8ac    0x4  Data  Gb  const_var.o [1]
K_blower_flush          0x2000'00bd    0x1  Data  Gb  const_var.o [1]
K_blower_off            0x2000'00be    0x1  Data  Gb  const_var.o [1]
MX_ADC1_Init             0x800'13d3   0xca  Code  Lc  main.o [1]
MX_ADC2_Init             0x800'14a5   0xa8  Code  Lc  main.o [1]
MX_DMA_Init              0x800'1849   0x38  Code  Lc  main.o [1]
MX_GPIO_Init             0x800'18bd  0x11c  Code  Lc  main.o [1]
MX_I2C1_Init             0x800'1551   0x3c  Code  Lc  main.o [1]
MX_SPI2_Init             0x800'1591   0x48  Code  Lc  main.o [1]
MX_TIM1_Init             0x800'15e9  0x130  Code  Lc  main.o [1]
MX_TIM2_Init             0x800'1729   0x8a  Code  Lc  main.o [1]
MX_TIM3_Init             0x800'17bd   0x8c  Code  Lc  main.o [1]
MemBackupEEPROM          0x800'4385   0x60  Code  Lc  menu.o [1]
MemManage_Handler        0x800'c02d    0x2  Code  Gb  stm32f1xx_it.o [1]
MemRestoreEEPROM         0x800'43e5   0x60  Code  Lc  menu.o [1]
MenuWriteFunc           0x2000'0824    0x4  Data  Lc  MicroMenu.o [1]
Menu_1                   0x800'c1e8   0x28  Data  Gb  menu.o [1]
Menu_1_1                 0x800'c37c   0x20  Data  Gb  menu.o [1]
Menu_1_2                 0x800'c560   0x1c  Data  Gb  menu.o [1]
Menu_1_3                 0x800'c39c   0x20  Data  Gb  menu.o [1]
Menu_2                   0x800'c190   0x2c  Data  Gb  menu.o [1]
Menu_2_1                 0x800'c3bc   0x20  Data  Gb  menu.o [1]
Menu_2_2                 0x800'c3dc   0x20  Data  Gb  menu.o [1]
Menu_2_3                 0x800'c3fc   0x20  Data  Gb  menu.o [1]
Menu_2_4                 0x800'c41c   0x20  Data  Gb  menu.o [1]
Menu_2_5                 0x800'c43c   0x20  Data  Gb  menu.o [1]
Menu_2_6                 0x800'c45c   0x20  Data  Gb  menu.o [1]
Menu_3                   0x800'c0d0   0x30  Data  Gb  menu.o [1]
Menu_4                   0x800'c2b0   0x24  Data  Gb  menu.o [1]
Menu_4_1                 0x800'c210   0x28  Data  Gb  menu.o [1]
Menu_4_2                 0x800'c2f8   0x24  Data  Gb  menu.o [1]
Menu_4_3                 0x800'c47c   0x20  Data  Gb  menu.o [1]
Menu_5                   0x800'c1bc   0x2c  Data  Gb  menu.o [1]
Menu_6                   0x800'c35c   0x20  Data  Gb  menu.o [1]
Menu_7                   0x800'c2d4   0x24  Data  Gb  menu.o [1]
Menu_7_1                 0x800'c130   0x30  Data  Gb  menu.o [1]
Menu_7_2                 0x800'c160   0x30  Data  Gb  menu.o [1]
Menu_7_3                 0x800'c49c   0x20  Data  Gb  menu.o [1]
Menu_8                   0x800'c100   0x30  Data  Gb  menu.o [1]
Menu_8_1                 0x800'c238   0x28  Data  Gb  menu.o [1]
Menu_8_2                 0x800'c260   0x28  Data  Gb  menu.o [1]
Menu_8_3                 0x800'c4bc   0x20  Data  Gb  menu.o [1]
Menu_EnterCurrentItem    0x800'4355   0x22  Code  Gb  MicroMenu.o [1]
Menu_GetCurrentMenu      0x800'431d    0x6  Code  Gb  MicroMenu.o [1]
Menu_Navigate            0x800'4323   0x32  Code  Gb  MicroMenu.o [1]
NMI_Handler              0x800'c029    0x2  Code  Gb  stm32f1xx_it.o [1]
NULL_MENU                0x800'c654   0x18  Data  Gb  MicroMenu.o [1]
NVIC_EncodePriority      0x800'881b   0x40  Code  Lc  stm32f1xx_hal_cortex.o [1]
N_solder_tip            0x2000'0852    0x1  Data  Gb  const_var.o [1]
N_tip_default            0x800'89a2    0x1  Data  Gb  const_var.o [1]
PendSV_Handler           0x800'c037    0x2  Code  Gb  stm32f1xx_it.o [1]
RCC_Delay                0x800'5f35   0x26  Code  Lc  stm32f1xx_hal_rcc.o [1]
Region$$Table$$Base      0x800'c31c          --   Gb  - Linker created -
Region$$Table$$Limit     0x800'c33c          --   Gb  - Linker created -
Reset_fan                0x800'4c51   0x66  Code  Lc  menu.o [1]
Reset_solder             0x800'4b6f   0xe2  Code  Lc  menu.o [1]
SPI_EndRxTransaction     0x800'8201   0x7c  Code  Lc  stm32f1xx_hal_spi.o [1]
SPI_EndRxTxTransaction   0x800'827d   0x2a  Code  Lc  stm32f1xx_hal_spi.o [1]
SPI_WaitFlagStateUntilTimeout
                         0x800'8127   0xda  Code  Lc  stm32f1xx_hal_spi.o [1]
SSD1306                 0x2000'0784   0x14  Data  Lc  ssd1306.o [1]
SSD1306_Buffer          0x2000'00c0  0x400  Data  Lc  ssd1306.o [1]
SSD1306_DrawFilledRectangle
                         0x800'217f   0x84  Code  Gb  ssd1306.o [1]
SSD1306_DrawLine         0x800'1ec7  0x1fc  Code  Gb  ssd1306.o [1]
SSD1306_DrawPixel        0x800'1b99   0xd4  Code  Gb  ssd1306.o [1]
SSD1306_DrawRectangle    0x800'20c3   0xbc  Code  Gb  ssd1306.o [1]
SSD1306_Fill             0x800'1b75   0x24  Code  Gb  ssd1306.o [1]
SSD1306_GotoXY           0x800'1c6d   0x10  Code  Gb  ssd1306.o [1]
SSD1306_Init             0x800'1aad   0x44  Code  Gb  ssd1306.o [1]
SSD1306_Putc             0x800'1cc5  0x1be  Code  Gb  ssd1306.o [1]
SSD1306_Puts             0x800'1e99   0x2e  Code  Gb  ssd1306.o [1]
SSD1306_Putspace         0x800'1c7d   0x48  Code  Gb  ssd1306.o [1]
SSD1306_UpdateScreen     0x800'1af1   0x2a  Code  Gb  ssd1306.o [1]
SSD1306_printf           0x800'2203   0x58  Code  Gb  ssd1306.o [1]
SVC_Handler              0x800'c033    0x2  Code  Gb  stm32f1xx_it.o [1]
SetSolderType            0x800'47f3  0x1ca  Code  Lc  menu.o [1]
SetTimeout               0x800'49c1  0x1ae  Code  Lc  menu.o [1]
Solder_H907_PWM_lim      0x800'460d  0x1e6  Code  Lc  menu.o [1]
Solder_H907_PWM_limit   0x2000'0800    0x4  Data  Gb  const_var.o [1]
Solder_H907_PWM_limit_default
                         0x800'c8a0    0x4  Data  Gb  const_var.o [1]
Solder_H907_adc         0x2000'0842    0x2  Data  Gb  const_var.o [1]
Solder_Thermocouple_adc
                        0x2000'083c    0x2  Data  Gb  const_var.o [1]
Solder_Thermocouple_temp
                        0x2000'0844    0x2  Data  Gb  const_var.o [1]
Solder_filter_array     0x2000'075c   0x14  Data  Gb  const_var.o [1]
Solder_off_btn          0x2000'07a8   0x10  Data  Gb  const_var.o [1]
Solder_temp_z           0x2000'0832    0x2  Data  Gb  const_var.o [1]
Solder_temp_z_former    0x2000'0834    0x2  Data  Gb  const_var.o [1]
SysTick_Config           0x800'885b   0x30  Code  Lc  stm32f1xx_hal_cortex.o [1]
SysTick_Handler          0x800'c039    0x8  Code  Gb  stm32f1xx_it.o [1]
SystemClock_Config       0x800'133d   0x96  Code  Gb  main.o [1]
SystemCoreClock         0x2000'0038    0x4  Data  Gb  system_stm32f1xx.o [1]
SystemInit               0x800'bfd1   0x3e  Code  Gb  system_stm32f1xx.o [1]
T1                       0x800'c8b0    0x4  Data  Gb  const_var.o [1]
T2                       0x800'c8b4    0x4  Data  Gb  const_var.o [1]
TIM3_IRQHandler          0x800'c055    0xa  Code  Gb  stm32f1xx_it.o [1]
TIM_Base_SetConfig       0x800'4011   0x64  Code  Gb  stm32f1xx_hal_tim.o [1]
TIM_CCxChannelCmd        0x800'42f7   0x24  Code  Gb  stm32f1xx_hal_tim.o [1]
TIM_ETR_SetConfig        0x800'42df   0x18  Code  Gb  stm32f1xx_hal_tim.o [1]
TIM_OC1_SetConfig        0x800'4075   0x58  Code  Lc  stm32f1xx_hal_tim.o [1]
TIM_OC2_SetConfig        0x800'40cd   0x62  Code  Gb  stm32f1xx_hal_tim.o [1]
TIM_OC3_SetConfig        0x800'412f   0x60  Code  Lc  stm32f1xx_hal_tim.o [1]
TIM_OC4_SetConfig        0x800'418f   0x46  Code  Lc  stm32f1xx_hal_tim.o [1]
TIM_SlaveTimer_SetConfig
                         0x800'41d7   0xb2  Code  Lc  stm32f1xx_hal_tim.o [1]
TIM_TI1_ConfigInputStage
                         0x800'4295   0x24  Code  Lc  stm32f1xx_hal_tim.o [1]
TIM_TI2_ConfigInputStage
                         0x800'42b9   0x26  Code  Lc  stm32f1xx_hal_tim.o [1]
Temp_z_default           0x800'2846    0x2  Data  Gb  const_var.o [1]
TimeoutTime             0x2000'0830    0x2  Data  Gb  const_var.o [1]
Timeout_time_default     0x800'25fe    0x2  Data  Gb  const_var.o [1]
U_fan_temp              0x2000'07ec    0x4  Data  Gb  const_var.o [1]
U_fan_temp_z            0x2000'07f0    0x4  Data  Gb  const_var.o [1]
U_solder_temp           0x2000'07d8    0x4  Data  Gb  const_var.o [1]
U_solder_temp_z         0x2000'07dc    0x4  Data  Gb  const_var.o [1]
UsageFault_Handler       0x800'c031    0x2  Code  Gb  stm32f1xx_it.o [1]
Uy_fan                  0x2000'07fc    0x4  Data  Gb  const_var.o [1]
Uy_fan_i                0x2000'07f8    0x4  Data  Gb  const_var.o [1]
Uy_fan_p                0x2000'07f4    0x4  Data  Gb  const_var.o [1]
Uy_solder               0x2000'07e8    0x4  Data  Gb  const_var.o [1]
Uy_solder_i             0x2000'07e4    0x4  Data  Gb  const_var.o [1]
Uy_solder_p             0x2000'07e0    0x4  Data  Gb  const_var.o [1]
_Encoding_8859_1_Mbrlen
                         0x800'247d    0x2  Code  Gb  xencoding_8859_1.o [2]
_Encoding_8859_1_Wctomb
                         0x800'246b   0x12  Code  Gb  xencoding_8859_1.o [2]
_LitobFull               0x800'9e33  0x10a  Code  Lc  xprintffull.o [2]
_Locale_lconv           0x2000'003c   0x38  Data  Lc  xlocale_c.o [2]
_PrintfFull              0x800'8f21  0xcc2  Code  Gb  xprintffull.o [2]
_PutcharsFull            0x800'9fa5   0x2e  Code  Lc  xprintffull.o [2]
_PutstrFull              0x800'9d73   0xc0  Code  Lc  xprintffull.o [2]
_PuttxtFull              0x800'9c67  0x10c  Code  Lc  xprintffull.o [2]
_SProut                  0x800'24b3    0xa  Code  Gb  xsprout.o [2]
__NVIC_EnableIRQ         0x800'87d1   0x1e  Code  Lc  stm32f1xx_hal_cortex.o [1]
__NVIC_GetPriorityGrouping
                         0x800'87c7    0xa  Code  Lc  stm32f1xx_hal_cortex.o [1]
__NVIC_SetPriority       0x800'87ef   0x2c  Code  Lc  stm32f1xx_hal_cortex.o [1]
__NVIC_SetPriorityGrouping
                         0x800'87a9   0x1e  Code  Lc  stm32f1xx_hal_cortex.o [1]
__aeabi_cdcmple          0x800'a1bd         Code  Gb  DblCmpLe.o [3]
__aeabi_cdrcmple         0x800'a1ed         Code  Gb  DblCmpGe.o [3]
__aeabi_cfcmple          0x800'2a31         Code  Gb  FltCmpLe.o [3]
__aeabi_cfrcmple         0x800'32f5         Code  Gb  FltCmpGe.o [3]
__aeabi_d2iz             0x800'292d         Code  Gb  DblToS32.o [3]
__aeabi_d2uiz            0x800'a359         Code  Gb  DblToU32.o [3]
__aeabi_ddiv             0x800'2601         Code  Gb  DblDiv.o [3]
__aeabi_dmul             0x800'a39d         Code  Gb  DblMul.o [3]
__aeabi_dsub             0x800'2849         Code  Gb  DblSub.o [3]
__aeabi_f2iz             0x800'2489         Code  Gb  FltToS32.o [3]
__aeabi_fadd             0x800'2389         Code  Gb  FltAdd.o [3]
__aeabi_fdiv             0x800'24e1         Code  Gb  FltDiv.o [3]
__aeabi_fmul             0x800'22b1         Code  Gb  FltMul.o [3]
__aeabi_fsub             0x800'2969         Code  Gb  FltSub.o [3]
__aeabi_i2d              0x800'25dd         Code  Gb  S32ToDbl.o [3]
__aeabi_i2f              0x800'24bd         Code  Gb  S32ToFlt.o [3]
__aeabi_ldiv0            0x800'a781         Code  Gb  I64DivZer.o [4]
__aeabi_memcpy           0x800'88fd         Code  Gb  ABImemcpy.o [4]
__aeabi_memcpy4          0x800'891d         Code  Gb  ABImemcpy.o [4]
__aeabi_memcpy8          0x800'891d         Code  Gb  ABImemcpy.o [4]
__aeabi_memset           0x800'58dd         Code  Gb  ABImemset.o [4]
__aeabi_ui2d             0x800'a381         Code  Gb  U32ToDbl.o [3]
__aeabi_ui2f             0x800'2295         Code  Gb  U32ToFlt.o [3]
__aeabi_uldivmod         0x800'a549         Code  Gb  I64DivMod.o [4]
__cmain                  0x800'c4dd         Code  Gb  cmain.o [4]
__exit                   0x800'a785   0x14  Code  Gb  exit.o [5]
__iar_Fail_s             0x800'a07d   0x1c  Code  Gb  xfail_s.o [2]
__iar_Mbcurmax           0x800'a53f    0xa  Code  Gb  xmbcurmax.o [2]
__iar_Memchr             0x800'a0f5         Code  Gb  memchr.o [4]
__iar_Memset             0x800'58dd         Code  Gb  ABImemset.o [4]
__iar_Memset_word        0x800'58e5         Code  Gb  ABImemset.o [4]
__iar_Strchr             0x800'a065         Code  Gb  strchr.o [4]
__iar_dadd               0x800'2859         Code  Gb  DblSub.o [3]
__iar_data_init3         0x800'c289   0x28  Code  Gb  data_init.o [4]
__iar_dsub               0x800'89d9         Code  Gb  DblAdd.o [3]
__iar_dsubStart          0x800'89eb         Code  Gb  DblAdd.o [3]
__iar_fadd               0x800'2975         Code  Gb  FltSub.o [3]
__iar_fmax32             0x800'29e9         Code  Gb  fmaxf.o [3]
__iar_fmin32             0x800'2a0d         Code  Gb  fminf.o [3]
__iar_frexp              0x800'a159         Code  Gb  frexp.o [3]
__iar_frexp64            0x800'a14d         Code  Gb  frexp.o [3]
__iar_frexpl             0x800'a159         Code  Gb  frexp.o [3]
__iar_fsub               0x800'2395         Code  Gb  FltAdd.o [3]
__iar_fsubStart          0x800'23a5         Code  Gb  FltAdd.o [3]
__iar_globLocale        0x2000'0074   0x48  Data  Lc  xlocale_c.o [2]
__iar_global_Locale      0x800'9fe9    0x4  Code  Gb  xlocale_c.o [2]
__iar_ldexp64            0x800'a21d         Code  Gb  ldexp.o [3]
__iar_lz77_init_single3
                         0x800'bf59   0x78  Code  Gb  lz77_init_single.o [4]
__iar_program_start      0x800'c80d         Code  Gb  cstartup_M.o [4]
__iar_scalbln64          0x800'a21d         Code  Gb  ldexp.o [3]
__iar_scalbn64           0x800'a21d         Code  Gb  ldexp.o [3]
__iar_zero_init3         0x800'225b   0x3a  Code  Gb  zero_init3.o [4]
__vector_table           0x800'0000         Data  Gb  startup_stm32f103xb.o [1]
_call_main               0x800'c4e9         Code  Gb  cmain.o [4]
_exit                    0x800'c501         Code  Gb  cexit.o [4]
_gLocale_mblen           0x800'a051    0x4  Code  Gb  xlocale_c.o [2]
_gLocale_mblenInt        0x800'a015   0x2c  Code  Gb  xlocale_c.o [2]
_gLocale_wctomb          0x800'a055    0x4  Code  Gb  xlocale_c.o [2]
_gLocale_wctombInt       0x800'a04d    0x4  Code  Gb  xlocale_c.o [2]
_main                    0x800'c4f7         Code  Gb  cmain.o [4]
abort                    0x800'a779    0x6  Code  Gb  abort.o [2]
adc_buffer              0x2000'06cc   0x30  Data  Gb  const_var.o [1]
amperzand_24ptBitmaps    0x800'b89c  0x254  Data  Gb  ssd1306_fonts.o [1]
amperzand_24ptDescriptors
                         0x800'c090   0x40  Data  Gb  ssd1306_fonts.o [1]
amperzand_24ptFontInfo  0x2000'0028    0xc  Data  Gb  ssd1306_fonts.o [1]
b_fan                   0x2000'07d4    0x4  Data  Gb  const_var.o [1]
b_fan_default            0x800'c89c    0x4  Data  Gb  const_var.o [1]
b_solder                0x2000'07cc    0x4  Data  Gb  const_var.o [1]
b_solder_H907_default    0x800'c894    0x4  Data  Gb  const_var.o [1]
b_solder_T12_default     0x800'c88c    0x4  Data  Gb  const_var.o [1]
blower_fan_manage        0x800'0685   0xd6  Code  Gb  main.o [1]
blower_fan_manage::F_blower_block
                        0x2000'0865    0x1  Data  Lc  main.o [1]
delay                    0x800'0b7d   0x10  Code  Gb  main.o [1]
dispMenu                 0x800'57c5   0x6a  Code  Gb  menu.o [1]
enc_value_previous      0x2000'083a    0x2  Data  Gb  const_var.o [1]
exit                     0x800'c4fb    0x4  Code  Gb  exit.o [2]
fan_switch_off_source   0x2000'0851    0x1  Data  Gb  const_var.o [1]
fan_working_layout       0x800'00ed   0x6c  Code  Gb  main.o [1]
fmaxf                    0x800'29e9         Code  Gb  fmaxf.o [3]
fminf                    0x800'2a0d         Code  Gb  fminf.o [3]
frexp                    0x800'a14d         Code  Gb  frexp.o [3]
frexpl                   0x800'a14d         Code  Gb  frexp.o [3]
getADC_values            0x800'01f9  0x1c6  Code  Gb  main.o [1]
getButtonState           0x800'3213   0xd8  Code  Gb  button_drv.o [1]
getDiscreteInputs        0x800'0599   0xec  Code  Gb  main.o [1]
getDiscreteInputs::F_fan_gerkon_cnt
                        0x2000'0863    0x1  Data  Lc  main.o [1]
getDiscreteInputs::F_solder_switch_tmp_previous
                        0x2000'0864    0x1  Data  Lc  main.o [1]
getN_Solder_tip          0x800'4cbd   0xda  Code  Lc  menu.o [1]
hadc1                   0x2000'06fc   0x30  Data  Gb  main.o [1]
hadc2                   0x2000'072c   0x30  Data  Gb  main.o [1]
hdma_adc1               0x2000'0644   0x44  Data  Gb  main.o [1]
hdma_i2c1_tx            0x2000'0688   0x44  Data  Gb  main.o [1]
hi2c1                   0x2000'0518   0x54  Data  Gb  main.o [1]
hspi2                   0x2000'04c0   0x58  Data  Gb  main.o [1]
htim1                   0x2000'056c   0x48  Data  Gb  main.o [1]
htim2                   0x2000'05b4   0x48  Data  Gb  main.o [1]
htim3                   0x2000'05fc   0x48  Data  Gb  main.o [1]
k_fan                   0x2000'07d0    0x4  Data  Gb  const_var.o [1]
k_fan_default            0x800'c898    0x4  Data  Gb  const_var.o [1]
k_solder                0x2000'07c8    0x4  Data  Gb  const_var.o [1]
k_solder_H907_default    0x800'c890    0x4  Data  Gb  const_var.o [1]
k_solder_T12_default     0x800'c888    0x4  Data  Gb  const_var.o [1]
ldexp                    0x800'a21d         Code  Gb  ldexp.o [3]
ldexpl                   0x800'a21d         Code  Gb  ldexp.o [3]
localeconv               0x800'a059    0x4  Code  Gb  xlocale_c.o [2]
mSGothic_12ptBitmaps     0x800'aee8  0x5e0  Data  Gb  ssd1306_fonts.o [1]
mSGothic_12ptDescriptors
                         0x800'bc68  0x178  Data  Gb  ssd1306_fonts.o [1]
mSGothic_12ptFontInfo   0x2000'0010    0xc  Data  Gb  ssd1306_fonts.o [1]
main                     0x800'0b8d  0x77e  Code  Gb  main.o [1]
main::Fcntr             0x2000'0866    0x1  Data  Lc  main.o [1]
main::cnt_filter        0x2000'0867    0x1  Data  Lc  main.o [1]
main::cntr              0x2000'084c    0x2  Data  Lc  main.o [1]
memchr                   0x800'a0f5         Code  Gb  memchr.o [4]
memset                   0x800'8f0d   0x14  Code  Gb  memset.o [4]
menuText                 0x800'5755   0x60  Code  Gb  menu.o [1]
palatinoLinotype_12ptBitmaps
                         0x800'a798  0x750  Data  Gb  ssd1306_fonts.o [1]
palatinoLinotype_12ptDescriptors
                         0x800'baf0  0x178  Data  Gb  ssd1306_fonts.o [1]
palatinoLinotype_12ptFontInfo
                        0x2000'0004    0xc  Data  Gb  ssd1306_fonts.o [1]
prog_state_previous     0x2000'084f    0x1  Data  Gb  const_var.o [1]
progstate               0x2000'084e    0x1  Data  Gb  const_var.o [1]
regulator_fan            0x800'04ed   0xac  Code  Gb  main.o [1]
regulator_solder         0x800'03bf  0x12e  Code  Gb  main.o [1]
sEE_ReadBuffer           0x800'3365   0x70  Code  Gb  sEEPROM.o [1]
sEE_WaitForWriteEnd      0x800'35f5   0x62  Code  Gb  sEEPROM.o [1]
sEE_WriteBuffer          0x800'33d5  0x16e  Code  Gb  sEEPROM.o [1]
sEE_WriteEnable          0x800'35b9   0x3c  Code  Gb  sEEPROM.o [1]
sEE_WritePage            0x800'3543   0x76  Code  Gb  sEEPROM.o [1]
scalbln                  0x800'a21d         Code  Gb  ldexp.o [3]
scalblnl                 0x800'a21d         Code  Gb  ldexp.o [3]
scalbn                   0x800'a21d         Code  Gb  ldexp.o [3]
scalbnl                  0x800'a21d         Code  Gb  ldexp.o [3]
scale                    0x800'9f3d   0x46  Code  Lc  xprintffull.o [2]
sec_hand                0x2000'082c    0x4  Data  Lc  xfail_s.o [2]
segoeUI_8ptBitmaps       0x800'b4c8  0x3d4  Data  Gb  ssd1306_fonts.o [1]
segoeUI_8ptDescriptors   0x800'bde0  0x178  Data  Gb  ssd1306_fonts.o [1]
segoeUI_8ptFontInfo     0x2000'001c    0xc  Data  Gb  ssd1306_fonts.o [1]
show_menu                0x800'56b3   0x92  Code  Gb  menu.o [1]
solder_working_layout    0x800'0159   0x9c  Code  Gb  main.o [1]
soldertype              0x2000'0850    0x1  Data  Gb  const_var.o [1]
ssd1306_SendToDisplay    0x800'1b1b   0x5a  Code  Lc  ssd1306.o [1]
strNULL                  0x800'89a3    0x1  Data  Gb  const_var.o [1]
strchr                   0x800'a065         Code  Gb  strchr.o [4]
strlen                   0x800'a0bd         Code  Gb  strlen.o [4]
tp                       0x800'c8b8    0x4  Data  Gb  const_var.o [1]
uwTick                  0x2000'0828    0x4  Data  Gb  stm32f1xx_hal.o [1]
uwTickFreq              0x2000'00bf    0x1  Data  Gb  stm32f1xx_hal.o [1]
uwTickPrio              0x2000'0034    0x4  Data  Gb  stm32f1xx_hal.o [1]
vsprintf                 0x800'89a5   0x34  Code  Gb  vsprintf.o [2]


[1] = D:\WORK\ST\STM32F013C8T6B_BluePill\Projects\CUBE\SolderStation_F103\EWARM\SolderStation_F103\Obj
[2] = dl7M_tlf.a
[3] = m7M_tl.a
[4] = rt7M_tl.a
[5] = shb_l.a

  43'471 bytes of readonly  code memory
   8'179 bytes of readonly  data memory
   3'176 bytes of readwrite data memory

Errors: none
Warnings: none
