###############################################################################
#
# IAR ELF Linker V8.50.6.265/W32 for ARM                  14/Oct/2020  18:59:56
# Copyright 2007-2020 IAR Systems AB.
#
#    Output file  =
#        D:\WORK\ST\STM32F013C8T6B_BluePill\Projects\CUBE\SolderStation_F103\EWARM\SolderStation_F103\Exe\SolderStation_F103.out
#    Map file     =
#        D:\WORK\ST\STM32F013C8T6B_BluePill\Projects\CUBE\SolderStation_F103\EWARM\SolderStation_F103\List\SolderStation_F103.map
#    Command line =
#        -f C:\Users\denpr\AppData\Local\Temp\EW79B.tmp
#        (D:\WORK\ST\STM32F013C8T6B_BluePill\Projects\CUBE\SolderStation_F103\EWARM\SolderStation_F103\Obj\button_drv.o
#        D:\WORK\ST\STM32F013C8T6B_BluePill\Projects\CUBE\SolderStation_F103\EWARM\SolderStation_F103\Obj\const_var.o
#        D:\WORK\ST\STM32F013C8T6B_BluePill\Projects\CUBE\SolderStation_F103\EWARM\SolderStation_F103\Obj\main.o
#        D:\WORK\ST\STM32F013C8T6B_BluePill\Projects\CUBE\SolderStation_F103\EWARM\SolderStation_F103\Obj\menu.o
#        D:\WORK\ST\STM32F013C8T6B_BluePill\Projects\CUBE\SolderStation_F103\EWARM\SolderStation_F103\Obj\MicroMenu.o
#        D:\WORK\ST\STM32F013C8T6B_BluePill\Projects\CUBE\SolderStation_F103\EWARM\SolderStation_F103\Obj\sEEPROM.o
#        D:\WORK\ST\STM32F013C8T6B_BluePill\Projects\CUBE\SolderStation_F103\EWARM\SolderStation_F103\Obj\ssd1306.o
#        D:\WORK\ST\STM32F013C8T6B_BluePill\Projects\CUBE\SolderStation_F103\EWARM\SolderStation_F103\Obj\ssd1306_fonts.o
#        D:\WORK\ST\STM32F013C8T6B_BluePill\Projects\CUBE\SolderStation_F103\EWARM\SolderStation_F103\Obj\startup_stm32f103xb.o
#        D:\WORK\ST\STM32F013C8T6B_BluePill\Projects\CUBE\SolderStation_F103\EWARM\SolderStation_F103\Obj\stm32f1xx_hal.o
#        D:\WORK\ST\STM32F013C8T6B_BluePill\Projects\CUBE\SolderStation_F103\EWARM\SolderStation_F103\Obj\stm32f1xx_hal_adc.o
#        D:\WORK\ST\STM32F013C8T6B_BluePill\Projects\CUBE\SolderStation_F103\EWARM\SolderStation_F103\Obj\stm32f1xx_hal_adc_ex.o
#        D:\WORK\ST\STM32F013C8T6B_BluePill\Projects\CUBE\SolderStation_F103\EWARM\SolderStation_F103\Obj\stm32f1xx_hal_cortex.o
#        D:\WORK\ST\STM32F013C8T6B_BluePill\Projects\CUBE\SolderStation_F103\EWARM\SolderStation_F103\Obj\stm32f1xx_hal_dma.o
#        D:\WORK\ST\STM32F013C8T6B_BluePill\Projects\CUBE\SolderStation_F103\EWARM\SolderStation_F103\Obj\stm32f1xx_hal_exti.o
#        D:\WORK\ST\STM32F013C8T6B_BluePill\Projects\CUBE\SolderStation_F103\EWARM\SolderStation_F103\Obj\stm32f1xx_hal_flash.o
#        D:\WORK\ST\STM32F013C8T6B_BluePill\Projects\CUBE\SolderStation_F103\EWARM\SolderStation_F103\Obj\stm32f1xx_hal_flash_ex.o
#        D:\WORK\ST\STM32F013C8T6B_BluePill\Projects\CUBE\SolderStation_F103\EWARM\SolderStation_F103\Obj\stm32f1xx_hal_gpio.o
#        D:\WORK\ST\STM32F013C8T6B_BluePill\Projects\CUBE\SolderStation_F103\EWARM\SolderStation_F103\Obj\stm32f1xx_hal_gpio_ex.o
#        D:\WORK\ST\STM32F013C8T6B_BluePill\Projects\CUBE\SolderStation_F103\EWARM\SolderStation_F103\Obj\stm32f1xx_hal_i2c.o
#        D:\WORK\ST\STM32F013C8T6B_BluePill\Projects\CUBE\SolderStation_F103\EWARM\SolderStation_F103\Obj\stm32f1xx_hal_msp.o
#        D:\WORK\ST\STM32F013C8T6B_BluePill\Projects\CUBE\SolderStation_F103\EWARM\SolderStation_F103\Obj\stm32f1xx_hal_pwr.o
#        D:\WORK\ST\STM32F013C8T6B_BluePill\Projects\CUBE\SolderStation_F103\EWARM\SolderStation_F103\Obj\stm32f1xx_hal_rcc.o
#        D:\WORK\ST\STM32F013C8T6B_BluePill\Projects\CUBE\SolderStation_F103\EWARM\SolderStation_F103\Obj\stm32f1xx_hal_rcc_ex.o
#        D:\WORK\ST\STM32F013C8T6B_BluePill\Projects\CUBE\SolderStation_F103\EWARM\SolderStation_F103\Obj\stm32f1xx_hal_spi.o
#        D:\WORK\ST\STM32F013C8T6B_BluePill\Projects\CUBE\SolderStation_F103\EWARM\SolderStation_F103\Obj\stm32f1xx_hal_tim.o
#        D:\WORK\ST\STM32F013C8T6B_BluePill\Projects\CUBE\SolderStation_F103\EWARM\SolderStation_F103\Obj\stm32f1xx_hal_tim_ex.o
#        D:\WORK\ST\STM32F013C8T6B_BluePill\Projects\CUBE\SolderStation_F103\EWARM\SolderStation_F103\Obj\stm32f1xx_it.o
#        D:\WORK\ST\STM32F013C8T6B_BluePill\Projects\CUBE\SolderStation_F103\EWARM\SolderStation_F103\Obj\system_stm32f1xx.o
#        --redirect _Printf=_PrintfFull --redirect _Scanf=_ScanfFull
#        --no_out_extension -o
#        D:\WORK\ST\STM32F013C8T6B_BluePill\Projects\CUBE\SolderStation_F103\EWARM\SolderStation_F103\Exe\SolderStation_F103.out
#        --map
#        D:\WORK\ST\STM32F013C8T6B_BluePill\Projects\CUBE\SolderStation_F103\EWARM\SolderStation_F103\List\SolderStation_F103.map
#        --config
#        D:\WORK\ST\STM32F013C8T6B_BluePill\Projects\CUBE\SolderStation_F103\EWARM/stm32f103xb_flash.icf
#        --semihosting --entry __iar_program_start --inline --vfe --text_out
#        locale)
#
###############################################################################

*******************************************************************************
*** RUNTIME MODEL ATTRIBUTES
***

CppFlavor       = *
__SystemLibrary = DLib
__dlib_version  = 6


*******************************************************************************
*** HEAP SELECTION
***

The basic heap was selected because no calls to memory allocation
functions were found in the application outside of system library
functions, and there are calls to deallocation functions in the
application.


*******************************************************************************
*** PLACEMENT SUMMARY
***

"A0":  place at address 0x800'0000 { ro section .intvec };
"P1":  place in [from 0x800'0000 to 0x801'ffff] { ro };
define block CSTACK with size = 1K, alignment = 8 { };
define block HEAP with size = 512, alignment = 8 { };
"P2":  place in [from 0x2000'0000 to 0x2000'4fff] {
          rw, block CSTACK, block HEAP };
initialize by copy { rw };

  Section            Kind         Address    Size  Object
  -------            ----         -------    ----  ------
"A0":                                        0xec
  .intvec            ro code   0x800'0000    0xec  startup_stm32f103xb.o [1]
                             - 0x800'00ec    0xec

"P1":                                      0xbcd6
  .text              ro code   0x800'00ec  0x190c  stm32f1xx_hal_i2c.o [1]
  .text              ro code   0x800'19f8   0x424  stm32f1xx_hal_msp.o [1]
  .text              ro code   0x800'1e1c   0x660  stm32f1xx_hal_rcc.o [1]
  .text              ro code   0x800'247c     0xc  stm32f1xx_hal.o [1]
  .text              ro code   0x800'2488   0x370  stm32f1xx_hal_dma.o [1]
  .text              ro code   0x800'27f8    0x14  memset.o [4]
  .text              ro code   0x800'280c   0x2a8  stm32f1xx_hal_gpio.o [1]
  .text              ro code   0x800'2ab4   0x154  stm32f1xx_hal_cortex.o [1]
  .text              ro code   0x800'2c08    0x4c  stm32f1xx_hal.o [1]
  .text              ro code   0x800'2c54    0xa6  ABImemcpy.o [4]
  .text              ro code   0x800'2cfa    0x3a  zero_init3.o [4]
  .text              ro code   0x800'2d34    0x66  ABImemset.o [4]
  .text              ro code   0x800'2d9a    0x1e  xencoding_8859_1.o [2]
  .text              ro code   0x800'2db8  0x1600  main.o [1]
  .text              ro code   0x800'43b8   0x7ae  ssd1306.o [1]
  .text              ro code   0x800'4b66     0xa  xsprout.o [2]
  .text              ro code   0x800'4b70    0x1c  U32ToFlt.o [3]
  .text              ro code   0x800'4b8c    0xd8  FltMul.o [3]
  .text              ro code   0x800'4c64    0xe2  FltAdd.o [3]
  .rodata            const     0x800'4d46     0x2  const_var.o [1]
  .text              ro code   0x800'4d48    0x2a  FltToS32.o [3]
  .rodata            const     0x800'4d72     0x2  const_var.o [1]
  .text              ro code   0x800'4d74    0x24  S32ToFlt.o [3]
  .text              ro code   0x800'4d98    0xfc  FltDiv.o [3]
  .text              ro code   0x800'4e94    0x22  S32ToDbl.o [3]
  .rodata            const     0x800'4eb6     0x2  stm32f1xx_hal_rcc.o [1]
  .text              ro code   0x800'4eb8   0x246  DblDiv.o [3]
  .rodata            const     0x800'50fe     0x2  stm32f1xx_hal_rcc_ex.o [1]
  .text              ro code   0x800'5100    0xe2  DblSub.o [3]
  .rodata            const     0x800'51e2     0x2  xlocale_c.o [2]
  .text              ro code   0x800'51e4    0x3a  DblToS32.o [3]
  .rodata            const     0x800'521e     0x2  xlocale_c.o [2]
  .text              ro code   0x800'5220    0x80  FltSub.o [3]
  .text              ro code   0x800'52a0    0x24  fmaxf.o [3]
  .text              ro code   0x800'52c4    0x24  fminf.o [3]
  .text              ro code   0x800'52e8   0x516  stm32f1xx_hal_adc.o [1]
  .text              ro code   0x800'57fe    0xe2  button_drv.o [1]
  .text              ro code   0x800'58e0    0x24  FltCmpGe.o [3]
  .text              ro code   0x800'5904    0x24  stm32f1xx_hal.o [1]
  .text              ro code   0x800'5928    0x28  stm32f1xx_hal.o [1]
  .text              ro code   0x800'5950   0x2f8  sEEPROM.o [1]
  .text              ro code   0x800'5c48   0x278  stm32f1xx_hal_adc_ex.o [1]
  .text              ro code   0x800'5ec0   0xa46  stm32f1xx_hal_tim.o [1]
  .rodata            const     0x800'6906     0x1  const_var.o [1]
  .rodata            const     0x800'6907     0x1  const_var.o [1]
  .text              ro code   0x800'6908    0x68  MicroMenu.o [1]
  .text              ro code   0x800'6970   0xee0  menu.o [1]
  .text              ro code   0x800'7850   0x244  stm32f1xx_hal_rcc_ex.o [1]
  .text              ro code   0x800'7a94   0x7b8  stm32f1xx_hal_spi.o [1]
  .text              ro code   0x800'824c    0xd8  stm32f1xx_hal_tim_ex.o [1]
  .text              ro code   0x800'8324    0x34  vsprintf.o [2]
  .text              ro code   0x800'8358   0x16a  DblAdd.o [3]
  .rodata            const     0x800'84c2     0x1  xlocale_c.o [2]
  .text              ro code   0x800'84c4  0x10c6  xprintffull.o [2]
  .text              ro code   0x800'958c    0x7c  xlocale_c.o [2]
  .text              ro code   0x800'9608    0x16  strchr.o [4]
  .text              ro code   0x800'9620    0x40  xfail_s.o [2]
  .text              ro code   0x800'9660    0x36  strlen.o [4]
  .text              ro code   0x800'9698    0x58  memchr.o [4]
  .text              ro code   0x800'96f0    0x70  frexp.o [3]
  .text              ro code   0x800'9760    0x2e  DblCmpLe.o [3]
  .text              ro code   0x800'9790    0x2e  DblCmpGe.o [3]
  .text              ro code   0x800'97c0   0x13a  ldexp.o [3]
  .text              ro code   0x800'98fc    0x28  DblToU32.o [3]
  .text              ro code   0x800'9924    0x1a  U32ToDbl.o [3]
  .text              ro code   0x800'9940   0x1a2  DblMul.o [3]
  .text              ro code   0x800'9ae2     0xa  xmbcurmax.o [2]
  .text              ro code   0x800'9aec   0x230  I64DivMod.o [4]
  .text              ro code   0x800'9d1c     0x6  abort.o [2]
  .text              ro code   0x800'9d24     0x2  I64DivZer.o [4]
  .text              ro code   0x800'9d28    0x14  exit.o [5]
  .rodata            const     0x800'9d3c   0x750  ssd1306_fonts.o [1]
  .rodata            const     0x800'a48c   0x5e0  ssd1306_fonts.o [1]
  .rodata            const     0x800'aa6c   0x3d4  ssd1306_fonts.o [1]
  .rodata            const     0x800'ae40   0x254  ssd1306_fonts.o [1]
  .rodata            const     0x800'b094   0x178  ssd1306_fonts.o [1]
  .rodata            const     0x800'b20c   0x178  ssd1306_fonts.o [1]
  .rodata            const     0x800'b384   0x178  ssd1306_fonts.o [1]
  .text              ro code   0x800'b4fc    0x78  lz77_init_single.o [4]
  .text              ro code   0x800'b574    0x58  system_stm32f1xx.o [1]
  .text              ro code   0x800'b5cc    0x50  stm32f1xx_it.o [1]
  .text              ro code   0x800'b61c    0x18  stm32f1xx_hal.o [1]
  .rodata            const     0x800'b634    0x40  ssd1306_fonts.o [1]
  .rodata            const     0x800'b674    0x30  menu.o [1]
  .rodata            const     0x800'b6a4    0x30  menu.o [1]
  .rodata            const     0x800'b6d4    0x30  menu.o [1]
  .rodata            const     0x800'b704    0x2c  menu.o [1]
  .rodata            const     0x800'b730    0x2c  menu.o [1]
  .rodata            const     0x800'b75c    0x28  menu.o [1]
  .rodata            const     0x800'b784    0x28  menu.o [1]
  .text              ro code   0x800'b7ac    0x28  data_init.o [4]
  .rodata            const     0x800'b7d4    0x24  menu.o [1]
  .rodata            const     0x800'b7f8    0x24  menu.o [1]
  .iar.init_table    const     0x800'b81c    0x20  - Linker created -
  .rodata            const     0x800'b83c    0x20  menu.o [1]
  .rodata            const     0x800'b85c    0x20  menu.o [1]
  .rodata            const     0x800'b87c    0x20  menu.o [1]
  .rodata            const     0x800'b89c    0x20  menu.o [1]
  .rodata            const     0x800'b8bc    0x20  menu.o [1]
  .rodata            const     0x800'b8dc    0x20  menu.o [1]
  .rodata            const     0x800'b8fc    0x20  menu.o [1]
  .rodata            const     0x800'b91c    0x20  menu.o [1]
  .rodata            const     0x800'b93c    0x20  menu.o [1]
  .rodata            const     0x800'b95c    0x20  menu.o [1]
  .rodata            const     0x800'b97c    0x20  menu.o [1]
  .rodata            const     0x800'b99c    0x20  menu.o [1]
  .rodata            const     0x800'b9bc    0x20  menu.o [1]
  .rodata            const     0x800'b9dc    0x20  menu.o [1]
  .rodata            const     0x800'b9fc    0x20  menu.o [1]
  .rodata            const     0x800'ba1c    0x20  menu.o [1]
  .rodata            const     0x800'ba3c    0x20  menu.o [1]
  .text              ro code   0x800'ba5c    0x1e  cmain.o [4]
  .text              ro code   0x800'ba7a     0x4  exit.o [2]
  .text              ro code   0x800'ba80     0xa  cexit.o [4]
  .rodata            const     0x800'ba8c    0x1c  menu.o [1]
  .rodata            const     0x800'baa8    0x1c  menu.o [1]
  .rodata            const     0x800'bac4    0x18  main.o [1]
  .rodata            const     0x800'badc    0x18  menu.o [1]
  .rodata            const     0x800'baf4    0x18  menu.o [1]
  .rodata            const     0x800'bb0c    0x18  menu.o [1]
  .rodata            const     0x800'bb24    0x18  menu.o [1]
  .rodata            const     0x800'bb3c    0x18  menu.o [1]
  .rodata            const     0x800'bb54    0x18  menu.o [1]
  .rodata            const     0x800'bb6c    0x18  MicroMenu.o [1]
  .rodata            const     0x800'bb84    0x14  menu.o [1]
  .rodata            const     0x800'bb98    0x14  menu.o [1]
  .rodata            const     0x800'bbac    0x14  ssd1306.o [1]
  .rodata            const     0x800'bbc0    0x10  main.o [1]
  .rodata            const     0x800'bbd0    0x10  menu.o [1]
  .rodata            const     0x800'bbe0    0x10  menu.o [1]
  .rodata            const     0x800'bbf0    0x10  menu.o [1]
  .rodata            const     0x800'bc00    0x10  stm32f1xx_hal_rcc.o [1]
  .rodata            const     0x800'bc10    0x10  stm32f1xx_hal_rcc_ex.o [1]
  .rodata            const     0x800'bc20    0x10  system_stm32f1xx.o [1]
  .text              ro code   0x800'bc30    0x10  startup_stm32f103xb.o [1]
  .rodata            const     0x800'bc40     0xc  main.o [1]
  .rodata            const     0x800'bc4c     0xc  main.o [1]
  .text              ro code   0x800'bc58     0xc  cstartup_M.o [4]
  .rodata            const     0x800'bc64     0x8  main.o [1]
  .rodata            const     0x800'bc6c     0x8  main.o [1]
  .rodata            const     0x800'bc74     0x8  main.o [1]
  .rodata            const     0x800'bc7c     0x8  main.o [1]
  .rodata            const     0x800'bc84     0x8  ssd1306.o [1]
  .rodata            const     0x800'bc8c     0x8  system_stm32f1xx.o [1]
  .rodata            const     0x800'bc94     0x4  const_var.o [1]
  .rodata            const     0x800'bc98     0x4  const_var.o [1]
  .rodata            const     0x800'bc9c     0x4  const_var.o [1]
  .rodata            const     0x800'bca0     0x4  const_var.o [1]
  .rodata            const     0x800'bca4     0x4  const_var.o [1]
  .rodata            const     0x800'bca8     0x4  const_var.o [1]
  .rodata            const     0x800'bcac     0x4  const_var.o [1]
  .rodata            const     0x800'bcb0     0x4  const_var.o [1]
  .rodata            const     0x800'bcb4     0x4  const_var.o [1]
  .text              ro code   0x800'bcb8     0x4  startup_stm32f103xb.o [1]
  .text              ro code   0x800'bcbc     0x4  startup_stm32f103xb.o [1]
  .text              ro code   0x800'bcc0     0x4  startup_stm32f103xb.o [1]
  .text              ro code   0x800'bcc4     0x4  startup_stm32f103xb.o [1]
  .text              ro code   0x800'bcc8     0x4  startup_stm32f103xb.o [1]
  .text              ro code   0x800'bccc     0x4  startup_stm32f103xb.o [1]
  .text              ro code   0x800'bcd0     0x4  startup_stm32f103xb.o [1]
  .text              ro code   0x800'bcd4     0x4  startup_stm32f103xb.o [1]
  .text              ro code   0x800'bcd8     0x4  startup_stm32f103xb.o [1]
  .text              ro code   0x800'bcdc     0x4  startup_stm32f103xb.o [1]
  .text              ro code   0x800'bce0     0x4  startup_stm32f103xb.o [1]
  .text              ro code   0x800'bce4     0x4  startup_stm32f103xb.o [1]
  .text              ro code   0x800'bce8     0x4  startup_stm32f103xb.o [1]
  .text              ro code   0x800'bcec     0x4  startup_stm32f103xb.o [1]
  .text              ro code   0x800'bcf0     0x4  startup_stm32f103xb.o [1]
  .text              ro code   0x800'bcf4     0x4  startup_stm32f103xb.o [1]
  .text              ro code   0x800'bcf8     0x4  startup_stm32f103xb.o [1]
  .text              ro code   0x800'bcfc     0x4  startup_stm32f103xb.o [1]
  .text              ro code   0x800'bd00     0x4  startup_stm32f103xb.o [1]
  .text              ro code   0x800'bd04     0x4  startup_stm32f103xb.o [1]
  .text              ro code   0x800'bd08     0x4  startup_stm32f103xb.o [1]
  .text              ro code   0x800'bd0c     0x4  startup_stm32f103xb.o [1]
  .text              ro code   0x800'bd10     0x4  startup_stm32f103xb.o [1]
  .text              ro code   0x800'bd14     0x4  startup_stm32f103xb.o [1]
  .text              ro code   0x800'bd18     0x4  startup_stm32f103xb.o [1]
  .text              ro code   0x800'bd1c     0x4  startup_stm32f103xb.o [1]
  .text              ro code   0x800'bd20     0x4  startup_stm32f103xb.o [1]
  .text              ro code   0x800'bd24     0x4  startup_stm32f103xb.o [1]
  .text              ro code   0x800'bd28     0x4  startup_stm32f103xb.o [1]
  .text              ro code   0x800'bd2c     0x4  startup_stm32f103xb.o [1]
  .text              ro code   0x800'bd30     0x4  startup_stm32f103xb.o [1]
  .text              ro code   0x800'bd34     0x4  startup_stm32f103xb.o [1]
  .text              ro code   0x800'bd38     0x4  startup_stm32f103xb.o [1]
  .text              ro code   0x800'bd3c     0x4  startup_stm32f103xb.o [1]
  .text              ro code   0x800'bd40     0x4  startup_stm32f103xb.o [1]
  .text              ro code   0x800'bd44     0x4  startup_stm32f103xb.o [1]
  .text              ro code   0x800'bd48     0x4  startup_stm32f103xb.o [1]
  .text              ro code   0x800'bd4c     0x4  startup_stm32f103xb.o [1]
  .text              ro code   0x800'bd50     0x4  startup_stm32f103xb.o [1]
  .rodata            const     0x800'bd54     0x0  zero_init3.o [4]
  .rodata            const     0x800'bd54     0x0  lz77_init_single.o [4]
  Initializer bytes  const     0x800'bd54    0x6e  <for P2-1>
                             - 0x800'bdc2  0xbcd6

"P2", part 1 of 3:                           0xc1
  P2-1                        0x2000'0000    0xc1  <Init block>
    .data            inited   0x2000'0000     0x4  MicroMenu.o [1]
    .data            inited   0x2000'0004     0xc  ssd1306_fonts.o [1]
    .data            inited   0x2000'0010     0xc  ssd1306_fonts.o [1]
    .data            inited   0x2000'001c     0xc  ssd1306_fonts.o [1]
    .data            inited   0x2000'0028     0xc  ssd1306_fonts.o [1]
    .data            inited   0x2000'0034     0x4  stm32f1xx_hal.o [1]
    .data            inited   0x2000'0038     0x4  system_stm32f1xx.o [1]
    .data            inited   0x2000'003c    0x38  xlocale_c.o [2]
    .data            inited   0x2000'0074    0x48  xlocale_c.o [2]
    .data            inited   0x2000'00bc     0x1  const_var.o [1]
    .data            inited   0x2000'00bd     0x1  const_var.o [1]
    .data            inited   0x2000'00be     0x1  const_var.o [1]
    .data            inited   0x2000'00bf     0x1  const_var.o [1]
    .data            inited   0x2000'00c0     0x1  stm32f1xx_hal.o [1]
                            - 0x2000'00c1    0xc1

"P2", part 2 of 3:                          0x7d8
  .bss               zero     0x2000'00c4   0x400  ssd1306.o [1]
  .bss               zero     0x2000'04c4    0x58  main.o [1]
  .bss               zero     0x2000'051c    0x54  main.o [1]
  .bss               zero     0x2000'0570    0x48  main.o [1]
  .bss               zero     0x2000'05b8    0x48  main.o [1]
  .bss               zero     0x2000'0600    0x48  main.o [1]
  .bss               zero     0x2000'0648    0x44  main.o [1]
  .bss               zero     0x2000'068c    0x44  main.o [1]
  .bss               zero     0x2000'06d0    0x40  const_var.o [1]
  .bss               zero     0x2000'0710    0x40  const_var.o [1]
  .bss               zero     0x2000'0750    0x30  const_var.o [1]
  .bss               zero     0x2000'0780    0x30  main.o [1]
  .bss               zero     0x2000'07b0    0x30  main.o [1]
  .bss               zero     0x2000'07e0    0x14  ssd1306.o [1]
  .bss               zero     0x2000'07f4    0x10  const_var.o [1]
  .bss               zero     0x2000'0804     0x4  const_var.o [1]
  .bss               zero     0x2000'0808     0x4  const_var.o [1]
  .bss               zero     0x2000'080c     0x4  const_var.o [1]
  .bss               zero     0x2000'0810     0x4  const_var.o [1]
  .bss               zero     0x2000'0814     0x4  const_var.o [1]
  .bss               zero     0x2000'0818     0x4  const_var.o [1]
  .bss               zero     0x2000'081c     0x4  const_var.o [1]
  .bss               zero     0x2000'0820     0x4  const_var.o [1]
  .bss               zero     0x2000'0824     0x4  const_var.o [1]
  .bss               zero     0x2000'0828     0x4  const_var.o [1]
  .bss               zero     0x2000'082c     0x4  const_var.o [1]
  .bss               zero     0x2000'0830     0x4  const_var.o [1]
  .bss               zero     0x2000'0834     0x4  const_var.o [1]
  .bss               zero     0x2000'0838     0x4  const_var.o [1]
  .bss               zero     0x2000'083c     0x4  menu.o [1]
  .bss               zero     0x2000'0840     0x4  menu.o [1]
  .bss               zero     0x2000'0844     0x4  menu.o [1]
  .bss               zero     0x2000'0848     0x4  menu.o [1]
  .bss               zero     0x2000'084c     0x4  menu.o [1]
  .bss               zero     0x2000'0850     0x4  menu.o [1]
  .bss               zero     0x2000'0854     0x4  menu.o [1]
  .bss               zero     0x2000'0858     0x4  menu.o [1]
  .bss               zero     0x2000'085c     0x4  MicroMenu.o [1]
  .bss               zero     0x2000'0860     0x4  stm32f1xx_hal.o [1]
  .bss               zero     0x2000'0864     0x4  xfail_s.o [2]
  .bss               zero     0x2000'0868     0x2  const_var.o [1]
  .bss               zero     0x2000'086a     0x2  const_var.o [1]
  .bss               zero     0x2000'086c     0x2  const_var.o [1]
  .bss               zero     0x2000'086e     0x2  const_var.o [1]
  .bss               zero     0x2000'0870     0x2  const_var.o [1]
  .bss               zero     0x2000'0872     0x2  const_var.o [1]
  .bss               zero     0x2000'0874     0x2  const_var.o [1]
  .bss               zero     0x2000'0876     0x2  const_var.o [1]
  .bss               zero     0x2000'0878     0x2  const_var.o [1]
  .bss               zero     0x2000'087a     0x2  const_var.o [1]
  .bss               zero     0x2000'087c     0x2  const_var.o [1]
  .bss               zero     0x2000'087e     0x2  main.o [1]
  .bss               zero     0x2000'0880     0x2  main.o [1]
  .bss               zero     0x2000'0882     0x2  main.o [1]
  .bss               zero     0x2000'0884     0x1  const_var.o [1]
  .bss               zero     0x2000'0885     0x1  const_var.o [1]
  .bss               zero     0x2000'0886     0x1  const_var.o [1]
  .bss               zero     0x2000'0887     0x1  const_var.o [1]
  .bss               zero     0x2000'0888     0x1  const_var.o [1]
  .bss               zero     0x2000'0889     0x1  const_var.o [1]
  .bss               zero     0x2000'088a     0x1  const_var.o [1]
  .bss               zero     0x2000'088b     0x1  const_var.o [1]
  .bss               zero     0x2000'088c     0x1  const_var.o [1]
  .bss               zero     0x2000'088d     0x1  const_var.o [1]
  .bss               zero     0x2000'088e     0x1  const_var.o [1]
  .bss               zero     0x2000'088f     0x1  const_var.o [1]
  .bss               zero     0x2000'0890     0x1  const_var.o [1]
  .bss               zero     0x2000'0891     0x1  const_var.o [1]
  .bss               zero     0x2000'0892     0x1  const_var.o [1]
  .bss               zero     0x2000'0893     0x1  const_var.o [1]
  .bss               zero     0x2000'0894     0x1  const_var.o [1]
  .bss               zero     0x2000'0895     0x1  main.o [1]
  .bss               zero     0x2000'0896     0x1  main.o [1]
  .bss               zero     0x2000'0897     0x1  main.o [1]
  .bss               zero     0x2000'0898     0x1  main.o [1]
  .bss               zero     0x2000'0899     0x1  main.o [1]
                            - 0x2000'089a   0x7d6

"P2", part 3 of 3:                          0x400
  CSTACK                      0x2000'08a0   0x400  <Block>
    CSTACK           uninit   0x2000'08a0   0x400  <Block tail>
                            - 0x2000'0ca0   0x400

Unused ranges:

         From           To      Size
         ----           --      ----
   0x800'bdc2   0x801'ffff  0x1'423e
  0x2000'00c1  0x2000'00c3       0x3
  0x2000'089c  0x2000'089f       0x4
  0x2000'0ca0  0x2000'4fff    0x4360


*******************************************************************************
*** INIT TABLE
***

          Address      Size
          -------      ----
Zero (__iar_zero_init3)
    1 destination range, total size 0x7d6:
          0x2000'00c4  0x7d6

Copy/lz77 (__iar_lz77_init_single3)
    1 source range, total size 0x6e (56% of destination):
           0x800'bd54   0x6e
    1 destination range, total size 0xc1:
          0x2000'0000   0xc1



*******************************************************************************
*** MODULE SUMMARY
***

    Module                  ro code  ro data  rw data
    ------                  -------  -------  -------
command line/config:
    -------------------------------------------------
    Total:

D:\WORK\ST\STM32F013C8T6B_BluePill\Projects\CUBE\SolderStation_F103\EWARM\SolderStation_F103\Obj: [1]
    MicroMenu.o                 104       26        8
    button_drv.o                226
    const_var.o                           44      291
    main.o                    5'632       96      631
    menu.o                    3'808    1'216       32
    sEEPROM.o                   760
    ssd1306.o                 1'966       28    1'044
    ssd1306_fonts.o                    6'171       48
    startup_stm32f103xb.o       408
    stm32f1xx_hal.o             188        3        9
    stm32f1xx_hal_adc.o       1'302
    stm32f1xx_hal_adc_ex.o      632
    stm32f1xx_hal_cortex.o      340
    stm32f1xx_hal_dma.o         880
    stm32f1xx_hal_gpio.o        680
    stm32f1xx_hal_i2c.o       6'412
    stm32f1xx_hal_msp.o       1'060
    stm32f1xx_hal_rcc.o       1'632       18
    stm32f1xx_hal_rcc_ex.o      580       18
    stm32f1xx_hal_spi.o       1'976
    stm32f1xx_hal_tim.o       2'630
    stm32f1xx_hal_tim_ex.o      216
    stm32f1xx_it.o               80
    system_stm32f1xx.o           88       27        4
    -------------------------------------------------
    Total:                   31'600    7'647    2'067

dl7M_tlf.a: [2]
    abort.o                       6
    exit.o                        4
    vsprintf.o                   52
    xencoding_8859_1.o           30
    xfail_s.o                    64                 4
    xlocale_c.o                 124       78      128
    xmbcurmax.o                  10
    xprintffull.o             4'294
    xsprout.o                    10
    -------------------------------------------------
    Total:                    4'594       78      132

m7M_tl.a: [3]
    DblAdd.o                    362
    DblCmpGe.o                   46
    DblCmpLe.o                   46
    DblDiv.o                    582
    DblMul.o                    418
    DblSub.o                    226
    DblToS32.o                   58
    DblToU32.o                   40
    FltAdd.o                    226
    FltCmpGe.o                   36
    FltDiv.o                    252
    FltMul.o                    216
    FltSub.o                    128
    FltToS32.o                   42
    S32ToDbl.o                   34
    S32ToFlt.o                   36
    U32ToDbl.o                   26
    U32ToFlt.o                   28
    fmaxf.o                      36
    fminf.o                      36
    frexp.o                     112
    ldexp.o                     314
    -------------------------------------------------
    Total:                    3'300

rt7M_tl.a: [4]
    ABImemcpy.o                 166
    ABImemset.o                 102
    I64DivMod.o                 560
    I64DivZer.o                   2
    cexit.o                      10
    cmain.o                      30
    cstartup_M.o                 12
    data_init.o                  40
    lz77_init_single.o          120
    memchr.o                     88
    memset.o                     20
    strchr.o                     22
    strlen.o                     54
    zero_init3.o                 58
    -------------------------------------------------
    Total:                    1'284

shb_l.a: [5]
    exit.o                       20
    -------------------------------------------------
    Total:                       20

    Gaps                         21        2
    Linker created                        32    1'024
-----------------------------------------------------
    Grand Total:             40'819    7'759    3'223


*******************************************************************************
*** ENTRY LIST
***

Entry                       Address   Size  Type      Object
-----                       -------   ----  ----      ------
.iar.init_table$$Base    0x800'b81c          --   Gb  - Linker created -
.iar.init_table$$Limit   0x800'b83c          --   Gb  - Linker created -
?main                    0x800'ba5d         Code  Gb  cmain.o [4]
ADC_ConversionStop_Disable
                         0x800'5731   0x4a  Code  Gb  stm32f1xx_hal_adc.o [1]
ADC_DMAConvCplt          0x800'577d   0x52  Code  Gb  stm32f1xx_hal_adc.o [1]
ADC_DMAError             0x800'57e1   0x1e  Code  Gb  stm32f1xx_hal_adc.o [1]
ADC_DMAHalfConvCplt      0x800'57d1    0xe  Code  Gb  stm32f1xx_hal_adc.o [1]
ADC_Enable               0x800'56a1   0x6e  Code  Gb  stm32f1xx_hal_adc.o [1]
AHBPrescTable            0x800'bc20   0x10  Data  Gb  system_stm32f1xx.o [1]
APBPrescTable            0x800'bc8c    0x8  Data  Gb  system_stm32f1xx.o [1]
BtnCntr_LongPush        0x2000'0893    0x1  Data  Gb  const_var.o [1]
BtnCntr_Menu            0x2000'0894    0x1  Data  Gb  const_var.o [1]
BtnCntr_ShortPush       0x2000'0892    0x1  Data  Gb  const_var.o [1]
BusFault_Handler         0x800'b5d3    0x2  Code  Gb  stm32f1xx_it.o [1]
Button_Init              0x800'58d7    0xa  Code  Gb  button_drv.o [1]
CSTACK$$Base            0x2000'08a0          --   Gb  - Linker created -
CSTACK$$Limit           0x2000'0ca0          --   Gb  - Linker created -
CacheMore                0x800'9591   0x28  Code  Lc  xlocale_c.o [2]
Calibrate_fan            0x800'7271  0x3a2  Code  Lc  menu.o [1]
Calibrate_fan::adc_calibration_fan1
                        0x2000'0850    0x4  Data  Lc  menu.o [1]
Calibrate_fan::adc_calibration_fan2
                        0x2000'0858    0x4  Data  Lc  menu.o [1]
Calibrate_fan::temp_calibration_fan1
                        0x2000'084c    0x4  Data  Lc  menu.o [1]
Calibrate_fan::temp_calibration_fan2
                        0x2000'0854    0x4  Data  Lc  menu.o [1]
Calibrate_solder         0x800'6e77  0x3de  Code  Lc  menu.o [1]
Calibrate_solder::adc_calibration_solder1
                        0x2000'0840    0x4  Data  Lc  menu.o [1]
Calibrate_solder::adc_calibration_solder2
                        0x2000'0848    0x4  Data  Lc  menu.o [1]
Calibrate_solder::temp_calibration_solder1
                        0x2000'083c    0x4  Data  Lc  menu.o [1]
Calibrate_solder::temp_calibration_solder2
                        0x2000'0844    0x4  Data  Lc  menu.o [1]
CurrentMenuItem         0x2000'0000    0x4  Data  Lc  MicroMenu.o [1]
DMA1_Channel1_IRQHandler
                         0x800'b5e5    0xa  Code  Gb  stm32f1xx_it.o [1]
DMA1_Channel6_IRQHandler
                         0x800'b5ef    0xa  Code  Gb  stm32f1xx_it.o [1]
DMA_SetConfig            0x800'27cd   0x2c  Code  Lc  stm32f1xx_hal_dma.o [1]
DebugMon_Handler         0x800'b5d9    0x2  Code  Gb  stm32f1xx_it.o [1]
EncBtn                  0x2000'07f4   0x10  Data  Gb  const_var.o [1]
ExitMenu                 0x800'6e17   0x60  Code  Lc  menu.o [1]
F_encoder_change_value  0x2000'0891    0x1  Data  Gb  const_var.o [1]
F_fan                   0x2000'088b    0x1  Data  Gb  const_var.o [1]
F_fan_blower_protect    0x2000'0890    0x1  Data  Gb  const_var.o [1]
F_fan_enable            0x2000'088c    0x1  Data  Gb  const_var.o [1]
F_fan_gerkon            0x2000'088d    0x1  Data  Gb  const_var.o [1]
F_fan_temp_protect      0x2000'088e    0x1  Data  Gb  const_var.o [1]
F_solder                0x2000'0888    0x1  Data  Gb  const_var.o [1]
F_solder_enable         0x2000'088a    0x1  Data  Gb  const_var.o [1]
F_solder_switch         0x2000'0889    0x1  Data  Gb  const_var.o [1]
F_solder_temp_protect   0x2000'088f    0x1  Data  Gb  const_var.o [1]
F_solder_timeout        0x2000'00bc    0x1  Data  Gb  const_var.o [1]
Fan_Thermocouple_adc    0x2000'0876    0x2  Data  Gb  const_var.o [1]
Fan_Thermocouple_temp   0x2000'087c    0x2  Data  Gb  const_var.o [1]
Fan_fan_adc             0x2000'0878    0x2  Data  Gb  const_var.o [1]
Fan_fan_percent         0x2000'0887    0x1  Data  Gb  const_var.o [1]
Fan_filter_array        0x2000'0710   0x40  Data  Gb  const_var.o [1]
Fan_temp_z              0x2000'086e    0x2  Data  Gb  const_var.o [1]
Fan_temp_z_former       0x2000'0870    0x2  Data  Gb  const_var.o [1]
GoBack                   0x800'7621    0xe  Code  Lc  menu.o [1]
HAL_ADCEx_Calibration_Start
                         0x800'5c49   0xec  Code  Gb  stm32f1xx_hal_adc_ex.o [1]
HAL_ADCEx_MultiModeConfigChannel
                         0x800'5e3d   0x64  Code  Gb  stm32f1xx_hal_adc_ex.o [1]
HAL_ADCEx_MultiModeStart_DMA
                         0x800'5d35  0x108  Code  Gb  stm32f1xx_hal_adc_ex.o [1]
HAL_ADC_ConfigChannel    0x800'554f  0x152  Code  Gb  stm32f1xx_hal_adc.o [1]
HAL_ADC_Init             0x800'52e9  0x144  Code  Gb  stm32f1xx_hal_adc.o [1]
HAL_ADC_MspInit          0x800'1a3b   0xdc  Code  Gb  stm32f1xx_hal_msp.o [1]
HAL_ADC_Start            0x800'542d  0x122  Code  Gb  stm32f1xx_hal_adc.o [1]
HAL_DMA_Abort_IT         0x800'258b   0xb4  Code  Gb  stm32f1xx_hal_dma.o [1]
HAL_DMA_IRQHandler       0x800'263f  0x16a  Code  Gb  stm32f1xx_hal_dma.o [1]
HAL_DMA_Init             0x800'2489   0x6a  Code  Gb  stm32f1xx_hal_dma.o [1]
HAL_DMA_Start_IT         0x800'24f3   0x98  Code  Gb  stm32f1xx_hal_dma.o [1]
HAL_Delay                0x800'5929   0x28  Code  Wk  stm32f1xx_hal.o [1]
HAL_GPIO_Init            0x800'280d  0x21e  Code  Gb  stm32f1xx_hal_gpio.o [1]
HAL_GPIO_ReadPin         0x800'2a2b   0x16  Code  Gb  stm32f1xx_hal_gpio.o [1]
HAL_GPIO_TogglePin       0x800'2a5b   0x1a  Code  Gb  stm32f1xx_hal_gpio.o [1]
HAL_GPIO_WritePin        0x800'2a41   0x1a  Code  Gb  stm32f1xx_hal_gpio.o [1]
HAL_GetTick              0x800'247d    0xc  Code  Wk  stm32f1xx_hal.o [1]
HAL_I2C_EV_IRQHandler    0x800'062d  0x1be  Code  Gb  stm32f1xx_hal_i2c.o [1]
HAL_I2C_Init             0x800'00ed  0x1d2  Code  Gb  stm32f1xx_hal_i2c.o [1]
HAL_I2C_Mem_Write        0x800'02d9  0x16e  Code  Gb  stm32f1xx_hal_i2c.o [1]
HAL_I2C_Mem_Write_DMA    0x800'0449  0x1cc  Code  Gb  stm32f1xx_hal_i2c.o [1]
HAL_I2C_MspInit          0x800'1b17   0xb2  Code  Gb  stm32f1xx_hal_msp.o [1]
HAL_IncTick              0x800'b61d   0x18  Code  Wk  stm32f1xx_hal.o [1]
HAL_Init                 0x800'5905   0x20  Code  Gb  stm32f1xx_hal.o [1]
HAL_InitTick             0x800'2c09   0x4c  Code  Wk  stm32f1xx_hal.o [1]
HAL_MspInit              0x800'19f9   0x42  Code  Gb  stm32f1xx_hal_msp.o [1]
HAL_NVIC_EnableIRQ       0x800'2bcd    0xe  Code  Gb  stm32f1xx_hal_cortex.o [1]
HAL_NVIC_SetPriority     0x800'2ba3   0x2a  Code  Gb  stm32f1xx_hal_cortex.o [1]
HAL_NVIC_SetPriorityGrouping
                         0x800'2b97    0xc  Code  Gb  stm32f1xx_hal_cortex.o [1]
HAL_RCCEx_GetPeriphCLKFreq
                         0x800'7969  0x100  Code  Gb  stm32f1xx_hal_rcc_ex.o [1]
HAL_RCCEx_PeriphCLKConfig
                         0x800'7851  0x118  Code  Gb  stm32f1xx_hal_rcc_ex.o [1]
HAL_RCC_ClockConfig      0x800'221d  0x14e  Code  Gb  stm32f1xx_hal_rcc.o [1]
HAL_RCC_GetHCLKFreq      0x800'23db    0x6  Code  Gb  stm32f1xx_hal_rcc.o [1]
HAL_RCC_GetPCLK1Freq     0x800'23e1   0x16  Code  Gb  stm32f1xx_hal_rcc.o [1]
HAL_RCC_GetPCLK2Freq     0x800'23f7   0x16  Code  Gb  stm32f1xx_hal_rcc.o [1]
HAL_RCC_GetSysClockFreq
                         0x800'236b   0x70  Code  Gb  stm32f1xx_hal_rcc.o [1]
HAL_RCC_OscConfig        0x800'1e1d  0x400  Code  Gb  stm32f1xx_hal_rcc.o [1]
HAL_SPI_Init             0x800'7a95   0xc4  Code  Gb  stm32f1xx_hal_spi.o [1]
HAL_SPI_MspInit          0x800'1bc9   0x72  Code  Gb  stm32f1xx_hal_msp.o [1]
HAL_SPI_Receive          0x800'7d0f  0x17c  Code  Gb  stm32f1xx_hal_spi.o [1]
HAL_SPI_Transmit         0x800'7b59  0x1b6  Code  Gb  stm32f1xx_hal_spi.o [1]
HAL_SPI_TransmitReceive
                         0x800'7e8b  0x23c  Code  Gb  stm32f1xx_hal_spi.o [1]
HAL_SYSTICK_Config       0x800'2bdb    0xc  Code  Gb  stm32f1xx_hal_cortex.o [1]
HAL_TIMEx_ConfigBreakDeadTime
                         0x800'82c9   0x5c  Code  Gb  stm32f1xx_hal_tim_ex.o [1]
HAL_TIMEx_MasterConfigSynchronization
                         0x800'824d   0x6e  Code  Gb  stm32f1xx_hal_tim_ex.o [1]
HAL_TIM_Base_Init        0x800'5ec1   0x6e  Code  Gb  stm32f1xx_hal_tim.o [1]
HAL_TIM_Base_MspInit     0x800'1c3b   0x58  Code  Gb  stm32f1xx_hal_msp.o [1]
HAL_TIM_Base_Start_IT    0x800'5f2f   0x72  Code  Gb  stm32f1xx_hal_tim.o [1]
HAL_TIM_Encoder_Init     0x800'615b   0xca  Code  Gb  stm32f1xx_hal_tim.o [1]
HAL_TIM_Encoder_MspInit
                         0x800'1c93   0x92  Code  Gb  stm32f1xx_hal_msp.o [1]
HAL_TIM_Encoder_Start    0x800'6227   0xfa  Code  Gb  stm32f1xx_hal_tim.o [1]
HAL_TIM_IRQHandler       0x800'6331  0x176  Code  Gb  stm32f1xx_hal_tim.o [1]
HAL_TIM_MspPostInit      0x800'1d57   0x8a  Code  Gb  stm32f1xx_hal_msp.o [1]
HAL_TIM_OnePulse_Init    0x800'60e5   0x76  Code  Gb  stm32f1xx_hal_tim.o [1]
HAL_TIM_PWM_ConfigChannel
                         0x800'64a7   0xf4  Code  Gb  stm32f1xx_hal_tim.o [1]
HAL_TIM_PWM_Init         0x800'5fa1   0x6e  Code  Gb  stm32f1xx_hal_tim.o [1]
HAL_TIM_PWM_MspInit      0x800'1d25   0x32  Code  Gb  stm32f1xx_hal_msp.o [1]
HAL_TIM_PWM_Start        0x800'600f   0xca  Code  Gb  stm32f1xx_hal_tim.o [1]
HAL_TIM_PeriodElapsedCallback
                         0x800'32b1  0x2b8  Code  Gb  main.o [1]
HAL_TIM_PeriodElapsedCallback::Solder_timeout_cnt
                        0x2000'0880    0x2  Data  Lc  main.o [1]
HAL_TIM_PeriodElapsedCallback::cnt_slowdown
                        0x2000'087e    0x2  Data  Lc  main.o [1]
HAL_TIM_SlaveConfigSynchro
                         0x800'659b   0x62  Code  Gb  stm32f1xx_hal_tim.o [1]
HardFault_Handler        0x800'b5cf    0x2  Code  Gb  stm32f1xx_it.o [1]
I2C1_EV_IRQHandler       0x800'b603    0xa  Code  Gb  stm32f1xx_it.o [1]
I2C_ConvertOtherXferOptions
                         0x800'19dd   0x1c  Code  Lc  stm32f1xx_hal_i2c.o [1]
I2C_DMAAbort             0x800'1665   0xf6  Code  Lc  stm32f1xx_hal_i2c.o [1]
I2C_DMAError             0x800'1617   0x4a  Code  Lc  stm32f1xx_hal_i2c.o [1]
I2C_DMAXferCplt          0x800'14c5  0x152  Code  Lc  stm32f1xx_hal_i2c.o [1]
I2C_ITError              0x800'123f  0x196  Code  Lc  stm32f1xx_hal_i2c.o [1]
I2C_IsAcknowledgeFailed
                         0x800'19a5   0x38  Code  Lc  stm32f1xx_hal_i2c.o [1]
I2C_MasterReceive_BTF    0x800'0b11  0x128  Code  Lc  stm32f1xx_hal_i2c.o [1]
I2C_MasterReceive_RXNE   0x800'0a2d   0xe4  Code  Lc  stm32f1xx_hal_i2c.o [1]
I2C_MasterTransmit_BTF   0x800'08d3   0x8e  Code  Lc  stm32f1xx_hal_i2c.o [1]
I2C_MasterTransmit_TXE   0x800'07eb   0xe8  Code  Lc  stm32f1xx_hal_i2c.o [1]
I2C_Master_ADD10         0x800'0ceb   0x32  Code  Lc  stm32f1xx_hal_i2c.o [1]
I2C_Master_ADDR          0x800'0d1d  0x258  Code  Lc  stm32f1xx_hal_i2c.o [1]
I2C_Master_SB            0x800'0c39   0xb2  Code  Lc  stm32f1xx_hal_i2c.o [1]
I2C_MemoryTransmit_TXE_BTF
                         0x800'0961   0xcc  Code  Lc  stm32f1xx_hal_i2c.o [1]
I2C_RequestMemoryWrite   0x800'13d9   0xec  Code  Lc  stm32f1xx_hal_i2c.o [1]
I2C_SlaveReceive_BTF     0x800'102d   0x1c  Code  Lc  stm32f1xx_hal_i2c.o [1]
I2C_SlaveReceive_RXNE    0x800'0fdf   0x4e  Code  Lc  stm32f1xx_hal_i2c.o [1]
I2C_SlaveTransmit_BTF    0x800'0fc3   0x1c  Code  Lc  stm32f1xx_hal_i2c.o [1]
I2C_SlaveTransmit_TXE    0x800'0f75   0x4e  Code  Lc  stm32f1xx_hal_i2c.o [1]
I2C_Slave_ADDR           0x800'1049   0x5c  Code  Lc  stm32f1xx_hal_i2c.o [1]
I2C_Slave_STOPF          0x800'10a5  0x19a  Code  Lc  stm32f1xx_hal_i2c.o [1]
I2C_WaitOnBTFFlagUntilTimeout
                         0x800'18f7   0x58  Code  Lc  stm32f1xx_hal_i2c.o [1]
I2C_WaitOnFlagUntilTimeout
                         0x800'175b   0x8a  Code  Lc  stm32f1xx_hal_i2c.o [1]
I2C_WaitOnMasterAddressFlagUntilTimeout
                         0x800'17e5   0xba  Code  Lc  stm32f1xx_hal_i2c.o [1]
I2C_WaitOnSTOPRequestThroughIT
                         0x800'194f   0x46  Code  Lc  stm32f1xx_hal_i2c.o [1]
I2C_WaitOnTXEFlagUntilTimeout
                         0x800'189f   0x58  Code  Lc  stm32f1xx_hal_i2c.o [1]
K1                       0x800'bca4    0x4  Data  Gb  const_var.o [1]
K2                       0x800'bca8    0x4  Data  Gb  const_var.o [1]
K_blower_flush          0x2000'00be    0x1  Data  Gb  const_var.o [1]
K_blower_off            0x2000'00bf    0x1  Data  Gb  const_var.o [1]
Kp_Solder               0x2000'00bd    0x1  Data  Gb  const_var.o [1]
MX_ADC1_Init             0x800'3ce3   0xca  Code  Lc  main.o [1]
MX_ADC2_Init             0x800'3dc5   0xa8  Code  Lc  main.o [1]
MX_DMA_Init              0x800'418d   0x38  Code  Lc  main.o [1]
MX_GPIO_Init             0x800'41c9  0x110  Code  Lc  main.o [1]
MX_I2C1_Init             0x800'3e71   0x3e  Code  Lc  main.o [1]
MX_SPI2_Init             0x800'3ec5   0x4a  Code  Lc  main.o [1]
MX_TIM1_Init             0x800'3f31  0x12e  Code  Lc  main.o [1]
MX_TIM2_Init             0x800'4065   0x8a  Code  Lc  main.o [1]
MX_TIM3_Init             0x800'4101   0x8c  Code  Lc  main.o [1]
MemManage_Handler        0x800'b5d1    0x2  Code  Gb  stm32f1xx_it.o [1]
MenuWriteFunc           0x2000'085c    0x4  Data  Lc  MicroMenu.o [1]
Menu_1                   0x800'b75c   0x28  Data  Gb  menu.o [1]
Menu_1_1                 0x800'b85c   0x20  Data  Gb  menu.o [1]
Menu_1_2                 0x800'baa8   0x1c  Data  Gb  menu.o [1]
Menu_1_3                 0x800'b87c   0x20  Data  Gb  menu.o [1]
Menu_2                   0x800'b704   0x2c  Data  Gb  menu.o [1]
Menu_2_1                 0x800'b89c   0x20  Data  Gb  menu.o [1]
Menu_2_2                 0x800'b8bc   0x20  Data  Gb  menu.o [1]
Menu_2_3                 0x800'b8dc   0x20  Data  Gb  menu.o [1]
Menu_2_4                 0x800'b8fc   0x20  Data  Gb  menu.o [1]
Menu_2_5                 0x800'b91c   0x20  Data  Gb  menu.o [1]
Menu_2_6                 0x800'b93c   0x20  Data  Gb  menu.o [1]
Menu_3                   0x800'b674   0x30  Data  Gb  menu.o [1]
Menu_4                   0x800'b7d4   0x24  Data  Gb  menu.o [1]
Menu_4_1                 0x800'b784   0x28  Data  Gb  menu.o [1]
Menu_4_2                 0x800'b7f8   0x24  Data  Gb  menu.o [1]
Menu_4_3                 0x800'b95c   0x20  Data  Gb  menu.o [1]
Menu_5                   0x800'b730   0x2c  Data  Gb  menu.o [1]
Menu_5_1                 0x800'b6a4   0x30  Data  Gb  menu.o [1]
Menu_5_1_1               0x800'b99c   0x20  Data  Gb  menu.o [1]
Menu_5_1_2               0x800'b9bc   0x20  Data  Gb  menu.o [1]
Menu_5_1_3               0x800'b9dc   0x20  Data  Gb  menu.o [1]
Menu_5_2                 0x800'b6d4   0x30  Data  Gb  menu.o [1]
Menu_5_2_1               0x800'b9fc   0x20  Data  Gb  menu.o [1]
Menu_5_2_2               0x800'ba1c   0x20  Data  Gb  menu.o [1]
Menu_5_2_3               0x800'ba3c   0x20  Data  Gb  menu.o [1]
Menu_5_3                 0x800'b97c   0x20  Data  Gb  menu.o [1]
Menu_6                   0x800'b83c   0x20  Data  Gb  menu.o [1]
Menu_EnterCurrentItem    0x800'6941   0x22  Code  Gb  MicroMenu.o [1]
Menu_GetCurrentMenu      0x800'6909    0x6  Code  Gb  MicroMenu.o [1]
Menu_Navigate            0x800'690f   0x32  Code  Gb  MicroMenu.o [1]
NMI_Handler              0x800'b5cd    0x2  Code  Gb  stm32f1xx_it.o [1]
NULL_MENU                0x800'bb6c   0x18  Data  Gb  MicroMenu.o [1]
NVIC_EncodePriority      0x800'2b27   0x40  Code  Lc  stm32f1xx_hal_cortex.o [1]
N_solder_tip            0x2000'0886    0x1  Data  Gb  const_var.o [1]
N_tip_default            0x800'6906    0x1  Data  Gb  const_var.o [1]
PendSV_Handler           0x800'b5db    0x2  Code  Gb  stm32f1xx_it.o [1]
RCC_Delay                0x800'240d   0x26  Code  Lc  stm32f1xx_hal_rcc.o [1]
Region$$Table$$Base      0x800'b81c          --   Gb  - Linker created -
Region$$Table$$Limit     0x800'b83c          --   Gb  - Linker created -
Reset_fan                0x800'6ccd   0x6a  Code  Lc  menu.o [1]
Reset_solder             0x800'6c45   0x88  Code  Lc  menu.o [1]
SPI_EndRxTransaction     0x800'81a1   0x7c  Code  Lc  stm32f1xx_hal_spi.o [1]
SPI_EndRxTxTransaction   0x800'821d   0x2a  Code  Lc  stm32f1xx_hal_spi.o [1]
SPI_WaitFlagStateUntilTimeout
                         0x800'80c7   0xda  Code  Lc  stm32f1xx_hal_spi.o [1]
SSD1306                 0x2000'07e0   0x14  Data  Lc  ssd1306.o [1]
SSD1306_Buffer          0x2000'00c4  0x400  Data  Lc  ssd1306.o [1]
SSD1306_DrawFilledRectangle
                         0x800'4a8b   0x84  Code  Gb  ssd1306.o [1]
SSD1306_DrawLine         0x800'47d3  0x1fc  Code  Gb  ssd1306.o [1]
SSD1306_DrawPixel        0x800'44a5   0xd4  Code  Gb  ssd1306.o [1]
SSD1306_DrawRectangle    0x800'49cf   0xbc  Code  Gb  ssd1306.o [1]
SSD1306_Fill             0x800'4481   0x24  Code  Gb  ssd1306.o [1]
SSD1306_GotoXY           0x800'4579   0x10  Code  Gb  ssd1306.o [1]
SSD1306_Init             0x800'43b9   0x44  Code  Gb  ssd1306.o [1]
SSD1306_Putc             0x800'45d1  0x1be  Code  Gb  ssd1306.o [1]
SSD1306_Puts             0x800'47a5   0x2e  Code  Gb  ssd1306.o [1]
SSD1306_Putspace         0x800'4589   0x48  Code  Gb  ssd1306.o [1]
SSD1306_UpdateScreen     0x800'43fd   0x2a  Code  Gb  ssd1306.o [1]
SSD1306_printf           0x800'4b0f   0x58  Code  Gb  ssd1306.o [1]
SVC_Handler              0x800'b5d7    0x2  Code  Gb  stm32f1xx_it.o [1]
SetTimeout               0x800'6ae5  0x160  Code  Lc  menu.o [1]
Solder_Thermocouple_adc
                        0x2000'0874    0x2  Data  Gb  const_var.o [1]
Solder_Thermocouple_temp
                        0x2000'087a    0x2  Data  Gb  const_var.o [1]
Solder_filter_array     0x2000'06d0   0x40  Data  Gb  const_var.o [1]
Solder_temp_z           0x2000'086a    0x2  Data  Gb  const_var.o [1]
Solder_temp_z_former    0x2000'086c    0x2  Data  Gb  const_var.o [1]
SysTick_Config           0x800'2b67   0x30  Code  Lc  stm32f1xx_hal_cortex.o [1]
SysTick_Handler          0x800'b5dd    0x8  Code  Gb  stm32f1xx_it.o [1]
SystemClock_Config       0x800'3c4d   0x96  Code  Gb  main.o [1]
SystemCoreClock         0x2000'0038    0x4  Data  Gb  system_stm32f1xx.o [1]
SystemInit               0x800'b575   0x3e  Code  Gb  system_stm32f1xx.o [1]
T1                       0x800'bcac    0x4  Data  Gb  const_var.o [1]
T2                       0x800'bcb0    0x4  Data  Gb  const_var.o [1]
TIM3_IRQHandler          0x800'b5f9    0xa  Code  Gb  stm32f1xx_it.o [1]
TIM_Base_SetConfig       0x800'65fd   0x64  Code  Gb  stm32f1xx_hal_tim.o [1]
TIM_CCxChannelCmd        0x800'68e3   0x24  Code  Gb  stm32f1xx_hal_tim.o [1]
TIM_ETR_SetConfig        0x800'68cb   0x18  Code  Gb  stm32f1xx_hal_tim.o [1]
TIM_OC1_SetConfig        0x800'6661   0x58  Code  Lc  stm32f1xx_hal_tim.o [1]
TIM_OC2_SetConfig        0x800'66b9   0x62  Code  Gb  stm32f1xx_hal_tim.o [1]
TIM_OC3_SetConfig        0x800'671b   0x60  Code  Lc  stm32f1xx_hal_tim.o [1]
TIM_OC4_SetConfig        0x800'677b   0x46  Code  Lc  stm32f1xx_hal_tim.o [1]
TIM_SlaveTimer_SetConfig
                         0x800'67c3   0xb2  Code  Lc  stm32f1xx_hal_tim.o [1]
TIM_TI1_ConfigInputStage
                         0x800'6881   0x24  Code  Lc  stm32f1xx_hal_tim.o [1]
TIM_TI2_ConfigInputStage
                         0x800'68a5   0x26  Code  Lc  stm32f1xx_hal_tim.o [1]
Temp_z_default           0x800'4d72    0x2  Data  Gb  const_var.o [1]
TimeoutTime             0x2000'0868    0x2  Data  Gb  const_var.o [1]
Timeout_time_default     0x800'4d46    0x2  Data  Gb  const_var.o [1]
U_fan_temp              0x2000'0828    0x4  Data  Gb  const_var.o [1]
U_fan_temp_z            0x2000'082c    0x4  Data  Gb  const_var.o [1]
U_solder_temp           0x2000'0814    0x4  Data  Gb  const_var.o [1]
U_solder_temp_z         0x2000'0818    0x4  Data  Gb  const_var.o [1]
UsageFault_Handler       0x800'b5d5    0x2  Code  Gb  stm32f1xx_it.o [1]
Uy_fan                  0x2000'0838    0x4  Data  Gb  const_var.o [1]
Uy_fan_i                0x2000'0834    0x4  Data  Gb  const_var.o [1]
Uy_fan_p                0x2000'0830    0x4  Data  Gb  const_var.o [1]
Uy_solder               0x2000'0824    0x4  Data  Gb  const_var.o [1]
Uy_solder_i             0x2000'0820    0x4  Data  Gb  const_var.o [1]
Uy_solder_p             0x2000'081c    0x4  Data  Gb  const_var.o [1]
_Encoding_8859_1_Mbrlen
                         0x800'2dad    0x2  Code  Gb  xencoding_8859_1.o [2]
_Encoding_8859_1_Wctomb
                         0x800'2d9b   0x12  Code  Gb  xencoding_8859_1.o [2]
_LitobFull               0x800'93d7  0x10a  Code  Lc  xprintffull.o [2]
_Locale_lconv           0x2000'003c   0x38  Data  Lc  xlocale_c.o [2]
_PrintfFull              0x800'84c5  0xcc2  Code  Gb  xprintffull.o [2]
_PutcharsFull            0x800'9549   0x2e  Code  Lc  xprintffull.o [2]
_PutstrFull              0x800'9317   0xc0  Code  Lc  xprintffull.o [2]
_PuttxtFull              0x800'920b  0x10c  Code  Lc  xprintffull.o [2]
_SProut                  0x800'4b67    0xa  Code  Gb  xsprout.o [2]
__NVIC_EnableIRQ         0x800'2add   0x1e  Code  Lc  stm32f1xx_hal_cortex.o [1]
__NVIC_GetPriorityGrouping
                         0x800'2ad3    0xa  Code  Lc  stm32f1xx_hal_cortex.o [1]
__NVIC_SetPriority       0x800'2afb   0x2c  Code  Lc  stm32f1xx_hal_cortex.o [1]
__NVIC_SetPriorityGrouping
                         0x800'2ab5   0x1e  Code  Lc  stm32f1xx_hal_cortex.o [1]
__aeabi_cdcmple          0x800'9761         Code  Gb  DblCmpLe.o [3]
__aeabi_cdrcmple         0x800'9791         Code  Gb  DblCmpGe.o [3]
__aeabi_cfrcmple         0x800'58e1         Code  Gb  FltCmpGe.o [3]
__aeabi_d2iz             0x800'51e5         Code  Gb  DblToS32.o [3]
__aeabi_d2uiz            0x800'98fd         Code  Gb  DblToU32.o [3]
__aeabi_ddiv             0x800'4eb9         Code  Gb  DblDiv.o [3]
__aeabi_dmul             0x800'9941         Code  Gb  DblMul.o [3]
__aeabi_dsub             0x800'5101         Code  Gb  DblSub.o [3]
__aeabi_f2iz             0x800'4d49         Code  Gb  FltToS32.o [3]
__aeabi_fadd             0x800'4c65         Code  Gb  FltAdd.o [3]
__aeabi_fdiv             0x800'4d99         Code  Gb  FltDiv.o [3]
__aeabi_fmul             0x800'4b8d         Code  Gb  FltMul.o [3]
__aeabi_fsub             0x800'5221         Code  Gb  FltSub.o [3]
__aeabi_i2d              0x800'4e95         Code  Gb  S32ToDbl.o [3]
__aeabi_i2f              0x800'4d75         Code  Gb  S32ToFlt.o [3]
__aeabi_ldiv0            0x800'9d25         Code  Gb  I64DivZer.o [4]
__aeabi_memcpy           0x800'2c55         Code  Gb  ABImemcpy.o [4]
__aeabi_memcpy4          0x800'2c75         Code  Gb  ABImemcpy.o [4]
__aeabi_memcpy8          0x800'2c75         Code  Gb  ABImemcpy.o [4]
__aeabi_memset           0x800'2d35         Code  Gb  ABImemset.o [4]
__aeabi_ui2d             0x800'9925         Code  Gb  U32ToDbl.o [3]
__aeabi_ui2f             0x800'4b71         Code  Gb  U32ToFlt.o [3]
__aeabi_uldivmod         0x800'9aed         Code  Gb  I64DivMod.o [4]
__cmain                  0x800'ba5d         Code  Gb  cmain.o [4]
__exit                   0x800'9d29   0x14  Code  Gb  exit.o [5]
__iar_Fail_s             0x800'9621   0x1c  Code  Gb  xfail_s.o [2]
__iar_Mbcurmax           0x800'9ae3    0xa  Code  Gb  xmbcurmax.o [2]
__iar_Memchr             0x800'9699         Code  Gb  memchr.o [4]
__iar_Memset             0x800'2d35         Code  Gb  ABImemset.o [4]
__iar_Memset_word        0x800'2d3d         Code  Gb  ABImemset.o [4]
__iar_Strchr             0x800'9609         Code  Gb  strchr.o [4]
__iar_dadd               0x800'5111         Code  Gb  DblSub.o [3]
__iar_data_init3         0x800'b7ad   0x28  Code  Gb  data_init.o [4]
__iar_dsub               0x800'8359         Code  Gb  DblAdd.o [3]
__iar_dsubStart          0x800'836b         Code  Gb  DblAdd.o [3]
__iar_fadd               0x800'522d         Code  Gb  FltSub.o [3]
__iar_fmax32             0x800'52a1         Code  Gb  fmaxf.o [3]
__iar_fmin32             0x800'52c5         Code  Gb  fminf.o [3]
__iar_frexp              0x800'96fd         Code  Gb  frexp.o [3]
__iar_frexp64            0x800'96f1         Code  Gb  frexp.o [3]
__iar_frexpl             0x800'96fd         Code  Gb  frexp.o [3]
__iar_fsub               0x800'4c71         Code  Gb  FltAdd.o [3]
__iar_fsubStart          0x800'4c81         Code  Gb  FltAdd.o [3]
__iar_globLocale        0x2000'0074   0x48  Data  Lc  xlocale_c.o [2]
__iar_global_Locale      0x800'958d    0x4  Code  Gb  xlocale_c.o [2]
__iar_ldexp64            0x800'97c1         Code  Gb  ldexp.o [3]
__iar_lz77_init_single3
                         0x800'b4fd   0x78  Code  Gb  lz77_init_single.o [4]
__iar_program_start      0x800'bc59         Code  Gb  cstartup_M.o [4]
__iar_scalbln64          0x800'97c1         Code  Gb  ldexp.o [3]
__iar_scalbn64           0x800'97c1         Code  Gb  ldexp.o [3]
__iar_zero_init3         0x800'2cfb   0x3a  Code  Gb  zero_init3.o [4]
__vector_table           0x800'0000         Data  Gb  startup_stm32f103xb.o [1]
_call_main               0x800'ba69         Code  Gb  cmain.o [4]
_exit                    0x800'ba81         Code  Gb  cexit.o [4]
_gLocale_mblen           0x800'95f5    0x4  Code  Gb  xlocale_c.o [2]
_gLocale_mblenInt        0x800'95b9   0x2c  Code  Gb  xlocale_c.o [2]
_gLocale_wctomb          0x800'95f9    0x4  Code  Gb  xlocale_c.o [2]
_gLocale_wctombInt       0x800'95f1    0x4  Code  Gb  xlocale_c.o [2]
_main                    0x800'ba77         Code  Gb  cmain.o [4]
abort                    0x800'9d1d    0x6  Code  Gb  abort.o [2]
adc_buffer              0x2000'0750   0x30  Data  Gb  const_var.o [1]
amperzand_24ptBitmaps    0x800'ae40  0x254  Data  Gb  ssd1306_fonts.o [1]
amperzand_24ptDescriptors
                         0x800'b634   0x40  Data  Gb  ssd1306_fonts.o [1]
amperzand_24ptFontInfo  0x2000'0028    0xc  Data  Gb  ssd1306_fonts.o [1]
b_fan                   0x2000'0810    0x4  Data  Gb  const_var.o [1]
b_fan_default            0x800'bca0    0x4  Data  Gb  const_var.o [1]
b_solder                0x2000'0808    0x4  Data  Gb  const_var.o [1]
b_solder_default         0x800'bc98    0x4  Data  Gb  const_var.o [1]
blower_fan_manage        0x800'31db   0xd6  Code  Gb  main.o [1]
blower_fan_manage::F_blower_block
                        0x2000'0897    0x1  Data  Lc  main.o [1]
delay                    0x800'3625   0x10  Code  Gb  main.o [1]
dispMenu                 0x800'7729   0x6a  Code  Gb  menu.o [1]
enc_value_previous      0x2000'0872    0x2  Data  Gb  const_var.o [1]
exit                     0x800'ba7b    0x4  Code  Gb  exit.o [2]
fan_working_layout       0x800'2db9   0x6c  Code  Gb  main.o [1]
fmaxf                    0x800'52a1         Code  Gb  fmaxf.o [3]
fminf                    0x800'52c5         Code  Gb  fminf.o [3]
frexp                    0x800'96f1         Code  Gb  frexp.o [3]
frexpl                   0x800'96f1         Code  Gb  frexp.o [3]
getADC_values            0x800'2e95  0x170  Code  Gb  main.o [1]
getButtonState           0x800'57ff   0xd8  Code  Gb  button_drv.o [1]
getDiscreteInputs        0x800'3161   0x7a  Code  Gb  main.o [1]
getDiscreteInputs::F_fan_gerkon_cnt
                        0x2000'0895    0x1  Data  Lc  main.o [1]
getDiscreteInputs::F_solder_switch_tmp_previous
                        0x2000'0896    0x1  Data  Lc  main.o [1]
getN_Solder_tip          0x800'6d3d   0xda  Code  Lc  menu.o [1]
hadc1                   0x2000'0780   0x30  Data  Gb  main.o [1]
hadc2                   0x2000'07b0   0x30  Data  Gb  main.o [1]
hdma_adc1               0x2000'0648   0x44  Data  Gb  main.o [1]
hdma_i2c1_tx            0x2000'068c   0x44  Data  Gb  main.o [1]
hi2c1                   0x2000'051c   0x54  Data  Gb  main.o [1]
hspi2                   0x2000'04c4   0x58  Data  Gb  main.o [1]
htim1                   0x2000'0570   0x48  Data  Gb  main.o [1]
htim2                   0x2000'05b8   0x48  Data  Gb  main.o [1]
htim3                   0x2000'0600   0x48  Data  Gb  main.o [1]
inputUintCoeff           0x800'6a4f   0x96  Code  Gb  menu.o [1]
k_fan                   0x2000'080c    0x4  Data  Gb  const_var.o [1]
k_fan_default            0x800'bc9c    0x4  Data  Gb  const_var.o [1]
k_solder                0x2000'0804    0x4  Data  Gb  const_var.o [1]
k_solder_default         0x800'bc94    0x4  Data  Gb  const_var.o [1]
ldexp                    0x800'97c1         Code  Gb  ldexp.o [3]
ldexpl                   0x800'97c1         Code  Gb  ldexp.o [3]
localeconv               0x800'95fd    0x4  Code  Gb  xlocale_c.o [2]
mSGothic_12ptBitmaps     0x800'a48c  0x5e0  Data  Gb  ssd1306_fonts.o [1]
mSGothic_12ptDescriptors
                         0x800'b20c  0x178  Data  Gb  ssd1306_fonts.o [1]
mSGothic_12ptFontInfo   0x2000'0010    0xc  Data  Gb  ssd1306_fonts.o [1]
main                     0x800'3635  0x5f6  Code  Gb  main.o [1]
main::Fcntr             0x2000'0898    0x1  Data  Lc  main.o [1]
main::cnt_filter        0x2000'0899    0x1  Data  Lc  main.o [1]
main::cntr              0x2000'0882    0x2  Data  Lc  main.o [1]
memchr                   0x800'9699         Code  Gb  memchr.o [4]
memset                   0x800'27f9   0x14  Code  Gb  memset.o [4]
menuText                 0x800'76c9   0x60  Code  Gb  menu.o [1]
palatinoLinotype_12ptBitmaps
                         0x800'9d3c  0x750  Data  Gb  ssd1306_fonts.o [1]
palatinoLinotype_12ptDescriptors
                         0x800'b094  0x178  Data  Gb  ssd1306_fonts.o [1]
palatinoLinotype_12ptFontInfo
                        0x2000'0004    0xc  Data  Gb  ssd1306_fonts.o [1]
prog_state_previous     0x2000'0885    0x1  Data  Gb  const_var.o [1]
progstate               0x2000'0884    0x1  Data  Gb  const_var.o [1]
regulator_fan            0x800'30b5   0xac  Code  Gb  main.o [1]
regulator_solder         0x800'3009   0xac  Code  Gb  main.o [1]
sEE_ReadBuffer           0x800'5951   0x70  Code  Gb  sEEPROM.o [1]
sEE_WaitForWriteEnd      0x800'5be1   0x62  Code  Gb  sEEPROM.o [1]
sEE_WriteBuffer          0x800'59c1  0x16e  Code  Gb  sEEPROM.o [1]
sEE_WriteEnable          0x800'5ba5   0x3c  Code  Gb  sEEPROM.o [1]
sEE_WritePage            0x800'5b2f   0x76  Code  Gb  sEEPROM.o [1]
scalbln                  0x800'97c1         Code  Gb  ldexp.o [3]
scalblnl                 0x800'97c1         Code  Gb  ldexp.o [3]
scalbn                   0x800'97c1         Code  Gb  ldexp.o [3]
scalbnl                  0x800'97c1         Code  Gb  ldexp.o [3]
scale                    0x800'94e1   0x46  Code  Lc  xprintffull.o [2]
sec_hand                0x2000'0864    0x4  Data  Lc  xfail_s.o [2]
segoeUI_8ptBitmaps       0x800'aa6c  0x3d4  Data  Gb  ssd1306_fonts.o [1]
segoeUI_8ptDescriptors   0x800'b384  0x178  Data  Gb  ssd1306_fonts.o [1]
segoeUI_8ptFontInfo     0x2000'001c    0xc  Data  Gb  ssd1306_fonts.o [1]
setSolderKp              0x800'6971   0xde  Code  Lc  menu.o [1]
show_menu                0x800'762f   0x92  Code  Gb  menu.o [1]
solder_working_layout    0x800'2e25   0x70  Code  Gb  main.o [1]
ssd1306_SendToDisplay    0x800'4427   0x5a  Code  Lc  ssd1306.o [1]
strNULL                  0x800'6907    0x1  Data  Gb  const_var.o [1]
strchr                   0x800'9609         Code  Gb  strchr.o [4]
strlen                   0x800'9661         Code  Gb  strlen.o [4]
tp                       0x800'bcb4    0x4  Data  Gb  const_var.o [1]
uwTick                  0x2000'0860    0x4  Data  Gb  stm32f1xx_hal.o [1]
uwTickFreq              0x2000'00c0    0x1  Data  Gb  stm32f1xx_hal.o [1]
uwTickPrio              0x2000'0034    0x4  Data  Gb  stm32f1xx_hal.o [1]
vsprintf                 0x800'8325   0x34  Code  Gb  vsprintf.o [2]


[1] = D:\WORK\ST\STM32F013C8T6B_BluePill\Projects\CUBE\SolderStation_F103\EWARM\SolderStation_F103\Obj
[2] = dl7M_tlf.a
[3] = m7M_tl.a
[4] = rt7M_tl.a
[5] = shb_l.a

  40'819 bytes of readonly  code memory
   7'759 bytes of readonly  data memory
   3'223 bytes of readwrite data memory

Errors: none
Warnings: none
