###############################################################################
#
# IAR ELF Linker V8.50.6.265/W32 for ARM                  02/Dec/2020  15:28:47
# Copyright 2007-2020 IAR Systems AB.
#
#    Output file  =
#        D:\ARM_PROJECTS\STM32F103_Projects\CUBE\SolderStation_Git\SolderStation_F103\EWARM\SolderStation_F103\Exe\SolderStation_F103.out
#    Map file     =
#        D:\ARM_PROJECTS\STM32F103_Projects\CUBE\SolderStation_Git\SolderStation_F103\EWARM\SolderStation_F103\List\SolderStation_F103.map
#    Command line =
#        -f C:\Users\PROKOP~1.D\AppData\Local\Temp\EWE274.tmp
#        (D:\ARM_PROJECTS\STM32F103_Projects\CUBE\SolderStation_Git\SolderStation_F103\EWARM\SolderStation_F103\Obj\button_drv.o
#        D:\ARM_PROJECTS\STM32F103_Projects\CUBE\SolderStation_Git\SolderStation_F103\EWARM\SolderStation_F103\Obj\const_var.o
#        D:\ARM_PROJECTS\STM32F103_Projects\CUBE\SolderStation_Git\SolderStation_F103\EWARM\SolderStation_F103\Obj\main.o
#        D:\ARM_PROJECTS\STM32F103_Projects\CUBE\SolderStation_Git\SolderStation_F103\EWARM\SolderStation_F103\Obj\menu.o
#        D:\ARM_PROJECTS\STM32F103_Projects\CUBE\SolderStation_Git\SolderStation_F103\EWARM\SolderStation_F103\Obj\MicroMenu.o
#        D:\ARM_PROJECTS\STM32F103_Projects\CUBE\SolderStation_Git\SolderStation_F103\EWARM\SolderStation_F103\Obj\sEEPROM.o
#        D:\ARM_PROJECTS\STM32F103_Projects\CUBE\SolderStation_Git\SolderStation_F103\EWARM\SolderStation_F103\Obj\ssd1306.o
#        D:\ARM_PROJECTS\STM32F103_Projects\CUBE\SolderStation_Git\SolderStation_F103\EWARM\SolderStation_F103\Obj\ssd1306_fonts.o
#        D:\ARM_PROJECTS\STM32F103_Projects\CUBE\SolderStation_Git\SolderStation_F103\EWARM\SolderStation_F103\Obj\startup_stm32f103xb.o
#        D:\ARM_PROJECTS\STM32F103_Projects\CUBE\SolderStation_Git\SolderStation_F103\EWARM\SolderStation_F103\Obj\stm32f1xx_hal.o
#        D:\ARM_PROJECTS\STM32F103_Projects\CUBE\SolderStation_Git\SolderStation_F103\EWARM\SolderStation_F103\Obj\stm32f1xx_hal_adc.o
#        D:\ARM_PROJECTS\STM32F103_Projects\CUBE\SolderStation_Git\SolderStation_F103\EWARM\SolderStation_F103\Obj\stm32f1xx_hal_adc_ex.o
#        D:\ARM_PROJECTS\STM32F103_Projects\CUBE\SolderStation_Git\SolderStation_F103\EWARM\SolderStation_F103\Obj\stm32f1xx_hal_cortex.o
#        D:\ARM_PROJECTS\STM32F103_Projects\CUBE\SolderStation_Git\SolderStation_F103\EWARM\SolderStation_F103\Obj\stm32f1xx_hal_dma.o
#        D:\ARM_PROJECTS\STM32F103_Projects\CUBE\SolderStation_Git\SolderStation_F103\EWARM\SolderStation_F103\Obj\stm32f1xx_hal_exti.o
#        D:\ARM_PROJECTS\STM32F103_Projects\CUBE\SolderStation_Git\SolderStation_F103\EWARM\SolderStation_F103\Obj\stm32f1xx_hal_flash.o
#        D:\ARM_PROJECTS\STM32F103_Projects\CUBE\SolderStation_Git\SolderStation_F103\EWARM\SolderStation_F103\Obj\stm32f1xx_hal_flash_ex.o
#        D:\ARM_PROJECTS\STM32F103_Projects\CUBE\SolderStation_Git\SolderStation_F103\EWARM\SolderStation_F103\Obj\stm32f1xx_hal_gpio.o
#        D:\ARM_PROJECTS\STM32F103_Projects\CUBE\SolderStation_Git\SolderStation_F103\EWARM\SolderStation_F103\Obj\stm32f1xx_hal_gpio_ex.o
#        D:\ARM_PROJECTS\STM32F103_Projects\CUBE\SolderStation_Git\SolderStation_F103\EWARM\SolderStation_F103\Obj\stm32f1xx_hal_i2c.o
#        D:\ARM_PROJECTS\STM32F103_Projects\CUBE\SolderStation_Git\SolderStation_F103\EWARM\SolderStation_F103\Obj\stm32f1xx_hal_msp.o
#        D:\ARM_PROJECTS\STM32F103_Projects\CUBE\SolderStation_Git\SolderStation_F103\EWARM\SolderStation_F103\Obj\stm32f1xx_hal_pwr.o
#        D:\ARM_PROJECTS\STM32F103_Projects\CUBE\SolderStation_Git\SolderStation_F103\EWARM\SolderStation_F103\Obj\stm32f1xx_hal_rcc.o
#        D:\ARM_PROJECTS\STM32F103_Projects\CUBE\SolderStation_Git\SolderStation_F103\EWARM\SolderStation_F103\Obj\stm32f1xx_hal_rcc_ex.o
#        D:\ARM_PROJECTS\STM32F103_Projects\CUBE\SolderStation_Git\SolderStation_F103\EWARM\SolderStation_F103\Obj\stm32f1xx_hal_spi.o
#        D:\ARM_PROJECTS\STM32F103_Projects\CUBE\SolderStation_Git\SolderStation_F103\EWARM\SolderStation_F103\Obj\stm32f1xx_hal_tim.o
#        D:\ARM_PROJECTS\STM32F103_Projects\CUBE\SolderStation_Git\SolderStation_F103\EWARM\SolderStation_F103\Obj\stm32f1xx_hal_tim_ex.o
#        D:\ARM_PROJECTS\STM32F103_Projects\CUBE\SolderStation_Git\SolderStation_F103\EWARM\SolderStation_F103\Obj\stm32f1xx_it.o
#        D:\ARM_PROJECTS\STM32F103_Projects\CUBE\SolderStation_Git\SolderStation_F103\EWARM\SolderStation_F103\Obj\system_stm32f1xx.o
#        --redirect _Printf=_PrintfFull --redirect _Scanf=_ScanfFull
#        --no_out_extension -o
#        D:\ARM_PROJECTS\STM32F103_Projects\CUBE\SolderStation_Git\SolderStation_F103\EWARM\SolderStation_F103\Exe\SolderStation_F103.out
#        --map
#        D:\ARM_PROJECTS\STM32F103_Projects\CUBE\SolderStation_Git\SolderStation_F103\EWARM\SolderStation_F103\List\SolderStation_F103.map
#        --config
#        D:\ARM_PROJECTS\STM32F103_Projects\CUBE\SolderStation_Git\SolderStation_F103\EWARM/stm32f103xb_flash.icf
#        --semihosting --entry __iar_program_start --inline --vfe --text_out
#        locale)
#
###############################################################################

*******************************************************************************
*** RUNTIME MODEL ATTRIBUTES
***

CppFlavor       = *
__SystemLibrary = DLib
__dlib_version  = 6


*******************************************************************************
*** HEAP SELECTION
***

The basic heap was selected because no calls to memory allocation
functions were found in the application outside of system library
functions, and there are calls to deallocation functions in the
application.


*******************************************************************************
*** PLACEMENT SUMMARY
***

"A0":  place at address 0x800'0000 { ro section .intvec };
"P1":  place in [from 0x800'0000 to 0x801'ffff] { ro };
define block CSTACK with size = 1K, alignment = 8 { };
define block HEAP with size = 512, alignment = 8 { };
"P2":  place in [from 0x2000'0000 to 0x2000'4fff] {
          rw, block CSTACK, block HEAP };
initialize by copy { rw };

  Section            Kind         Address    Size  Object
  -------            ----         -------    ----  ------
"A0":                                        0xec
  .intvec            ro code   0x800'0000    0xec  startup_stm32f103xb.o [1]
                             - 0x800'00ec    0xec

"P1":                                      0xc3b1
  .text              ro code   0x800'00ec  0x193c  main.o [1]
  .text              ro code   0x800'1a28   0x7ae  ssd1306.o [1]
  .text              ro code   0x800'21d6    0x3a  zero_init3.o [4]
  .text              ro code   0x800'2210    0x1c  U32ToFlt.o [3]
  .text              ro code   0x800'222c    0xd8  FltMul.o [3]
  .text              ro code   0x800'2304    0xe2  FltAdd.o [3]
  .text              ro code   0x800'23e6    0x1e  xencoding_8859_1.o [2]
  .text              ro code   0x800'2404    0x2a  FltToS32.o [3]
  .text              ro code   0x800'242e     0xa  xsprout.o [2]
  .text              ro code   0x800'2438    0x24  S32ToFlt.o [3]
  .text              ro code   0x800'245c    0xfc  FltDiv.o [3]
  .text              ro code   0x800'2558    0x22  S32ToDbl.o [3]
  .rodata            const     0x800'257a     0x2  const_var.o [1]
  .text              ro code   0x800'257c   0x246  DblDiv.o [3]
  .rodata            const     0x800'27c2     0x2  const_var.o [1]
  .text              ro code   0x800'27c4    0xe2  DblSub.o [3]
  .rodata            const     0x800'28a6     0x2  stm32f1xx_hal_rcc.o [1]
  .text              ro code   0x800'28a8    0x3a  DblToS32.o [3]
  .rodata            const     0x800'28e2     0x2  stm32f1xx_hal_rcc_ex.o [1]
  .text              ro code   0x800'28e4    0x80  FltSub.o [3]
  .text              ro code   0x800'2964    0x24  fmaxf.o [3]
  .text              ro code   0x800'2988    0x24  fminf.o [3]
  .text              ro code   0x800'29ac    0x24  FltCmpLe.o [3]
  .text              ro code   0x800'29d0   0x2a8  stm32f1xx_hal_gpio.o [1]
  .text              ro code   0x800'2c78   0x516  stm32f1xx_hal_adc.o [1]
  .text              ro code   0x800'318e    0xe2  button_drv.o [1]
  .text              ro code   0x800'3270    0x24  FltCmpGe.o [3]
  .text              ro code   0x800'3294    0x24  stm32f1xx_hal.o [1]
  .text              ro code   0x800'32b8    0x28  stm32f1xx_hal.o [1]
  .text              ro code   0x800'32e0   0x2f8  sEEPROM.o [1]
  .text              ro code   0x800'35d8   0x278  stm32f1xx_hal_adc_ex.o [1]
  .text              ro code   0x800'3850   0xa46  stm32f1xx_hal_tim.o [1]
  .rodata            const     0x800'4296     0x2  xlocale_c.o [2]
  .text              ro code   0x800'4298    0x68  MicroMenu.o [1]
  .text              ro code   0x800'4300  0x1250  menu.o [1]
  .text              ro code   0x800'5550    0x66  ABImemset.o [4]
  .rodata            const     0x800'55b6     0x2  xlocale_c.o [2]
  .text              ro code   0x800'55b8   0x660  stm32f1xx_hal_rcc.o [1]
  .text              ro code   0x800'5c18   0x244  stm32f1xx_hal_rcc_ex.o [1]
  .text              ro code   0x800'5e5c  0x190c  stm32f1xx_hal_i2c.o [1]
  .text              ro code   0x800'7768   0x7b8  stm32f1xx_hal_spi.o [1]
  .text              ro code   0x800'7f20    0xd8  stm32f1xx_hal_tim_ex.o [1]
  .text              ro code   0x800'7ff8   0x424  stm32f1xx_hal_msp.o [1]
  .text              ro code   0x800'841c   0x154  stm32f1xx_hal_cortex.o [1]
  .text              ro code   0x800'8570    0xa6  ABImemcpy.o [4]
  .rodata            const     0x800'8616     0x1  const_var.o [1]
  .rodata            const     0x800'8617     0x1  const_var.o [1]
  .text              ro code   0x800'8618    0x34  vsprintf.o [2]
  .text              ro code   0x800'864c   0x16a  DblAdd.o [3]
  .rodata            const     0x800'87b6     0x1  xlocale_c.o [2]
  .text              ro code   0x800'87b8     0xc  stm32f1xx_hal.o [1]
  .text              ro code   0x800'87c4    0x4c  stm32f1xx_hal.o [1]
  .text              ro code   0x800'8810   0x370  stm32f1xx_hal_dma.o [1]
  .text              ro code   0x800'8b80    0x14  memset.o [4]
  .text              ro code   0x800'8b94  0x10c6  xprintffull.o [2]
  .text              ro code   0x800'9c5c    0x7c  xlocale_c.o [2]
  .text              ro code   0x800'9cd8    0x16  strchr.o [4]
  .text              ro code   0x800'9cf0    0x40  xfail_s.o [2]
  .text              ro code   0x800'9d30    0x36  strlen.o [4]
  .text              ro code   0x800'9d68    0x58  memchr.o [4]
  .text              ro code   0x800'9dc0    0x70  frexp.o [3]
  .text              ro code   0x800'9e30    0x2e  DblCmpLe.o [3]
  .text              ro code   0x800'9e60    0x2e  DblCmpGe.o [3]
  .text              ro code   0x800'9e90   0x13a  ldexp.o [3]
  .text              ro code   0x800'9fcc    0x28  DblToU32.o [3]
  .text              ro code   0x800'9ff4    0x1a  U32ToDbl.o [3]
  .text              ro code   0x800'a010   0x1a2  DblMul.o [3]
  .text              ro code   0x800'a1b2     0xa  xmbcurmax.o [2]
  .text              ro code   0x800'a1bc   0x230  I64DivMod.o [4]
  .text              ro code   0x800'a3ec     0x6  abort.o [2]
  .text              ro code   0x800'a3f4     0x2  I64DivZer.o [4]
  .text              ro code   0x800'a3f8    0x14  exit.o [5]
  .rodata            const     0x800'a40c   0x750  ssd1306_fonts.o [1]
  .rodata            const     0x800'ab5c   0x5e0  ssd1306_fonts.o [1]
  .rodata            const     0x800'b13c   0x3d4  ssd1306_fonts.o [1]
  .rodata            const     0x800'b510   0x254  ssd1306_fonts.o [1]
  .rodata            const     0x800'b764   0x178  ssd1306_fonts.o [1]
  .rodata            const     0x800'b8dc   0x178  ssd1306_fonts.o [1]
  .rodata            const     0x800'ba54   0x178  ssd1306_fonts.o [1]
  .text              ro code   0x800'bbcc    0x78  lz77_init_single.o [4]
  .text              ro code   0x800'bc44    0x58  system_stm32f1xx.o [1]
  .text              ro code   0x800'bc9c    0x50  stm32f1xx_it.o [1]
  .text              ro code   0x800'bcec    0x18  stm32f1xx_hal.o [1]
  .rodata            const     0x800'bd04    0x40  ssd1306_fonts.o [1]
  .rodata            const     0x800'bd44    0x30  menu.o [1]
  .rodata            const     0x800'bd74    0x30  menu.o [1]
  .rodata            const     0x800'bda4    0x2c  menu.o [1]
  .rodata            const     0x800'bdd0    0x2c  menu.o [1]
  .rodata            const     0x800'bdfc    0x28  menu.o [1]
  .rodata            const     0x800'be24    0x28  menu.o [1]
  .text              ro code   0x800'be4c    0x28  data_init.o [4]
  .rodata            const     0x800'be74    0x24  menu.o [1]
  .rodata            const     0x800'be98    0x24  menu.o [1]
  .rodata            const     0x800'bebc    0x24  menu.o [1]
  .iar.init_table    const     0x800'bee0    0x20  - Linker created -
  .rodata            const     0x800'bf00    0x20  menu.o [1]
  .rodata            const     0x800'bf20    0x20  menu.o [1]
  .rodata            const     0x800'bf40    0x20  menu.o [1]
  .rodata            const     0x800'bf60    0x20  menu.o [1]
  .rodata            const     0x800'bf80    0x20  menu.o [1]
  .rodata            const     0x800'bfa0    0x20  menu.o [1]
  .rodata            const     0x800'bfc0    0x20  menu.o [1]
  .rodata            const     0x800'bfe0    0x20  menu.o [1]
  .rodata            const     0x800'c000    0x20  menu.o [1]
  .rodata            const     0x800'c020    0x20  menu.o [1]
  .rodata            const     0x800'c040    0x20  menu.o [1]
  .text              ro code   0x800'c060    0x1e  cmain.o [4]
  .text              ro code   0x800'c07e     0x4  exit.o [2]
  .text              ro code   0x800'c084     0xa  cexit.o [4]
  .rodata            const     0x800'c090    0x1c  menu.o [1]
  .rodata            const     0x800'c0ac    0x1c  menu.o [1]
  .rodata            const     0x800'c0c8    0x1c  menu.o [1]
  .rodata            const     0x800'c0e4    0x18  main.o [1]
  .rodata            const     0x800'c0fc    0x18  menu.o [1]
  .rodata            const     0x800'c114    0x18  menu.o [1]
  .rodata            const     0x800'c12c    0x18  menu.o [1]
  .rodata            const     0x800'c144    0x18  menu.o [1]
  .rodata            const     0x800'c15c    0x18  menu.o [1]
  .rodata            const     0x800'c174    0x18  menu.o [1]
  .rodata            const     0x800'c18c    0x18  MicroMenu.o [1]
  .rodata            const     0x800'c1a4    0x14  menu.o [1]
  .rodata            const     0x800'c1b8    0x14  menu.o [1]
  .rodata            const     0x800'c1cc    0x14  menu.o [1]
  .rodata            const     0x800'c1e0    0x14  menu.o [1]
  .rodata            const     0x800'c1f4    0x14  menu.o [1]
  .rodata            const     0x800'c208    0x14  ssd1306.o [1]
  .rodata            const     0x800'c21c    0x10  main.o [1]
  .rodata            const     0x800'c22c    0x10  menu.o [1]
  .rodata            const     0x800'c23c    0x10  menu.o [1]
  .rodata            const     0x800'c24c    0x10  menu.o [1]
  .rodata            const     0x800'c25c    0x10  menu.o [1]
  .rodata            const     0x800'c26c    0x10  stm32f1xx_hal_rcc.o [1]
  .rodata            const     0x800'c27c    0x10  stm32f1xx_hal_rcc_ex.o [1]
  .rodata            const     0x800'c28c    0x10  system_stm32f1xx.o [1]
  .text              ro code   0x800'c29c    0x10  startup_stm32f103xb.o [1]
  .rodata            const     0x800'c2ac     0xc  main.o [1]
  .rodata            const     0x800'c2b8     0xc  main.o [1]
  .rodata            const     0x800'c2c4     0xc  menu.o [1]
  .rodata            const     0x800'c2d0     0xc  menu.o [1]
  .rodata            const     0x800'c2dc     0xc  menu.o [1]
  .text              ro code   0x800'c2e8     0xc  cstartup_M.o [4]
  .rodata            const     0x800'c2f4     0x8  main.o [1]
  .rodata            const     0x800'c2fc     0x8  main.o [1]
  .rodata            const     0x800'c304     0x8  main.o [1]
  .rodata            const     0x800'c30c     0x8  main.o [1]
  .rodata            const     0x800'c314     0x8  main.o [1]
  .rodata            const     0x800'c31c     0x8  main.o [1]
  .rodata            const     0x800'c324     0x8  menu.o [1]
  .rodata            const     0x800'c32c     0x8  menu.o [1]
  .rodata            const     0x800'c334     0x8  menu.o [1]
  .rodata            const     0x800'c33c     0x8  menu.o [1]
  .rodata            const     0x800'c344     0x8  menu.o [1]
  .rodata            const     0x800'c34c     0x8  menu.o [1]
  .rodata            const     0x800'c354     0x8  ssd1306.o [1]
  .rodata            const     0x800'c35c     0x8  system_stm32f1xx.o [1]
  .rodata            const     0x800'c364     0x4  const_var.o [1]
  .rodata            const     0x800'c368     0x4  const_var.o [1]
  .rodata            const     0x800'c36c     0x4  const_var.o [1]
  .rodata            const     0x800'c370     0x4  const_var.o [1]
  .rodata            const     0x800'c374     0x4  const_var.o [1]
  .rodata            const     0x800'c378     0x4  const_var.o [1]
  .rodata            const     0x800'c37c     0x4  const_var.o [1]
  .rodata            const     0x800'c380     0x4  const_var.o [1]
  .rodata            const     0x800'c384     0x4  const_var.o [1]
  .rodata            const     0x800'c388     0x4  const_var.o [1]
  .rodata            const     0x800'c38c     0x4  const_var.o [1]
  .rodata            const     0x800'c390     0x4  const_var.o [1]
  .rodata            const     0x800'c394     0x4  const_var.o [1]
  .text              ro code   0x800'c398     0x4  startup_stm32f103xb.o [1]
  .text              ro code   0x800'c39c     0x4  startup_stm32f103xb.o [1]
  .text              ro code   0x800'c3a0     0x4  startup_stm32f103xb.o [1]
  .text              ro code   0x800'c3a4     0x4  startup_stm32f103xb.o [1]
  .text              ro code   0x800'c3a8     0x4  startup_stm32f103xb.o [1]
  .text              ro code   0x800'c3ac     0x4  startup_stm32f103xb.o [1]
  .text              ro code   0x800'c3b0     0x4  startup_stm32f103xb.o [1]
  .text              ro code   0x800'c3b4     0x4  startup_stm32f103xb.o [1]
  .text              ro code   0x800'c3b8     0x4  startup_stm32f103xb.o [1]
  .text              ro code   0x800'c3bc     0x4  startup_stm32f103xb.o [1]
  .text              ro code   0x800'c3c0     0x4  startup_stm32f103xb.o [1]
  .text              ro code   0x800'c3c4     0x4  startup_stm32f103xb.o [1]
  .text              ro code   0x800'c3c8     0x4  startup_stm32f103xb.o [1]
  .text              ro code   0x800'c3cc     0x4  startup_stm32f103xb.o [1]
  .text              ro code   0x800'c3d0     0x4  startup_stm32f103xb.o [1]
  .text              ro code   0x800'c3d4     0x4  startup_stm32f103xb.o [1]
  .text              ro code   0x800'c3d8     0x4  startup_stm32f103xb.o [1]
  .text              ro code   0x800'c3dc     0x4  startup_stm32f103xb.o [1]
  .text              ro code   0x800'c3e0     0x4  startup_stm32f103xb.o [1]
  .text              ro code   0x800'c3e4     0x4  startup_stm32f103xb.o [1]
  .text              ro code   0x800'c3e8     0x4  startup_stm32f103xb.o [1]
  .text              ro code   0x800'c3ec     0x4  startup_stm32f103xb.o [1]
  .text              ro code   0x800'c3f0     0x4  startup_stm32f103xb.o [1]
  .text              ro code   0x800'c3f4     0x4  startup_stm32f103xb.o [1]
  .text              ro code   0x800'c3f8     0x4  startup_stm32f103xb.o [1]
  .text              ro code   0x800'c3fc     0x4  startup_stm32f103xb.o [1]
  .text              ro code   0x800'c400     0x4  startup_stm32f103xb.o [1]
  .text              ro code   0x800'c404     0x4  startup_stm32f103xb.o [1]
  .text              ro code   0x800'c408     0x4  startup_stm32f103xb.o [1]
  .text              ro code   0x800'c40c     0x4  startup_stm32f103xb.o [1]
  .text              ro code   0x800'c410     0x4  startup_stm32f103xb.o [1]
  .text              ro code   0x800'c414     0x4  startup_stm32f103xb.o [1]
  .text              ro code   0x800'c418     0x4  startup_stm32f103xb.o [1]
  .text              ro code   0x800'c41c     0x4  startup_stm32f103xb.o [1]
  .text              ro code   0x800'c420     0x4  startup_stm32f103xb.o [1]
  .text              ro code   0x800'c424     0x4  startup_stm32f103xb.o [1]
  .text              ro code   0x800'c428     0x4  startup_stm32f103xb.o [1]
  .text              ro code   0x800'c42c     0x4  startup_stm32f103xb.o [1]
  .text              ro code   0x800'c430     0x4  startup_stm32f103xb.o [1]
  .rodata            const     0x800'c434     0x0  zero_init3.o [4]
  .rodata            const     0x800'c434     0x0  lz77_init_single.o [4]
  Initializer bytes  const     0x800'c434    0x69  <for P2-1>
                             - 0x800'c49d  0xc3b1

"P2", part 1 of 3:                           0xc0
  P2-1                        0x2000'0000    0xc0  <Init block>
    .data            inited   0x2000'0000     0x4  MicroMenu.o [1]
    .data            inited   0x2000'0004     0xc  ssd1306_fonts.o [1]
    .data            inited   0x2000'0010     0xc  ssd1306_fonts.o [1]
    .data            inited   0x2000'001c     0xc  ssd1306_fonts.o [1]
    .data            inited   0x2000'0028     0xc  ssd1306_fonts.o [1]
    .data            inited   0x2000'0034     0x4  stm32f1xx_hal.o [1]
    .data            inited   0x2000'0038     0x4  system_stm32f1xx.o [1]
    .data            inited   0x2000'003c    0x38  xlocale_c.o [2]
    .data            inited   0x2000'0074    0x48  xlocale_c.o [2]
    .data            inited   0x2000'00bc     0x1  const_var.o [1]
    .data            inited   0x2000'00bd     0x1  const_var.o [1]
    .data            inited   0x2000'00be     0x1  const_var.o [1]
    .data            inited   0x2000'00bf     0x1  stm32f1xx_hal.o [1]
                            - 0x2000'00c0    0xc0

"P2", part 2 of 3:                          0x7a8
  .bss               zero     0x2000'00c0   0x400  ssd1306.o [1]
  .bss               zero     0x2000'04c0    0x58  main.o [1]
  .bss               zero     0x2000'0518    0x54  main.o [1]
  .bss               zero     0x2000'056c    0x48  main.o [1]
  .bss               zero     0x2000'05b4    0x48  main.o [1]
  .bss               zero     0x2000'05fc    0x48  main.o [1]
  .bss               zero     0x2000'0644    0x44  main.o [1]
  .bss               zero     0x2000'0688    0x44  main.o [1]
  .bss               zero     0x2000'06cc    0x30  const_var.o [1]
  .bss               zero     0x2000'06fc    0x30  main.o [1]
  .bss               zero     0x2000'072c    0x30  main.o [1]
  .bss               zero     0x2000'075c    0x14  const_var.o [1]
  .bss               zero     0x2000'0770    0x14  const_var.o [1]
  .bss               zero     0x2000'0784    0x14  ssd1306.o [1]
  .bss               zero     0x2000'0798    0x10  const_var.o [1]
  .bss               zero     0x2000'07a8    0x10  const_var.o [1]
  .bss               zero     0x2000'07b8    0x10  const_var.o [1]
  .bss               zero     0x2000'07c8     0x4  const_var.o [1]
  .bss               zero     0x2000'07cc     0x4  const_var.o [1]
  .bss               zero     0x2000'07d0     0x4  const_var.o [1]
  .bss               zero     0x2000'07d4     0x4  const_var.o [1]
  .bss               zero     0x2000'07d8     0x4  const_var.o [1]
  .bss               zero     0x2000'07dc     0x4  const_var.o [1]
  .bss               zero     0x2000'07e0     0x4  const_var.o [1]
  .bss               zero     0x2000'07e4     0x4  const_var.o [1]
  .bss               zero     0x2000'07e8     0x4  const_var.o [1]
  .bss               zero     0x2000'07ec     0x4  const_var.o [1]
  .bss               zero     0x2000'07f0     0x4  const_var.o [1]
  .bss               zero     0x2000'07f4     0x4  const_var.o [1]
  .bss               zero     0x2000'07f8     0x4  const_var.o [1]
  .bss               zero     0x2000'07fc     0x4  const_var.o [1]
  .bss               zero     0x2000'0800     0x4  const_var.o [1]
  .bss               zero     0x2000'0804     0x4  menu.o [1]
  .bss               zero     0x2000'0808     0x4  menu.o [1]
  .bss               zero     0x2000'080c     0x4  menu.o [1]
  .bss               zero     0x2000'0810     0x4  menu.o [1]
  .bss               zero     0x2000'0814     0x4  menu.o [1]
  .bss               zero     0x2000'0818     0x4  menu.o [1]
  .bss               zero     0x2000'081c     0x4  menu.o [1]
  .bss               zero     0x2000'0820     0x4  menu.o [1]
  .bss               zero     0x2000'0824     0x4  MicroMenu.o [1]
  .bss               zero     0x2000'0828     0x4  stm32f1xx_hal.o [1]
  .bss               zero     0x2000'082c     0x4  xfail_s.o [2]
  .bss               zero     0x2000'0830     0x2  const_var.o [1]
  .bss               zero     0x2000'0832     0x2  const_var.o [1]
  .bss               zero     0x2000'0834     0x2  const_var.o [1]
  .bss               zero     0x2000'0836     0x2  const_var.o [1]
  .bss               zero     0x2000'0838     0x2  const_var.o [1]
  .bss               zero     0x2000'083a     0x2  const_var.o [1]
  .bss               zero     0x2000'083c     0x2  const_var.o [1]
  .bss               zero     0x2000'083e     0x2  const_var.o [1]
  .bss               zero     0x2000'0840     0x2  const_var.o [1]
  .bss               zero     0x2000'0842     0x2  const_var.o [1]
  .bss               zero     0x2000'0844     0x2  const_var.o [1]
  .bss               zero     0x2000'0846     0x2  const_var.o [1]
  .bss               zero     0x2000'0848     0x2  main.o [1]
  .bss               zero     0x2000'084a     0x2  main.o [1]
  .bss               zero     0x2000'084c     0x2  main.o [1]
  .bss               zero     0x2000'084e     0x1  const_var.o [1]
  .bss               zero     0x2000'084f     0x1  const_var.o [1]
  .bss               zero     0x2000'0850     0x1  const_var.o [1]
  .bss               zero     0x2000'0851     0x1  const_var.o [1]
  .bss               zero     0x2000'0852     0x1  const_var.o [1]
  .bss               zero     0x2000'0853     0x1  const_var.o [1]
  .bss               zero     0x2000'0854     0x1  const_var.o [1]
  .bss               zero     0x2000'0855     0x1  const_var.o [1]
  .bss               zero     0x2000'0856     0x1  const_var.o [1]
  .bss               zero     0x2000'0857     0x1  const_var.o [1]
  .bss               zero     0x2000'0858     0x1  const_var.o [1]
  .bss               zero     0x2000'0859     0x1  const_var.o [1]
  .bss               zero     0x2000'085a     0x1  const_var.o [1]
  .bss               zero     0x2000'085b     0x1  const_var.o [1]
  .bss               zero     0x2000'085c     0x1  const_var.o [1]
  .bss               zero     0x2000'085d     0x1  const_var.o [1]
  .bss               zero     0x2000'085e     0x1  const_var.o [1]
  .bss               zero     0x2000'085f     0x1  const_var.o [1]
  .bss               zero     0x2000'0860     0x1  const_var.o [1]
  .bss               zero     0x2000'0861     0x1  const_var.o [1]
  .bss               zero     0x2000'0862     0x1  const_var.o [1]
  .bss               zero     0x2000'0863     0x1  main.o [1]
  .bss               zero     0x2000'0864     0x1  main.o [1]
  .bss               zero     0x2000'0865     0x1  main.o [1]
  .bss               zero     0x2000'0866     0x1  main.o [1]
  .bss               zero     0x2000'0867     0x1  main.o [1]
                            - 0x2000'0868   0x7a8

"P2", part 3 of 3:                          0x400
  CSTACK                      0x2000'0868   0x400  <Block>
    CSTACK           uninit   0x2000'0868   0x400  <Block tail>
                            - 0x2000'0c68   0x400

Unused ranges:

         From           To      Size
         ----           --      ----
   0x800'c49d   0x801'ffff  0x1'3b63
  0x2000'0c68  0x2000'4fff    0x4398


*******************************************************************************
*** INIT TABLE
***

          Address      Size
          -------      ----
Zero (__iar_zero_init3)
    1 destination range, total size 0x7a8:
          0x2000'00c0  0x7a8

Copy/lz77 (__iar_lz77_init_single3)
    1 source range, total size 0x69 (54% of destination):
           0x800'c434   0x69
    1 destination range, total size 0xc0:
          0x2000'0000   0xc0



*******************************************************************************
*** MODULE SUMMARY
***

    Module                  ro code  ro data  rw data
    ------                  -------  -------  -------
command line/config:
    -------------------------------------------------
    Total:

D:\ARM_PROJECTS\STM32F103_Projects\CUBE\SolderStation_Git\SolderStation_F103\EWARM\SolderStation_F103\Obj: [1]
    MicroMenu.o                 104       26        8
    button_drv.o                226
    const_var.o                           60      244
    main.o                    6'460      112      631
    menu.o                    4'688    1'200       32
    sEEPROM.o                   760
    ssd1306.o                 1'966       28    1'044
    ssd1306_fonts.o                    6'170       48
    startup_stm32f103xb.o       408
    stm32f1xx_hal.o             188        3        9
    stm32f1xx_hal_adc.o       1'302
    stm32f1xx_hal_adc_ex.o      632
    stm32f1xx_hal_cortex.o      340
    stm32f1xx_hal_dma.o         880
    stm32f1xx_hal_gpio.o        680
    stm32f1xx_hal_i2c.o       6'412
    stm32f1xx_hal_msp.o       1'060
    stm32f1xx_hal_rcc.o       1'632       18
    stm32f1xx_hal_rcc_ex.o      580       18
    stm32f1xx_hal_spi.o       1'976
    stm32f1xx_hal_tim.o       2'630
    stm32f1xx_hal_tim_ex.o      216
    stm32f1xx_it.o               80
    system_stm32f1xx.o           88       26        4
    -------------------------------------------------
    Total:                   33'308    7'661    2'020

dl7M_tlf.a: [2]
    abort.o                       6
    exit.o                        4
    vsprintf.o                   52
    xencoding_8859_1.o           30
    xfail_s.o                    64                 4
    xlocale_c.o                 124       75      128
    xmbcurmax.o                  10
    xprintffull.o             4'294
    xsprout.o                    10
    -------------------------------------------------
    Total:                    4'594       75      132

m7M_tl.a: [3]
    DblAdd.o                    362
    DblCmpGe.o                   46
    DblCmpLe.o                   46
    DblDiv.o                    582
    DblMul.o                    418
    DblSub.o                    226
    DblToS32.o                   58
    DblToU32.o                   40
    FltAdd.o                    226
    FltCmpGe.o                   36
    FltCmpLe.o                   36
    FltDiv.o                    252
    FltMul.o                    216
    FltSub.o                    128
    FltToS32.o                   42
    S32ToDbl.o                   34
    S32ToFlt.o                   36
    U32ToDbl.o                   26
    U32ToFlt.o                   28
    fmaxf.o                      36
    fminf.o                      36
    frexp.o                     112
    ldexp.o                     314
    -------------------------------------------------
    Total:                    3'336

rt7M_tl.a: [4]
    ABImemcpy.o                 166
    ABImemset.o                 102
    I64DivMod.o                 560
    I64DivZer.o                   2
    cexit.o                      10
    cmain.o                      30
    cstartup_M.o                 12
    data_init.o                  40
    lz77_init_single.o          120
    memchr.o                     88
    memset.o                     20
    strchr.o                     22
    strlen.o                     54
    zero_init3.o                 58
    -------------------------------------------------
    Total:                    1'284

shb_l.a: [5]
    exit.o                       20
    -------------------------------------------------
    Total:                       20

    Gaps                         21        2
    Linker created                        32    1'024
-----------------------------------------------------
    Grand Total:             42'563    7'770    3'176


*******************************************************************************
*** ENTRY LIST
***

Entry                       Address   Size  Type      Object
-----                       -------   ----  ----      ------
.iar.init_table$$Base    0x800'bee0          --   Gb  - Linker created -
.iar.init_table$$Limit   0x800'bf00          --   Gb  - Linker created -
?main                    0x800'c061         Code  Gb  cmain.o [4]
ADC_ConversionStop_Disable
                         0x800'30c1   0x4a  Code  Gb  stm32f1xx_hal_adc.o [1]
ADC_DMAConvCplt          0x800'310d   0x52  Code  Gb  stm32f1xx_hal_adc.o [1]
ADC_DMAError             0x800'3171   0x1e  Code  Gb  stm32f1xx_hal_adc.o [1]
ADC_DMAHalfConvCplt      0x800'3161    0xe  Code  Gb  stm32f1xx_hal_adc.o [1]
ADC_Enable               0x800'3031   0x6e  Code  Gb  stm32f1xx_hal_adc.o [1]
AHBPrescTable            0x800'c28c   0x10  Data  Gb  system_stm32f1xx.o [1]
APBPrescTable            0x800'c35c    0x8  Data  Gb  system_stm32f1xx.o [1]
BtnCntr_LongPush        0x2000'0861    0x1  Data  Gb  const_var.o [1]
BtnCntr_Menu            0x2000'0862    0x1  Data  Gb  const_var.o [1]
BtnCntr_ShortPush       0x2000'0860    0x1  Data  Gb  const_var.o [1]
BusFault_Handler         0x800'bca3    0x2  Code  Gb  stm32f1xx_it.o [1]
Button_Init              0x800'3267    0xa  Code  Gb  button_drv.o [1]
CSTACK$$Base            0x2000'0868          --   Gb  - Linker created -
CSTACK$$Limit           0x2000'0c68          --   Gb  - Linker created -
CacheMore                0x800'9c61   0x28  Code  Lc  xlocale_c.o [2]
Calibrate_fan            0x800'4f65  0x3ac  Code  Lc  menu.o [1]
Calibrate_fan::adc_calibration_fan1
                        0x2000'0818    0x4  Data  Lc  menu.o [1]
Calibrate_fan::adc_calibration_fan2
                        0x2000'0820    0x4  Data  Lc  menu.o [1]
Calibrate_fan::temp_calibration_fan1
                        0x2000'0814    0x4  Data  Lc  menu.o [1]
Calibrate_fan::temp_calibration_fan2
                        0x2000'081c    0x4  Data  Lc  menu.o [1]
Calibrate_solder         0x800'4ac9  0x46a  Code  Lc  menu.o [1]
Calibrate_solder::adc_calibration_solder1
                        0x2000'0808    0x4  Data  Lc  menu.o [1]
Calibrate_solder::adc_calibration_solder2
                        0x2000'0810    0x4  Data  Lc  menu.o [1]
Calibrate_solder::temp_calibration_solder1
                        0x2000'0804    0x4  Data  Lc  menu.o [1]
Calibrate_solder::temp_calibration_solder2
                        0x2000'080c    0x4  Data  Lc  menu.o [1]
CurrentMenuItem         0x2000'0000    0x4  Data  Lc  MicroMenu.o [1]
DMA1_Channel1_IRQHandler
                         0x800'bcb5    0xa  Code  Gb  stm32f1xx_it.o [1]
DMA1_Channel6_IRQHandler
                         0x800'bcbf    0xa  Code  Gb  stm32f1xx_it.o [1]
DMA_SetConfig            0x800'8b55   0x2c  Code  Lc  stm32f1xx_hal_dma.o [1]
DebugMon_Handler         0x800'bca9    0x2  Code  Gb  stm32f1xx_it.o [1]
EncBtn                  0x2000'0798   0x10  Data  Gb  const_var.o [1]
ExitMenu                 0x800'4a2f   0x5c  Code  Lc  menu.o [1]
F_encoder_change_value  0x2000'085d    0x1  Data  Gb  const_var.o [1]
F_fan                   0x2000'0857    0x1  Data  Gb  const_var.o [1]
F_fan_blower_protect    0x2000'085c    0x1  Data  Gb  const_var.o [1]
F_fan_btn_off           0x2000'085f    0x1  Data  Gb  const_var.o [1]
F_fan_enable            0x2000'0858    0x1  Data  Gb  const_var.o [1]
F_fan_gerkon            0x2000'0859    0x1  Data  Gb  const_var.o [1]
F_fan_temp_protect      0x2000'085a    0x1  Data  Gb  const_var.o [1]
F_solder                0x2000'0854    0x1  Data  Gb  const_var.o [1]
F_solder_btn_off        0x2000'085e    0x1  Data  Gb  const_var.o [1]
F_solder_enable         0x2000'0856    0x1  Data  Gb  const_var.o [1]
F_solder_switch         0x2000'0855    0x1  Data  Gb  const_var.o [1]
F_solder_temp_protect   0x2000'085b    0x1  Data  Gb  const_var.o [1]
F_solder_timeout        0x2000'00bc    0x1  Data  Gb  const_var.o [1]
Fan_Thermocouple_adc    0x2000'083e    0x2  Data  Gb  const_var.o [1]
Fan_Thermocouple_temp   0x2000'0846    0x2  Data  Gb  const_var.o [1]
Fan_fan_adc             0x2000'0840    0x2  Data  Gb  const_var.o [1]
Fan_fan_percent         0x2000'0853    0x1  Data  Gb  const_var.o [1]
Fan_filter_array        0x2000'0770   0x14  Data  Gb  const_var.o [1]
Fan_off_btn             0x2000'07b8   0x10  Data  Gb  const_var.o [1]
Fan_switch_off_source    0x800'4301  0x18c  Code  Lc  menu.o [1]
Fan_temp_z              0x2000'0836    0x2  Data  Gb  const_var.o [1]
Fan_temp_z_former       0x2000'0838    0x2  Data  Gb  const_var.o [1]
GoBack                   0x800'531d    0xe  Code  Lc  menu.o [1]
HAL_ADCEx_Calibration_Start
                         0x800'35d9   0xec  Code  Gb  stm32f1xx_hal_adc_ex.o [1]
HAL_ADCEx_MultiModeConfigChannel
                         0x800'37cd   0x64  Code  Gb  stm32f1xx_hal_adc_ex.o [1]
HAL_ADCEx_MultiModeStart_DMA
                         0x800'36c5  0x108  Code  Gb  stm32f1xx_hal_adc_ex.o [1]
HAL_ADC_ConfigChannel    0x800'2edf  0x152  Code  Gb  stm32f1xx_hal_adc.o [1]
HAL_ADC_Init             0x800'2c79  0x144  Code  Gb  stm32f1xx_hal_adc.o [1]
HAL_ADC_MspInit          0x800'803b   0xdc  Code  Gb  stm32f1xx_hal_msp.o [1]
HAL_ADC_Start            0x800'2dbd  0x122  Code  Gb  stm32f1xx_hal_adc.o [1]
HAL_DMA_Abort_IT         0x800'8913   0xb4  Code  Gb  stm32f1xx_hal_dma.o [1]
HAL_DMA_IRQHandler       0x800'89c7  0x16a  Code  Gb  stm32f1xx_hal_dma.o [1]
HAL_DMA_Init             0x800'8811   0x6a  Code  Gb  stm32f1xx_hal_dma.o [1]
HAL_DMA_Start_IT         0x800'887b   0x98  Code  Gb  stm32f1xx_hal_dma.o [1]
HAL_Delay                0x800'32b9   0x28  Code  Wk  stm32f1xx_hal.o [1]
HAL_GPIO_Init            0x800'29d1  0x21e  Code  Gb  stm32f1xx_hal_gpio.o [1]
HAL_GPIO_ReadPin         0x800'2bef   0x16  Code  Gb  stm32f1xx_hal_gpio.o [1]
HAL_GPIO_TogglePin       0x800'2c1f   0x1a  Code  Gb  stm32f1xx_hal_gpio.o [1]
HAL_GPIO_WritePin        0x800'2c05   0x1a  Code  Gb  stm32f1xx_hal_gpio.o [1]
HAL_GetTick              0x800'87b9    0xc  Code  Wk  stm32f1xx_hal.o [1]
HAL_I2C_EV_IRQHandler    0x800'639d  0x1be  Code  Gb  stm32f1xx_hal_i2c.o [1]
HAL_I2C_Init             0x800'5e5d  0x1d2  Code  Gb  stm32f1xx_hal_i2c.o [1]
HAL_I2C_Mem_Write        0x800'6049  0x16e  Code  Gb  stm32f1xx_hal_i2c.o [1]
HAL_I2C_Mem_Write_DMA    0x800'61b9  0x1cc  Code  Gb  stm32f1xx_hal_i2c.o [1]
HAL_I2C_MspInit          0x800'8117   0xb2  Code  Gb  stm32f1xx_hal_msp.o [1]
HAL_IncTick              0x800'bced   0x18  Code  Wk  stm32f1xx_hal.o [1]
HAL_Init                 0x800'3295   0x20  Code  Gb  stm32f1xx_hal.o [1]
HAL_InitTick             0x800'87c5   0x4c  Code  Wk  stm32f1xx_hal.o [1]
HAL_MspInit              0x800'7ff9   0x42  Code  Gb  stm32f1xx_hal_msp.o [1]
HAL_NVIC_EnableIRQ       0x800'8535    0xe  Code  Gb  stm32f1xx_hal_cortex.o [1]
HAL_NVIC_SetPriority     0x800'850b   0x2a  Code  Gb  stm32f1xx_hal_cortex.o [1]
HAL_NVIC_SetPriorityGrouping
                         0x800'84ff    0xc  Code  Gb  stm32f1xx_hal_cortex.o [1]
HAL_RCCEx_GetPeriphCLKFreq
                         0x800'5d31  0x100  Code  Gb  stm32f1xx_hal_rcc_ex.o [1]
HAL_RCCEx_PeriphCLKConfig
                         0x800'5c19  0x118  Code  Gb  stm32f1xx_hal_rcc_ex.o [1]
HAL_RCC_ClockConfig      0x800'59b9  0x14e  Code  Gb  stm32f1xx_hal_rcc.o [1]
HAL_RCC_GetHCLKFreq      0x800'5b77    0x6  Code  Gb  stm32f1xx_hal_rcc.o [1]
HAL_RCC_GetPCLK1Freq     0x800'5b7d   0x16  Code  Gb  stm32f1xx_hal_rcc.o [1]
HAL_RCC_GetPCLK2Freq     0x800'5b93   0x16  Code  Gb  stm32f1xx_hal_rcc.o [1]
HAL_RCC_GetSysClockFreq
                         0x800'5b07   0x70  Code  Gb  stm32f1xx_hal_rcc.o [1]
HAL_RCC_OscConfig        0x800'55b9  0x400  Code  Gb  stm32f1xx_hal_rcc.o [1]
HAL_SPI_Init             0x800'7769   0xc4  Code  Gb  stm32f1xx_hal_spi.o [1]
HAL_SPI_MspInit          0x800'81c9   0x72  Code  Gb  stm32f1xx_hal_msp.o [1]
HAL_SPI_Receive          0x800'79e3  0x17c  Code  Gb  stm32f1xx_hal_spi.o [1]
HAL_SPI_Transmit         0x800'782d  0x1b6  Code  Gb  stm32f1xx_hal_spi.o [1]
HAL_SPI_TransmitReceive
                         0x800'7b5f  0x23c  Code  Gb  stm32f1xx_hal_spi.o [1]
HAL_SYSTICK_Config       0x800'8543    0xc  Code  Gb  stm32f1xx_hal_cortex.o [1]
HAL_TIMEx_ConfigBreakDeadTime
                         0x800'7f9d   0x5c  Code  Gb  stm32f1xx_hal_tim_ex.o [1]
HAL_TIMEx_MasterConfigSynchronization
                         0x800'7f21   0x6e  Code  Gb  stm32f1xx_hal_tim_ex.o [1]
HAL_TIM_Base_Init        0x800'3851   0x6e  Code  Gb  stm32f1xx_hal_tim.o [1]
HAL_TIM_Base_MspInit     0x800'823b   0x58  Code  Gb  stm32f1xx_hal_msp.o [1]
HAL_TIM_Base_Start_IT    0x800'38bf   0x72  Code  Gb  stm32f1xx_hal_tim.o [1]
HAL_TIM_Encoder_Init     0x800'3aeb   0xca  Code  Gb  stm32f1xx_hal_tim.o [1]
HAL_TIM_Encoder_MspInit
                         0x800'8293   0x92  Code  Gb  stm32f1xx_hal_msp.o [1]
HAL_TIM_Encoder_Start    0x800'3bb7   0xfa  Code  Gb  stm32f1xx_hal_tim.o [1]
HAL_TIM_IRQHandler       0x800'3cc1  0x176  Code  Gb  stm32f1xx_hal_tim.o [1]
HAL_TIM_MspPostInit      0x800'8357   0x8a  Code  Gb  stm32f1xx_hal_msp.o [1]
HAL_TIM_OnePulse_Init    0x800'3a75   0x76  Code  Gb  stm32f1xx_hal_tim.o [1]
HAL_TIM_PWM_ConfigChannel
                         0x800'3e37   0xf4  Code  Gb  stm32f1xx_hal_tim.o [1]
HAL_TIM_PWM_Init         0x800'3931   0x6e  Code  Gb  stm32f1xx_hal_tim.o [1]
HAL_TIM_PWM_MspInit      0x800'8325   0x32  Code  Gb  stm32f1xx_hal_msp.o [1]
HAL_TIM_PWM_Start        0x800'399f   0xca  Code  Gb  stm32f1xx_hal_tim.o [1]
HAL_TIM_PeriodElapsedCallback
                         0x800'0735  0x308  Code  Gb  main.o [1]
HAL_TIM_PeriodElapsedCallback::Solder_timeout_cnt
                        0x2000'084a    0x2  Data  Lc  main.o [1]
HAL_TIM_PeriodElapsedCallback::cnt_slowdown
                        0x2000'0848    0x2  Data  Lc  main.o [1]
HAL_TIM_SlaveConfigSynchro
                         0x800'3f2b   0x62  Code  Gb  stm32f1xx_hal_tim.o [1]
HardFault_Handler        0x800'bc9f    0x2  Code  Gb  stm32f1xx_it.o [1]
I2C1_EV_IRQHandler       0x800'bcd3    0xa  Code  Gb  stm32f1xx_it.o [1]
I2C_ConvertOtherXferOptions
                         0x800'774d   0x1c  Code  Lc  stm32f1xx_hal_i2c.o [1]
I2C_DMAAbort             0x800'73d5   0xf6  Code  Lc  stm32f1xx_hal_i2c.o [1]
I2C_DMAError             0x800'7387   0x4a  Code  Lc  stm32f1xx_hal_i2c.o [1]
I2C_DMAXferCplt          0x800'7235  0x152  Code  Lc  stm32f1xx_hal_i2c.o [1]
I2C_ITError              0x800'6faf  0x196  Code  Lc  stm32f1xx_hal_i2c.o [1]
I2C_IsAcknowledgeFailed
                         0x800'7715   0x38  Code  Lc  stm32f1xx_hal_i2c.o [1]
I2C_MasterReceive_BTF    0x800'6881  0x128  Code  Lc  stm32f1xx_hal_i2c.o [1]
I2C_MasterReceive_RXNE   0x800'679d   0xe4  Code  Lc  stm32f1xx_hal_i2c.o [1]
I2C_MasterTransmit_BTF   0x800'6643   0x8e  Code  Lc  stm32f1xx_hal_i2c.o [1]
I2C_MasterTransmit_TXE   0x800'655b   0xe8  Code  Lc  stm32f1xx_hal_i2c.o [1]
I2C_Master_ADD10         0x800'6a5b   0x32  Code  Lc  stm32f1xx_hal_i2c.o [1]
I2C_Master_ADDR          0x800'6a8d  0x258  Code  Lc  stm32f1xx_hal_i2c.o [1]
I2C_Master_SB            0x800'69a9   0xb2  Code  Lc  stm32f1xx_hal_i2c.o [1]
I2C_MemoryTransmit_TXE_BTF
                         0x800'66d1   0xcc  Code  Lc  stm32f1xx_hal_i2c.o [1]
I2C_RequestMemoryWrite   0x800'7149   0xec  Code  Lc  stm32f1xx_hal_i2c.o [1]
I2C_SlaveReceive_BTF     0x800'6d9d   0x1c  Code  Lc  stm32f1xx_hal_i2c.o [1]
I2C_SlaveReceive_RXNE    0x800'6d4f   0x4e  Code  Lc  stm32f1xx_hal_i2c.o [1]
I2C_SlaveTransmit_BTF    0x800'6d33   0x1c  Code  Lc  stm32f1xx_hal_i2c.o [1]
I2C_SlaveTransmit_TXE    0x800'6ce5   0x4e  Code  Lc  stm32f1xx_hal_i2c.o [1]
I2C_Slave_ADDR           0x800'6db9   0x5c  Code  Lc  stm32f1xx_hal_i2c.o [1]
I2C_Slave_STOPF          0x800'6e15  0x19a  Code  Lc  stm32f1xx_hal_i2c.o [1]
I2C_WaitOnBTFFlagUntilTimeout
                         0x800'7667   0x58  Code  Lc  stm32f1xx_hal_i2c.o [1]
I2C_WaitOnFlagUntilTimeout
                         0x800'74cb   0x8a  Code  Lc  stm32f1xx_hal_i2c.o [1]
I2C_WaitOnMasterAddressFlagUntilTimeout
                         0x800'7555   0xba  Code  Lc  stm32f1xx_hal_i2c.o [1]
I2C_WaitOnSTOPRequestThroughIT
                         0x800'76bf   0x46  Code  Lc  stm32f1xx_hal_i2c.o [1]
I2C_WaitOnTXEFlagUntilTimeout
                         0x800'760f   0x58  Code  Lc  stm32f1xx_hal_i2c.o [1]
K1_h907                  0x800'c380    0x4  Data  Gb  const_var.o [1]
K1_t12                   0x800'c384    0x4  Data  Gb  const_var.o [1]
K2                       0x800'c388    0x4  Data  Gb  const_var.o [1]
K_blower_flush          0x2000'00bd    0x1  Data  Gb  const_var.o [1]
K_blower_off            0x2000'00be    0x1  Data  Gb  const_var.o [1]
MX_ADC1_Init             0x800'134f   0xca  Code  Lc  main.o [1]
MX_ADC2_Init             0x800'1429   0xa8  Code  Lc  main.o [1]
MX_DMA_Init              0x800'17cd   0x38  Code  Lc  main.o [1]
MX_GPIO_Init             0x800'1839  0x11c  Code  Lc  main.o [1]
MX_I2C1_Init             0x800'14d1   0x3c  Code  Lc  main.o [1]
MX_SPI2_Init             0x800'1511   0x48  Code  Lc  main.o [1]
MX_TIM1_Init             0x800'156d  0x130  Code  Lc  main.o [1]
MX_TIM2_Init             0x800'169d   0x8a  Code  Lc  main.o [1]
MX_TIM3_Init             0x800'1741   0x8c  Code  Lc  main.o [1]
MemManage_Handler        0x800'bca1    0x2  Code  Gb  stm32f1xx_it.o [1]
MenuWriteFunc           0x2000'0824    0x4  Data  Lc  MicroMenu.o [1]
Menu_1                   0x800'bdfc   0x28  Data  Gb  menu.o [1]
Menu_1_1                 0x800'bf40   0x20  Data  Gb  menu.o [1]
Menu_1_2                 0x800'c0c8   0x1c  Data  Gb  menu.o [1]
Menu_1_3                 0x800'bf60   0x20  Data  Gb  menu.o [1]
Menu_2                   0x800'bda4   0x2c  Data  Gb  menu.o [1]
Menu_2_1                 0x800'bf80   0x20  Data  Gb  menu.o [1]
Menu_2_2                 0x800'bfa0   0x20  Data  Gb  menu.o [1]
Menu_2_3                 0x800'bfc0   0x20  Data  Gb  menu.o [1]
Menu_2_4                 0x800'bfe0   0x20  Data  Gb  menu.o [1]
Menu_2_5                 0x800'c000   0x20  Data  Gb  menu.o [1]
Menu_2_6                 0x800'c020   0x20  Data  Gb  menu.o [1]
Menu_3                   0x800'bd44   0x30  Data  Gb  menu.o [1]
Menu_4                   0x800'be74   0x24  Data  Gb  menu.o [1]
Menu_4_1                 0x800'be24   0x28  Data  Gb  menu.o [1]
Menu_4_2                 0x800'bebc   0x24  Data  Gb  menu.o [1]
Menu_4_3                 0x800'c040   0x20  Data  Gb  menu.o [1]
Menu_5                   0x800'bdd0   0x2c  Data  Gb  menu.o [1]
Menu_6                   0x800'bf20   0x20  Data  Gb  menu.o [1]
Menu_7                   0x800'be98   0x24  Data  Gb  menu.o [1]
Menu_7_1                 0x800'bd74   0x30  Data  Gb  menu.o [1]
Menu_EnterCurrentItem    0x800'42d1   0x22  Code  Gb  MicroMenu.o [1]
Menu_GetCurrentMenu      0x800'4299    0x6  Code  Gb  MicroMenu.o [1]
Menu_Navigate            0x800'429f   0x32  Code  Gb  MicroMenu.o [1]
NMI_Handler              0x800'bc9d    0x2  Code  Gb  stm32f1xx_it.o [1]
NULL_MENU                0x800'c18c   0x18  Data  Gb  MicroMenu.o [1]
NVIC_EncodePriority      0x800'848f   0x40  Code  Lc  stm32f1xx_hal_cortex.o [1]
N_solder_tip            0x2000'0852    0x1  Data  Gb  const_var.o [1]
N_tip_default            0x800'8616    0x1  Data  Gb  const_var.o [1]
PendSV_Handler           0x800'bcab    0x2  Code  Gb  stm32f1xx_it.o [1]
RCC_Delay                0x800'5ba9   0x26  Code  Lc  stm32f1xx_hal_rcc.o [1]
Region$$Table$$Base      0x800'bee0          --   Gb  - Linker created -
Region$$Table$$Limit     0x800'bf00          --   Gb  - Linker created -
Reset_fan                0x800'48e9   0x66  Code  Lc  menu.o [1]
Reset_solder             0x800'4807   0xe2  Code  Lc  menu.o [1]
SPI_EndRxTransaction     0x800'7e75   0x7c  Code  Lc  stm32f1xx_hal_spi.o [1]
SPI_EndRxTxTransaction   0x800'7ef1   0x2a  Code  Lc  stm32f1xx_hal_spi.o [1]
SPI_WaitFlagStateUntilTimeout
                         0x800'7d9b   0xda  Code  Lc  stm32f1xx_hal_spi.o [1]
SSD1306                 0x2000'0784   0x14  Data  Lc  ssd1306.o [1]
SSD1306_Buffer          0x2000'00c0  0x400  Data  Lc  ssd1306.o [1]
SSD1306_DrawFilledRectangle
                         0x800'20fb   0x84  Code  Gb  ssd1306.o [1]
SSD1306_DrawLine         0x800'1e43  0x1fc  Code  Gb  ssd1306.o [1]
SSD1306_DrawPixel        0x800'1b15   0xd4  Code  Gb  ssd1306.o [1]
SSD1306_DrawRectangle    0x800'203f   0xbc  Code  Gb  ssd1306.o [1]
SSD1306_Fill             0x800'1af1   0x24  Code  Gb  ssd1306.o [1]
SSD1306_GotoXY           0x800'1be9   0x10  Code  Gb  ssd1306.o [1]
SSD1306_Init             0x800'1a29   0x44  Code  Gb  ssd1306.o [1]
SSD1306_Putc             0x800'1c41  0x1be  Code  Gb  ssd1306.o [1]
SSD1306_Puts             0x800'1e15   0x2e  Code  Gb  ssd1306.o [1]
SSD1306_Putspace         0x800'1bf9   0x48  Code  Gb  ssd1306.o [1]
SSD1306_UpdateScreen     0x800'1a6d   0x2a  Code  Gb  ssd1306.o [1]
SSD1306_printf           0x800'217f   0x58  Code  Gb  ssd1306.o [1]
SVC_Handler              0x800'bca7    0x2  Code  Gb  stm32f1xx_it.o [1]
SetSolderType            0x800'448d  0x1ca  Code  Lc  menu.o [1]
SetTimeout               0x800'4659  0x1ae  Code  Lc  menu.o [1]
Solder_H907_PWM_limit   0x2000'0800    0x4  Data  Gb  const_var.o [1]
Solder_H907_PWM_limit_default
                         0x800'c37c    0x4  Data  Gb  const_var.o [1]
Solder_H907_adc         0x2000'0842    0x2  Data  Gb  const_var.o [1]
Solder_Thermocouple_adc
                        0x2000'083c    0x2  Data  Gb  const_var.o [1]
Solder_Thermocouple_temp
                        0x2000'0844    0x2  Data  Gb  const_var.o [1]
Solder_filter_array     0x2000'075c   0x14  Data  Gb  const_var.o [1]
Solder_off_btn          0x2000'07a8   0x10  Data  Gb  const_var.o [1]
Solder_temp_z           0x2000'0832    0x2  Data  Gb  const_var.o [1]
Solder_temp_z_former    0x2000'0834    0x2  Data  Gb  const_var.o [1]
SysTick_Config           0x800'84cf   0x30  Code  Lc  stm32f1xx_hal_cortex.o [1]
SysTick_Handler          0x800'bcad    0x8  Code  Gb  stm32f1xx_it.o [1]
SystemClock_Config       0x800'12b9   0x96  Code  Gb  main.o [1]
SystemCoreClock         0x2000'0038    0x4  Data  Gb  system_stm32f1xx.o [1]
SystemInit               0x800'bc45   0x3e  Code  Gb  system_stm32f1xx.o [1]
T1                       0x800'c38c    0x4  Data  Gb  const_var.o [1]
T2                       0x800'c390    0x4  Data  Gb  const_var.o [1]
TIM3_IRQHandler          0x800'bcc9    0xa  Code  Gb  stm32f1xx_it.o [1]
TIM_Base_SetConfig       0x800'3f8d   0x64  Code  Gb  stm32f1xx_hal_tim.o [1]
TIM_CCxChannelCmd        0x800'4273   0x24  Code  Gb  stm32f1xx_hal_tim.o [1]
TIM_ETR_SetConfig        0x800'425b   0x18  Code  Gb  stm32f1xx_hal_tim.o [1]
TIM_OC1_SetConfig        0x800'3ff1   0x58  Code  Lc  stm32f1xx_hal_tim.o [1]
TIM_OC2_SetConfig        0x800'4049   0x62  Code  Gb  stm32f1xx_hal_tim.o [1]
TIM_OC3_SetConfig        0x800'40ab   0x60  Code  Lc  stm32f1xx_hal_tim.o [1]
TIM_OC4_SetConfig        0x800'410b   0x46  Code  Lc  stm32f1xx_hal_tim.o [1]
TIM_SlaveTimer_SetConfig
                         0x800'4153   0xb2  Code  Lc  stm32f1xx_hal_tim.o [1]
TIM_TI1_ConfigInputStage
                         0x800'4211   0x24  Code  Lc  stm32f1xx_hal_tim.o [1]
TIM_TI2_ConfigInputStage
                         0x800'4235   0x26  Code  Lc  stm32f1xx_hal_tim.o [1]
Temp_z_default           0x800'27c2    0x2  Data  Gb  const_var.o [1]
TimeoutTime             0x2000'0830    0x2  Data  Gb  const_var.o [1]
Timeout_time_default     0x800'257a    0x2  Data  Gb  const_var.o [1]
U_fan_temp              0x2000'07ec    0x4  Data  Gb  const_var.o [1]
U_fan_temp_z            0x2000'07f0    0x4  Data  Gb  const_var.o [1]
U_solder_temp           0x2000'07d8    0x4  Data  Gb  const_var.o [1]
U_solder_temp_z         0x2000'07dc    0x4  Data  Gb  const_var.o [1]
UsageFault_Handler       0x800'bca5    0x2  Code  Gb  stm32f1xx_it.o [1]
Uy_fan                  0x2000'07fc    0x4  Data  Gb  const_var.o [1]
Uy_fan_i                0x2000'07f8    0x4  Data  Gb  const_var.o [1]
Uy_fan_p                0x2000'07f4    0x4  Data  Gb  const_var.o [1]
Uy_solder               0x2000'07e8    0x4  Data  Gb  const_var.o [1]
Uy_solder_i             0x2000'07e4    0x4  Data  Gb  const_var.o [1]
Uy_solder_p             0x2000'07e0    0x4  Data  Gb  const_var.o [1]
_Encoding_8859_1_Mbrlen
                         0x800'23f9    0x2  Code  Gb  xencoding_8859_1.o [2]
_Encoding_8859_1_Wctomb
                         0x800'23e7   0x12  Code  Gb  xencoding_8859_1.o [2]
_LitobFull               0x800'9aa7  0x10a  Code  Lc  xprintffull.o [2]
_Locale_lconv           0x2000'003c   0x38  Data  Lc  xlocale_c.o [2]
_PrintfFull              0x800'8b95  0xcc2  Code  Gb  xprintffull.o [2]
_PutcharsFull            0x800'9c19   0x2e  Code  Lc  xprintffull.o [2]
_PutstrFull              0x800'99e7   0xc0  Code  Lc  xprintffull.o [2]
_PuttxtFull              0x800'98db  0x10c  Code  Lc  xprintffull.o [2]
_SProut                  0x800'242f    0xa  Code  Gb  xsprout.o [2]
__NVIC_EnableIRQ         0x800'8445   0x1e  Code  Lc  stm32f1xx_hal_cortex.o [1]
__NVIC_GetPriorityGrouping
                         0x800'843b    0xa  Code  Lc  stm32f1xx_hal_cortex.o [1]
__NVIC_SetPriority       0x800'8463   0x2c  Code  Lc  stm32f1xx_hal_cortex.o [1]
__NVIC_SetPriorityGrouping
                         0x800'841d   0x1e  Code  Lc  stm32f1xx_hal_cortex.o [1]
__aeabi_cdcmple          0x800'9e31         Code  Gb  DblCmpLe.o [3]
__aeabi_cdrcmple         0x800'9e61         Code  Gb  DblCmpGe.o [3]
__aeabi_cfcmple          0x800'29ad         Code  Gb  FltCmpLe.o [3]
__aeabi_cfrcmple         0x800'3271         Code  Gb  FltCmpGe.o [3]
__aeabi_d2iz             0x800'28a9         Code  Gb  DblToS32.o [3]
__aeabi_d2uiz            0x800'9fcd         Code  Gb  DblToU32.o [3]
__aeabi_ddiv             0x800'257d         Code  Gb  DblDiv.o [3]
__aeabi_dmul             0x800'a011         Code  Gb  DblMul.o [3]
__aeabi_dsub             0x800'27c5         Code  Gb  DblSub.o [3]
__aeabi_f2iz             0x800'2405         Code  Gb  FltToS32.o [3]
__aeabi_fadd             0x800'2305         Code  Gb  FltAdd.o [3]
__aeabi_fdiv             0x800'245d         Code  Gb  FltDiv.o [3]
__aeabi_fmul             0x800'222d         Code  Gb  FltMul.o [3]
__aeabi_fsub             0x800'28e5         Code  Gb  FltSub.o [3]
__aeabi_i2d              0x800'2559         Code  Gb  S32ToDbl.o [3]
__aeabi_i2f              0x800'2439         Code  Gb  S32ToFlt.o [3]
__aeabi_ldiv0            0x800'a3f5         Code  Gb  I64DivZer.o [4]
__aeabi_memcpy           0x800'8571         Code  Gb  ABImemcpy.o [4]
__aeabi_memcpy4          0x800'8591         Code  Gb  ABImemcpy.o [4]
__aeabi_memcpy8          0x800'8591         Code  Gb  ABImemcpy.o [4]
__aeabi_memset           0x800'5551         Code  Gb  ABImemset.o [4]
__aeabi_ui2d             0x800'9ff5         Code  Gb  U32ToDbl.o [3]
__aeabi_ui2f             0x800'2211         Code  Gb  U32ToFlt.o [3]
__aeabi_uldivmod         0x800'a1bd         Code  Gb  I64DivMod.o [4]
__cmain                  0x800'c061         Code  Gb  cmain.o [4]
__exit                   0x800'a3f9   0x14  Code  Gb  exit.o [5]
__iar_Fail_s             0x800'9cf1   0x1c  Code  Gb  xfail_s.o [2]
__iar_Mbcurmax           0x800'a1b3    0xa  Code  Gb  xmbcurmax.o [2]
__iar_Memchr             0x800'9d69         Code  Gb  memchr.o [4]
__iar_Memset             0x800'5551         Code  Gb  ABImemset.o [4]
__iar_Memset_word        0x800'5559         Code  Gb  ABImemset.o [4]
__iar_Strchr             0x800'9cd9         Code  Gb  strchr.o [4]
__iar_dadd               0x800'27d5         Code  Gb  DblSub.o [3]
__iar_data_init3         0x800'be4d   0x28  Code  Gb  data_init.o [4]
__iar_dsub               0x800'864d         Code  Gb  DblAdd.o [3]
__iar_dsubStart          0x800'865f         Code  Gb  DblAdd.o [3]
__iar_fadd               0x800'28f1         Code  Gb  FltSub.o [3]
__iar_fmax32             0x800'2965         Code  Gb  fmaxf.o [3]
__iar_fmin32             0x800'2989         Code  Gb  fminf.o [3]
__iar_frexp              0x800'9dcd         Code  Gb  frexp.o [3]
__iar_frexp64            0x800'9dc1         Code  Gb  frexp.o [3]
__iar_frexpl             0x800'9dcd         Code  Gb  frexp.o [3]
__iar_fsub               0x800'2311         Code  Gb  FltAdd.o [3]
__iar_fsubStart          0x800'2321         Code  Gb  FltAdd.o [3]
__iar_globLocale        0x2000'0074   0x48  Data  Lc  xlocale_c.o [2]
__iar_global_Locale      0x800'9c5d    0x4  Code  Gb  xlocale_c.o [2]
__iar_ldexp64            0x800'9e91         Code  Gb  ldexp.o [3]
__iar_lz77_init_single3
                         0x800'bbcd   0x78  Code  Gb  lz77_init_single.o [4]
__iar_program_start      0x800'c2e9         Code  Gb  cstartup_M.o [4]
__iar_scalbln64          0x800'9e91         Code  Gb  ldexp.o [3]
__iar_scalbn64           0x800'9e91         Code  Gb  ldexp.o [3]
__iar_zero_init3         0x800'21d7   0x3a  Code  Gb  zero_init3.o [4]
__vector_table           0x800'0000         Data  Gb  startup_stm32f103xb.o [1]
_call_main               0x800'c06d         Code  Gb  cmain.o [4]
_exit                    0x800'c085         Code  Gb  cexit.o [4]
_gLocale_mblen           0x800'9cc5    0x4  Code  Gb  xlocale_c.o [2]
_gLocale_mblenInt        0x800'9c89   0x2c  Code  Gb  xlocale_c.o [2]
_gLocale_wctomb          0x800'9cc9    0x4  Code  Gb  xlocale_c.o [2]
_gLocale_wctombInt       0x800'9cc1    0x4  Code  Gb  xlocale_c.o [2]
_main                    0x800'c07b         Code  Gb  cmain.o [4]
abort                    0x800'a3ed    0x6  Code  Gb  abort.o [2]
adc_buffer              0x2000'06cc   0x30  Data  Gb  const_var.o [1]
amperzand_24ptBitmaps    0x800'b510  0x254  Data  Gb  ssd1306_fonts.o [1]
amperzand_24ptDescriptors
                         0x800'bd04   0x40  Data  Gb  ssd1306_fonts.o [1]
amperzand_24ptFontInfo  0x2000'0028    0xc  Data  Gb  ssd1306_fonts.o [1]
b_fan                   0x2000'07d4    0x4  Data  Gb  const_var.o [1]
b_fan_default            0x800'c378    0x4  Data  Gb  const_var.o [1]
b_solder                0x2000'07cc    0x4  Data  Gb  const_var.o [1]
b_solder_H907_default    0x800'c370    0x4  Data  Gb  const_var.o [1]
b_solder_T12_default     0x800'c368    0x4  Data  Gb  const_var.o [1]
blower_fan_manage        0x800'065f   0xd6  Code  Gb  main.o [1]
blower_fan_manage::F_blower_block
                        0x2000'0865    0x1  Data  Lc  main.o [1]
delay                    0x800'0b55   0x10  Code  Gb  main.o [1]
dispMenu                 0x800'543d   0x6a  Code  Gb  menu.o [1]
enc_value_previous      0x2000'083a    0x2  Data  Gb  const_var.o [1]
exit                     0x800'c07f    0x4  Code  Gb  exit.o [2]
fan_switch_off_source   0x2000'0851    0x1  Data  Gb  const_var.o [1]
fan_working_layout       0x800'00ed   0x6c  Code  Gb  main.o [1]
fmaxf                    0x800'2965         Code  Gb  fmaxf.o [3]
fminf                    0x800'2989         Code  Gb  fminf.o [3]
frexp                    0x800'9dc1         Code  Gb  frexp.o [3]
frexpl                   0x800'9dc1         Code  Gb  frexp.o [3]
getADC_values            0x800'01f9  0x1c6  Code  Gb  main.o [1]
getButtonState           0x800'318f   0xd8  Code  Gb  button_drv.o [1]
getDiscreteInputs        0x800'0599   0xc6  Code  Gb  main.o [1]
getDiscreteInputs::F_fan_gerkon_cnt
                        0x2000'0863    0x1  Data  Lc  main.o [1]
getDiscreteInputs::F_solder_switch_tmp_previous
                        0x2000'0864    0x1  Data  Lc  main.o [1]
getN_Solder_tip          0x800'4955   0xda  Code  Lc  menu.o [1]
hadc1                   0x2000'06fc   0x30  Data  Gb  main.o [1]
hadc2                   0x2000'072c   0x30  Data  Gb  main.o [1]
hdma_adc1               0x2000'0644   0x44  Data  Gb  main.o [1]
hdma_i2c1_tx            0x2000'0688   0x44  Data  Gb  main.o [1]
hi2c1                   0x2000'0518   0x54  Data  Gb  main.o [1]
hspi2                   0x2000'04c0   0x58  Data  Gb  main.o [1]
htim1                   0x2000'056c   0x48  Data  Gb  main.o [1]
htim2                   0x2000'05b4   0x48  Data  Gb  main.o [1]
htim3                   0x2000'05fc   0x48  Data  Gb  main.o [1]
k_fan                   0x2000'07d0    0x4  Data  Gb  const_var.o [1]
k_fan_default            0x800'c374    0x4  Data  Gb  const_var.o [1]
k_solder                0x2000'07c8    0x4  Data  Gb  const_var.o [1]
k_solder_H907_default    0x800'c36c    0x4  Data  Gb  const_var.o [1]
k_solder_T12_default     0x800'c364    0x4  Data  Gb  const_var.o [1]
ldexp                    0x800'9e91         Code  Gb  ldexp.o [3]
ldexpl                   0x800'9e91         Code  Gb  ldexp.o [3]
localeconv               0x800'9ccd    0x4  Code  Gb  xlocale_c.o [2]
mSGothic_12ptBitmaps     0x800'ab5c  0x5e0  Data  Gb  ssd1306_fonts.o [1]
mSGothic_12ptDescriptors
                         0x800'b8dc  0x178  Data  Gb  ssd1306_fonts.o [1]
mSGothic_12ptFontInfo   0x2000'0010    0xc  Data  Gb  ssd1306_fonts.o [1]
main                     0x800'0b65  0x724  Code  Gb  main.o [1]
main::Fcntr             0x2000'0866    0x1  Data  Lc  main.o [1]
main::cnt_filter        0x2000'0867    0x1  Data  Lc  main.o [1]
main::cntr              0x2000'084c    0x2  Data  Lc  main.o [1]
memchr                   0x800'9d69         Code  Gb  memchr.o [4]
memset                   0x800'8b81   0x14  Code  Gb  memset.o [4]
menuText                 0x800'53cd   0x60  Code  Gb  menu.o [1]
palatinoLinotype_12ptBitmaps
                         0x800'a40c  0x750  Data  Gb  ssd1306_fonts.o [1]
palatinoLinotype_12ptDescriptors
                         0x800'b764  0x178  Data  Gb  ssd1306_fonts.o [1]
palatinoLinotype_12ptFontInfo
                        0x2000'0004    0xc  Data  Gb  ssd1306_fonts.o [1]
prog_state_previous     0x2000'084f    0x1  Data  Gb  const_var.o [1]
progstate               0x2000'084e    0x1  Data  Gb  const_var.o [1]
regulator_fan            0x800'04ed   0xac  Code  Gb  main.o [1]
regulator_solder         0x800'03bf  0x12e  Code  Gb  main.o [1]
sEE_ReadBuffer           0x800'32e1   0x70  Code  Gb  sEEPROM.o [1]
sEE_WaitForWriteEnd      0x800'3571   0x62  Code  Gb  sEEPROM.o [1]
sEE_WriteBuffer          0x800'3351  0x16e  Code  Gb  sEEPROM.o [1]
sEE_WriteEnable          0x800'3535   0x3c  Code  Gb  sEEPROM.o [1]
sEE_WritePage            0x800'34bf   0x76  Code  Gb  sEEPROM.o [1]
scalbln                  0x800'9e91         Code  Gb  ldexp.o [3]
scalblnl                 0x800'9e91         Code  Gb  ldexp.o [3]
scalbn                   0x800'9e91         Code  Gb  ldexp.o [3]
scalbnl                  0x800'9e91         Code  Gb  ldexp.o [3]
scale                    0x800'9bb1   0x46  Code  Lc  xprintffull.o [2]
sec_hand                0x2000'082c    0x4  Data  Lc  xfail_s.o [2]
segoeUI_8ptBitmaps       0x800'b13c  0x3d4  Data  Gb  ssd1306_fonts.o [1]
segoeUI_8ptDescriptors   0x800'ba54  0x178  Data  Gb  ssd1306_fonts.o [1]
segoeUI_8ptFontInfo     0x2000'001c    0xc  Data  Gb  ssd1306_fonts.o [1]
show_menu                0x800'532b   0x92  Code  Gb  menu.o [1]
solder_working_layout    0x800'0159   0x9c  Code  Gb  main.o [1]
soldertype              0x2000'0850    0x1  Data  Gb  const_var.o [1]
ssd1306_SendToDisplay    0x800'1a97   0x5a  Code  Lc  ssd1306.o [1]
strNULL                  0x800'8617    0x1  Data  Gb  const_var.o [1]
strchr                   0x800'9cd9         Code  Gb  strchr.o [4]
strlen                   0x800'9d31         Code  Gb  strlen.o [4]
tp                       0x800'c394    0x4  Data  Gb  const_var.o [1]
uwTick                  0x2000'0828    0x4  Data  Gb  stm32f1xx_hal.o [1]
uwTickFreq              0x2000'00bf    0x1  Data  Gb  stm32f1xx_hal.o [1]
uwTickPrio              0x2000'0034    0x4  Data  Gb  stm32f1xx_hal.o [1]
vsprintf                 0x800'8619   0x34  Code  Gb  vsprintf.o [2]


[1] = D:\ARM_PROJECTS\STM32F103_Projects\CUBE\SolderStation_Git\SolderStation_F103\EWARM\SolderStation_F103\Obj
[2] = dl7M_tlf.a
[3] = m7M_tl.a
[4] = rt7M_tl.a
[5] = shb_l.a

  42'563 bytes of readonly  code memory
   7'770 bytes of readonly  data memory
   3'176 bytes of readwrite data memory

Errors: none
Warnings: none
