###############################################################################
#
# IAR ELF Linker V8.50.6.265/W32 for ARM                  13/Oct/2020  21:39:22
# Copyright 2007-2020 IAR Systems AB.
#
#    Output file  =
#        D:\WORK\ST\STM32F013C8T6B_BluePill\Projects\CUBE\SolderStation_F103\EWARM\SolderStation_F103\Exe\SolderStation_F103.out
#    Map file     =
#        D:\WORK\ST\STM32F013C8T6B_BluePill\Projects\CUBE\SolderStation_F103\EWARM\SolderStation_F103\List\SolderStation_F103.map
#    Command line =
#        -f C:\Users\denpr\AppData\Local\Temp\EW9F75.tmp
#        (D:\WORK\ST\STM32F013C8T6B_BluePill\Projects\CUBE\SolderStation_F103\EWARM\SolderStation_F103\Obj\button_drv.o
#        D:\WORK\ST\STM32F013C8T6B_BluePill\Projects\CUBE\SolderStation_F103\EWARM\SolderStation_F103\Obj\const_var.o
#        D:\WORK\ST\STM32F013C8T6B_BluePill\Projects\CUBE\SolderStation_F103\EWARM\SolderStation_F103\Obj\main.o
#        D:\WORK\ST\STM32F013C8T6B_BluePill\Projects\CUBE\SolderStation_F103\EWARM\SolderStation_F103\Obj\menu.o
#        D:\WORK\ST\STM32F013C8T6B_BluePill\Projects\CUBE\SolderStation_F103\EWARM\SolderStation_F103\Obj\MicroMenu.o
#        D:\WORK\ST\STM32F013C8T6B_BluePill\Projects\CUBE\SolderStation_F103\EWARM\SolderStation_F103\Obj\sEEPROM.o
#        D:\WORK\ST\STM32F013C8T6B_BluePill\Projects\CUBE\SolderStation_F103\EWARM\SolderStation_F103\Obj\ssd1306.o
#        D:\WORK\ST\STM32F013C8T6B_BluePill\Projects\CUBE\SolderStation_F103\EWARM\SolderStation_F103\Obj\ssd1306_fonts.o
#        D:\WORK\ST\STM32F013C8T6B_BluePill\Projects\CUBE\SolderStation_F103\EWARM\SolderStation_F103\Obj\startup_stm32f103xb.o
#        D:\WORK\ST\STM32F013C8T6B_BluePill\Projects\CUBE\SolderStation_F103\EWARM\SolderStation_F103\Obj\stm32f1xx_hal.o
#        D:\WORK\ST\STM32F013C8T6B_BluePill\Projects\CUBE\SolderStation_F103\EWARM\SolderStation_F103\Obj\stm32f1xx_hal_adc.o
#        D:\WORK\ST\STM32F013C8T6B_BluePill\Projects\CUBE\SolderStation_F103\EWARM\SolderStation_F103\Obj\stm32f1xx_hal_adc_ex.o
#        D:\WORK\ST\STM32F013C8T6B_BluePill\Projects\CUBE\SolderStation_F103\EWARM\SolderStation_F103\Obj\stm32f1xx_hal_cortex.o
#        D:\WORK\ST\STM32F013C8T6B_BluePill\Projects\CUBE\SolderStation_F103\EWARM\SolderStation_F103\Obj\stm32f1xx_hal_dma.o
#        D:\WORK\ST\STM32F013C8T6B_BluePill\Projects\CUBE\SolderStation_F103\EWARM\SolderStation_F103\Obj\stm32f1xx_hal_exti.o
#        D:\WORK\ST\STM32F013C8T6B_BluePill\Projects\CUBE\SolderStation_F103\EWARM\SolderStation_F103\Obj\stm32f1xx_hal_flash.o
#        D:\WORK\ST\STM32F013C8T6B_BluePill\Projects\CUBE\SolderStation_F103\EWARM\SolderStation_F103\Obj\stm32f1xx_hal_flash_ex.o
#        D:\WORK\ST\STM32F013C8T6B_BluePill\Projects\CUBE\SolderStation_F103\EWARM\SolderStation_F103\Obj\stm32f1xx_hal_gpio.o
#        D:\WORK\ST\STM32F013C8T6B_BluePill\Projects\CUBE\SolderStation_F103\EWARM\SolderStation_F103\Obj\stm32f1xx_hal_gpio_ex.o
#        D:\WORK\ST\STM32F013C8T6B_BluePill\Projects\CUBE\SolderStation_F103\EWARM\SolderStation_F103\Obj\stm32f1xx_hal_i2c.o
#        D:\WORK\ST\STM32F013C8T6B_BluePill\Projects\CUBE\SolderStation_F103\EWARM\SolderStation_F103\Obj\stm32f1xx_hal_msp.o
#        D:\WORK\ST\STM32F013C8T6B_BluePill\Projects\CUBE\SolderStation_F103\EWARM\SolderStation_F103\Obj\stm32f1xx_hal_pwr.o
#        D:\WORK\ST\STM32F013C8T6B_BluePill\Projects\CUBE\SolderStation_F103\EWARM\SolderStation_F103\Obj\stm32f1xx_hal_rcc.o
#        D:\WORK\ST\STM32F013C8T6B_BluePill\Projects\CUBE\SolderStation_F103\EWARM\SolderStation_F103\Obj\stm32f1xx_hal_rcc_ex.o
#        D:\WORK\ST\STM32F013C8T6B_BluePill\Projects\CUBE\SolderStation_F103\EWARM\SolderStation_F103\Obj\stm32f1xx_hal_spi.o
#        D:\WORK\ST\STM32F013C8T6B_BluePill\Projects\CUBE\SolderStation_F103\EWARM\SolderStation_F103\Obj\stm32f1xx_hal_tim.o
#        D:\WORK\ST\STM32F013C8T6B_BluePill\Projects\CUBE\SolderStation_F103\EWARM\SolderStation_F103\Obj\stm32f1xx_hal_tim_ex.o
#        D:\WORK\ST\STM32F013C8T6B_BluePill\Projects\CUBE\SolderStation_F103\EWARM\SolderStation_F103\Obj\stm32f1xx_it.o
#        D:\WORK\ST\STM32F013C8T6B_BluePill\Projects\CUBE\SolderStation_F103\EWARM\SolderStation_F103\Obj\system_stm32f1xx.o
#        --redirect _Printf=_PrintfFull --redirect _Scanf=_ScanfFull
#        --no_out_extension -o
#        D:\WORK\ST\STM32F013C8T6B_BluePill\Projects\CUBE\SolderStation_F103\EWARM\SolderStation_F103\Exe\SolderStation_F103.out
#        --map
#        D:\WORK\ST\STM32F013C8T6B_BluePill\Projects\CUBE\SolderStation_F103\EWARM\SolderStation_F103\List\SolderStation_F103.map
#        --config
#        D:\WORK\ST\STM32F013C8T6B_BluePill\Projects\CUBE\SolderStation_F103\EWARM/stm32f103xb_flash.icf
#        --semihosting --entry __iar_program_start --inline --vfe --text_out
#        locale)
#
###############################################################################

*******************************************************************************
*** RUNTIME MODEL ATTRIBUTES
***

CppFlavor       = *
__SystemLibrary = DLib
__dlib_version  = 6


*******************************************************************************
*** HEAP SELECTION
***

The basic heap was selected because no calls to memory allocation
functions were found in the application outside of system library
functions, and there are calls to deallocation functions in the
application.


*******************************************************************************
*** PLACEMENT SUMMARY
***

"A0":  place at address 0x800'0000 { ro section .intvec };
"P1":  place in [from 0x800'0000 to 0x801'ffff] { ro };
define block CSTACK with size = 1K, alignment = 8 { };
define block HEAP with size = 512, alignment = 8 { };
"P2":  place in [from 0x2000'0000 to 0x2000'4fff] {
          rw, block CSTACK, block HEAP };
initialize by copy { rw };

  Section            Kind         Address    Size  Object
  -------            ----         -------    ----  ------
"A0":                                        0xec
  .intvec            ro code   0x800'0000    0xec  startup_stm32f103xb.o [1]
                             - 0x800'00ec    0xec

"P1":                                      0xbc55
  .text              ro code   0x800'00ec  0x190c  stm32f1xx_hal_i2c.o [1]
  .text              ro code   0x800'19f8   0x424  stm32f1xx_hal_msp.o [1]
  .text              ro code   0x800'1e1c   0x660  stm32f1xx_hal_rcc.o [1]
  .text              ro code   0x800'247c     0xc  stm32f1xx_hal.o [1]
  .text              ro code   0x800'2488   0x370  stm32f1xx_hal_dma.o [1]
  .text              ro code   0x800'27f8    0x14  memset.o [4]
  .text              ro code   0x800'280c   0x2a8  stm32f1xx_hal_gpio.o [1]
  .text              ro code   0x800'2ab4   0x154  stm32f1xx_hal_cortex.o [1]
  .text              ro code   0x800'2c08    0x4c  stm32f1xx_hal.o [1]
  .text              ro code   0x800'2c54    0xa6  ABImemcpy.o [4]
  .text              ro code   0x800'2cfa    0x3a  zero_init3.o [4]
  .text              ro code   0x800'2d34    0x66  ABImemset.o [4]
  .text              ro code   0x800'2d9a    0x1e  xencoding_8859_1.o [2]
  .text              ro code   0x800'2db8  0x1580  main.o [1]
  .text              ro code   0x800'4338   0x7ae  ssd1306.o [1]
  .text              ro code   0x800'4ae6     0xa  xsprout.o [2]
  .text              ro code   0x800'4af0    0x1c  U32ToFlt.o [3]
  .text              ro code   0x800'4b0c    0xd8  FltMul.o [3]
  .text              ro code   0x800'4be4    0xe2  FltAdd.o [3]
  .rodata            const     0x800'4cc6     0x2  const_var.o [1]
  .text              ro code   0x800'4cc8    0x2a  FltToS32.o [3]
  .rodata            const     0x800'4cf2     0x2  const_var.o [1]
  .text              ro code   0x800'4cf4    0x24  S32ToFlt.o [3]
  .text              ro code   0x800'4d18    0xfc  FltDiv.o [3]
  .text              ro code   0x800'4e14    0x22  S32ToDbl.o [3]
  .rodata            const     0x800'4e36     0x2  stm32f1xx_hal_rcc.o [1]
  .text              ro code   0x800'4e38   0x246  DblDiv.o [3]
  .rodata            const     0x800'507e     0x2  stm32f1xx_hal_rcc_ex.o [1]
  .text              ro code   0x800'5080    0xe2  DblSub.o [3]
  .rodata            const     0x800'5162     0x2  xlocale_c.o [2]
  .text              ro code   0x800'5164    0x3a  DblToS32.o [3]
  .rodata            const     0x800'519e     0x2  xlocale_c.o [2]
  .text              ro code   0x800'51a0    0x80  FltSub.o [3]
  .text              ro code   0x800'5220    0x24  fmaxf.o [3]
  .text              ro code   0x800'5244    0x24  fminf.o [3]
  .text              ro code   0x800'5268   0x516  stm32f1xx_hal_adc.o [1]
  .text              ro code   0x800'577e    0xe2  button_drv.o [1]
  .text              ro code   0x800'5860    0x24  FltCmpGe.o [3]
  .text              ro code   0x800'5884    0x24  stm32f1xx_hal.o [1]
  .text              ro code   0x800'58a8    0x28  stm32f1xx_hal.o [1]
  .text              ro code   0x800'58d0   0x2f8  sEEPROM.o [1]
  .text              ro code   0x800'5bc8   0x278  stm32f1xx_hal_adc_ex.o [1]
  .text              ro code   0x800'5e40   0xa46  stm32f1xx_hal_tim.o [1]
  .rodata            const     0x800'6886     0x1  const_var.o [1]
  .rodata            const     0x800'6887     0x1  const_var.o [1]
  .text              ro code   0x800'6888    0x68  MicroMenu.o [1]
  .text              ro code   0x800'68f0   0xee0  menu.o [1]
  .text              ro code   0x800'77d0   0x244  stm32f1xx_hal_rcc_ex.o [1]
  .text              ro code   0x800'7a14   0x7b8  stm32f1xx_hal_spi.o [1]
  .text              ro code   0x800'81cc    0xd8  stm32f1xx_hal_tim_ex.o [1]
  .text              ro code   0x800'82a4    0x34  vsprintf.o [2]
  .text              ro code   0x800'82d8   0x16a  DblAdd.o [3]
  .rodata            const     0x800'8442     0x1  xlocale_c.o [2]
  .text              ro code   0x800'8444  0x10c6  xprintffull.o [2]
  .text              ro code   0x800'950c    0x7c  xlocale_c.o [2]
  .text              ro code   0x800'9588    0x16  strchr.o [4]
  .text              ro code   0x800'95a0    0x40  xfail_s.o [2]
  .text              ro code   0x800'95e0    0x36  strlen.o [4]
  .text              ro code   0x800'9618    0x58  memchr.o [4]
  .text              ro code   0x800'9670    0x70  frexp.o [3]
  .text              ro code   0x800'96e0    0x2e  DblCmpLe.o [3]
  .text              ro code   0x800'9710    0x2e  DblCmpGe.o [3]
  .text              ro code   0x800'9740   0x13a  ldexp.o [3]
  .text              ro code   0x800'987c    0x28  DblToU32.o [3]
  .text              ro code   0x800'98a4    0x1a  U32ToDbl.o [3]
  .text              ro code   0x800'98c0   0x1a2  DblMul.o [3]
  .text              ro code   0x800'9a62     0xa  xmbcurmax.o [2]
  .text              ro code   0x800'9a6c   0x230  I64DivMod.o [4]
  .text              ro code   0x800'9c9c     0x6  abort.o [2]
  .text              ro code   0x800'9ca4     0x2  I64DivZer.o [4]
  .text              ro code   0x800'9ca8    0x14  exit.o [5]
  .rodata            const     0x800'9cbc   0x750  ssd1306_fonts.o [1]
  .rodata            const     0x800'a40c   0x5e0  ssd1306_fonts.o [1]
  .rodata            const     0x800'a9ec   0x3d4  ssd1306_fonts.o [1]
  .rodata            const     0x800'adc0   0x254  ssd1306_fonts.o [1]
  .rodata            const     0x800'b014   0x178  ssd1306_fonts.o [1]
  .rodata            const     0x800'b18c   0x178  ssd1306_fonts.o [1]
  .rodata            const     0x800'b304   0x178  ssd1306_fonts.o [1]
  .text              ro code   0x800'b47c    0x78  lz77_init_single.o [4]
  .text              ro code   0x800'b4f4    0x58  system_stm32f1xx.o [1]
  .text              ro code   0x800'b54c    0x50  stm32f1xx_it.o [1]
  .text              ro code   0x800'b59c    0x18  stm32f1xx_hal.o [1]
  .rodata            const     0x800'b5b4    0x40  ssd1306_fonts.o [1]
  .rodata            const     0x800'b5f4    0x30  menu.o [1]
  .rodata            const     0x800'b624    0x30  menu.o [1]
  .rodata            const     0x800'b654    0x30  menu.o [1]
  .rodata            const     0x800'b684    0x2c  menu.o [1]
  .rodata            const     0x800'b6b0    0x2c  menu.o [1]
  .rodata            const     0x800'b6dc    0x28  menu.o [1]
  .rodata            const     0x800'b704    0x28  menu.o [1]
  .text              ro code   0x800'b72c    0x28  data_init.o [4]
  .rodata            const     0x800'b754    0x24  menu.o [1]
  .rodata            const     0x800'b778    0x24  menu.o [1]
  .iar.init_table    const     0x800'b79c    0x20  - Linker created -
  .rodata            const     0x800'b7bc    0x20  menu.o [1]
  .rodata            const     0x800'b7dc    0x20  menu.o [1]
  .rodata            const     0x800'b7fc    0x20  menu.o [1]
  .rodata            const     0x800'b81c    0x20  menu.o [1]
  .rodata            const     0x800'b83c    0x20  menu.o [1]
  .rodata            const     0x800'b85c    0x20  menu.o [1]
  .rodata            const     0x800'b87c    0x20  menu.o [1]
  .rodata            const     0x800'b89c    0x20  menu.o [1]
  .rodata            const     0x800'b8bc    0x20  menu.o [1]
  .rodata            const     0x800'b8dc    0x20  menu.o [1]
  .rodata            const     0x800'b8fc    0x20  menu.o [1]
  .rodata            const     0x800'b91c    0x20  menu.o [1]
  .rodata            const     0x800'b93c    0x20  menu.o [1]
  .rodata            const     0x800'b95c    0x20  menu.o [1]
  .rodata            const     0x800'b97c    0x20  menu.o [1]
  .rodata            const     0x800'b99c    0x20  menu.o [1]
  .rodata            const     0x800'b9bc    0x20  menu.o [1]
  .text              ro code   0x800'b9dc    0x1e  cmain.o [4]
  .text              ro code   0x800'b9fa     0x4  exit.o [2]
  .text              ro code   0x800'ba00     0xa  cexit.o [4]
  .rodata            const     0x800'ba0c    0x1c  menu.o [1]
  .rodata            const     0x800'ba28    0x1c  menu.o [1]
  .rodata            const     0x800'ba44    0x18  main.o [1]
  .rodata            const     0x800'ba5c    0x18  menu.o [1]
  .rodata            const     0x800'ba74    0x18  menu.o [1]
  .rodata            const     0x800'ba8c    0x18  menu.o [1]
  .rodata            const     0x800'baa4    0x18  menu.o [1]
  .rodata            const     0x800'babc    0x18  menu.o [1]
  .rodata            const     0x800'bad4    0x18  menu.o [1]
  .rodata            const     0x800'baec    0x18  MicroMenu.o [1]
  .rodata            const     0x800'bb04    0x14  menu.o [1]
  .rodata            const     0x800'bb18    0x14  menu.o [1]
  .rodata            const     0x800'bb2c    0x14  ssd1306.o [1]
  .rodata            const     0x800'bb40    0x10  main.o [1]
  .rodata            const     0x800'bb50    0x10  menu.o [1]
  .rodata            const     0x800'bb60    0x10  menu.o [1]
  .rodata            const     0x800'bb70    0x10  menu.o [1]
  .rodata            const     0x800'bb80    0x10  stm32f1xx_hal_rcc.o [1]
  .rodata            const     0x800'bb90    0x10  stm32f1xx_hal_rcc_ex.o [1]
  .rodata            const     0x800'bba0    0x10  system_stm32f1xx.o [1]
  .text              ro code   0x800'bbb0    0x10  startup_stm32f103xb.o [1]
  .rodata            const     0x800'bbc0     0xc  main.o [1]
  .rodata            const     0x800'bbcc     0xc  main.o [1]
  .text              ro code   0x800'bbd8     0xc  cstartup_M.o [4]
  .rodata            const     0x800'bbe4     0x8  main.o [1]
  .rodata            const     0x800'bbec     0x8  main.o [1]
  .rodata            const     0x800'bbf4     0x8  main.o [1]
  .rodata            const     0x800'bbfc     0x8  main.o [1]
  .rodata            const     0x800'bc04     0x8  ssd1306.o [1]
  .rodata            const     0x800'bc0c     0x8  system_stm32f1xx.o [1]
  .rodata            const     0x800'bc14     0x4  const_var.o [1]
  .rodata            const     0x800'bc18     0x4  const_var.o [1]
  .rodata            const     0x800'bc1c     0x4  const_var.o [1]
  .rodata            const     0x800'bc20     0x4  const_var.o [1]
  .rodata            const     0x800'bc24     0x4  const_var.o [1]
  .rodata            const     0x800'bc28     0x4  const_var.o [1]
  .rodata            const     0x800'bc2c     0x4  const_var.o [1]
  .rodata            const     0x800'bc30     0x4  const_var.o [1]
  .rodata            const     0x800'bc34     0x4  const_var.o [1]
  .text              ro code   0x800'bc38     0x4  startup_stm32f103xb.o [1]
  .text              ro code   0x800'bc3c     0x4  startup_stm32f103xb.o [1]
  .text              ro code   0x800'bc40     0x4  startup_stm32f103xb.o [1]
  .text              ro code   0x800'bc44     0x4  startup_stm32f103xb.o [1]
  .text              ro code   0x800'bc48     0x4  startup_stm32f103xb.o [1]
  .text              ro code   0x800'bc4c     0x4  startup_stm32f103xb.o [1]
  .text              ro code   0x800'bc50     0x4  startup_stm32f103xb.o [1]
  .text              ro code   0x800'bc54     0x4  startup_stm32f103xb.o [1]
  .text              ro code   0x800'bc58     0x4  startup_stm32f103xb.o [1]
  .text              ro code   0x800'bc5c     0x4  startup_stm32f103xb.o [1]
  .text              ro code   0x800'bc60     0x4  startup_stm32f103xb.o [1]
  .text              ro code   0x800'bc64     0x4  startup_stm32f103xb.o [1]
  .text              ro code   0x800'bc68     0x4  startup_stm32f103xb.o [1]
  .text              ro code   0x800'bc6c     0x4  startup_stm32f103xb.o [1]
  .text              ro code   0x800'bc70     0x4  startup_stm32f103xb.o [1]
  .text              ro code   0x800'bc74     0x4  startup_stm32f103xb.o [1]
  .text              ro code   0x800'bc78     0x4  startup_stm32f103xb.o [1]
  .text              ro code   0x800'bc7c     0x4  startup_stm32f103xb.o [1]
  .text              ro code   0x800'bc80     0x4  startup_stm32f103xb.o [1]
  .text              ro code   0x800'bc84     0x4  startup_stm32f103xb.o [1]
  .text              ro code   0x800'bc88     0x4  startup_stm32f103xb.o [1]
  .text              ro code   0x800'bc8c     0x4  startup_stm32f103xb.o [1]
  .text              ro code   0x800'bc90     0x4  startup_stm32f103xb.o [1]
  .text              ro code   0x800'bc94     0x4  startup_stm32f103xb.o [1]
  .text              ro code   0x800'bc98     0x4  startup_stm32f103xb.o [1]
  .text              ro code   0x800'bc9c     0x4  startup_stm32f103xb.o [1]
  .text              ro code   0x800'bca0     0x4  startup_stm32f103xb.o [1]
  .text              ro code   0x800'bca4     0x4  startup_stm32f103xb.o [1]
  .text              ro code   0x800'bca8     0x4  startup_stm32f103xb.o [1]
  .text              ro code   0x800'bcac     0x4  startup_stm32f103xb.o [1]
  .text              ro code   0x800'bcb0     0x4  startup_stm32f103xb.o [1]
  .text              ro code   0x800'bcb4     0x4  startup_stm32f103xb.o [1]
  .text              ro code   0x800'bcb8     0x4  startup_stm32f103xb.o [1]
  .text              ro code   0x800'bcbc     0x4  startup_stm32f103xb.o [1]
  .text              ro code   0x800'bcc0     0x4  startup_stm32f103xb.o [1]
  .text              ro code   0x800'bcc4     0x4  startup_stm32f103xb.o [1]
  .text              ro code   0x800'bcc8     0x4  startup_stm32f103xb.o [1]
  .text              ro code   0x800'bccc     0x4  startup_stm32f103xb.o [1]
  .text              ro code   0x800'bcd0     0x4  startup_stm32f103xb.o [1]
  .rodata            const     0x800'bcd4     0x0  zero_init3.o [4]
  .rodata            const     0x800'bcd4     0x0  lz77_init_single.o [4]
  Initializer bytes  const     0x800'bcd4    0x6d  <for P2-1>
                             - 0x800'bd41  0xbc55

"P2", part 1 of 3:                           0xc1
  P2-1                        0x2000'0000    0xc1  <Init block>
    .data            inited   0x2000'0000     0x4  MicroMenu.o [1]
    .data            inited   0x2000'0004     0xc  ssd1306_fonts.o [1]
    .data            inited   0x2000'0010     0xc  ssd1306_fonts.o [1]
    .data            inited   0x2000'001c     0xc  ssd1306_fonts.o [1]
    .data            inited   0x2000'0028     0xc  ssd1306_fonts.o [1]
    .data            inited   0x2000'0034     0x4  stm32f1xx_hal.o [1]
    .data            inited   0x2000'0038     0x4  system_stm32f1xx.o [1]
    .data            inited   0x2000'003c    0x38  xlocale_c.o [2]
    .data            inited   0x2000'0074    0x48  xlocale_c.o [2]
    .data            inited   0x2000'00bc     0x1  const_var.o [1]
    .data            inited   0x2000'00bd     0x1  const_var.o [1]
    .data            inited   0x2000'00be     0x1  const_var.o [1]
    .data            inited   0x2000'00bf     0x1  const_var.o [1]
    .data            inited   0x2000'00c0     0x1  stm32f1xx_hal.o [1]
                            - 0x2000'00c1    0xc1

"P2", part 2 of 3:                          0x788
  .bss               zero     0x2000'00c4   0x400  ssd1306.o [1]
  .bss               zero     0x2000'04c4    0x58  main.o [1]
  .bss               zero     0x2000'051c    0x54  main.o [1]
  .bss               zero     0x2000'0570    0x48  main.o [1]
  .bss               zero     0x2000'05b8    0x48  main.o [1]
  .bss               zero     0x2000'0600    0x48  main.o [1]
  .bss               zero     0x2000'0648    0x44  main.o [1]
  .bss               zero     0x2000'068c    0x44  main.o [1]
  .bss               zero     0x2000'06d0    0x30  const_var.o [1]
  .bss               zero     0x2000'0700    0x30  main.o [1]
  .bss               zero     0x2000'0730    0x30  main.o [1]
  .bss               zero     0x2000'0760    0x18  const_var.o [1]
  .bss               zero     0x2000'0778    0x18  const_var.o [1]
  .bss               zero     0x2000'0790    0x14  ssd1306.o [1]
  .bss               zero     0x2000'07a4    0x10  const_var.o [1]
  .bss               zero     0x2000'07b4     0x4  const_var.o [1]
  .bss               zero     0x2000'07b8     0x4  const_var.o [1]
  .bss               zero     0x2000'07bc     0x4  const_var.o [1]
  .bss               zero     0x2000'07c0     0x4  const_var.o [1]
  .bss               zero     0x2000'07c4     0x4  const_var.o [1]
  .bss               zero     0x2000'07c8     0x4  const_var.o [1]
  .bss               zero     0x2000'07cc     0x4  const_var.o [1]
  .bss               zero     0x2000'07d0     0x4  const_var.o [1]
  .bss               zero     0x2000'07d4     0x4  const_var.o [1]
  .bss               zero     0x2000'07d8     0x4  const_var.o [1]
  .bss               zero     0x2000'07dc     0x4  const_var.o [1]
  .bss               zero     0x2000'07e0     0x4  const_var.o [1]
  .bss               zero     0x2000'07e4     0x4  const_var.o [1]
  .bss               zero     0x2000'07e8     0x4  const_var.o [1]
  .bss               zero     0x2000'07ec     0x4  menu.o [1]
  .bss               zero     0x2000'07f0     0x4  menu.o [1]
  .bss               zero     0x2000'07f4     0x4  menu.o [1]
  .bss               zero     0x2000'07f8     0x4  menu.o [1]
  .bss               zero     0x2000'07fc     0x4  menu.o [1]
  .bss               zero     0x2000'0800     0x4  menu.o [1]
  .bss               zero     0x2000'0804     0x4  menu.o [1]
  .bss               zero     0x2000'0808     0x4  menu.o [1]
  .bss               zero     0x2000'080c     0x4  MicroMenu.o [1]
  .bss               zero     0x2000'0810     0x4  stm32f1xx_hal.o [1]
  .bss               zero     0x2000'0814     0x4  xfail_s.o [2]
  .bss               zero     0x2000'0818     0x2  const_var.o [1]
  .bss               zero     0x2000'081a     0x2  const_var.o [1]
  .bss               zero     0x2000'081c     0x2  const_var.o [1]
  .bss               zero     0x2000'081e     0x2  const_var.o [1]
  .bss               zero     0x2000'0820     0x2  const_var.o [1]
  .bss               zero     0x2000'0822     0x2  const_var.o [1]
  .bss               zero     0x2000'0824     0x2  const_var.o [1]
  .bss               zero     0x2000'0826     0x2  const_var.o [1]
  .bss               zero     0x2000'0828     0x2  const_var.o [1]
  .bss               zero     0x2000'082a     0x2  const_var.o [1]
  .bss               zero     0x2000'082c     0x2  const_var.o [1]
  .bss               zero     0x2000'082e     0x2  main.o [1]
  .bss               zero     0x2000'0830     0x2  main.o [1]
  .bss               zero     0x2000'0832     0x2  main.o [1]
  .bss               zero     0x2000'0834     0x1  const_var.o [1]
  .bss               zero     0x2000'0835     0x1  const_var.o [1]
  .bss               zero     0x2000'0836     0x1  const_var.o [1]
  .bss               zero     0x2000'0837     0x1  const_var.o [1]
  .bss               zero     0x2000'0838     0x1  const_var.o [1]
  .bss               zero     0x2000'0839     0x1  const_var.o [1]
  .bss               zero     0x2000'083a     0x1  const_var.o [1]
  .bss               zero     0x2000'083b     0x1  const_var.o [1]
  .bss               zero     0x2000'083c     0x1  const_var.o [1]
  .bss               zero     0x2000'083d     0x1  const_var.o [1]
  .bss               zero     0x2000'083e     0x1  const_var.o [1]
  .bss               zero     0x2000'083f     0x1  const_var.o [1]
  .bss               zero     0x2000'0840     0x1  const_var.o [1]
  .bss               zero     0x2000'0841     0x1  const_var.o [1]
  .bss               zero     0x2000'0842     0x1  const_var.o [1]
  .bss               zero     0x2000'0843     0x1  const_var.o [1]
  .bss               zero     0x2000'0844     0x1  const_var.o [1]
  .bss               zero     0x2000'0845     0x1  main.o [1]
  .bss               zero     0x2000'0846     0x1  main.o [1]
  .bss               zero     0x2000'0847     0x1  main.o [1]
  .bss               zero     0x2000'0848     0x1  main.o [1]
                            - 0x2000'0849   0x785

"P2", part 3 of 3:                          0x400
  CSTACK                      0x2000'0850   0x400  <Block>
    CSTACK           uninit   0x2000'0850   0x400  <Block tail>
                            - 0x2000'0c50   0x400

Unused ranges:

         From           To      Size
         ----           --      ----
   0x800'bd41   0x801'ffff  0x1'42bf
  0x2000'00c1  0x2000'00c3       0x3
  0x2000'084c  0x2000'084f       0x4
  0x2000'0c50  0x2000'4fff    0x43b0


*******************************************************************************
*** INIT TABLE
***

          Address      Size
          -------      ----
Zero (__iar_zero_init3)
    1 destination range, total size 0x785:
          0x2000'00c4  0x785

Copy/lz77 (__iar_lz77_init_single3)
    1 source range, total size 0x6d (56% of destination):
           0x800'bcd4   0x6d
    1 destination range, total size 0xc1:
          0x2000'0000   0xc1



*******************************************************************************
*** MODULE SUMMARY
***

    Module                  ro code  ro data  rw data
    ------                  -------  -------  -------
command line/config:
    -------------------------------------------------
    Total:

D:\WORK\ST\STM32F013C8T6B_BluePill\Projects\CUBE\SolderStation_F103\EWARM\SolderStation_F103\Obj: [1]
    MicroMenu.o                 104       26        8
    button_drv.o                226
    const_var.o                           44      211
    main.o                    5'504       96      630
    menu.o                    3'808    1'216       32
    sEEPROM.o                   760
    ssd1306.o                 1'966       28    1'044
    ssd1306_fonts.o                    6'171       48
    startup_stm32f103xb.o       408
    stm32f1xx_hal.o             188        3        9
    stm32f1xx_hal_adc.o       1'302
    stm32f1xx_hal_adc_ex.o      632
    stm32f1xx_hal_cortex.o      340
    stm32f1xx_hal_dma.o         880
    stm32f1xx_hal_gpio.o        680
    stm32f1xx_hal_i2c.o       6'412
    stm32f1xx_hal_msp.o       1'060
    stm32f1xx_hal_rcc.o       1'632       18
    stm32f1xx_hal_rcc_ex.o      580       18
    stm32f1xx_hal_spi.o       1'976
    stm32f1xx_hal_tim.o       2'630
    stm32f1xx_hal_tim_ex.o      216
    stm32f1xx_it.o               80
    system_stm32f1xx.o           88       26        4
    -------------------------------------------------
    Total:                   31'472    7'646    1'986

dl7M_tlf.a: [2]
    abort.o                       6
    exit.o                        4
    vsprintf.o                   52
    xencoding_8859_1.o           30
    xfail_s.o                    64                 4
    xlocale_c.o                 124       78      128
    xmbcurmax.o                  10
    xprintffull.o             4'294
    xsprout.o                    10
    -------------------------------------------------
    Total:                    4'594       78      132

m7M_tl.a: [3]
    DblAdd.o                    362
    DblCmpGe.o                   46
    DblCmpLe.o                   46
    DblDiv.o                    582
    DblMul.o                    418
    DblSub.o                    226
    DblToS32.o                   58
    DblToU32.o                   40
    FltAdd.o                    226
    FltCmpGe.o                   36
    FltDiv.o                    252
    FltMul.o                    216
    FltSub.o                    128
    FltToS32.o                   42
    S32ToDbl.o                   34
    S32ToFlt.o                   36
    U32ToDbl.o                   26
    U32ToFlt.o                   28
    fmaxf.o                      36
    fminf.o                      36
    frexp.o                     112
    ldexp.o                     314
    -------------------------------------------------
    Total:                    3'300

rt7M_tl.a: [4]
    ABImemcpy.o                 166
    ABImemset.o                 102
    I64DivMod.o                 560
    I64DivZer.o                   2
    cexit.o                      10
    cmain.o                      30
    cstartup_M.o                 12
    data_init.o                  40
    lz77_init_single.o          120
    memchr.o                     88
    memset.o                     20
    strchr.o                     22
    strlen.o                     54
    zero_init3.o                 58
    -------------------------------------------------
    Total:                    1'284

shb_l.a: [5]
    exit.o                       20
    -------------------------------------------------
    Total:                       20

    Gaps                         21        2
    Linker created                        32    1'024
-----------------------------------------------------
    Grand Total:             40'691    7'758    3'142


*******************************************************************************
*** ENTRY LIST
***

Entry                       Address   Size  Type      Object
-----                       -------   ----  ----      ------
.iar.init_table$$Base    0x800'b79c          --   Gb  - Linker created -
.iar.init_table$$Limit   0x800'b7bc          --   Gb  - Linker created -
?main                    0x800'b9dd         Code  Gb  cmain.o [4]
ADC_ConversionStop_Disable
                         0x800'56b1   0x4a  Code  Gb  stm32f1xx_hal_adc.o [1]
ADC_DMAConvCplt          0x800'56fd   0x52  Code  Gb  stm32f1xx_hal_adc.o [1]
ADC_DMAError             0x800'5761   0x1e  Code  Gb  stm32f1xx_hal_adc.o [1]
ADC_DMAHalfConvCplt      0x800'5751    0xe  Code  Gb  stm32f1xx_hal_adc.o [1]
ADC_Enable               0x800'5621   0x6e  Code  Gb  stm32f1xx_hal_adc.o [1]
AHBPrescTable            0x800'bba0   0x10  Data  Gb  system_stm32f1xx.o [1]
APBPrescTable            0x800'bc0c    0x8  Data  Gb  system_stm32f1xx.o [1]
BtnCntr_LongPush        0x2000'0843    0x1  Data  Gb  const_var.o [1]
BtnCntr_Menu            0x2000'0844    0x1  Data  Gb  const_var.o [1]
BtnCntr_ShortPush       0x2000'0842    0x1  Data  Gb  const_var.o [1]
BusFault_Handler         0x800'b553    0x2  Code  Gb  stm32f1xx_it.o [1]
Button_Init              0x800'5857    0xa  Code  Gb  button_drv.o [1]
CSTACK$$Base            0x2000'0850          --   Gb  - Linker created -
CSTACK$$Limit           0x2000'0c50          --   Gb  - Linker created -
CacheMore                0x800'9511   0x28  Code  Lc  xlocale_c.o [2]
Calibrate_fan            0x800'71f1  0x3a2  Code  Lc  menu.o [1]
Calibrate_fan::adc_calibration_fan1
                        0x2000'0800    0x4  Data  Lc  menu.o [1]
Calibrate_fan::adc_calibration_fan2
                        0x2000'0808    0x4  Data  Lc  menu.o [1]
Calibrate_fan::temp_calibration_fan1
                        0x2000'07fc    0x4  Data  Lc  menu.o [1]
Calibrate_fan::temp_calibration_fan2
                        0x2000'0804    0x4  Data  Lc  menu.o [1]
Calibrate_solder         0x800'6df7  0x3de  Code  Lc  menu.o [1]
Calibrate_solder::adc_calibration_solder1
                        0x2000'07f0    0x4  Data  Lc  menu.o [1]
Calibrate_solder::adc_calibration_solder2
                        0x2000'07f8    0x4  Data  Lc  menu.o [1]
Calibrate_solder::temp_calibration_solder1
                        0x2000'07ec    0x4  Data  Lc  menu.o [1]
Calibrate_solder::temp_calibration_solder2
                        0x2000'07f4    0x4  Data  Lc  menu.o [1]
CurrentMenuItem         0x2000'0000    0x4  Data  Lc  MicroMenu.o [1]
DMA1_Channel1_IRQHandler
                         0x800'b565    0xa  Code  Gb  stm32f1xx_it.o [1]
DMA1_Channel6_IRQHandler
                         0x800'b56f    0xa  Code  Gb  stm32f1xx_it.o [1]
DMA_SetConfig            0x800'27cd   0x2c  Code  Lc  stm32f1xx_hal_dma.o [1]
DebugMon_Handler         0x800'b559    0x2  Code  Gb  stm32f1xx_it.o [1]
EncBtn                  0x2000'07a4   0x10  Data  Gb  const_var.o [1]
ExitMenu                 0x800'6d97   0x60  Code  Lc  menu.o [1]
F_encoder_change_value  0x2000'0841    0x1  Data  Gb  const_var.o [1]
F_fan                   0x2000'083b    0x1  Data  Gb  const_var.o [1]
F_fan_blower_protect    0x2000'0840    0x1  Data  Gb  const_var.o [1]
F_fan_enable            0x2000'083c    0x1  Data  Gb  const_var.o [1]
F_fan_gerkon            0x2000'083d    0x1  Data  Gb  const_var.o [1]
F_fan_temp_protect      0x2000'083e    0x1  Data  Gb  const_var.o [1]
F_solder                0x2000'0838    0x1  Data  Gb  const_var.o [1]
F_solder_enable         0x2000'083a    0x1  Data  Gb  const_var.o [1]
F_solder_switch         0x2000'0839    0x1  Data  Gb  const_var.o [1]
F_solder_temp_protect   0x2000'083f    0x1  Data  Gb  const_var.o [1]
F_solder_timeout        0x2000'00bc    0x1  Data  Gb  const_var.o [1]
Fan_Thermocouple_adc    0x2000'0826    0x2  Data  Gb  const_var.o [1]
Fan_Thermocouple_temp   0x2000'082c    0x2  Data  Gb  const_var.o [1]
Fan_fan_adc             0x2000'0828    0x2  Data  Gb  const_var.o [1]
Fan_fan_percent         0x2000'0837    0x1  Data  Gb  const_var.o [1]
Fan_filter_array        0x2000'0778   0x18  Data  Gb  const_var.o [1]
Fan_temp_z              0x2000'081e    0x2  Data  Gb  const_var.o [1]
Fan_temp_z_former       0x2000'0820    0x2  Data  Gb  const_var.o [1]
GoBack                   0x800'75a1    0xe  Code  Lc  menu.o [1]
HAL_ADCEx_Calibration_Start
                         0x800'5bc9   0xec  Code  Gb  stm32f1xx_hal_adc_ex.o [1]
HAL_ADCEx_MultiModeConfigChannel
                         0x800'5dbd   0x64  Code  Gb  stm32f1xx_hal_adc_ex.o [1]
HAL_ADCEx_MultiModeStart_DMA
                         0x800'5cb5  0x108  Code  Gb  stm32f1xx_hal_adc_ex.o [1]
HAL_ADC_ConfigChannel    0x800'54cf  0x152  Code  Gb  stm32f1xx_hal_adc.o [1]
HAL_ADC_Init             0x800'5269  0x144  Code  Gb  stm32f1xx_hal_adc.o [1]
HAL_ADC_MspInit          0x800'1a3b   0xdc  Code  Gb  stm32f1xx_hal_msp.o [1]
HAL_ADC_Start            0x800'53ad  0x122  Code  Gb  stm32f1xx_hal_adc.o [1]
HAL_DMA_Abort_IT         0x800'258b   0xb4  Code  Gb  stm32f1xx_hal_dma.o [1]
HAL_DMA_IRQHandler       0x800'263f  0x16a  Code  Gb  stm32f1xx_hal_dma.o [1]
HAL_DMA_Init             0x800'2489   0x6a  Code  Gb  stm32f1xx_hal_dma.o [1]
HAL_DMA_Start_IT         0x800'24f3   0x98  Code  Gb  stm32f1xx_hal_dma.o [1]
HAL_Delay                0x800'58a9   0x28  Code  Wk  stm32f1xx_hal.o [1]
HAL_GPIO_Init            0x800'280d  0x21e  Code  Gb  stm32f1xx_hal_gpio.o [1]
HAL_GPIO_ReadPin         0x800'2a2b   0x16  Code  Gb  stm32f1xx_hal_gpio.o [1]
HAL_GPIO_TogglePin       0x800'2a5b   0x1a  Code  Gb  stm32f1xx_hal_gpio.o [1]
HAL_GPIO_WritePin        0x800'2a41   0x1a  Code  Gb  stm32f1xx_hal_gpio.o [1]
HAL_GetTick              0x800'247d    0xc  Code  Wk  stm32f1xx_hal.o [1]
HAL_I2C_EV_IRQHandler    0x800'062d  0x1be  Code  Gb  stm32f1xx_hal_i2c.o [1]
HAL_I2C_Init             0x800'00ed  0x1d2  Code  Gb  stm32f1xx_hal_i2c.o [1]
HAL_I2C_Mem_Write        0x800'02d9  0x16e  Code  Gb  stm32f1xx_hal_i2c.o [1]
HAL_I2C_Mem_Write_DMA    0x800'0449  0x1cc  Code  Gb  stm32f1xx_hal_i2c.o [1]
HAL_I2C_MspInit          0x800'1b17   0xb2  Code  Gb  stm32f1xx_hal_msp.o [1]
HAL_IncTick              0x800'b59d   0x18  Code  Wk  stm32f1xx_hal.o [1]
HAL_Init                 0x800'5885   0x20  Code  Gb  stm32f1xx_hal.o [1]
HAL_InitTick             0x800'2c09   0x4c  Code  Wk  stm32f1xx_hal.o [1]
HAL_MspInit              0x800'19f9   0x42  Code  Gb  stm32f1xx_hal_msp.o [1]
HAL_NVIC_EnableIRQ       0x800'2bcd    0xe  Code  Gb  stm32f1xx_hal_cortex.o [1]
HAL_NVIC_SetPriority     0x800'2ba3   0x2a  Code  Gb  stm32f1xx_hal_cortex.o [1]
HAL_NVIC_SetPriorityGrouping
                         0x800'2b97    0xc  Code  Gb  stm32f1xx_hal_cortex.o [1]
HAL_RCCEx_GetPeriphCLKFreq
                         0x800'78e9  0x100  Code  Gb  stm32f1xx_hal_rcc_ex.o [1]
HAL_RCCEx_PeriphCLKConfig
                         0x800'77d1  0x118  Code  Gb  stm32f1xx_hal_rcc_ex.o [1]
HAL_RCC_ClockConfig      0x800'221d  0x14e  Code  Gb  stm32f1xx_hal_rcc.o [1]
HAL_RCC_GetHCLKFreq      0x800'23db    0x6  Code  Gb  stm32f1xx_hal_rcc.o [1]
HAL_RCC_GetPCLK1Freq     0x800'23e1   0x16  Code  Gb  stm32f1xx_hal_rcc.o [1]
HAL_RCC_GetPCLK2Freq     0x800'23f7   0x16  Code  Gb  stm32f1xx_hal_rcc.o [1]
HAL_RCC_GetSysClockFreq
                         0x800'236b   0x70  Code  Gb  stm32f1xx_hal_rcc.o [1]
HAL_RCC_OscConfig        0x800'1e1d  0x400  Code  Gb  stm32f1xx_hal_rcc.o [1]
HAL_SPI_Init             0x800'7a15   0xc4  Code  Gb  stm32f1xx_hal_spi.o [1]
HAL_SPI_MspInit          0x800'1bc9   0x72  Code  Gb  stm32f1xx_hal_msp.o [1]
HAL_SPI_Receive          0x800'7c8f  0x17c  Code  Gb  stm32f1xx_hal_spi.o [1]
HAL_SPI_Transmit         0x800'7ad9  0x1b6  Code  Gb  stm32f1xx_hal_spi.o [1]
HAL_SPI_TransmitReceive
                         0x800'7e0b  0x23c  Code  Gb  stm32f1xx_hal_spi.o [1]
HAL_SYSTICK_Config       0x800'2bdb    0xc  Code  Gb  stm32f1xx_hal_cortex.o [1]
HAL_TIMEx_ConfigBreakDeadTime
                         0x800'8249   0x5c  Code  Gb  stm32f1xx_hal_tim_ex.o [1]
HAL_TIMEx_MasterConfigSynchronization
                         0x800'81cd   0x6e  Code  Gb  stm32f1xx_hal_tim_ex.o [1]
HAL_TIM_Base_Init        0x800'5e41   0x6e  Code  Gb  stm32f1xx_hal_tim.o [1]
HAL_TIM_Base_MspInit     0x800'1c3b   0x58  Code  Gb  stm32f1xx_hal_msp.o [1]
HAL_TIM_Base_Start_IT    0x800'5eaf   0x72  Code  Gb  stm32f1xx_hal_tim.o [1]
HAL_TIM_Encoder_Init     0x800'60db   0xca  Code  Gb  stm32f1xx_hal_tim.o [1]
HAL_TIM_Encoder_MspInit
                         0x800'1c93   0x92  Code  Gb  stm32f1xx_hal_msp.o [1]
HAL_TIM_Encoder_Start    0x800'61a7   0xfa  Code  Gb  stm32f1xx_hal_tim.o [1]
HAL_TIM_IRQHandler       0x800'62b1  0x176  Code  Gb  stm32f1xx_hal_tim.o [1]
HAL_TIM_MspPostInit      0x800'1d57   0x8a  Code  Gb  stm32f1xx_hal_msp.o [1]
HAL_TIM_OnePulse_Init    0x800'6065   0x76  Code  Gb  stm32f1xx_hal_tim.o [1]
HAL_TIM_PWM_ConfigChannel
                         0x800'6427   0xf4  Code  Gb  stm32f1xx_hal_tim.o [1]
HAL_TIM_PWM_Init         0x800'5f21   0x6e  Code  Gb  stm32f1xx_hal_tim.o [1]
HAL_TIM_PWM_MspInit      0x800'1d25   0x32  Code  Gb  stm32f1xx_hal_msp.o [1]
HAL_TIM_PWM_Start        0x800'5f8f   0xca  Code  Gb  stm32f1xx_hal_tim.o [1]
HAL_TIM_PeriodElapsedCallback
                         0x800'321f  0x2ea  Code  Gb  main.o [1]
HAL_TIM_PeriodElapsedCallback::Solder_timeout_cnt
                        0x2000'0830    0x2  Data  Lc  main.o [1]
HAL_TIM_PeriodElapsedCallback::cnt_filter
                        0x2000'0847    0x1  Data  Lc  main.o [1]
HAL_TIM_PeriodElapsedCallback::cnt_slowdown
                        0x2000'082e    0x2  Data  Lc  main.o [1]
HAL_TIM_SlaveConfigSynchro
                         0x800'651b   0x62  Code  Gb  stm32f1xx_hal_tim.o [1]
HardFault_Handler        0x800'b54f    0x2  Code  Gb  stm32f1xx_it.o [1]
I2C1_EV_IRQHandler       0x800'b583    0xa  Code  Gb  stm32f1xx_it.o [1]
I2C_ConvertOtherXferOptions
                         0x800'19dd   0x1c  Code  Lc  stm32f1xx_hal_i2c.o [1]
I2C_DMAAbort             0x800'1665   0xf6  Code  Lc  stm32f1xx_hal_i2c.o [1]
I2C_DMAError             0x800'1617   0x4a  Code  Lc  stm32f1xx_hal_i2c.o [1]
I2C_DMAXferCplt          0x800'14c5  0x152  Code  Lc  stm32f1xx_hal_i2c.o [1]
I2C_ITError              0x800'123f  0x196  Code  Lc  stm32f1xx_hal_i2c.o [1]
I2C_IsAcknowledgeFailed
                         0x800'19a5   0x38  Code  Lc  stm32f1xx_hal_i2c.o [1]
I2C_MasterReceive_BTF    0x800'0b11  0x128  Code  Lc  stm32f1xx_hal_i2c.o [1]
I2C_MasterReceive_RXNE   0x800'0a2d   0xe4  Code  Lc  stm32f1xx_hal_i2c.o [1]
I2C_MasterTransmit_BTF   0x800'08d3   0x8e  Code  Lc  stm32f1xx_hal_i2c.o [1]
I2C_MasterTransmit_TXE   0x800'07eb   0xe8  Code  Lc  stm32f1xx_hal_i2c.o [1]
I2C_Master_ADD10         0x800'0ceb   0x32  Code  Lc  stm32f1xx_hal_i2c.o [1]
I2C_Master_ADDR          0x800'0d1d  0x258  Code  Lc  stm32f1xx_hal_i2c.o [1]
I2C_Master_SB            0x800'0c39   0xb2  Code  Lc  stm32f1xx_hal_i2c.o [1]
I2C_MemoryTransmit_TXE_BTF
                         0x800'0961   0xcc  Code  Lc  stm32f1xx_hal_i2c.o [1]
I2C_RequestMemoryWrite   0x800'13d9   0xec  Code  Lc  stm32f1xx_hal_i2c.o [1]
I2C_SlaveReceive_BTF     0x800'102d   0x1c  Code  Lc  stm32f1xx_hal_i2c.o [1]
I2C_SlaveReceive_RXNE    0x800'0fdf   0x4e  Code  Lc  stm32f1xx_hal_i2c.o [1]
I2C_SlaveTransmit_BTF    0x800'0fc3   0x1c  Code  Lc  stm32f1xx_hal_i2c.o [1]
I2C_SlaveTransmit_TXE    0x800'0f75   0x4e  Code  Lc  stm32f1xx_hal_i2c.o [1]
I2C_Slave_ADDR           0x800'1049   0x5c  Code  Lc  stm32f1xx_hal_i2c.o [1]
I2C_Slave_STOPF          0x800'10a5  0x19a  Code  Lc  stm32f1xx_hal_i2c.o [1]
I2C_WaitOnBTFFlagUntilTimeout
                         0x800'18f7   0x58  Code  Lc  stm32f1xx_hal_i2c.o [1]
I2C_WaitOnFlagUntilTimeout
                         0x800'175b   0x8a  Code  Lc  stm32f1xx_hal_i2c.o [1]
I2C_WaitOnMasterAddressFlagUntilTimeout
                         0x800'17e5   0xba  Code  Lc  stm32f1xx_hal_i2c.o [1]
I2C_WaitOnSTOPRequestThroughIT
                         0x800'194f   0x46  Code  Lc  stm32f1xx_hal_i2c.o [1]
I2C_WaitOnTXEFlagUntilTimeout
                         0x800'189f   0x58  Code  Lc  stm32f1xx_hal_i2c.o [1]
K1                       0x800'bc24    0x4  Data  Gb  const_var.o [1]
K2                       0x800'bc28    0x4  Data  Gb  const_var.o [1]
K_blower_flush          0x2000'00be    0x1  Data  Gb  const_var.o [1]
K_blower_off            0x2000'00bf    0x1  Data  Gb  const_var.o [1]
Kp_Solder               0x2000'00bd    0x1  Data  Gb  const_var.o [1]
MX_ADC1_Init             0x800'3c6f   0xca  Code  Lc  main.o [1]
MX_ADC2_Init             0x800'3d4d   0xa8  Code  Lc  main.o [1]
MX_DMA_Init              0x800'4125   0x38  Code  Lc  main.o [1]
MX_GPIO_Init             0x800'4161  0x110  Code  Lc  main.o [1]
MX_I2C1_Init             0x800'3e09   0x3e  Code  Lc  main.o [1]
MX_SPI2_Init             0x800'3e55   0x4a  Code  Lc  main.o [1]
MX_TIM1_Init             0x800'3ebd  0x12e  Code  Lc  main.o [1]
MX_TIM2_Init             0x800'3ff5   0x8a  Code  Lc  main.o [1]
MX_TIM3_Init             0x800'4099   0x8c  Code  Lc  main.o [1]
MemManage_Handler        0x800'b551    0x2  Code  Gb  stm32f1xx_it.o [1]
MenuWriteFunc           0x2000'080c    0x4  Data  Lc  MicroMenu.o [1]
Menu_1                   0x800'b6dc   0x28  Data  Gb  menu.o [1]
Menu_1_1                 0x800'b7dc   0x20  Data  Gb  menu.o [1]
Menu_1_2                 0x800'ba28   0x1c  Data  Gb  menu.o [1]
Menu_1_3                 0x800'b7fc   0x20  Data  Gb  menu.o [1]
Menu_2                   0x800'b684   0x2c  Data  Gb  menu.o [1]
Menu_2_1                 0x800'b81c   0x20  Data  Gb  menu.o [1]
Menu_2_2                 0x800'b83c   0x20  Data  Gb  menu.o [1]
Menu_2_3                 0x800'b85c   0x20  Data  Gb  menu.o [1]
Menu_2_4                 0x800'b87c   0x20  Data  Gb  menu.o [1]
Menu_2_5                 0x800'b89c   0x20  Data  Gb  menu.o [1]
Menu_2_6                 0x800'b8bc   0x20  Data  Gb  menu.o [1]
Menu_3                   0x800'b5f4   0x30  Data  Gb  menu.o [1]
Menu_4                   0x800'b754   0x24  Data  Gb  menu.o [1]
Menu_4_1                 0x800'b704   0x28  Data  Gb  menu.o [1]
Menu_4_2                 0x800'b778   0x24  Data  Gb  menu.o [1]
Menu_4_3                 0x800'b8dc   0x20  Data  Gb  menu.o [1]
Menu_5                   0x800'b6b0   0x2c  Data  Gb  menu.o [1]
Menu_5_1                 0x800'b624   0x30  Data  Gb  menu.o [1]
Menu_5_1_1               0x800'b91c   0x20  Data  Gb  menu.o [1]
Menu_5_1_2               0x800'b93c   0x20  Data  Gb  menu.o [1]
Menu_5_1_3               0x800'b95c   0x20  Data  Gb  menu.o [1]
Menu_5_2                 0x800'b654   0x30  Data  Gb  menu.o [1]
Menu_5_2_1               0x800'b97c   0x20  Data  Gb  menu.o [1]
Menu_5_2_2               0x800'b99c   0x20  Data  Gb  menu.o [1]
Menu_5_2_3               0x800'b9bc   0x20  Data  Gb  menu.o [1]
Menu_5_3                 0x800'b8fc   0x20  Data  Gb  menu.o [1]
Menu_6                   0x800'b7bc   0x20  Data  Gb  menu.o [1]
Menu_EnterCurrentItem    0x800'68c1   0x22  Code  Gb  MicroMenu.o [1]
Menu_GetCurrentMenu      0x800'6889    0x6  Code  Gb  MicroMenu.o [1]
Menu_Navigate            0x800'688f   0x32  Code  Gb  MicroMenu.o [1]
NMI_Handler              0x800'b54d    0x2  Code  Gb  stm32f1xx_it.o [1]
NULL_MENU                0x800'baec   0x18  Data  Gb  MicroMenu.o [1]
NVIC_EncodePriority      0x800'2b27   0x40  Code  Lc  stm32f1xx_hal_cortex.o [1]
N_solder_tip            0x2000'0836    0x1  Data  Gb  const_var.o [1]
N_tip_default            0x800'6886    0x1  Data  Gb  const_var.o [1]
PendSV_Handler           0x800'b55b    0x2  Code  Gb  stm32f1xx_it.o [1]
RCC_Delay                0x800'240d   0x26  Code  Lc  stm32f1xx_hal_rcc.o [1]
Region$$Table$$Base      0x800'b79c          --   Gb  - Linker created -
Region$$Table$$Limit     0x800'b7bc          --   Gb  - Linker created -
Reset_fan                0x800'6c4d   0x6a  Code  Lc  menu.o [1]
Reset_solder             0x800'6bc5   0x88  Code  Lc  menu.o [1]
SPI_EndRxTransaction     0x800'8121   0x7c  Code  Lc  stm32f1xx_hal_spi.o [1]
SPI_EndRxTxTransaction   0x800'819d   0x2a  Code  Lc  stm32f1xx_hal_spi.o [1]
SPI_WaitFlagStateUntilTimeout
                         0x800'8047   0xda  Code  Lc  stm32f1xx_hal_spi.o [1]
SSD1306                 0x2000'0790   0x14  Data  Lc  ssd1306.o [1]
SSD1306_Buffer          0x2000'00c4  0x400  Data  Lc  ssd1306.o [1]
SSD1306_DrawFilledRectangle
                         0x800'4a0b   0x84  Code  Gb  ssd1306.o [1]
SSD1306_DrawLine         0x800'4753  0x1fc  Code  Gb  ssd1306.o [1]
SSD1306_DrawPixel        0x800'4425   0xd4  Code  Gb  ssd1306.o [1]
SSD1306_DrawRectangle    0x800'494f   0xbc  Code  Gb  ssd1306.o [1]
SSD1306_Fill             0x800'4401   0x24  Code  Gb  ssd1306.o [1]
SSD1306_GotoXY           0x800'44f9   0x10  Code  Gb  ssd1306.o [1]
SSD1306_Init             0x800'4339   0x44  Code  Gb  ssd1306.o [1]
SSD1306_Putc             0x800'4551  0x1be  Code  Gb  ssd1306.o [1]
SSD1306_Puts             0x800'4725   0x2e  Code  Gb  ssd1306.o [1]
SSD1306_Putspace         0x800'4509   0x48  Code  Gb  ssd1306.o [1]
SSD1306_UpdateScreen     0x800'437d   0x2a  Code  Gb  ssd1306.o [1]
SSD1306_printf           0x800'4a8f   0x58  Code  Gb  ssd1306.o [1]
SVC_Handler              0x800'b557    0x2  Code  Gb  stm32f1xx_it.o [1]
SetTimeout               0x800'6a65  0x160  Code  Lc  menu.o [1]
Solder_Thermocouple_adc
                        0x2000'0824    0x2  Data  Gb  const_var.o [1]
Solder_Thermocouple_temp
                        0x2000'082a    0x2  Data  Gb  const_var.o [1]
Solder_filter_array     0x2000'0760   0x18  Data  Gb  const_var.o [1]
Solder_temp_z           0x2000'081a    0x2  Data  Gb  const_var.o [1]
Solder_temp_z_former    0x2000'081c    0x2  Data  Gb  const_var.o [1]
SysTick_Config           0x800'2b67   0x30  Code  Lc  stm32f1xx_hal_cortex.o [1]
SysTick_Handler          0x800'b55d    0x8  Code  Gb  stm32f1xx_it.o [1]
SystemClock_Config       0x800'3bd9   0x96  Code  Gb  main.o [1]
SystemCoreClock         0x2000'0038    0x4  Data  Gb  system_stm32f1xx.o [1]
SystemInit               0x800'b4f5   0x3e  Code  Gb  system_stm32f1xx.o [1]
T1                       0x800'bc2c    0x4  Data  Gb  const_var.o [1]
T2                       0x800'bc30    0x4  Data  Gb  const_var.o [1]
TIM3_IRQHandler          0x800'b579    0xa  Code  Gb  stm32f1xx_it.o [1]
TIM_Base_SetConfig       0x800'657d   0x64  Code  Gb  stm32f1xx_hal_tim.o [1]
TIM_CCxChannelCmd        0x800'6863   0x24  Code  Gb  stm32f1xx_hal_tim.o [1]
TIM_ETR_SetConfig        0x800'684b   0x18  Code  Gb  stm32f1xx_hal_tim.o [1]
TIM_OC1_SetConfig        0x800'65e1   0x58  Code  Lc  stm32f1xx_hal_tim.o [1]
TIM_OC2_SetConfig        0x800'6639   0x62  Code  Gb  stm32f1xx_hal_tim.o [1]
TIM_OC3_SetConfig        0x800'669b   0x60  Code  Lc  stm32f1xx_hal_tim.o [1]
TIM_OC4_SetConfig        0x800'66fb   0x46  Code  Lc  stm32f1xx_hal_tim.o [1]
TIM_SlaveTimer_SetConfig
                         0x800'6743   0xb2  Code  Lc  stm32f1xx_hal_tim.o [1]
TIM_TI1_ConfigInputStage
                         0x800'6801   0x24  Code  Lc  stm32f1xx_hal_tim.o [1]
TIM_TI2_ConfigInputStage
                         0x800'6825   0x26  Code  Lc  stm32f1xx_hal_tim.o [1]
Temp_z_default           0x800'4cf2    0x2  Data  Gb  const_var.o [1]
TimeoutTime             0x2000'0818    0x2  Data  Gb  const_var.o [1]
Timeout_time_default     0x800'4cc6    0x2  Data  Gb  const_var.o [1]
U_fan_temp              0x2000'07d8    0x4  Data  Gb  const_var.o [1]
U_fan_temp_z            0x2000'07dc    0x4  Data  Gb  const_var.o [1]
U_solder_temp           0x2000'07c4    0x4  Data  Gb  const_var.o [1]
U_solder_temp_z         0x2000'07c8    0x4  Data  Gb  const_var.o [1]
UsageFault_Handler       0x800'b555    0x2  Code  Gb  stm32f1xx_it.o [1]
Uy_fan                  0x2000'07e8    0x4  Data  Gb  const_var.o [1]
Uy_fan_i                0x2000'07e4    0x4  Data  Gb  const_var.o [1]
Uy_fan_p                0x2000'07e0    0x4  Data  Gb  const_var.o [1]
Uy_solder               0x2000'07d4    0x4  Data  Gb  const_var.o [1]
Uy_solder_i             0x2000'07d0    0x4  Data  Gb  const_var.o [1]
Uy_solder_p             0x2000'07cc    0x4  Data  Gb  const_var.o [1]
_Encoding_8859_1_Mbrlen
                         0x800'2dad    0x2  Code  Gb  xencoding_8859_1.o [2]
_Encoding_8859_1_Wctomb
                         0x800'2d9b   0x12  Code  Gb  xencoding_8859_1.o [2]
_LitobFull               0x800'9357  0x10a  Code  Lc  xprintffull.o [2]
_Locale_lconv           0x2000'003c   0x38  Data  Lc  xlocale_c.o [2]
_PrintfFull              0x800'8445  0xcc2  Code  Gb  xprintffull.o [2]
_PutcharsFull            0x800'94c9   0x2e  Code  Lc  xprintffull.o [2]
_PutstrFull              0x800'9297   0xc0  Code  Lc  xprintffull.o [2]
_PuttxtFull              0x800'918b  0x10c  Code  Lc  xprintffull.o [2]
_SProut                  0x800'4ae7    0xa  Code  Gb  xsprout.o [2]
__NVIC_EnableIRQ         0x800'2add   0x1e  Code  Lc  stm32f1xx_hal_cortex.o [1]
__NVIC_GetPriorityGrouping
                         0x800'2ad3    0xa  Code  Lc  stm32f1xx_hal_cortex.o [1]
__NVIC_SetPriority       0x800'2afb   0x2c  Code  Lc  stm32f1xx_hal_cortex.o [1]
__NVIC_SetPriorityGrouping
                         0x800'2ab5   0x1e  Code  Lc  stm32f1xx_hal_cortex.o [1]
__aeabi_cdcmple          0x800'96e1         Code  Gb  DblCmpLe.o [3]
__aeabi_cdrcmple         0x800'9711         Code  Gb  DblCmpGe.o [3]
__aeabi_cfrcmple         0x800'5861         Code  Gb  FltCmpGe.o [3]
__aeabi_d2iz             0x800'5165         Code  Gb  DblToS32.o [3]
__aeabi_d2uiz            0x800'987d         Code  Gb  DblToU32.o [3]
__aeabi_ddiv             0x800'4e39         Code  Gb  DblDiv.o [3]
__aeabi_dmul             0x800'98c1         Code  Gb  DblMul.o [3]
__aeabi_dsub             0x800'5081         Code  Gb  DblSub.o [3]
__aeabi_f2iz             0x800'4cc9         Code  Gb  FltToS32.o [3]
__aeabi_fadd             0x800'4be5         Code  Gb  FltAdd.o [3]
__aeabi_fdiv             0x800'4d19         Code  Gb  FltDiv.o [3]
__aeabi_fmul             0x800'4b0d         Code  Gb  FltMul.o [3]
__aeabi_fsub             0x800'51a1         Code  Gb  FltSub.o [3]
__aeabi_i2d              0x800'4e15         Code  Gb  S32ToDbl.o [3]
__aeabi_i2f              0x800'4cf5         Code  Gb  S32ToFlt.o [3]
__aeabi_ldiv0            0x800'9ca5         Code  Gb  I64DivZer.o [4]
__aeabi_memcpy           0x800'2c55         Code  Gb  ABImemcpy.o [4]
__aeabi_memcpy4          0x800'2c75         Code  Gb  ABImemcpy.o [4]
__aeabi_memcpy8          0x800'2c75         Code  Gb  ABImemcpy.o [4]
__aeabi_memset           0x800'2d35         Code  Gb  ABImemset.o [4]
__aeabi_ui2d             0x800'98a5         Code  Gb  U32ToDbl.o [3]
__aeabi_ui2f             0x800'4af1         Code  Gb  U32ToFlt.o [3]
__aeabi_uldivmod         0x800'9a6d         Code  Gb  I64DivMod.o [4]
__cmain                  0x800'b9dd         Code  Gb  cmain.o [4]
__exit                   0x800'9ca9   0x14  Code  Gb  exit.o [5]
__iar_Fail_s             0x800'95a1   0x1c  Code  Gb  xfail_s.o [2]
__iar_Mbcurmax           0x800'9a63    0xa  Code  Gb  xmbcurmax.o [2]
__iar_Memchr             0x800'9619         Code  Gb  memchr.o [4]
__iar_Memset             0x800'2d35         Code  Gb  ABImemset.o [4]
__iar_Memset_word        0x800'2d3d         Code  Gb  ABImemset.o [4]
__iar_Strchr             0x800'9589         Code  Gb  strchr.o [4]
__iar_dadd               0x800'5091         Code  Gb  DblSub.o [3]
__iar_data_init3         0x800'b72d   0x28  Code  Gb  data_init.o [4]
__iar_dsub               0x800'82d9         Code  Gb  DblAdd.o [3]
__iar_dsubStart          0x800'82eb         Code  Gb  DblAdd.o [3]
__iar_fadd               0x800'51ad         Code  Gb  FltSub.o [3]
__iar_fmax32             0x800'5221         Code  Gb  fmaxf.o [3]
__iar_fmin32             0x800'5245         Code  Gb  fminf.o [3]
__iar_frexp              0x800'967d         Code  Gb  frexp.o [3]
__iar_frexp64            0x800'9671         Code  Gb  frexp.o [3]
__iar_frexpl             0x800'967d         Code  Gb  frexp.o [3]
__iar_fsub               0x800'4bf1         Code  Gb  FltAdd.o [3]
__iar_fsubStart          0x800'4c01         Code  Gb  FltAdd.o [3]
__iar_globLocale        0x2000'0074   0x48  Data  Lc  xlocale_c.o [2]
__iar_global_Locale      0x800'950d    0x4  Code  Gb  xlocale_c.o [2]
__iar_ldexp64            0x800'9741         Code  Gb  ldexp.o [3]
__iar_lz77_init_single3
                         0x800'b47d   0x78  Code  Gb  lz77_init_single.o [4]
__iar_program_start      0x800'bbd9         Code  Gb  cstartup_M.o [4]
__iar_scalbln64          0x800'9741         Code  Gb  ldexp.o [3]
__iar_scalbn64           0x800'9741         Code  Gb  ldexp.o [3]
__iar_zero_init3         0x800'2cfb   0x3a  Code  Gb  zero_init3.o [4]
__vector_table           0x800'0000         Data  Gb  startup_stm32f103xb.o [1]
_call_main               0x800'b9e9         Code  Gb  cmain.o [4]
_exit                    0x800'ba01         Code  Gb  cexit.o [4]
_gLocale_mblen           0x800'9575    0x4  Code  Gb  xlocale_c.o [2]
_gLocale_mblenInt        0x800'9539   0x2c  Code  Gb  xlocale_c.o [2]
_gLocale_wctomb          0x800'9579    0x4  Code  Gb  xlocale_c.o [2]
_gLocale_wctombInt       0x800'9571    0x4  Code  Gb  xlocale_c.o [2]
_main                    0x800'b9f7         Code  Gb  cmain.o [4]
abort                    0x800'9c9d    0x6  Code  Gb  abort.o [2]
adc_buffer              0x2000'06d0   0x30  Data  Gb  const_var.o [1]
amperzand_24ptBitmaps    0x800'adc0  0x254  Data  Gb  ssd1306_fonts.o [1]
amperzand_24ptDescriptors
                         0x800'b5b4   0x40  Data  Gb  ssd1306_fonts.o [1]
amperzand_24ptFontInfo  0x2000'0028    0xc  Data  Gb  ssd1306_fonts.o [1]
b_fan                   0x2000'07c0    0x4  Data  Gb  const_var.o [1]
b_fan_default            0x800'bc20    0x4  Data  Gb  const_var.o [1]
b_solder                0x2000'07b8    0x4  Data  Gb  const_var.o [1]
b_solder_default         0x800'bc18    0x4  Data  Gb  const_var.o [1]
blower_fan_manage        0x800'31cb   0x54  Code  Gb  main.o [1]
delay                    0x800'35b1   0x10  Code  Gb  main.o [1]
dispMenu                 0x800'76a9   0x6a  Code  Gb  menu.o [1]
enc_value_previous      0x2000'0822    0x2  Data  Gb  const_var.o [1]
exit                     0x800'b9fb    0x4  Code  Gb  exit.o [2]
fan_working_layout       0x800'2db9   0x6c  Code  Gb  main.o [1]
fmaxf                    0x800'5221         Code  Gb  fmaxf.o [3]
fminf                    0x800'5245         Code  Gb  fminf.o [3]
frexp                    0x800'9671         Code  Gb  frexp.o [3]
frexpl                   0x800'9671         Code  Gb  frexp.o [3]
getADC_values            0x800'2e95  0x15e  Code  Gb  main.o [1]
getButtonState           0x800'577f   0xd8  Code  Gb  button_drv.o [1]
getDiscreteInputs        0x800'3151   0x7a  Code  Gb  main.o [1]
getDiscreteInputs::F_fan_gerkon_cnt
                        0x2000'0845    0x1  Data  Lc  main.o [1]
getDiscreteInputs::F_solder_switch_tmp_previous
                        0x2000'0846    0x1  Data  Lc  main.o [1]
getN_Solder_tip          0x800'6cbd   0xda  Code  Lc  menu.o [1]
hadc1                   0x2000'0700   0x30  Data  Gb  main.o [1]
hadc2                   0x2000'0730   0x30  Data  Gb  main.o [1]
hdma_adc1               0x2000'0648   0x44  Data  Gb  main.o [1]
hdma_i2c1_tx            0x2000'068c   0x44  Data  Gb  main.o [1]
hi2c1                   0x2000'051c   0x54  Data  Gb  main.o [1]
hspi2                   0x2000'04c4   0x58  Data  Gb  main.o [1]
htim1                   0x2000'0570   0x48  Data  Gb  main.o [1]
htim2                   0x2000'05b8   0x48  Data  Gb  main.o [1]
htim3                   0x2000'0600   0x48  Data  Gb  main.o [1]
inputUintCoeff           0x800'69cf   0x96  Code  Gb  menu.o [1]
k_fan                   0x2000'07bc    0x4  Data  Gb  const_var.o [1]
k_fan_default            0x800'bc1c    0x4  Data  Gb  const_var.o [1]
k_solder                0x2000'07b4    0x4  Data  Gb  const_var.o [1]
k_solder_default         0x800'bc14    0x4  Data  Gb  const_var.o [1]
ldexp                    0x800'9741         Code  Gb  ldexp.o [3]
ldexpl                   0x800'9741         Code  Gb  ldexp.o [3]
localeconv               0x800'957d    0x4  Code  Gb  xlocale_c.o [2]
mSGothic_12ptBitmaps     0x800'a40c  0x5e0  Data  Gb  ssd1306_fonts.o [1]
mSGothic_12ptDescriptors
                         0x800'b18c  0x178  Data  Gb  ssd1306_fonts.o [1]
mSGothic_12ptFontInfo   0x2000'0010    0xc  Data  Gb  ssd1306_fonts.o [1]
main                     0x800'35c1  0x5e2  Code  Gb  main.o [1]
main::Fcntr             0x2000'0848    0x1  Data  Lc  main.o [1]
main::cntr              0x2000'0832    0x2  Data  Lc  main.o [1]
memchr                   0x800'9619         Code  Gb  memchr.o [4]
memset                   0x800'27f9   0x14  Code  Gb  memset.o [4]
menuText                 0x800'7649   0x60  Code  Gb  menu.o [1]
palatinoLinotype_12ptBitmaps
                         0x800'9cbc  0x750  Data  Gb  ssd1306_fonts.o [1]
palatinoLinotype_12ptDescriptors
                         0x800'b014  0x178  Data  Gb  ssd1306_fonts.o [1]
palatinoLinotype_12ptFontInfo
                        0x2000'0004    0xc  Data  Gb  ssd1306_fonts.o [1]
prog_state_previous     0x2000'0835    0x1  Data  Gb  const_var.o [1]
progstate               0x2000'0834    0x1  Data  Gb  const_var.o [1]
regulator_fan            0x800'30a5   0xac  Code  Gb  main.o [1]
regulator_solder         0x800'2ff9   0xac  Code  Gb  main.o [1]
sEE_ReadBuffer           0x800'58d1   0x70  Code  Gb  sEEPROM.o [1]
sEE_WaitForWriteEnd      0x800'5b61   0x62  Code  Gb  sEEPROM.o [1]
sEE_WriteBuffer          0x800'5941  0x16e  Code  Gb  sEEPROM.o [1]
sEE_WriteEnable          0x800'5b25   0x3c  Code  Gb  sEEPROM.o [1]
sEE_WritePage            0x800'5aaf   0x76  Code  Gb  sEEPROM.o [1]
scalbln                  0x800'9741         Code  Gb  ldexp.o [3]
scalblnl                 0x800'9741         Code  Gb  ldexp.o [3]
scalbn                   0x800'9741         Code  Gb  ldexp.o [3]
scalbnl                  0x800'9741         Code  Gb  ldexp.o [3]
scale                    0x800'9461   0x46  Code  Lc  xprintffull.o [2]
sec_hand                0x2000'0814    0x4  Data  Lc  xfail_s.o [2]
segoeUI_8ptBitmaps       0x800'a9ec  0x3d4  Data  Gb  ssd1306_fonts.o [1]
segoeUI_8ptDescriptors   0x800'b304  0x178  Data  Gb  ssd1306_fonts.o [1]
segoeUI_8ptFontInfo     0x2000'001c    0xc  Data  Gb  ssd1306_fonts.o [1]
setSolderKp              0x800'68f1   0xde  Code  Lc  menu.o [1]
show_menu                0x800'75af   0x92  Code  Gb  menu.o [1]
solder_working_layout    0x800'2e25   0x70  Code  Gb  main.o [1]
ssd1306_SendToDisplay    0x800'43a7   0x5a  Code  Lc  ssd1306.o [1]
strNULL                  0x800'6887    0x1  Data  Gb  const_var.o [1]
strchr                   0x800'9589         Code  Gb  strchr.o [4]
strlen                   0x800'95e1         Code  Gb  strlen.o [4]
tp                       0x800'bc34    0x4  Data  Gb  const_var.o [1]
uwTick                  0x2000'0810    0x4  Data  Gb  stm32f1xx_hal.o [1]
uwTickFreq              0x2000'00c0    0x1  Data  Gb  stm32f1xx_hal.o [1]
uwTickPrio              0x2000'0034    0x4  Data  Gb  stm32f1xx_hal.o [1]
vsprintf                 0x800'82a5   0x34  Code  Gb  vsprintf.o [2]


[1] = D:\WORK\ST\STM32F013C8T6B_BluePill\Projects\CUBE\SolderStation_F103\EWARM\SolderStation_F103\Obj
[2] = dl7M_tlf.a
[3] = m7M_tl.a
[4] = rt7M_tl.a
[5] = shb_l.a

  40'691 bytes of readonly  code memory
   7'758 bytes of readonly  data memory
   3'142 bytes of readwrite data memory

Errors: none
Warnings: none
