###############################################################################
#
# IAR ELF Linker V8.50.6.265/W32 for ARM                  12/Oct/2020  19:03:58
# Copyright 2007-2020 IAR Systems AB.
#
#    Output file  =
#        D:\WORK\ST\STM32F013C8T6B_BluePill\Projects\CUBE\SolderStation_F103\EWARM\SolderStation_F103\Exe\SolderStation_F103.out
#    Map file     =
#        D:\WORK\ST\STM32F013C8T6B_BluePill\Projects\CUBE\SolderStation_F103\EWARM\SolderStation_F103\List\SolderStation_F103.map
#    Command line =
#        -f C:\Users\denpr\AppData\Local\Temp\EWF5C5.tmp
#        (D:\WORK\ST\STM32F013C8T6B_BluePill\Projects\CUBE\SolderStation_F103\EWARM\SolderStation_F103\Obj\button_drv.o
#        D:\WORK\ST\STM32F013C8T6B_BluePill\Projects\CUBE\SolderStation_F103\EWARM\SolderStation_F103\Obj\const_var.o
#        D:\WORK\ST\STM32F013C8T6B_BluePill\Projects\CUBE\SolderStation_F103\EWARM\SolderStation_F103\Obj\main.o
#        D:\WORK\ST\STM32F013C8T6B_BluePill\Projects\CUBE\SolderStation_F103\EWARM\SolderStation_F103\Obj\menu.o
#        D:\WORK\ST\STM32F013C8T6B_BluePill\Projects\CUBE\SolderStation_F103\EWARM\SolderStation_F103\Obj\MicroMenu.o
#        D:\WORK\ST\STM32F013C8T6B_BluePill\Projects\CUBE\SolderStation_F103\EWARM\SolderStation_F103\Obj\sEEPROM.o
#        D:\WORK\ST\STM32F013C8T6B_BluePill\Projects\CUBE\SolderStation_F103\EWARM\SolderStation_F103\Obj\ssd1306.o
#        D:\WORK\ST\STM32F013C8T6B_BluePill\Projects\CUBE\SolderStation_F103\EWARM\SolderStation_F103\Obj\ssd1306_fonts.o
#        D:\WORK\ST\STM32F013C8T6B_BluePill\Projects\CUBE\SolderStation_F103\EWARM\SolderStation_F103\Obj\startup_stm32f103xb.o
#        D:\WORK\ST\STM32F013C8T6B_BluePill\Projects\CUBE\SolderStation_F103\EWARM\SolderStation_F103\Obj\stm32f1xx_hal.o
#        D:\WORK\ST\STM32F013C8T6B_BluePill\Projects\CUBE\SolderStation_F103\EWARM\SolderStation_F103\Obj\stm32f1xx_hal_adc.o
#        D:\WORK\ST\STM32F013C8T6B_BluePill\Projects\CUBE\SolderStation_F103\EWARM\SolderStation_F103\Obj\stm32f1xx_hal_adc_ex.o
#        D:\WORK\ST\STM32F013C8T6B_BluePill\Projects\CUBE\SolderStation_F103\EWARM\SolderStation_F103\Obj\stm32f1xx_hal_cortex.o
#        D:\WORK\ST\STM32F013C8T6B_BluePill\Projects\CUBE\SolderStation_F103\EWARM\SolderStation_F103\Obj\stm32f1xx_hal_dma.o
#        D:\WORK\ST\STM32F013C8T6B_BluePill\Projects\CUBE\SolderStation_F103\EWARM\SolderStation_F103\Obj\stm32f1xx_hal_exti.o
#        D:\WORK\ST\STM32F013C8T6B_BluePill\Projects\CUBE\SolderStation_F103\EWARM\SolderStation_F103\Obj\stm32f1xx_hal_flash.o
#        D:\WORK\ST\STM32F013C8T6B_BluePill\Projects\CUBE\SolderStation_F103\EWARM\SolderStation_F103\Obj\stm32f1xx_hal_flash_ex.o
#        D:\WORK\ST\STM32F013C8T6B_BluePill\Projects\CUBE\SolderStation_F103\EWARM\SolderStation_F103\Obj\stm32f1xx_hal_gpio.o
#        D:\WORK\ST\STM32F013C8T6B_BluePill\Projects\CUBE\SolderStation_F103\EWARM\SolderStation_F103\Obj\stm32f1xx_hal_gpio_ex.o
#        D:\WORK\ST\STM32F013C8T6B_BluePill\Projects\CUBE\SolderStation_F103\EWARM\SolderStation_F103\Obj\stm32f1xx_hal_i2c.o
#        D:\WORK\ST\STM32F013C8T6B_BluePill\Projects\CUBE\SolderStation_F103\EWARM\SolderStation_F103\Obj\stm32f1xx_hal_msp.o
#        D:\WORK\ST\STM32F013C8T6B_BluePill\Projects\CUBE\SolderStation_F103\EWARM\SolderStation_F103\Obj\stm32f1xx_hal_pwr.o
#        D:\WORK\ST\STM32F013C8T6B_BluePill\Projects\CUBE\SolderStation_F103\EWARM\SolderStation_F103\Obj\stm32f1xx_hal_rcc.o
#        D:\WORK\ST\STM32F013C8T6B_BluePill\Projects\CUBE\SolderStation_F103\EWARM\SolderStation_F103\Obj\stm32f1xx_hal_rcc_ex.o
#        D:\WORK\ST\STM32F013C8T6B_BluePill\Projects\CUBE\SolderStation_F103\EWARM\SolderStation_F103\Obj\stm32f1xx_hal_spi.o
#        D:\WORK\ST\STM32F013C8T6B_BluePill\Projects\CUBE\SolderStation_F103\EWARM\SolderStation_F103\Obj\stm32f1xx_hal_tim.o
#        D:\WORK\ST\STM32F013C8T6B_BluePill\Projects\CUBE\SolderStation_F103\EWARM\SolderStation_F103\Obj\stm32f1xx_hal_tim_ex.o
#        D:\WORK\ST\STM32F013C8T6B_BluePill\Projects\CUBE\SolderStation_F103\EWARM\SolderStation_F103\Obj\stm32f1xx_it.o
#        D:\WORK\ST\STM32F013C8T6B_BluePill\Projects\CUBE\SolderStation_F103\EWARM\SolderStation_F103\Obj\system_stm32f1xx.o
#        --redirect _Printf=_PrintfFull --redirect _Scanf=_ScanfFull
#        --no_out_extension -o
#        D:\WORK\ST\STM32F013C8T6B_BluePill\Projects\CUBE\SolderStation_F103\EWARM\SolderStation_F103\Exe\SolderStation_F103.out
#        --map
#        D:\WORK\ST\STM32F013C8T6B_BluePill\Projects\CUBE\SolderStation_F103\EWARM\SolderStation_F103\List\SolderStation_F103.map
#        --config
#        D:\WORK\ST\STM32F013C8T6B_BluePill\Projects\CUBE\SolderStation_F103\EWARM/stm32f103xb_flash.icf
#        --semihosting --entry __iar_program_start --inline --vfe --text_out
#        locale)
#
###############################################################################

*******************************************************************************
*** RUNTIME MODEL ATTRIBUTES
***

CppFlavor       = *
__SystemLibrary = DLib
__dlib_version  = 6


*******************************************************************************
*** HEAP SELECTION
***

The basic heap was selected because no calls to memory allocation
functions were found in the application outside of system library
functions, and there are calls to deallocation functions in the
application.


*******************************************************************************
*** PLACEMENT SUMMARY
***

"A0":  place at address 0x800'0000 { ro section .intvec };
"P1":  place in [from 0x800'0000 to 0x801'ffff] { ro };
define block CSTACK with size = 2K, alignment = 8 { };
define block HEAP with size = 512, alignment = 8 { };
"P2":  place in [from 0x2000'0000 to 0x2000'4fff] {
          rw, block CSTACK, block HEAP };
initialize by copy { rw };

  Section            Kind         Address    Size  Object
  -------            ----         -------    ----  ------
"A0":                                        0xec
  .intvec            ro code   0x800'0000    0xec  startup_stm32f103xb.o [1]
                             - 0x800'00ec    0xec

"P1":                                      0xb374
  .text              ro code   0x800'00ec  0x177a  stm32f1xx_hal_i2c.o [1]
  .text              ro code   0x800'1866    0x3a  zero_init3.o [4]
  .text              ro code   0x800'18a0   0x424  stm32f1xx_hal_msp.o [1]
  .text              ro code   0x800'1cc4   0x660  stm32f1xx_hal_rcc.o [1]
  .text              ro code   0x800'2324     0xc  stm32f1xx_hal.o [1]
  .text              ro code   0x800'2330   0x370  stm32f1xx_hal_dma.o [1]
  .text              ro code   0x800'26a0    0x14  memset.o [4]
  .text              ro code   0x800'26b4   0x2a8  stm32f1xx_hal_gpio.o [1]
  .text              ro code   0x800'295c   0x154  stm32f1xx_hal_cortex.o [1]
  .text              ro code   0x800'2ab0    0x4c  stm32f1xx_hal.o [1]
  .text              ro code   0x800'2afc    0xa6  ABImemcpy.o [4]
  .text              ro code   0x800'2ba2    0x1e  xencoding_8859_1.o [2]
  .text              ro code   0x800'2bc0    0x66  ABImemset.o [4]
  .text              ro code   0x800'2c26     0xa  xsprout.o [2]
  .text              ro code   0x800'2c30  0x14cc  main.o [1]
  .text              ro code   0x800'40fc   0x7ae  ssd1306.o [1]
  .rodata            const     0x800'48aa     0x2  const_var.o [1]
  .text              ro code   0x800'48ac    0x1c  U32ToFlt.o [3]
  .text              ro code   0x800'48c8    0xd8  FltMul.o [3]
  .text              ro code   0x800'49a0    0xe2  FltAdd.o [3]
  .rodata            const     0x800'4a82     0x2  const_var.o [1]
  .text              ro code   0x800'4a84    0x2a  FltToS32.o [3]
  .rodata            const     0x800'4aae     0x2  stm32f1xx_hal_rcc.o [1]
  .text              ro code   0x800'4ab0    0x24  S32ToFlt.o [3]
  .text              ro code   0x800'4ad4    0xfc  FltDiv.o [3]
  .text              ro code   0x800'4bd0    0x22  S32ToDbl.o [3]
  .rodata            const     0x800'4bf2     0x2  stm32f1xx_hal_rcc_ex.o [1]
  .text              ro code   0x800'4bf4   0x246  DblDiv.o [3]
  .rodata            const     0x800'4e3a     0x2  xlocale_c.o [2]
  .text              ro code   0x800'4e3c    0xe2  DblSub.o [3]
  .rodata            const     0x800'4f1e     0x2  xlocale_c.o [2]
  .text              ro code   0x800'4f20    0x3a  DblToS32.o [3]
  .rodata            const     0x800'4f5a     0x1  const_var.o [1]
  .rodata            const     0x800'4f5b     0x1  const_var.o [1]
  .text              ro code   0x800'4f5c    0x80  FltSub.o [3]
  .text              ro code   0x800'4fdc    0x24  fmaxf.o [3]
  .text              ro code   0x800'5000    0x24  fminf.o [3]
  .text              ro code   0x800'5024   0x516  stm32f1xx_hal_adc.o [1]
  .text              ro code   0x800'553a    0xe2  button_drv.o [1]
  .text              ro code   0x800'561c    0x24  FltCmpGe.o [3]
  .text              ro code   0x800'5640    0x24  stm32f1xx_hal.o [1]
  .text              ro code   0x800'5664    0x28  stm32f1xx_hal.o [1]
  .text              ro code   0x800'568c   0x2f8  sEEPROM.o [1]
  .text              ro code   0x800'5984   0x278  stm32f1xx_hal_adc_ex.o [1]
  .text              ro code   0x800'5bfc   0x812  stm32f1xx_hal_tim.o [1]
  .rodata            const     0x800'640e     0x1  xlocale_c.o [2]
  .text              ro code   0x800'6410    0x68  MicroMenu.o [1]
  .text              ro code   0x800'6478   0xb4c  menu.o [1]
  .text              ro code   0x800'6fc4   0x244  stm32f1xx_hal_rcc_ex.o [1]
  .text              ro code   0x800'7208   0x726  stm32f1xx_hal_spi.o [1]
  .text              ro code   0x800'7930    0xaa  stm32f1xx_hal_tim_ex.o [1]
  .text              ro code   0x800'79dc    0x34  vsprintf.o [2]
  .text              ro code   0x800'7a10   0x16a  DblAdd.o [3]
  .text              ro code   0x800'7b7c  0x10c6  xprintffull.o [2]
  .text              ro code   0x800'8c44    0x7c  xlocale_c.o [2]
  .text              ro code   0x800'8cc0    0x16  strchr.o [4]
  .text              ro code   0x800'8cd8    0x40  xfail_s.o [2]
  .text              ro code   0x800'8d18    0x36  strlen.o [4]
  .text              ro code   0x800'8d50    0x58  memchr.o [4]
  .text              ro code   0x800'8da8    0x70  frexp.o [3]
  .text              ro code   0x800'8e18    0x2e  DblCmpLe.o [3]
  .text              ro code   0x800'8e48    0x2e  DblCmpGe.o [3]
  .text              ro code   0x800'8e78   0x13a  ldexp.o [3]
  .text              ro code   0x800'8fb4    0x28  DblToU32.o [3]
  .text              ro code   0x800'8fdc    0x1a  U32ToDbl.o [3]
  .text              ro code   0x800'8ff8   0x1a2  DblMul.o [3]
  .text              ro code   0x800'919a     0xa  xmbcurmax.o [2]
  .text              ro code   0x800'91a4   0x230  I64DivMod.o [4]
  .text              ro code   0x800'93d4     0x6  abort.o [2]
  .text              ro code   0x800'93dc     0x2  I64DivZer.o [4]
  .text              ro code   0x800'93e0    0x14  exit.o [5]
  .rodata            const     0x800'93f4   0x750  ssd1306_fonts.o [1]
  .rodata            const     0x800'9b44   0x5e0  ssd1306_fonts.o [1]
  .rodata            const     0x800'a124   0x3d4  ssd1306_fonts.o [1]
  .rodata            const     0x800'a4f8   0x254  ssd1306_fonts.o [1]
  .rodata            const     0x800'a74c   0x178  ssd1306_fonts.o [1]
  .rodata            const     0x800'a8c4   0x178  ssd1306_fonts.o [1]
  .rodata            const     0x800'aa3c   0x178  ssd1306_fonts.o [1]
  .text              ro code   0x800'abb4    0x78  lz77_init_single.o [4]
  .text              ro code   0x800'ac2c    0x58  system_stm32f1xx.o [1]
  .text              ro code   0x800'ac84    0x50  stm32f1xx_it.o [1]
  .text              ro code   0x800'acd4    0x18  stm32f1xx_hal.o [1]
  .rodata            const     0x800'acec    0x40  ssd1306_fonts.o [1]
  .rodata            const     0x800'ad2c    0x30  menu.o [1]
  .rodata            const     0x800'ad5c    0x30  menu.o [1]
  .rodata            const     0x800'ad8c    0x30  menu.o [1]
  .rodata            const     0x800'adbc    0x2c  menu.o [1]
  .rodata            const     0x800'ade8    0x2c  menu.o [1]
  .rodata            const     0x800'ae14    0x28  menu.o [1]
  .rodata            const     0x800'ae3c    0x28  menu.o [1]
  .text              ro code   0x800'ae64    0x28  data_init.o [4]
  .rodata            const     0x800'ae8c    0x24  menu.o [1]
  .rodata            const     0x800'aeb0    0x24  menu.o [1]
  .iar.init_table    const     0x800'aed4    0x20  - Linker created -
  .rodata            const     0x800'aef4    0x20  menu.o [1]
  .rodata            const     0x800'af14    0x20  menu.o [1]
  .rodata            const     0x800'af34    0x20  menu.o [1]
  .rodata            const     0x800'af54    0x20  menu.o [1]
  .rodata            const     0x800'af74    0x20  menu.o [1]
  .rodata            const     0x800'af94    0x20  menu.o [1]
  .rodata            const     0x800'afb4    0x20  menu.o [1]
  .rodata            const     0x800'afd4    0x20  menu.o [1]
  .rodata            const     0x800'aff4    0x20  menu.o [1]
  .rodata            const     0x800'b014    0x20  menu.o [1]
  .rodata            const     0x800'b034    0x20  menu.o [1]
  .rodata            const     0x800'b054    0x20  menu.o [1]
  .rodata            const     0x800'b074    0x20  menu.o [1]
  .rodata            const     0x800'b094    0x20  menu.o [1]
  .rodata            const     0x800'b0b4    0x20  menu.o [1]
  .rodata            const     0x800'b0d4    0x20  menu.o [1]
  .rodata            const     0x800'b0f4    0x20  menu.o [1]
  .text              ro code   0x800'b114    0x1e  cmain.o [4]
  .text              ro code   0x800'b132     0x4  exit.o [2]
  .text              ro code   0x800'b138     0xa  cexit.o [4]
  .rodata            const     0x800'b144    0x1c  menu.o [1]
  .rodata            const     0x800'b160    0x1c  menu.o [1]
  .rodata            const     0x800'b17c    0x18  main.o [1]
  .rodata            const     0x800'b194    0x18  menu.o [1]
  .rodata            const     0x800'b1ac    0x18  menu.o [1]
  .rodata            const     0x800'b1c4    0x18  menu.o [1]
  .rodata            const     0x800'b1dc    0x18  menu.o [1]
  .rodata            const     0x800'b1f4    0x18  menu.o [1]
  .rodata            const     0x800'b20c    0x18  MicroMenu.o [1]
  .rodata            const     0x800'b224    0x14  menu.o [1]
  .rodata            const     0x800'b238    0x14  menu.o [1]
  .rodata            const     0x800'b24c    0x14  ssd1306.o [1]
  .rodata            const     0x800'b260    0x10  main.o [1]
  .rodata            const     0x800'b270    0x10  menu.o [1]
  .rodata            const     0x800'b280    0x10  menu.o [1]
  .rodata            const     0x800'b290    0x10  menu.o [1]
  .rodata            const     0x800'b2a0    0x10  stm32f1xx_hal_rcc.o [1]
  .rodata            const     0x800'b2b0    0x10  stm32f1xx_hal_rcc_ex.o [1]
  .rodata            const     0x800'b2c0    0x10  system_stm32f1xx.o [1]
  .text              ro code   0x800'b2d0    0x10  startup_stm32f103xb.o [1]
  .rodata            const     0x800'b2e0     0xc  main.o [1]
  .rodata            const     0x800'b2ec     0xc  main.o [1]
  .text              ro code   0x800'b2f8     0xc  cstartup_M.o [4]
  .rodata            const     0x800'b304     0x8  main.o [1]
  .rodata            const     0x800'b30c     0x8  main.o [1]
  .rodata            const     0x800'b314     0x8  main.o [1]
  .rodata            const     0x800'b31c     0x8  main.o [1]
  .rodata            const     0x800'b324     0x8  ssd1306.o [1]
  .rodata            const     0x800'b32c     0x8  system_stm32f1xx.o [1]
  .rodata            const     0x800'b334     0x4  const_var.o [1]
  .rodata            const     0x800'b338     0x4  const_var.o [1]
  .rodata            const     0x800'b33c     0x4  const_var.o [1]
  .rodata            const     0x800'b340     0x4  const_var.o [1]
  .rodata            const     0x800'b344     0x4  const_var.o [1]
  .rodata            const     0x800'b348     0x4  const_var.o [1]
  .rodata            const     0x800'b34c     0x4  const_var.o [1]
  .rodata            const     0x800'b350     0x4  const_var.o [1]
  .rodata            const     0x800'b354     0x4  const_var.o [1]
  .text              ro code   0x800'b358     0x4  startup_stm32f103xb.o [1]
  .text              ro code   0x800'b35c     0x4  startup_stm32f103xb.o [1]
  .text              ro code   0x800'b360     0x4  startup_stm32f103xb.o [1]
  .text              ro code   0x800'b364     0x4  startup_stm32f103xb.o [1]
  .text              ro code   0x800'b368     0x4  startup_stm32f103xb.o [1]
  .text              ro code   0x800'b36c     0x4  startup_stm32f103xb.o [1]
  .text              ro code   0x800'b370     0x4  startup_stm32f103xb.o [1]
  .text              ro code   0x800'b374     0x4  startup_stm32f103xb.o [1]
  .text              ro code   0x800'b378     0x4  startup_stm32f103xb.o [1]
  .text              ro code   0x800'b37c     0x4  startup_stm32f103xb.o [1]
  .text              ro code   0x800'b380     0x4  startup_stm32f103xb.o [1]
  .text              ro code   0x800'b384     0x4  startup_stm32f103xb.o [1]
  .text              ro code   0x800'b388     0x4  startup_stm32f103xb.o [1]
  .text              ro code   0x800'b38c     0x4  startup_stm32f103xb.o [1]
  .text              ro code   0x800'b390     0x4  startup_stm32f103xb.o [1]
  .text              ro code   0x800'b394     0x4  startup_stm32f103xb.o [1]
  .text              ro code   0x800'b398     0x4  startup_stm32f103xb.o [1]
  .text              ro code   0x800'b39c     0x4  startup_stm32f103xb.o [1]
  .text              ro code   0x800'b3a0     0x4  startup_stm32f103xb.o [1]
  .text              ro code   0x800'b3a4     0x4  startup_stm32f103xb.o [1]
  .text              ro code   0x800'b3a8     0x4  startup_stm32f103xb.o [1]
  .text              ro code   0x800'b3ac     0x4  startup_stm32f103xb.o [1]
  .text              ro code   0x800'b3b0     0x4  startup_stm32f103xb.o [1]
  .text              ro code   0x800'b3b4     0x4  startup_stm32f103xb.o [1]
  .text              ro code   0x800'b3b8     0x4  startup_stm32f103xb.o [1]
  .text              ro code   0x800'b3bc     0x4  startup_stm32f103xb.o [1]
  .text              ro code   0x800'b3c0     0x4  startup_stm32f103xb.o [1]
  .text              ro code   0x800'b3c4     0x4  startup_stm32f103xb.o [1]
  .text              ro code   0x800'b3c8     0x4  startup_stm32f103xb.o [1]
  .text              ro code   0x800'b3cc     0x4  startup_stm32f103xb.o [1]
  .text              ro code   0x800'b3d0     0x4  startup_stm32f103xb.o [1]
  .text              ro code   0x800'b3d4     0x4  startup_stm32f103xb.o [1]
  .text              ro code   0x800'b3d8     0x4  startup_stm32f103xb.o [1]
  .text              ro code   0x800'b3dc     0x4  startup_stm32f103xb.o [1]
  .text              ro code   0x800'b3e0     0x4  startup_stm32f103xb.o [1]
  .text              ro code   0x800'b3e4     0x4  startup_stm32f103xb.o [1]
  .text              ro code   0x800'b3e8     0x4  startup_stm32f103xb.o [1]
  .text              ro code   0x800'b3ec     0x4  startup_stm32f103xb.o [1]
  .text              ro code   0x800'b3f0     0x4  startup_stm32f103xb.o [1]
  .rodata            const     0x800'b3f4     0x0  zero_init3.o [4]
  .rodata            const     0x800'b3f4     0x0  lz77_init_single.o [4]
  Initializer bytes  const     0x800'b3f4    0x6c  <for P2-1>
                             - 0x800'b460  0xb374

"P2", part 1 of 3:                           0xbf
  P2-1                        0x2000'0000    0xbf  <Init block>
    .data            inited   0x2000'0000     0x4  MicroMenu.o [1]
    .data            inited   0x2000'0004     0xc  ssd1306_fonts.o [1]
    .data            inited   0x2000'0010     0xc  ssd1306_fonts.o [1]
    .data            inited   0x2000'001c     0xc  ssd1306_fonts.o [1]
    .data            inited   0x2000'0028     0xc  ssd1306_fonts.o [1]
    .data            inited   0x2000'0034     0x4  stm32f1xx_hal.o [1]
    .data            inited   0x2000'0038     0x4  system_stm32f1xx.o [1]
    .data            inited   0x2000'003c    0x38  xlocale_c.o [2]
    .data            inited   0x2000'0074    0x48  xlocale_c.o [2]
    .data            inited   0x2000'00bc     0x1  const_var.o [1]
    .data            inited   0x2000'00bd     0x1  const_var.o [1]
    .data            inited   0x2000'00be     0x1  stm32f1xx_hal.o [1]
                            - 0x2000'00bf    0xbf

"P2", part 2 of 3:                          0x760
  .bss               zero     0x2000'00c0   0x400  ssd1306.o [1]
  .bss               zero     0x2000'04c0    0x58  main.o [1]
  .bss               zero     0x2000'0518    0x54  main.o [1]
  .bss               zero     0x2000'056c    0x44  main.o [1]
  .bss               zero     0x2000'05b0    0x44  main.o [1]
  .bss               zero     0x2000'05f4    0x40  main.o [1]
  .bss               zero     0x2000'0634    0x40  main.o [1]
  .bss               zero     0x2000'0674    0x40  main.o [1]
  .bss               zero     0x2000'06b4    0x30  const_var.o [1]
  .bss               zero     0x2000'06e4    0x30  main.o [1]
  .bss               zero     0x2000'0714    0x30  main.o [1]
  .bss               zero     0x2000'0744    0x18  const_var.o [1]
  .bss               zero     0x2000'075c    0x18  const_var.o [1]
  .bss               zero     0x2000'0774    0x14  ssd1306.o [1]
  .bss               zero     0x2000'0788    0x10  const_var.o [1]
  .bss               zero     0x2000'0798     0x4  const_var.o [1]
  .bss               zero     0x2000'079c     0x4  const_var.o [1]
  .bss               zero     0x2000'07a0     0x4  const_var.o [1]
  .bss               zero     0x2000'07a4     0x4  const_var.o [1]
  .bss               zero     0x2000'07a8     0x4  const_var.o [1]
  .bss               zero     0x2000'07ac     0x4  const_var.o [1]
  .bss               zero     0x2000'07b0     0x4  const_var.o [1]
  .bss               zero     0x2000'07b4     0x4  const_var.o [1]
  .bss               zero     0x2000'07b8     0x4  const_var.o [1]
  .bss               zero     0x2000'07bc     0x4  const_var.o [1]
  .bss               zero     0x2000'07c0     0x4  const_var.o [1]
  .bss               zero     0x2000'07c4     0x4  const_var.o [1]
  .bss               zero     0x2000'07c8     0x4  const_var.o [1]
  .bss               zero     0x2000'07cc     0x4  const_var.o [1]
  .bss               zero     0x2000'07d0     0x4  menu.o [1]
  .bss               zero     0x2000'07d4     0x4  menu.o [1]
  .bss               zero     0x2000'07d8     0x4  menu.o [1]
  .bss               zero     0x2000'07dc     0x4  menu.o [1]
  .bss               zero     0x2000'07e0     0x4  MicroMenu.o [1]
  .bss               zero     0x2000'07e4     0x4  stm32f1xx_hal.o [1]
  .bss               zero     0x2000'07e8     0x4  xfail_s.o [2]
  .bss               zero     0x2000'07ec     0x2  const_var.o [1]
  .bss               zero     0x2000'07ee     0x2  const_var.o [1]
  .bss               zero     0x2000'07f0     0x2  const_var.o [1]
  .bss               zero     0x2000'07f2     0x2  const_var.o [1]
  .bss               zero     0x2000'07f4     0x2  const_var.o [1]
  .bss               zero     0x2000'07f6     0x2  const_var.o [1]
  .bss               zero     0x2000'07f8     0x2  const_var.o [1]
  .bss               zero     0x2000'07fa     0x2  const_var.o [1]
  .bss               zero     0x2000'07fc     0x2  const_var.o [1]
  .bss               zero     0x2000'07fe     0x2  const_var.o [1]
  .bss               zero     0x2000'0800     0x2  const_var.o [1]
  .bss               zero     0x2000'0802     0x2  main.o [1]
  .bss               zero     0x2000'0804     0x2  main.o [1]
  .bss               zero     0x2000'0806     0x2  main.o [1]
  .bss               zero     0x2000'0808     0x1  const_var.o [1]
  .bss               zero     0x2000'0809     0x1  const_var.o [1]
  .bss               zero     0x2000'080a     0x1  const_var.o [1]
  .bss               zero     0x2000'080b     0x1  const_var.o [1]
  .bss               zero     0x2000'080c     0x1  const_var.o [1]
  .bss               zero     0x2000'080d     0x1  const_var.o [1]
  .bss               zero     0x2000'080e     0x1  const_var.o [1]
  .bss               zero     0x2000'080f     0x1  const_var.o [1]
  .bss               zero     0x2000'0810     0x1  const_var.o [1]
  .bss               zero     0x2000'0811     0x1  const_var.o [1]
  .bss               zero     0x2000'0812     0x1  const_var.o [1]
  .bss               zero     0x2000'0813     0x1  const_var.o [1]
  .bss               zero     0x2000'0814     0x1  const_var.o [1]
  .bss               zero     0x2000'0815     0x1  const_var.o [1]
  .bss               zero     0x2000'0816     0x1  const_var.o [1]
  .bss               zero     0x2000'0817     0x1  const_var.o [1]
  .bss               zero     0x2000'0818     0x1  const_var.o [1]
  .bss               zero     0x2000'0819     0x1  main.o [1]
  .bss               zero     0x2000'081a     0x1  main.o [1]
  .bss               zero     0x2000'081b     0x1  main.o [1]
  .bss               zero     0x2000'081c     0x1  main.o [1]
                            - 0x2000'081d   0x75d

"P2", part 3 of 3:                          0x800
  CSTACK                      0x2000'0820   0x800  <Block>
    CSTACK           uninit   0x2000'0820   0x800  <Block tail>
                            - 0x2000'1020   0x800

Unused ranges:

         From           To      Size
         ----           --      ----
   0x800'b460   0x801'ffff  0x1'4ba0
  0x2000'00bf  0x2000'00bf       0x1
  0x2000'1020  0x2000'4fff    0x3fe0


*******************************************************************************
*** INIT TABLE
***

          Address      Size
          -------      ----
Zero (__iar_zero_init3)
    1 destination range, total size 0x75d:
          0x2000'00c0  0x75d

Copy/lz77 (__iar_lz77_init_single3)
    1 source range, total size 0x6c (56% of destination):
           0x800'b3f4   0x6c
    1 destination range, total size 0xbf:
          0x2000'0000   0xbf



*******************************************************************************
*** MODULE SUMMARY
***

    Module                  ro code  ro data  rw data
    ------                  -------  -------  -------
command line/config:
    -------------------------------------------------
    Total:

D:\WORK\ST\STM32F013C8T6B_BluePill\Projects\CUBE\SolderStation_F103\EWARM\SolderStation_F103\Obj: [1]
    MicroMenu.o                 104       26        8
    button_drv.o                226
    const_var.o                           43      209
    main.o                    5'324       96      606
    menu.o                    2'892    1'192       16
    sEEPROM.o                   760
    ssd1306.o                 1'966       28    1'044
    ssd1306_fonts.o                    6'171       48
    startup_stm32f103xb.o       408
    stm32f1xx_hal.o             188        3        9
    stm32f1xx_hal_adc.o       1'302
    stm32f1xx_hal_adc_ex.o      632
    stm32f1xx_hal_cortex.o      340
    stm32f1xx_hal_dma.o         880
    stm32f1xx_hal_gpio.o        680
    stm32f1xx_hal_i2c.o       6'010
    stm32f1xx_hal_msp.o       1'060
    stm32f1xx_hal_rcc.o       1'632       18
    stm32f1xx_hal_rcc_ex.o      580       18
    stm32f1xx_hal_spi.o       1'830
    stm32f1xx_hal_tim.o       2'066
    stm32f1xx_hal_tim_ex.o      170
    stm32f1xx_it.o               80
    system_stm32f1xx.o           88       26        4
    -------------------------------------------------
    Total:                   29'218    7'621    1'944

dl7M_tlf.a: [2]
    abort.o                       6
    exit.o                        4
    vsprintf.o                   52
    xencoding_8859_1.o           30
    xfail_s.o                    64                 4
    xlocale_c.o                 124       78      128
    xmbcurmax.o                  10
    xprintffull.o             4'294
    xsprout.o                    10
    -------------------------------------------------
    Total:                    4'594       78      132

m7M_tl.a: [3]
    DblAdd.o                    362
    DblCmpGe.o                   46
    DblCmpLe.o                   46
    DblDiv.o                    582
    DblMul.o                    418
    DblSub.o                    226
    DblToS32.o                   58
    DblToU32.o                   40
    FltAdd.o                    226
    FltCmpGe.o                   36
    FltDiv.o                    252
    FltMul.o                    216
    FltSub.o                    128
    FltToS32.o                   42
    S32ToDbl.o                   34
    S32ToFlt.o                   36
    U32ToDbl.o                   26
    U32ToFlt.o                   28
    fmaxf.o                      36
    fminf.o                      36
    frexp.o                     112
    ldexp.o                     314
    -------------------------------------------------
    Total:                    3'300

rt7M_tl.a: [4]
    ABImemcpy.o                 166
    ABImemset.o                 102
    I64DivMod.o                 560
    I64DivZer.o                   2
    cexit.o                      10
    cmain.o                      30
    cstartup_M.o                 12
    data_init.o                  40
    lz77_init_single.o          120
    memchr.o                     88
    memset.o                     20
    strchr.o                     22
    strlen.o                     54
    zero_init3.o                 58
    -------------------------------------------------
    Total:                    1'284

shb_l.a: [5]
    exit.o                       20
    -------------------------------------------------
    Total:                       20

    Gaps                         27        2
    Linker created                        32    2'048
-----------------------------------------------------
    Grand Total:             38'443    7'733    4'124


*******************************************************************************
*** ENTRY LIST
***

Entry                       Address   Size  Type      Object
-----                       -------   ----  ----      ------
.iar.init_table$$Base    0x800'aed4          --   Gb  - Linker created -
.iar.init_table$$Limit   0x800'aef4          --   Gb  - Linker created -
?main                    0x800'b115         Code  Gb  cmain.o [4]
ADC_ConversionStop_Disable
                         0x800'546d   0x4a  Code  Gb  stm32f1xx_hal_adc.o [1]
ADC_DMAConvCplt          0x800'54b9   0x52  Code  Gb  stm32f1xx_hal_adc.o [1]
ADC_DMAError             0x800'551d   0x1e  Code  Gb  stm32f1xx_hal_adc.o [1]
ADC_DMAHalfConvCplt      0x800'550d    0xe  Code  Gb  stm32f1xx_hal_adc.o [1]
ADC_Enable               0x800'53dd   0x6e  Code  Gb  stm32f1xx_hal_adc.o [1]
AHBPrescTable            0x800'b2c0   0x10  Data  Gb  system_stm32f1xx.o [1]
APBPrescTable            0x800'b32c    0x8  Data  Gb  system_stm32f1xx.o [1]
BtnCntr_LongPush        0x2000'0817    0x1  Data  Gb  const_var.o [1]
BtnCntr_Menu            0x2000'0818    0x1  Data  Gb  const_var.o [1]
BtnCntr_ShortPush       0x2000'0816    0x1  Data  Gb  const_var.o [1]
BusFault_Handler         0x800'ac8b    0x2  Code  Gb  stm32f1xx_it.o [1]
Button_Init              0x800'5613    0xa  Code  Gb  button_drv.o [1]
CSTACK$$Base            0x2000'0820          --   Gb  - Linker created -
CSTACK$$Limit           0x2000'1020          --   Gb  - Linker created -
CacheMore                0x800'8c49   0x28  Code  Lc  xlocale_c.o [2]
Calibrate_fan            0x800'6cf1   0xba  Code  Lc  menu.o [1]
Calibrate_solder         0x800'6915  0x3d6  Code  Lc  menu.o [1]
Calibrate_solder::adc_calibration_solder1
                        0x2000'07d4    0x4  Data  Lc  menu.o [1]
Calibrate_solder::adc_calibration_solder2
                        0x2000'07dc    0x4  Data  Lc  menu.o [1]
Calibrate_solder::temp_calibration_solder1
                        0x2000'07d0    0x4  Data  Lc  menu.o [1]
Calibrate_solder::temp_calibration_solder2
                        0x2000'07d8    0x4  Data  Lc  menu.o [1]
CurrentMenuItem         0x2000'0000    0x4  Data  Lc  MicroMenu.o [1]
DMA1_Channel1_IRQHandler
                         0x800'ac9d    0xa  Code  Gb  stm32f1xx_it.o [1]
DMA1_Channel6_IRQHandler
                         0x800'aca7    0xa  Code  Gb  stm32f1xx_it.o [1]
DMA_SetConfig            0x800'2675   0x2c  Code  Lc  stm32f1xx_hal_dma.o [1]
DebugMon_Handler         0x800'ac91    0x2  Code  Gb  stm32f1xx_it.o [1]
EncBtn                  0x2000'0788   0x10  Data  Gb  const_var.o [1]
ExitMenu                 0x800'68b5   0x60  Code  Lc  menu.o [1]
F_encoder_change_value  0x2000'0815    0x1  Data  Gb  const_var.o [1]
F_fan                   0x2000'080f    0x1  Data  Gb  const_var.o [1]
F_fan_blower_protect    0x2000'0814    0x1  Data  Gb  const_var.o [1]
F_fan_enable            0x2000'0810    0x1  Data  Gb  const_var.o [1]
F_fan_gerkon            0x2000'0811    0x1  Data  Gb  const_var.o [1]
F_fan_temp_protect      0x2000'0812    0x1  Data  Gb  const_var.o [1]
F_solder                0x2000'080c    0x1  Data  Gb  const_var.o [1]
F_solder_enable         0x2000'080e    0x1  Data  Gb  const_var.o [1]
F_solder_switch         0x2000'080d    0x1  Data  Gb  const_var.o [1]
F_solder_temp_protect   0x2000'0813    0x1  Data  Gb  const_var.o [1]
F_solder_timeout        0x2000'00bc    0x1  Data  Gb  const_var.o [1]
Fan_Thermocouple_adc    0x2000'07fa    0x2  Data  Gb  const_var.o [1]
Fan_Thermocouple_temp   0x2000'0800    0x2  Data  Gb  const_var.o [1]
Fan_fan_adc             0x2000'07fc    0x2  Data  Gb  const_var.o [1]
Fan_fan_percent         0x2000'080b    0x1  Data  Gb  const_var.o [1]
Fan_filter_array        0x2000'075c   0x18  Data  Gb  const_var.o [1]
Fan_temp_z              0x2000'07f2    0x2  Data  Gb  const_var.o [1]
Fan_temp_z_former       0x2000'07f4    0x2  Data  Gb  const_var.o [1]
GoBack                   0x800'6dab    0xe  Code  Lc  menu.o [1]
HAL_ADCEx_Calibration_Start
                         0x800'5985   0xec  Code  Gb  stm32f1xx_hal_adc_ex.o [1]
HAL_ADCEx_MultiModeConfigChannel
                         0x800'5b79   0x64  Code  Gb  stm32f1xx_hal_adc_ex.o [1]
HAL_ADCEx_MultiModeStart_DMA
                         0x800'5a71  0x108  Code  Gb  stm32f1xx_hal_adc_ex.o [1]
HAL_ADC_ConfigChannel    0x800'528b  0x152  Code  Gb  stm32f1xx_hal_adc.o [1]
HAL_ADC_Init             0x800'5025  0x144  Code  Gb  stm32f1xx_hal_adc.o [1]
HAL_ADC_MspInit          0x800'18e3   0xdc  Code  Gb  stm32f1xx_hal_msp.o [1]
HAL_ADC_Start            0x800'5169  0x122  Code  Gb  stm32f1xx_hal_adc.o [1]
HAL_DMA_Abort_IT         0x800'2433   0xb4  Code  Gb  stm32f1xx_hal_dma.o [1]
HAL_DMA_IRQHandler       0x800'24e7  0x16a  Code  Gb  stm32f1xx_hal_dma.o [1]
HAL_DMA_Init             0x800'2331   0x6a  Code  Gb  stm32f1xx_hal_dma.o [1]
HAL_DMA_Start_IT         0x800'239b   0x98  Code  Gb  stm32f1xx_hal_dma.o [1]
HAL_Delay                0x800'5665   0x28  Code  Wk  stm32f1xx_hal.o [1]
HAL_GPIO_Init            0x800'26b5  0x21e  Code  Gb  stm32f1xx_hal_gpio.o [1]
HAL_GPIO_ReadPin         0x800'28d3   0x16  Code  Gb  stm32f1xx_hal_gpio.o [1]
HAL_GPIO_TogglePin       0x800'2903   0x1a  Code  Gb  stm32f1xx_hal_gpio.o [1]
HAL_GPIO_WritePin        0x800'28e9   0x1a  Code  Gb  stm32f1xx_hal_gpio.o [1]
HAL_GetTick              0x800'2325    0xc  Code  Wk  stm32f1xx_hal.o [1]
HAL_I2C_EV_IRQHandler    0x800'05e1  0x1ae  Code  Gb  stm32f1xx_hal_i2c.o [1]
HAL_I2C_Init             0x800'00ed  0x1ba  Code  Gb  stm32f1xx_hal_i2c.o [1]
HAL_I2C_Mem_Write        0x800'02c1  0x16e  Code  Gb  stm32f1xx_hal_i2c.o [1]
HAL_I2C_Mem_Write_DMA    0x800'0431  0x198  Code  Gb  stm32f1xx_hal_i2c.o [1]
HAL_I2C_MspInit          0x800'19bf   0xb2  Code  Gb  stm32f1xx_hal_msp.o [1]
HAL_IncTick              0x800'acd5   0x18  Code  Wk  stm32f1xx_hal.o [1]
HAL_Init                 0x800'5641   0x20  Code  Gb  stm32f1xx_hal.o [1]
HAL_InitTick             0x800'2ab1   0x4c  Code  Wk  stm32f1xx_hal.o [1]
HAL_MspInit              0x800'18a1   0x42  Code  Gb  stm32f1xx_hal_msp.o [1]
HAL_NVIC_EnableIRQ       0x800'2a75    0xe  Code  Gb  stm32f1xx_hal_cortex.o [1]
HAL_NVIC_SetPriority     0x800'2a4b   0x2a  Code  Gb  stm32f1xx_hal_cortex.o [1]
HAL_NVIC_SetPriorityGrouping
                         0x800'2a3f    0xc  Code  Gb  stm32f1xx_hal_cortex.o [1]
HAL_RCCEx_GetPeriphCLKFreq
                         0x800'70dd  0x100  Code  Gb  stm32f1xx_hal_rcc_ex.o [1]
HAL_RCCEx_PeriphCLKConfig
                         0x800'6fc5  0x118  Code  Gb  stm32f1xx_hal_rcc_ex.o [1]
HAL_RCC_ClockConfig      0x800'20c5  0x14e  Code  Gb  stm32f1xx_hal_rcc.o [1]
HAL_RCC_GetHCLKFreq      0x800'2283    0x6  Code  Gb  stm32f1xx_hal_rcc.o [1]
HAL_RCC_GetPCLK1Freq     0x800'2289   0x16  Code  Gb  stm32f1xx_hal_rcc.o [1]
HAL_RCC_GetPCLK2Freq     0x800'229f   0x16  Code  Gb  stm32f1xx_hal_rcc.o [1]
HAL_RCC_GetSysClockFreq
                         0x800'2213   0x70  Code  Gb  stm32f1xx_hal_rcc.o [1]
HAL_RCC_OscConfig        0x800'1cc5  0x400  Code  Gb  stm32f1xx_hal_rcc.o [1]
HAL_SPI_Init             0x800'7209   0x8a  Code  Gb  stm32f1xx_hal_spi.o [1]
HAL_SPI_MspInit          0x800'1a71   0x72  Code  Gb  stm32f1xx_hal_msp.o [1]
HAL_SPI_Receive          0x800'743d  0x170  Code  Gb  stm32f1xx_hal_spi.o [1]
HAL_SPI_Transmit         0x800'7293  0x1aa  Code  Gb  stm32f1xx_hal_spi.o [1]
HAL_SPI_TransmitReceive
                         0x800'75ad  0x23c  Code  Gb  stm32f1xx_hal_spi.o [1]
HAL_SYSTICK_Config       0x800'2a83    0xc  Code  Gb  stm32f1xx_hal_cortex.o [1]
HAL_TIMEx_ConfigBreakDeadTime
                         0x800'797f   0x5c  Code  Gb  stm32f1xx_hal_tim_ex.o [1]
HAL_TIMEx_MasterConfigSynchronization
                         0x800'7931   0x4e  Code  Gb  stm32f1xx_hal_tim_ex.o [1]
HAL_TIM_Base_Init        0x800'5bfd   0x38  Code  Gb  stm32f1xx_hal_tim.o [1]
HAL_TIM_Base_MspInit     0x800'1ae3   0x58  Code  Gb  stm32f1xx_hal_msp.o [1]
HAL_TIM_Base_Start_IT    0x800'5c35   0x2a  Code  Gb  stm32f1xx_hal_tim.o [1]
HAL_TIM_Encoder_Init     0x800'5d2d   0xa4  Code  Gb  stm32f1xx_hal_tim.o [1]
HAL_TIM_Encoder_MspInit
                         0x800'1b3b   0x92  Code  Gb  stm32f1xx_hal_msp.o [1]
HAL_TIM_Encoder_Start    0x800'5dd1   0x4e  Code  Gb  stm32f1xx_hal_tim.o [1]
HAL_TIM_IRQHandler       0x800'5e1f  0x176  Code  Gb  stm32f1xx_hal_tim.o [1]
HAL_TIM_MspPostInit      0x800'1bff   0x8a  Code  Gb  stm32f1xx_hal_msp.o [1]
HAL_TIM_OnePulse_Init    0x800'5cdd   0x50  Code  Gb  stm32f1xx_hal_tim.o [1]
HAL_TIM_PWM_ConfigChannel
                         0x800'5f95  0x100  Code  Gb  stm32f1xx_hal_tim.o [1]
HAL_TIM_PWM_Init         0x800'5c5f   0x38  Code  Gb  stm32f1xx_hal_tim.o [1]
HAL_TIM_PWM_MspInit      0x800'1bcd   0x32  Code  Gb  stm32f1xx_hal_msp.o [1]
HAL_TIM_PWM_Start        0x800'5c97   0x42  Code  Gb  stm32f1xx_hal_tim.o [1]
HAL_TIM_PeriodElapsedCallback
                         0x800'3033  0x2ea  Code  Gb  main.o [1]
HAL_TIM_PeriodElapsedCallback::Solder_timeout_cnt
                        0x2000'0804    0x2  Data  Lc  main.o [1]
HAL_TIM_PeriodElapsedCallback::cnt_filter
                        0x2000'081b    0x1  Data  Lc  main.o [1]
HAL_TIM_PeriodElapsedCallback::cnt_slowdown
                        0x2000'0802    0x2  Data  Lc  main.o [1]
HAL_TIM_SlaveConfigSynchro
                         0x800'60a5   0x62  Code  Gb  stm32f1xx_hal_tim.o [1]
HardFault_Handler        0x800'ac87    0x2  Code  Gb  stm32f1xx_it.o [1]
I2C1_EV_IRQHandler       0x800'acbb    0xa  Code  Gb  stm32f1xx_it.o [1]
I2C_ConvertOtherXferOptions
                         0x800'184b   0x1c  Code  Lc  stm32f1xx_hal_i2c.o [1]
I2C_DMAAbort             0x800'1571   0xae  Code  Lc  stm32f1xx_hal_i2c.o [1]
I2C_DMAError             0x800'1525   0x4a  Code  Lc  stm32f1xx_hal_i2c.o [1]
I2C_DMAXferCplt          0x800'13c9  0x150  Code  Lc  stm32f1xx_hal_i2c.o [1]
I2C_ITError              0x800'1169  0x17e  Code  Lc  stm32f1xx_hal_i2c.o [1]
I2C_IsAcknowledgeFailed
                         0x800'1813   0x38  Code  Lc  stm32f1xx_hal_i2c.o [1]
I2C_MasterReceive_BTF    0x800'0a39  0x128  Code  Lc  stm32f1xx_hal_i2c.o [1]
I2C_MasterReceive_RXNE   0x800'0993   0xa6  Code  Lc  stm32f1xx_hal_i2c.o [1]
I2C_MasterTransmit_BTF   0x800'08ef   0xa4  Code  Lc  stm32f1xx_hal_i2c.o [1]
I2C_MasterTransmit_TXE   0x800'078f  0x160  Code  Lc  stm32f1xx_hal_i2c.o [1]
I2C_Master_ADD10         0x800'0c13   0x32  Code  Lc  stm32f1xx_hal_i2c.o [1]
I2C_Master_ADDR          0x800'0c45  0x258  Code  Lc  stm32f1xx_hal_i2c.o [1]
I2C_Master_SB            0x800'0b61   0xb2  Code  Lc  stm32f1xx_hal_i2c.o [1]
I2C_RequestMemoryWrite   0x800'12ed   0xdc  Code  Lc  stm32f1xx_hal_i2c.o [1]
I2C_SlaveReceive_BTF     0x800'0f57   0x1c  Code  Lc  stm32f1xx_hal_i2c.o [1]
I2C_SlaveReceive_RXNE    0x800'0f09   0x4e  Code  Lc  stm32f1xx_hal_i2c.o [1]
I2C_SlaveTransmit_BTF    0x800'0eed   0x1c  Code  Lc  stm32f1xx_hal_i2c.o [1]
I2C_SlaveTransmit_TXE    0x800'0e9f   0x4e  Code  Lc  stm32f1xx_hal_i2c.o [1]
I2C_Slave_ADDR           0x800'0f73   0x5c  Code  Lc  stm32f1xx_hal_i2c.o [1]
I2C_Slave_STOPF          0x800'0fcf  0x19a  Code  Lc  stm32f1xx_hal_i2c.o [1]
I2C_WaitOnBTFFlagUntilTimeout
                         0x800'17bb   0x58  Code  Lc  stm32f1xx_hal_i2c.o [1]
I2C_WaitOnFlagUntilTimeout
                         0x800'161f   0x8a  Code  Lc  stm32f1xx_hal_i2c.o [1]
I2C_WaitOnMasterAddressFlagUntilTimeout
                         0x800'16a9   0xba  Code  Lc  stm32f1xx_hal_i2c.o [1]
I2C_WaitOnTXEFlagUntilTimeout
                         0x800'1763   0x58  Code  Lc  stm32f1xx_hal_i2c.o [1]
K1                       0x800'b344    0x4  Data  Gb  const_var.o [1]
K2                       0x800'b348    0x4  Data  Gb  const_var.o [1]
Kp_Solder               0x2000'00bd    0x1  Data  Gb  const_var.o [1]
MX_ADC1_Init             0x800'3a77   0xca  Code  Lc  main.o [1]
MX_ADC2_Init             0x800'3b4d   0xa8  Code  Lc  main.o [1]
MX_DMA_Init              0x800'3f2d   0x38  Code  Lc  main.o [1]
MX_GPIO_Init             0x800'3f65   0xd2  Code  Lc  main.o [1]
MX_I2C1_Init             0x800'3c0d   0x3e  Code  Lc  main.o [1]
MX_SPI2_Init             0x800'3c5d   0x4a  Code  Lc  main.o [1]
MX_TIM1_Init             0x800'3cc5  0x12e  Code  Lc  main.o [1]
MX_TIM2_Init             0x800'3dfd   0x8a  Code  Lc  main.o [1]
MX_TIM3_Init             0x800'3ea1   0x8c  Code  Lc  main.o [1]
MemManage_Handler        0x800'ac89    0x2  Code  Gb  stm32f1xx_it.o [1]
MenuWriteFunc           0x2000'07e0    0x4  Data  Lc  MicroMenu.o [1]
Menu_1                   0x800'ae14   0x28  Data  Gb  menu.o [1]
Menu_1_1                 0x800'af14   0x20  Data  Gb  menu.o [1]
Menu_1_2                 0x800'b160   0x1c  Data  Gb  menu.o [1]
Menu_1_3                 0x800'af34   0x20  Data  Gb  menu.o [1]
Menu_2                   0x800'adbc   0x2c  Data  Gb  menu.o [1]
Menu_2_1                 0x800'af54   0x20  Data  Gb  menu.o [1]
Menu_2_2                 0x800'af74   0x20  Data  Gb  menu.o [1]
Menu_2_3                 0x800'af94   0x20  Data  Gb  menu.o [1]
Menu_2_4                 0x800'afb4   0x20  Data  Gb  menu.o [1]
Menu_2_5                 0x800'afd4   0x20  Data  Gb  menu.o [1]
Menu_2_6                 0x800'aff4   0x20  Data  Gb  menu.o [1]
Menu_3                   0x800'ad2c   0x30  Data  Gb  menu.o [1]
Menu_4                   0x800'ae8c   0x24  Data  Gb  menu.o [1]
Menu_4_1                 0x800'ae3c   0x28  Data  Gb  menu.o [1]
Menu_4_2                 0x800'aeb0   0x24  Data  Gb  menu.o [1]
Menu_4_3                 0x800'b014   0x20  Data  Gb  menu.o [1]
Menu_5                   0x800'ade8   0x2c  Data  Gb  menu.o [1]
Menu_5_1                 0x800'ad5c   0x30  Data  Gb  menu.o [1]
Menu_5_1_1               0x800'b054   0x20  Data  Gb  menu.o [1]
Menu_5_1_2               0x800'b074   0x20  Data  Gb  menu.o [1]
Menu_5_1_3               0x800'b094   0x20  Data  Gb  menu.o [1]
Menu_5_2                 0x800'ad8c   0x30  Data  Gb  menu.o [1]
Menu_5_2_1               0x800'b0b4   0x20  Data  Gb  menu.o [1]
Menu_5_2_2               0x800'b0d4   0x20  Data  Gb  menu.o [1]
Menu_5_2_3               0x800'b0f4   0x20  Data  Gb  menu.o [1]
Menu_5_3                 0x800'b034   0x20  Data  Gb  menu.o [1]
Menu_6                   0x800'aef4   0x20  Data  Gb  menu.o [1]
Menu_EnterCurrentItem    0x800'6449   0x22  Code  Gb  MicroMenu.o [1]
Menu_GetCurrentMenu      0x800'6411    0x6  Code  Gb  MicroMenu.o [1]
Menu_Navigate            0x800'6417   0x32  Code  Gb  MicroMenu.o [1]
NMI_Handler              0x800'ac85    0x2  Code  Gb  stm32f1xx_it.o [1]
NULL_MENU                0x800'b20c   0x18  Data  Gb  MicroMenu.o [1]
NVIC_EncodePriority      0x800'29cf   0x40  Code  Lc  stm32f1xx_hal_cortex.o [1]
N_solder_tip            0x2000'080a    0x1  Data  Gb  const_var.o [1]
N_tip_default            0x800'4f5a    0x1  Data  Gb  const_var.o [1]
PendSV_Handler           0x800'ac93    0x2  Code  Gb  stm32f1xx_it.o [1]
RCC_Delay                0x800'22b5   0x26  Code  Lc  stm32f1xx_hal_rcc.o [1]
Region$$Table$$Base      0x800'aed4          --   Gb  - Linker created -
Region$$Table$$Limit     0x800'aef4          --   Gb  - Linker created -
Reset_fan                0x800'67d9    0x2  Code  Lc  menu.o [1]
Reset_solder             0x800'674d   0x88  Code  Lc  menu.o [1]
SPI_EndRxTransaction     0x800'7889   0x7c  Code  Lc  stm32f1xx_hal_spi.o [1]
SPI_EndRxTxTransaction   0x800'7905   0x2a  Code  Lc  stm32f1xx_hal_spi.o [1]
SPI_WaitFlagStateUntilTimeout
                         0x800'77e9   0xa0  Code  Lc  stm32f1xx_hal_spi.o [1]
SSD1306                 0x2000'0774   0x14  Data  Lc  ssd1306.o [1]
SSD1306_Buffer          0x2000'00c0  0x400  Data  Lc  ssd1306.o [1]
SSD1306_DrawFilledRectangle
                         0x800'47cf   0x84  Code  Gb  ssd1306.o [1]
SSD1306_DrawLine         0x800'4517  0x1fc  Code  Gb  ssd1306.o [1]
SSD1306_DrawPixel        0x800'41e9   0xd4  Code  Gb  ssd1306.o [1]
SSD1306_DrawRectangle    0x800'4713   0xbc  Code  Gb  ssd1306.o [1]
SSD1306_Fill             0x800'41c5   0x24  Code  Gb  ssd1306.o [1]
SSD1306_GotoXY           0x800'42bd   0x10  Code  Gb  ssd1306.o [1]
SSD1306_Init             0x800'40fd   0x44  Code  Gb  ssd1306.o [1]
SSD1306_Putc             0x800'4315  0x1be  Code  Gb  ssd1306.o [1]
SSD1306_Puts             0x800'44e9   0x2e  Code  Gb  ssd1306.o [1]
SSD1306_Putspace         0x800'42cd   0x48  Code  Gb  ssd1306.o [1]
SSD1306_UpdateScreen     0x800'4141   0x2a  Code  Gb  ssd1306.o [1]
SSD1306_printf           0x800'4853   0x58  Code  Gb  ssd1306.o [1]
SVC_Handler              0x800'ac8f    0x2  Code  Gb  stm32f1xx_it.o [1]
SetTimeout               0x800'65ed  0x160  Code  Lc  menu.o [1]
Solder_Thermocouple_adc
                        0x2000'07f8    0x2  Data  Gb  const_var.o [1]
Solder_Thermocouple_temp
                        0x2000'07fe    0x2  Data  Gb  const_var.o [1]
Solder_filter_array     0x2000'0744   0x18  Data  Gb  const_var.o [1]
Solder_temp_z           0x2000'07ee    0x2  Data  Gb  const_var.o [1]
Solder_temp_z_former    0x2000'07f0    0x2  Data  Gb  const_var.o [1]
SysTick_Config           0x800'2a0f   0x30  Code  Lc  stm32f1xx_hal_cortex.o [1]
SysTick_Handler          0x800'ac95    0x8  Code  Gb  stm32f1xx_it.o [1]
SystemClock_Config       0x800'39e1   0x96  Code  Gb  main.o [1]
SystemCoreClock         0x2000'0038    0x4  Data  Gb  system_stm32f1xx.o [1]
SystemInit               0x800'ac2d   0x3e  Code  Gb  system_stm32f1xx.o [1]
T1                       0x800'b34c    0x4  Data  Gb  const_var.o [1]
T2                       0x800'b350    0x4  Data  Gb  const_var.o [1]
TIM3_IRQHandler          0x800'acb1    0xa  Code  Gb  stm32f1xx_it.o [1]
TIM_Base_SetConfig       0x800'6107   0x64  Code  Gb  stm32f1xx_hal_tim.o [1]
TIM_CCxChannelCmd        0x800'63eb   0x24  Code  Gb  stm32f1xx_hal_tim.o [1]
TIM_ETR_SetConfig        0x800'63d3   0x18  Code  Gb  stm32f1xx_hal_tim.o [1]
TIM_OC1_SetConfig        0x800'616b   0x58  Code  Lc  stm32f1xx_hal_tim.o [1]
TIM_OC2_SetConfig        0x800'61c3   0x62  Code  Gb  stm32f1xx_hal_tim.o [1]
TIM_OC3_SetConfig        0x800'6225   0x60  Code  Lc  stm32f1xx_hal_tim.o [1]
TIM_OC4_SetConfig        0x800'6285   0x46  Code  Lc  stm32f1xx_hal_tim.o [1]
TIM_SlaveTimer_SetConfig
                         0x800'62cb   0xb2  Code  Lc  stm32f1xx_hal_tim.o [1]
TIM_TI1_ConfigInputStage
                         0x800'6389   0x24  Code  Lc  stm32f1xx_hal_tim.o [1]
TIM_TI2_ConfigInputStage
                         0x800'63ad   0x26  Code  Lc  stm32f1xx_hal_tim.o [1]
Temp_z_default           0x800'4a82    0x2  Data  Gb  const_var.o [1]
TimeoutTime             0x2000'07ec    0x2  Data  Gb  const_var.o [1]
Timeout_time_default     0x800'48aa    0x2  Data  Gb  const_var.o [1]
U_fan_temp              0x2000'07bc    0x4  Data  Gb  const_var.o [1]
U_fan_temp_z            0x2000'07c0    0x4  Data  Gb  const_var.o [1]
U_solder_temp           0x2000'07a8    0x4  Data  Gb  const_var.o [1]
U_solder_temp_z         0x2000'07ac    0x4  Data  Gb  const_var.o [1]
UsageFault_Handler       0x800'ac8d    0x2  Code  Gb  stm32f1xx_it.o [1]
Uy_fan                  0x2000'07cc    0x4  Data  Gb  const_var.o [1]
Uy_fan_i                0x2000'07c8    0x4  Data  Gb  const_var.o [1]
Uy_fan_p                0x2000'07c4    0x4  Data  Gb  const_var.o [1]
Uy_solder               0x2000'07b8    0x4  Data  Gb  const_var.o [1]
Uy_solder_i             0x2000'07b4    0x4  Data  Gb  const_var.o [1]
Uy_solder_p             0x2000'07b0    0x4  Data  Gb  const_var.o [1]
_Encoding_8859_1_Mbrlen
                         0x800'2bb5    0x2  Code  Gb  xencoding_8859_1.o [2]
_Encoding_8859_1_Wctomb
                         0x800'2ba3   0x12  Code  Gb  xencoding_8859_1.o [2]
_LitobFull               0x800'8a8f  0x10a  Code  Lc  xprintffull.o [2]
_Locale_lconv           0x2000'003c   0x38  Data  Lc  xlocale_c.o [2]
_PrintfFull              0x800'7b7d  0xcc2  Code  Gb  xprintffull.o [2]
_PutcharsFull            0x800'8c01   0x2e  Code  Lc  xprintffull.o [2]
_PutstrFull              0x800'89cf   0xc0  Code  Lc  xprintffull.o [2]
_PuttxtFull              0x800'88c3  0x10c  Code  Lc  xprintffull.o [2]
_SProut                  0x800'2c27    0xa  Code  Gb  xsprout.o [2]
__NVIC_EnableIRQ         0x800'2985   0x1e  Code  Lc  stm32f1xx_hal_cortex.o [1]
__NVIC_GetPriorityGrouping
                         0x800'297b    0xa  Code  Lc  stm32f1xx_hal_cortex.o [1]
__NVIC_SetPriority       0x800'29a3   0x2c  Code  Lc  stm32f1xx_hal_cortex.o [1]
__NVIC_SetPriorityGrouping
                         0x800'295d   0x1e  Code  Lc  stm32f1xx_hal_cortex.o [1]
__aeabi_cdcmple          0x800'8e19         Code  Gb  DblCmpLe.o [3]
__aeabi_cdrcmple         0x800'8e49         Code  Gb  DblCmpGe.o [3]
__aeabi_cfrcmple         0x800'561d         Code  Gb  FltCmpGe.o [3]
__aeabi_d2iz             0x800'4f21         Code  Gb  DblToS32.o [3]
__aeabi_d2uiz            0x800'8fb5         Code  Gb  DblToU32.o [3]
__aeabi_ddiv             0x800'4bf5         Code  Gb  DblDiv.o [3]
__aeabi_dmul             0x800'8ff9         Code  Gb  DblMul.o [3]
__aeabi_dsub             0x800'4e3d         Code  Gb  DblSub.o [3]
__aeabi_f2iz             0x800'4a85         Code  Gb  FltToS32.o [3]
__aeabi_fadd             0x800'49a1         Code  Gb  FltAdd.o [3]
__aeabi_fdiv             0x800'4ad5         Code  Gb  FltDiv.o [3]
__aeabi_fmul             0x800'48c9         Code  Gb  FltMul.o [3]
__aeabi_fsub             0x800'4f5d         Code  Gb  FltSub.o [3]
__aeabi_i2d              0x800'4bd1         Code  Gb  S32ToDbl.o [3]
__aeabi_i2f              0x800'4ab1         Code  Gb  S32ToFlt.o [3]
__aeabi_ldiv0            0x800'93dd         Code  Gb  I64DivZer.o [4]
__aeabi_memcpy           0x800'2afd         Code  Gb  ABImemcpy.o [4]
__aeabi_memcpy4          0x800'2b1d         Code  Gb  ABImemcpy.o [4]
__aeabi_memcpy8          0x800'2b1d         Code  Gb  ABImemcpy.o [4]
__aeabi_memset           0x800'2bc1         Code  Gb  ABImemset.o [4]
__aeabi_ui2d             0x800'8fdd         Code  Gb  U32ToDbl.o [3]
__aeabi_ui2f             0x800'48ad         Code  Gb  U32ToFlt.o [3]
__aeabi_uldivmod         0x800'91a5         Code  Gb  I64DivMod.o [4]
__cmain                  0x800'b115         Code  Gb  cmain.o [4]
__exit                   0x800'93e1   0x14  Code  Gb  exit.o [5]
__iar_Fail_s             0x800'8cd9   0x1c  Code  Gb  xfail_s.o [2]
__iar_Mbcurmax           0x800'919b    0xa  Code  Gb  xmbcurmax.o [2]
__iar_Memchr             0x800'8d51         Code  Gb  memchr.o [4]
__iar_Memset             0x800'2bc1         Code  Gb  ABImemset.o [4]
__iar_Memset_word        0x800'2bc9         Code  Gb  ABImemset.o [4]
__iar_Strchr             0x800'8cc1         Code  Gb  strchr.o [4]
__iar_dadd               0x800'4e4d         Code  Gb  DblSub.o [3]
__iar_data_init3         0x800'ae65   0x28  Code  Gb  data_init.o [4]
__iar_dsub               0x800'7a11         Code  Gb  DblAdd.o [3]
__iar_dsubStart          0x800'7a23         Code  Gb  DblAdd.o [3]
__iar_fadd               0x800'4f69         Code  Gb  FltSub.o [3]
__iar_fmax32             0x800'4fdd         Code  Gb  fmaxf.o [3]
__iar_fmin32             0x800'5001         Code  Gb  fminf.o [3]
__iar_frexp              0x800'8db5         Code  Gb  frexp.o [3]
__iar_frexp64            0x800'8da9         Code  Gb  frexp.o [3]
__iar_frexpl             0x800'8db5         Code  Gb  frexp.o [3]
__iar_fsub               0x800'49ad         Code  Gb  FltAdd.o [3]
__iar_fsubStart          0x800'49bd         Code  Gb  FltAdd.o [3]
__iar_globLocale        0x2000'0074   0x48  Data  Lc  xlocale_c.o [2]
__iar_global_Locale      0x800'8c45    0x4  Code  Gb  xlocale_c.o [2]
__iar_ldexp64            0x800'8e79         Code  Gb  ldexp.o [3]
__iar_lz77_init_single3
                         0x800'abb5   0x78  Code  Gb  lz77_init_single.o [4]
__iar_program_start      0x800'b2f9         Code  Gb  cstartup_M.o [4]
__iar_scalbln64          0x800'8e79         Code  Gb  ldexp.o [3]
__iar_scalbn64           0x800'8e79         Code  Gb  ldexp.o [3]
__iar_zero_init3         0x800'1867   0x3a  Code  Gb  zero_init3.o [4]
__vector_table           0x800'0000         Data  Gb  startup_stm32f103xb.o [1]
_call_main               0x800'b121         Code  Gb  cmain.o [4]
_exit                    0x800'b139         Code  Gb  cexit.o [4]
_gLocale_mblen           0x800'8cad    0x4  Code  Gb  xlocale_c.o [2]
_gLocale_mblenInt        0x800'8c71   0x2c  Code  Gb  xlocale_c.o [2]
_gLocale_wctomb          0x800'8cb1    0x4  Code  Gb  xlocale_c.o [2]
_gLocale_wctombInt       0x800'8ca9    0x4  Code  Gb  xlocale_c.o [2]
_main                    0x800'b12f         Code  Gb  cmain.o [4]
abort                    0x800'93d5    0x6  Code  Gb  abort.o [2]
adc_buffer              0x2000'06b4   0x30  Data  Gb  const_var.o [1]
amperzand_24ptBitmaps    0x800'a4f8  0x254  Data  Gb  ssd1306_fonts.o [1]
amperzand_24ptDescriptors
                         0x800'acec   0x40  Data  Gb  ssd1306_fonts.o [1]
amperzand_24ptFontInfo  0x2000'0028    0xc  Data  Gb  ssd1306_fonts.o [1]
b_fan                   0x2000'07a4    0x4  Data  Gb  const_var.o [1]
b_fan_default            0x800'b340    0x4  Data  Gb  const_var.o [1]
b_solder                0x2000'079c    0x4  Data  Gb  const_var.o [1]
b_solder_default         0x800'b338    0x4  Data  Gb  const_var.o [1]
delay                    0x800'33b9   0x10  Code  Gb  main.o [1]
dispMenu                 0x800'6eab   0x6a  Code  Gb  menu.o [1]
enc_value_previous      0x2000'07f6    0x2  Data  Gb  const_var.o [1]
exit                     0x800'b133    0x4  Code  Gb  exit.o [2]
fan_working_layout       0x800'2c31   0x6c  Code  Gb  main.o [1]
fmaxf                    0x800'4fdd         Code  Gb  fmaxf.o [3]
fminf                    0x800'5001         Code  Gb  fminf.o [3]
frexp                    0x800'8da9         Code  Gb  frexp.o [3]
frexpl                   0x800'8da9         Code  Gb  frexp.o [3]
getADC_values            0x800'2d0d  0x14e  Code  Gb  main.o [1]
getButtonState           0x800'553b   0xd8  Code  Gb  button_drv.o [1]
getDiscreteInputs        0x800'2fb9   0x7a  Code  Gb  main.o [1]
getDiscreteInputs::F_fan_gerkon_cnt
                        0x2000'0819    0x1  Data  Lc  main.o [1]
getDiscreteInputs::F_solder_switch_tmp_previous
                        0x2000'081a    0x1  Data  Lc  main.o [1]
getN_Solder_tip          0x800'67db   0xda  Code  Lc  menu.o [1]
hadc1                   0x2000'06e4   0x30  Data  Gb  main.o [1]
hadc2                   0x2000'0714   0x30  Data  Gb  main.o [1]
hdma_adc1               0x2000'056c   0x44  Data  Gb  main.o [1]
hdma_i2c1_tx            0x2000'05b0   0x44  Data  Gb  main.o [1]
hi2c1                   0x2000'0518   0x54  Data  Gb  main.o [1]
hspi2                   0x2000'04c0   0x58  Data  Gb  main.o [1]
htim1                   0x2000'05f4   0x40  Data  Gb  main.o [1]
htim2                   0x2000'0634   0x40  Data  Gb  main.o [1]
htim3                   0x2000'0674   0x40  Data  Gb  main.o [1]
inputUintCoeff           0x800'6557   0x96  Code  Gb  menu.o [1]
k_fan                   0x2000'07a0    0x4  Data  Gb  const_var.o [1]
k_fan_default            0x800'b33c    0x4  Data  Gb  const_var.o [1]
k_solder                0x2000'0798    0x4  Data  Gb  const_var.o [1]
k_solder_default         0x800'b334    0x4  Data  Gb  const_var.o [1]
ldexp                    0x800'8e79         Code  Gb  ldexp.o [3]
ldexpl                   0x800'8e79         Code  Gb  ldexp.o [3]
localeconv               0x800'8cb5    0x4  Code  Gb  xlocale_c.o [2]
mSGothic_12ptBitmaps     0x800'9b44  0x5e0  Data  Gb  ssd1306_fonts.o [1]
mSGothic_12ptDescriptors
                         0x800'a8c4  0x178  Data  Gb  ssd1306_fonts.o [1]
mSGothic_12ptFontInfo   0x2000'0010    0xc  Data  Gb  ssd1306_fonts.o [1]
main                     0x800'33c9  0x5e0  Code  Gb  main.o [1]
main::Fcntr             0x2000'081c    0x1  Data  Lc  main.o [1]
main::cntr              0x2000'0806    0x2  Data  Lc  main.o [1]
memchr                   0x800'8d51         Code  Gb  memchr.o [4]
memset                   0x800'26a1   0x14  Code  Gb  memset.o [4]
menuText                 0x800'6e4b   0x60  Code  Gb  menu.o [1]
palatinoLinotype_12ptBitmaps
                         0x800'93f4  0x750  Data  Gb  ssd1306_fonts.o [1]
palatinoLinotype_12ptDescriptors
                         0x800'a74c  0x178  Data  Gb  ssd1306_fonts.o [1]
palatinoLinotype_12ptFontInfo
                        0x2000'0004    0xc  Data  Gb  ssd1306_fonts.o [1]
prog_state_previous     0x2000'0809    0x1  Data  Gb  const_var.o [1]
progstate               0x2000'0808    0x1  Data  Gb  const_var.o [1]
regulator_fan            0x800'2f0d   0xac  Code  Gb  main.o [1]
regulator_solder         0x800'2e61   0xac  Code  Gb  main.o [1]
sEE_ReadBuffer           0x800'568d   0x70  Code  Gb  sEEPROM.o [1]
sEE_WaitForWriteEnd      0x800'591d   0x62  Code  Gb  sEEPROM.o [1]
sEE_WriteBuffer          0x800'56fd  0x16e  Code  Gb  sEEPROM.o [1]
sEE_WriteEnable          0x800'58e1   0x3c  Code  Gb  sEEPROM.o [1]
sEE_WritePage            0x800'586b   0x76  Code  Gb  sEEPROM.o [1]
scalbln                  0x800'8e79         Code  Gb  ldexp.o [3]
scalblnl                 0x800'8e79         Code  Gb  ldexp.o [3]
scalbn                   0x800'8e79         Code  Gb  ldexp.o [3]
scalbnl                  0x800'8e79         Code  Gb  ldexp.o [3]
scale                    0x800'8b99   0x46  Code  Lc  xprintffull.o [2]
sec_hand                0x2000'07e8    0x4  Data  Lc  xfail_s.o [2]
segoeUI_8ptBitmaps       0x800'a124  0x3d4  Data  Gb  ssd1306_fonts.o [1]
segoeUI_8ptDescriptors   0x800'aa3c  0x178  Data  Gb  ssd1306_fonts.o [1]
segoeUI_8ptFontInfo     0x2000'001c    0xc  Data  Gb  ssd1306_fonts.o [1]
setSolderKp              0x800'6479   0xde  Code  Lc  menu.o [1]
show_menu                0x800'6db9   0x92  Code  Gb  menu.o [1]
solder_working_layout    0x800'2c9d   0x70  Code  Gb  main.o [1]
ssd1306_SendToDisplay    0x800'416b   0x5a  Code  Lc  ssd1306.o [1]
strNULL                  0x800'4f5b    0x1  Data  Gb  const_var.o [1]
strchr                   0x800'8cc1         Code  Gb  strchr.o [4]
strlen                   0x800'8d19         Code  Gb  strlen.o [4]
tp                       0x800'b354    0x4  Data  Gb  const_var.o [1]
uwTick                  0x2000'07e4    0x4  Data  Gb  stm32f1xx_hal.o [1]
uwTickFreq              0x2000'00be    0x1  Data  Gb  stm32f1xx_hal.o [1]
uwTickPrio              0x2000'0034    0x4  Data  Gb  stm32f1xx_hal.o [1]
vsprintf                 0x800'79dd   0x34  Code  Gb  vsprintf.o [2]


[1] = D:\WORK\ST\STM32F013C8T6B_BluePill\Projects\CUBE\SolderStation_F103\EWARM\SolderStation_F103\Obj
[2] = dl7M_tlf.a
[3] = m7M_tl.a
[4] = rt7M_tl.a
[5] = shb_l.a

  38'443 bytes of readonly  code memory
   7'733 bytes of readonly  data memory
   4'124 bytes of readwrite data memory

Errors: none
Warnings: none
